--------- beginning of system
04-17 11:28:31.184  1070  1125 I ActivityManager: Config changes=508 {1.0 ?mcc?mnc [es_ES] ldltr sw411dp w411dp h659dp 420dpi nrml port ?uimode ?night finger -keyb/v/h -nav/h s.3}
04-17 11:28:31.214  1070  1070 I SystemServiceManager: Starting com.android.server.MountService$Lifecycle
04-17 11:28:31.231  1070  1070 I SystemServiceManager: Starting com.android.server.UiModeManagerService
04-17 11:28:31.233  1070  1394 D MountService: Thinking about init, mSystemReady=false, mDaemonConnected=true
04-17 11:28:31.233  1070  1394 D MountService: Thinking about reset, mSystemReady=false, mDaemonConnected=true
04-17 11:28:31.234  1070  1394 D MountService: Thinking about init, mSystemReady=false, mDaemonConnected=true
04-17 11:28:31.234  1070  1394 D MountService: Thinking about reset, mSystemReady=false, mDaemonConnected=true
04-17 11:28:31.234  1070  1394 D CryptdConnector: SND -> {1 cryptfs getfield SystemLocale}
04-17 11:28:31.235  1070  1070 I ActivityManager: Config changes=200 {1.0 ?mcc?mnc [es_ES] ldltr sw411dp w411dp h659dp 420dpi nrml port finger -keyb/v/h -nav/h s.4}
04-17 11:28:31.236   533   540 E Cryptfs : Cannot get field when file encrypted
04-17 11:28:31.238  1070  1397 D CryptdConnector: RCV <- {200 1 -1}
04-17 11:28:31.243  1070  1394 W MountService: No primary storage mounted!
04-17 11:28:31.243  1070  1394 D VoldConnector: SND -> {1 asec list}
04-17 11:28:31.245  1070  1396 D VoldConnector: RCV <- {200 1 asec operation succeeded}
04-17 11:28:31.247  1070  1070 W PackageManager: No disk maintenance in 346090247; running immediately
04-17 11:28:31.247  1070  1070 I SystemServer: StartLockSettingsService
04-17 11:28:31.247  1070  1070 I SystemServiceManager: Starting com.android.server.LockSettingsService$Lifecycle
04-17 11:28:31.247  1070  1394 W PackageManager: Not granting permission android.permission.ACCESS_COARSE_LOCATION to package com.masterkeygames.esaerak because it was previously installed without
04-17 11:28:31.247  1070  1394 W PackageManager: Not granting permission android.permission.READ_PHONE_STATE to package com.masterkeygames.esaerak because it was previously installed without
04-17 11:28:31.248  1070  1394 W PackageManager: Not granting permission android.permission.ACCESS_FINE_LOCATION to package com.masterkeygames.esaerak because it was previously installed without
04-17 11:28:31.248  1070  1394 W PackageManager: Not granting permission android.permission.MANAGE_DOCUMENTS to package com.google.android.youtube (protectionLevel=2 flags=0x385bbec5)
04-17 11:28:31.248  1070  1394 W PackageManager: Unknown permission com.sec.android.provider.badge.permission.READ in package com.google.android.youtube
04-17 11:28:31.248  1070  1394 W PackageManager: Unknown permission com.sec.android.provider.badge.permission.WRITE in package com.google.android.youtube
04-17 11:28:31.248  1070  1394 W PackageManager: Unknown permission com.htc.launcher.permission.READ_SETTINGS in package com.google.android.youtube
04-17 11:28:31.248  1070  1394 W PackageManager: Unknown permission com.htc.launcher.permission.UPDATE_SHORTCUT in package com.google.android.youtube
04-17 11:28:31.248  1070  1394 W PackageManager: Unknown permission com.sonyericsson.home.permission.BROADCAST_BADGE in package com.google.android.youtube
04-17 11:28:31.248  1070  1394 W PackageManager: Unknown permission com.sonymobile.home.permission.PROVIDER_INSERT_BADGE in package com.google.android.youtube
04-17 11:28:31.248  1070  1394 W PackageManager: Unknown permission com.google.android.launcher.permission.CONTENT_REDIRECT in package com.google.android.googlequicksearchbox
04-17 11:28:31.249  1070  1394 W PackageManager: Unknown permission com.google.android.voicesearch.SHORTCUTS_ACCESS in package com.google.android.googlequicksearchbox
04-17 11:28:31.249  1070  1394 W PackageManager: Unknown permission com.google.android.voicesearch.ACCESS_SETTINGS in package com.google.android.googlequicksearchbox
04-17 11:28:31.249  1070  1394 W PackageManager: Unknown permission com.android.browser.permission.PRELOAD in package com.google.android.googlequicksearchbox
04-17 11:28:31.249  1070  1394 W PackageManager: Unknown permission com.google.android.ears.permission.WRITE in package com.google.android.googlequicksearchbox
04-17 11:28:31.249  1070  1394 W PackageManager: Unknown permission com.google.googlenav.friend.permission.OPT_IN in package com.google.android.googlequicksearchbox
04-17 11:28:31.249  1070  1394 W PackageManager: Not granting permission android.permission.CALL_PRIVILEGED to package com.google.android.googlequicksearchbox (protectionLevel=18 flags=0x385bbec5)
04-17 11:28:31.249  1070  1394 W PackageManager: Unknown permission com.google.android.apps.googlevoice.permission.AUTO_SEND in package com.google.android.googlequicksearchbox
04-17 11:28:31.249  1070  1394 W PackageManager: Unknown permission com.android.chrome.PRERENDER_URL in package com.google.android.googlequicksearchbox
04-17 11:28:31.249  1070  1394 W PackageManager: Not granting permission com.google.android.googleapps.permission.GOOGLE_AUTH to package com.android.providers.calendar (protectionLevel=2 flags=0x30083e45)
04-17 11:28:31.249  1070  1394 W PackageManager: Not granting permission com.google.android.googleapps.permission.GOOGLE_AUTH.cl to package com.android.providers.calendar (protectionLevel=2 flags=0x30083e45)
04-17 11:28:31.249  1070  1394 W PackageManager: Not granting permission com.vzw.APNPERMISSION to package com.qualcomm.ltebc_vzw (protectionLevel=18 flags=0x3808be45)
04-17 11:28:31.250  1070  1394 W PackageManager: Not granting permission android.permission.WRITE_SECURE_SETTINGS to package com.google.android.apps.enterprise.dmagent (protectionLevel=50 flags=0x38083e05)
04-17 11:28:31.250  1070  1394 W PackageManager: Not granting permission android.permission.CONNECTIVITY_INTERNAL to package com.google.android.apps.enterprise.dmagent (protectionLevel=18 flags=0x38083e05)
04-17 11:28:31.250  1070  1394 W PackageManager: Not granting permission android.permission.MANAGE_USB to package com.google.android.apps.enterprise.dmagent (protectionLevel=18 flags=0x38083e05)
04-17 11:28:31.250  1070  1394 W PackageManager: Not granting permission android.permission.CHANGE_COMPONENT_ENABLED_STATE to package com.google.android.apps.enterprise.dmagent (protectionLevel=18 flags=0x38083e05)
04-17 11:28:31.250  1070  1394 W PackageManager: Not granting permission android.permission.MANAGE_CA_CERTIFICATES to package com.google.android.apps.enterprise.dmagent (protectionLevel=18 flags=0x38083e05)
04-17 11:28:31.250  1070  1394 W PackageManager: Not granting permission android.permission.MANAGE_USERS to package com.google.android.apps.enterprise.dmagent (protectionLevel=18 flags=0x38083e05)
04-17 11:28:31.250  1070  1394 W PackageManager: Not granting permission android.permission.READ_EXTERNAL_STORAGE to package com.mozilla.servo because it was previously installed without
04-17 11:28:31.250  1070  1394 W PackageManager: Not granting permission android.permission.WRITE_EXTERNAL_STORAGE to package com.mozilla.servo because it was previously installed without
04-17 11:28:31.250  1070  1394 W PackageManager: Unknown permission com.google.android.ims.LOG_ACCESS in package com.google.android.apps.messaging
04-17 11:28:31.250  1070  1394 W PackageManager: Unknown permission com.sec.android.provider.badge.permission.READ in package com.google.android.apps.messaging
04-17 11:28:31.250  1070  1394 W PackageManager: Unknown permission com.sec.android.provider.badge.permission.WRITE in package com.google.android.apps.messaging
04-17 11:28:31.250  1070  1394 W PackageManager: Unknown permission com.htc.launcher.permission.READ_SETTINGS in package com.google.android.apps.messaging
04-17 11:28:31.250  1070  1394 W PackageManager: Unknown permission com.htc.launcher.permission.UPDATE_SHORTCUT in package com.google.android.apps.messaging
04-17 11:28:31.250  1070  1394 W PackageManager: Unknown permission com.sonyericsson.home.permission.BROADCAST_BADGE in package com.google.android.apps.messaging
04-17 11:28:31.250  1070  1394 W PackageManager: Unknown permission com.sonymobile.home.permission.PROVIDER_INSERT_BADGE in package com.google.android.apps.messaging
04-17 11:28:31.250  1070  1394 W PackageManager: Unknown permission com.anddoes.launcher.permission.UPDATE_COUNT in package com.google.android.apps.messaging
04-17 11:28:31.251  1070  1394 W PackageManager: Unknown permission com.majeur.launcher.permission.UPDATE_BADGE in package com.google.android.apps.messaging
04-17 11:28:31.251  1070  1394 W PackageManager: Unknown permission com.huawei.android.launcher.permission.CHANGE_BADGE in package com.google.android.apps.messaging
04-17 11:28:31.251  1070  1394 W PackageManager: Unknown permission com.huawei.android.launcher.permission.READ_SETTINGS in package com.google.android.apps.messaging
04-17 11:28:31.251  1070  1394 W PackageManager: Unknown permission com.huawei.android.launcher.permission.WRITE_SETTINGS in package com.google.android.apps.messaging
04-17 11:28:31.251  1070  1394 W PackageManager: Not granting permission android.permission.SEND_DOWNLOAD_COMPLETED_INTENTS to package com.android.vending (protectionLevel=2 flags=0x384abec5)
04-17 11:28:31.251  1070  1394 W PackageManager: Not granting permission android.permission.CONNECTIVITY_INTERNAL to package com.android.vending (protectionLevel=18 flags=0x384abec5)
04-17 11:28:31.251  1070  1394 W PackageManager: Not granting permission android.permission.DUMP to package com.android.vending (protectionLevel=50 flags=0x384abec5)
04-17 11:28:31.251  1070  1394 W PackageManager: Not granting permission android.permission.SET_PREFERRED_APPLICATIONS to package com.android.vending (protectionLevel=2 flags=0x384abec5)
04-17 11:28:31.251  1070  1394 W PackageManager: Unknown permission android.permission.ACCESS_INSTANT_APPS in package com.android.vending
04-17 11:28:31.252  1070  1394 W PackageManager: Unknown permission android.permission.NFC_UNLOCK in package com.android.nfc
04-17 11:28:31.252  1070  1394 W PackageManager: Unknown permission com.google.android.email.permission.ACCESS_PROVIDER in package com.google.android.gm
04-17 11:28:31.252  1070  1394 W PackageManager: Unknown permission com.google.android.gm.exchange.BIND in package com.google.android.gm
04-17 11:28:31.252  1070  1394 W PackageManager: Unknown permission com.android.email.partnerprovider.PARTNER_PROVIDER in package com.google.android.gm
04-17 11:28:31.253  1070  1394 W PackageManager: Unknown permission com.samsung.android.providers.context.permission.WRITE_USE_APP_FEATURE_SURVEY in package com.google.android.music
04-17 11:28:31.253  1070  1394 W PackageManager: Unknown permission android.permission.WRITE_SYNC_STATS in package com.google.android.apps.docs
04-17 11:28:31.254  1070  1070 I SystemServiceManager: Starting com.android.server.PersistentDataBlockService
04-17 11:28:31.254  1070  1394 W PackageManager: Not granting permission android.permission.INTERACT_ACROSS_USERS to package com.google.android.syncadapters.contacts (protectionLevel=50 flags=0x38083e45)
04-17 11:28:31.254  1070  1394 W PackageManager: Unknown permission com.google.android.syncadapters.contacts.permission.GAL_SEARCH in package com.google.android.syncadapters.contacts
04-17 11:28:31.254  1070  1394 W PackageManager: Unknown permission com.chrome.permission.DEVICE_EXTRAS in package com.android.chrome
04-17 11:28:31.254  1070  1394 W PackageManager: Unknown permission com.sec.enterprise.knox.MDM_CONTENT_PROVIDER in package com.android.chrome
04-17 11:28:31.255  1070  1394 W PackageManager: Not granting permission android.permission.GET_ACCOUNTS to package com.google.android.apps.youtube.vr because it was previously installed without
04-17 11:28:31.255  1070  1394 W PackageManager: Not granting permission android.permission.READ_EXTERNAL_STORAGE to package com.google.android.apps.youtube.vr because it was previously installed without
04-17 11:28:31.255  1070  1394 W PackageManager: Not granting permission android.permission.RECORD_AUDIO to package com.google.android.apps.youtube.vr because it was previously installed without
04-17 11:28:31.255  1070  1394 W PackageManager: Unknown permission com.google.android.permission.INSTALL_WEARABLE_PACKAGES in package com.google.android.packageinstaller
04-17 11:28:31.255  1070  1394 W PackageManager: Not granting permission android.permission.GET_ACCOUNTS to package com.google.android.street because it was previously installed without
04-17 11:28:31.255  1070  1394 W PackageManager: Not granting permission android.permission.READ_EXTERNAL_STORAGE to package com.google.android.street because it was previously installed without
04-17 11:28:31.255  1070  1394 W PackageManager: Not granting permission android.permission.WRITE_EXTERNAL_STORAGE to package com.google.android.street because it was previously installed without
04-17 11:28:31.255  1070  1394 W PackageManager: Not granting permission android.permission.ACCESS_COARSE_LOCATION to package com.google.android.street because it was previously installed without
04-17 11:28:31.255  1070  1394 W PackageManager: Not granting permission android.permission.ACCESS_FINE_LOCATION to package com.google.android.street because it was previously installed without
04-17 11:28:31.255  1070  1394 W PackageManager: Not granting permission android.permission.CAMERA to package com.google.android.street because it was previously installed without
04-17 11:28:31.256  1070  1394 W PackageManager: Unknown permission com.google.android.wearable.READ_SETTINGS in package com.google.android.gms
04-17 11:28:31.257  1070  1394 W PackageManager: Unknown permission com.android.launcher.permission.PRELOAD_WORKSPACE in package com.google.android.partnersetup
04-17 11:28:31.257  1070  1394 W PackageManager: Not granting permission com.google.android.googleapps.permission.GOOGLE_AUTH to package com.google.android.videos (protectionLevel=2 flags=0x385bbec5)
04-17 11:28:31.257  1070  1394 W PackageManager: Unknown permission com.android.launcher.permission.READ_SETTINGS in package com.google.android.apps.nexuslauncher
04-17 11:28:31.257  1070  1394 W PackageManager: Not granting permission android.permission.WRITE_MEDIA_STORAGE to package com.google.android.apps.photos (protectionLevel=18 flags=0x3859bec5)
04-17 11:28:31.257  1070  1394 W PackageManager: Unknown permission com.google.android.gm.exchange.BIND in package com.google.android.calendar
04-17 11:28:31.257  1070  1394 W PackageManager: Not granting permission android.permission.CONTROL_KEYGUARD to package com.google.android.gsf.login (protectionLevel=2 flags=0x3048be45)
04-17 11:28:31.257  1070  1394 W PackageManager: Unknown permission com.android.vending.billing.IBillingAccountService.BIND2 in package com.google.android.gsf.login
04-17 11:28:31.258  1070  1394 W PackageManager: Unknown permission com.android.launcher.permission.READ_SETTINGS in package com.android.settings
04-17 11:28:31.258  1070  1394 W PackageManager: Unknown permission com.android.launcher.permission.WRITE_SETTINGS in package com.android.settings
04-17 11:28:31.259  1070  1394 W PackageManager: Unknown permission com.android.permission.DCMO_SETTINGS in package com.android.omadm.service
04-17 11:28:31.259  1070  1394 W PackageManager: Not granting permission android.permission.WRITE_EXTERNAL_STORAGE to package com.ideateca.android.ibasket because it was previously installed without
04-17 11:28:31.259  1070  1394 W PackageManager: Not granting permission android.permission.ACCESS_COARSE_LOCATION to package com.ideateca.android.ibasket because it was previously installed without
04-17 11:28:31.259  1070  1394 W PackageManager: Not granting permission android.permission.READ_PHONE_STATE to package com.ideateca.android.ibasket because it was previously installed without
04-17 11:28:31.259  1070  1394 W PackageManager: Not granting permission android.permission.ACCESS_FINE_LOCATION to package com.ideateca.android.ibasket because it was previously installed without
04-17 11:28:31.259  1070  1394 W PackageManager: Not granting permission android.permission.READ_EXTERNAL_STORAGE to package com.ideateca.android.ibasket because it was previously installed without
04-17 11:28:31.259  1070  1394 W PackageManager: Not granting permission android.permission.REGISTER_CONNECTION_MANAGER to package com.google.android.talk (protectionLevel=18 flags=0x3059be45)
04-17 11:28:31.259  1070  1394 W PackageManager: Unknown permission com.android.smspush.WAPPUSH_MANAGER_BIND in package com.android.phone
04-17 11:28:31.260  1070  1394 W PackageManager: Unknown permission android.permission.RESTRICTED_VR_ACCESS in package com.google.vr.vrcore
04-17 11:28:31.261  1070  1394 W PackageManager: Not granting permission android.permission.GET_ACCOUNTS to package com.google.android.play.games because it was previously installed without
04-17 11:28:31.261  1070  1394 W PackageManager: Unknown permission com.google.android.gallery3d.permission.GALLERY_PROVIDER in package com.android.bluetooth
04-17 11:28:31.261  1070  1394 W PackageManager: Unknown permission com.android.gallery3d.permission.GALLERY_PROVIDER in package com.android.bluetooth
04-17 11:28:31.261  1070  1394 W PackageManager: Not granting permission android.permission.BIND_WALLPAPER to package com.google.android.GoogleCamera (protectionLevel=18 flags=0x30583cc5)
04-17 11:28:31.367  1070  1394 W MountService: No primary storage mounted!
04-17 11:28:31.367  1070  1394 D VoldConnector: SND -> {2 asec list}
04-17 11:28:31.369  1070  1396 D VoldConnector: RCV <- {200 2 asec operation succeeded}
04-17 11:28:31.370  1070  1394 I MountService: Running fstrim idle maintenance
04-17 11:28:31.370  1070  1394 D VoldConnector: SND -> {3 fstrim dotrim}
04-17 11:28:31.371  1070  1396 D VoldConnector: RCV <- {200 3 Command succeeded}
04-17 11:28:31.373   533  1398 D vold    : Starting trim of /data
04-17 11:28:31.376  1070  1070 I SystemServiceManager: Starting com.android.server.DeviceIdleController
04-17 11:28:31.378  1070  1070 E DeviceIdleController: Bad device idle settings
04-17 11:28:31.378  1070  1070 E DeviceIdleController: java.lang.IllegalArgumentException: 'null' in 'null' is not a valid key-value pair
04-17 11:28:31.378  1070  1070 E DeviceIdleController: 	at android.util.KeyValueListParser.setString(KeyValueListParser.java:57)
04-17 11:28:31.378  1070  1070 E DeviceIdleController: 	at com.android.server.DeviceIdleController$Constants.updateConstants(DeviceIdleController.java:788)
04-17 11:28:31.378  1070  1070 E DeviceIdleController: 	at com.android.server.DeviceIdleController$Constants.<init>(DeviceIdleController.java:777)
04-17 11:28:31.378  1070  1070 E DeviceIdleController: 	at com.android.server.DeviceIdleController.onStart(DeviceIdleController.java:1328)
04-17 11:28:31.378  1070  1070 E DeviceIdleController: 	at com.android.server.SystemServiceManager.startService(SystemServiceManager.java:112)
04-17 11:28:31.378  1070  1070 E DeviceIdleController: 	at com.android.server.SystemServer.startOtherServices(SystemServer.java:752)
04-17 11:28:31.378  1070  1070 E DeviceIdleController: 	at com.android.server.SystemServer.run(SystemServer.java:334)
04-17 11:28:31.378  1070  1070 E DeviceIdleController: 	at com.android.server.SystemServer.main(SystemServer.java:219)
04-17 11:28:31.378  1070  1070 E DeviceIdleController: 	at java.lang.reflect.Method.invoke(Native Method)
04-17 11:28:31.378  1070  1070 E DeviceIdleController: 	at com.android.internal.os.ZygoteInit$MethodAndArgsCaller.run(ZygoteInit.java:886)
04-17 11:28:31.378  1070  1070 E DeviceIdleController: 	at com.android.internal.os.ZygoteInit.main(ZygoteInit.java:776)
04-17 11:28:31.381  1070  1070 I SystemServiceManager: Starting com.android.server.devicepolicy.DevicePolicyManagerService$Lifecycle
04-17 11:28:31.386  1070  1070 I SystemServer: StartStatusBarManagerService
04-17 11:28:31.388  1070  1070 I SystemServer: StartClipboardService
04-17 11:28:31.391  1070  1070 I SystemServer: StartNetworkManagementService
04-17 11:28:31.396  1070  1399 I NetworkManagement: onDaemonConnected()
04-17 11:28:31.400  1070  1070 I SystemServiceManager: Starting com.android.server.TextServicesManagerService$Lifecycle
04-17 11:28:31.402  1070  1070 W TextServicesManagerService: no available spell checker services found
04-17 11:28:31.403  1070  1070 I SystemServer: StartNetworkScoreService
04-17 11:28:31.405  1070  1070 I SystemServer: StartNetworkStatsService
04-17 11:28:31.421  1070  1070 I SystemServer: StartNetworkPolicyManagerService
04-17 11:28:31.428  1070  1070 I SystemServer: No Wi-Fi NAN Service (NAN support Not Present)
04-17 11:28:31.563  1070  1070 I SystemServiceManager: Starting com.android.server.wifi.p2p.WifiP2pService
04-17 11:28:31.723  1070  1070 I SystemServiceManager: Starting com.android.server.wifi.WifiService
04-17 11:28:32.246  1070  1070 I SystemServiceManager: Starting com.android.server.wifi.scanner.WifiScanningService
04-17 11:28:32.284  1070  1070 I SystemServiceManager: Starting com.android.server.wifi.RttService
04-17 11:28:32.293  1070  1070 I SystemServiceManager: Starting com.android.server.ethernet.EthernetService
04-17 11:28:32.310  1070  1070 I SystemServer: StartConnectivityService
04-17 11:28:32.336  1070  1070 D ConnectivityService: ConnectivityService starting up
04-17 11:28:32.347  1070  1070 D ConnectivityService: wifiOnly=false
04-17 11:28:32.367  1070  1070 I SystemServer: StartNsdService
04-17 11:28:32.374  1070  1070 I SystemServer: StartUpdateLockService
04-17 11:28:32.377  1070  1070 I SystemServiceManager: Starting com.android.server.RecoverySystemService
04-17 11:28:32.380  1070  1070 I SystemServiceManager: Starting com.android.server.notification.NotificationManagerService
04-17 11:28:32.408  1070  1070 D ConditionProviders.SCP: new ScheduleConditionProvider()
04-17 11:28:32.464  1070  1070 I SystemServiceManager: Starting com.android.server.storage.DeviceStorageMonitorService
04-17 11:28:32.470  1070  1070 I SystemServer: StartLocationManagerService
04-17 11:28:32.479  1070  1070 I SystemServer: StartCountryDetectorService
04-17 11:28:32.481  1070  1070 I SystemServer: StartSearchManagerService
04-17 11:28:32.481  1070  1070 I SystemServiceManager: Starting com.android.server.search.SearchManagerService$Lifecycle
04-17 11:28:32.486  1070  1070 I SystemServiceManager: Starting com.android.server.DropBoxManagerService
04-17 11:28:32.498  1070  1070 I SystemServer: StartWallpaperManagerService
04-17 11:28:32.499  1070  1070 I SystemServiceManager: Starting com.android.server.wallpaper.WallpaperManagerService$Lifecycle
04-17 11:28:32.511  1070  1070 E WallpaperManagerService: Invalid wallpaper data
04-17 11:28:32.511  1070  1070 E WallpaperManagerService: Unable to apply new wallpaper
04-17 11:28:32.517  1070  1070 I SystemServer: StartAudioService
04-17 11:28:32.517  1070  1070 I SystemServiceManager: Starting com.android.server.audio.AudioService$Lifecycle
04-17 11:28:32.569  1070  1070 I SystemServiceManager: Starting com.android.server.DockObserver
04-17 11:28:32.570  1070  1070 W DockObserver: This kernel does not have dock station support
04-17 11:28:32.571  1070  1070 I SystemServer: StartWiredAccessoryManager
04-17 11:28:32.575  1070  1070 W WiredAccessoryManager: This kernel does not have usb audio support
04-17 11:28:32.576  1070  1070 I SystemServiceManager: Starting com.android.server.midi.MidiService$Lifecycle
04-17 11:28:32.578  1070  1070 I SystemServiceManager: Starting com.android.server.usb.UsbService$Lifecycle
04-17 11:28:32.589  1070  1070 I SystemServer: StartSerialService
04-17 11:28:32.595  1070  1070 I SystemServiceManager: Starting com.android.server.twilight.TwilightService
04-17 11:28:32.595  1070  1070 I SystemServiceManager: Starting com.android.server.display.NightDisplayService
04-17 11:28:32.596  1070  1070 I SystemServiceManager: Starting com.android.server.job.JobSchedulerService
04-17 11:28:32.621  1070  1070 D JobStore: Start tag: job-info
04-17 11:28:32.629  1070  1070 W JobStore: Periodic job for uid='10022' persisted run-time is too big [00:22, 2562047788015:12:55]. Clamping to [24:00:22,48:00:22]
04-17 11:28:32.710  1070  1070 I SystemServiceManager: Starting com.android.server.soundtrigger.SoundTriggerService
04-17 11:28:32.720  1070  1070 I SystemServiceManager: Starting com.android.server.backup.BackupManagerService$Lifecycle
04-17 11:28:32.731  1070  1070 I SystemServiceManager: Starting com.android.server.appwidget.AppWidgetService
04-17 11:28:32.774  1070  1070 I SystemServiceManager: Starting com.android.server.voiceinteraction.VoiceInteractionManagerService
04-17 11:28:32.781  1070  1070 I SystemServer: Gesture Launcher Service
04-17 11:28:32.781  1070  1070 I SystemServiceManager: Starting com.android.server.GestureLauncherService
04-17 11:28:32.782  1070  1070 I SystemServiceManager: Starting com.android.server.SensorNotificationService
04-17 11:28:32.782  1070  1070 I SystemServiceManager: Starting com.android.server.ContextHubSystemService
04-17 11:28:32.816  1070  1070 I SystemServer: StartDiskStatsService
04-17 11:28:32.818  1070  1070 I SystemServer: StartSamplingProfilerService
04-17 11:28:32.851  1070  1070 I SystemServer: StartNetworkTimeUpdateService
04-17 11:28:32.856  1070  1070 I SystemServer: StartCommonTimeManagementService
04-17 11:28:32.865  1070  1070 I SystemServer: CertBlacklister
04-17 11:28:32.870  1070  1070 I SystemServiceManager: Starting com.android.server.emergency.EmergencyAffordanceService
04-17 11:28:32.874  1070  1070 I SystemServiceManager: Starting com.android.server.dreams.DreamManagerService
04-17 11:28:32.882  1070  1070 I SystemServer: StartAssetAtlasService
04-17 11:28:32.895  1070  1070 I SystemServiceManager: Starting com.android.server.print.PrintManagerService
04-17 11:28:32.902  1070  1070 I SystemServiceManager: Starting com.android.server.restrictions.RestrictionsManagerService
04-17 11:28:32.907  1070  1070 I SystemServiceManager: Starting com.android.server.media.MediaSessionService
04-17 11:28:32.921  1070  1070 I SystemServer: StartMediaRouterService
04-17 11:28:32.925  1070  1070 I SystemServiceManager: Starting com.android.server.trust.TrustManagerService
04-17 11:28:32.930  1070  1070 I SystemServiceManager: Starting com.android.server.fingerprint.FingerprintService
04-17 11:28:32.988  1070  1094 I UsageStatsService: User[0] Rollover scheduled @ 2017-04-16 14:54:14(1492347254574)
04-17 11:28:32.988  1070  1094 I UsageStatsService: User[0] Rolling over usage stats
04-17 11:28:33.023  1070  1094 I UsageStatsService: User[0] Rollover scheduled @ 2017-04-18 11:28:31(1492507711174)
04-17 11:28:33.023  1070  1094 I UsageStatsService: User[0] Rolling over usage stats complete. Took 35 milliseconds
04-17 11:28:33.422   533  1398 I vold    : Trimmed 19471994880 bytes on /data in 2047ms
04-17 11:28:33.422   533  1398 D vold    : Starting trim of none
04-17 11:28:33.422  1070  1396 D VoldConnector: RCV <- {662 /data 19471994880 2047798329}
04-17 11:28:33.422   533  1398 W vold    : Failed to open none: No such file or directory
04-17 11:28:33.944  1070  1070 V FingerprintService: Fingerprint HAL id: 543600984064
04-17 11:28:33.945  1070  1070 I SystemServer: StartBackgroundDexOptService
04-17 11:28:33.947  1070  1070 I SystemServiceManager: Starting com.android.server.pm.ShortcutService$Lifecycle
04-17 11:28:33.950  1070  1070 I SystemServiceManager: Starting com.android.server.pm.LauncherAppsService
04-17 11:28:33.952  1070  1070 I SystemServiceManager: Starting com.android.server.media.projection.MediaProjectionManagerService
04-17 11:28:33.961  1070  1070 I SystemServiceManager: Starting com.android.server.MmsServiceBroker
04-17 11:28:34.001  1070  1070 E LockSettingsStorage: Cannot read file java.io.FileNotFoundException: /data/system/gatekeeper.password.key: open failed: ENOENT (No such file or directory)
04-17 11:28:34.001  1070  1070 E LockSettingsStorage: Cannot read file java.io.FileNotFoundException: /data/system/password.key: open failed: ENOENT (No such file or directory)
04-17 11:28:34.002  1070  1070 E LockSettingsStorage: Cannot read file java.io.FileNotFoundException: /data/system/gatekeeper.pattern.key: open failed: ENOENT (No such file or directory)
04-17 11:28:34.003  1070  1070 E LockSettingsStorage: Cannot read file java.io.FileNotFoundException: /data/system/gatekeeper.gesture.key: open failed: ENOENT (No such file or directory)
04-17 11:28:34.003  1070  1070 E LockSettingsStorage: Cannot read file java.io.FileNotFoundException: /data/system/gesture.key: open failed: ENOENT (No such file or directory)
04-17 11:28:34.003  1070  1070 I SystemServiceManager: Starting phase 480
04-17 11:28:34.016  1070  1070 I DevicePolicyManagerService: Set ro.device_owner property to false
04-17 11:28:34.020  1070  1070 I SystemServiceManager: Starting phase 500
04-17 11:28:34.046  1070  1070 I WifiService: WifiService starting up with Wi-Fi enabled
04-17 11:28:34.051  1070  1070 D WifiService: setWifiEnabled: true pid=1070, uid=1000
04-17 11:28:34.066  1070  1408 D ConnectivityService: Got NetworkFactory Messenger for Ethernet
04-17 11:28:35.126  1070  1404 E NetdConnector: NDC Command {3 softap fwreload wlan0 STA} took too long (1071ms)
04-17 11:28:35.138  1070  1070 E NetdConnector: NDC Command {4 interface list} took too long (1073ms)
04-17 11:28:35.192  1070  1127 W KeyguardServiceDelegate: onScreenTurningOn(): no keyguard service!
04-17 11:28:35.194  1070  1070 V UserManagerService: Found /data/user_de/0 with serial number 0
04-17 11:28:35.194  1070  1070 V UserManagerService: Found /data/user/0 with serial number 0
04-17 11:28:35.194  1070  1070 V UserManagerService: Found /data/system_de/0 with serial number 0
04-17 11:28:35.195  1070  1070 V UserManagerService: Found /data/system_ce/0 with serial number 0
04-17 11:28:35.326  1070  1070 I ActivityManager: System now ready
04-17 11:28:35.328  1070  1070 I SystemServer: Making services ready
04-17 11:28:35.328  1070  1070 I SystemServiceManager: Starting phase 550
04-17 11:28:35.359  1070  1070 D BluetoothManagerService: Bluetooth boot completed
04-17 11:28:35.359  1070  1070 D BluetoothManagerService: Auto-enabling Bluetooth.
04-17 11:28:35.359  1070  1124 D BluetoothManagerService: Message: 1
04-17 11:28:35.359  1070  1124 D BluetoothManagerService: MESSAGE_ENABLE: mBluetooth = null
04-17 11:28:35.359  1070  1070 E InputMethodManagerService: Ignoring updateSystemUiLocked due to an invalid token. uid:1000 token:null
04-17 11:28:35.414  1070  1124 W ActivityManager: Slow operation: 52ms so far, now at startProcess: returned from zygote!
04-17 11:28:35.414  1070  1124 W ActivityManager: Slow operation: 52ms so far, now at startProcess: done updating battery stats
04-17 11:28:35.414  1070  1124 W ActivityManager: Slow operation: 53ms so far, now at startProcess: building log message
04-17 11:28:35.414  1070  1124 I ActivityManager: Start proc 1441:com.android.bluetooth/1002 for service com.android.bluetooth/.btservice.AdapterService
04-17 11:28:35.414  1070  1124 W ActivityManager: Slow operation: 53ms so far, now at startProcess: starting to update pids map
04-17 11:28:35.414  1070  1124 W ActivityManager: Slow operation: 53ms so far, now at startProcess: done updating pids map
04-17 11:28:35.415  1070  1124 W ActivityManager: Slow operation: 53ms so far, now at startProcess: done starting proc!
04-17 11:28:35.437  1070  1070 I ActivityManager: Start proc 1448:com.google.android.inputmethod.latin/u0a75 for service com.google.android.inputmethod.latin/com.android.inputmethod.latin.LatinIME
04-17 11:28:35.437  1070  1070 V InputMethodManagerService: Adding window token: android.os.Binder@9aa44cf
04-17 11:28:35.437  1070  1070 W TextServicesManagerService: no available spell checker services found
04-17 11:28:35.437  1070  1394 D MountService: Thinking about init, mSystemReady=true, mDaemonConnected=true
04-17 11:28:35.438  1070  1394 D MountService: Thinking about reset, mSystemReady=true, mDaemonConnected=true
04-17 11:28:35.438  1070  1095 I ActivityManager: Force stopping com.android.providers.media appid=10014 user=-1: vold reset
04-17 11:28:35.439  1070  1394 D VoldConnector: SND -> {4 volume reset}
04-17 11:28:35.444  1070  1070 D UsbAlsaManager: Adding ALSA device AlsaDevice: [card: 0, device: 54, type: 2]
04-17 11:28:35.445  1070  1070 D UsbAlsaManager: Adding ALSA device AlsaDevice: [card: 0, device: 53, type: 1]
04-17 11:28:35.445  1070  1070 D UsbAlsaManager: Adding ALSA device AlsaDevice: [card: 0, device: 52, type: 2]
04-17 11:28:35.445  1070  1070 D UsbAlsaManager: Adding ALSA device AlsaDevice: [card: 0, device: 51, type: 2]
04-17 11:28:35.445  1070  1070 D UsbAlsaManager: Adding ALSA device AlsaDevice: [card: 0, device: 50, type: 1]
04-17 11:28:35.445  1070  1070 D UsbAlsaManager: Adding ALSA device AlsaDevice: [card: 0, device: 49, type: 2]
04-17 11:28:35.445  1070  1070 D UsbAlsaManager: Adding ALSA device AlsaDevice: [card: 0, device: 48, type: 2]
04-17 11:28:35.445  1070  1070 D UsbAlsaManager: Adding ALSA device AlsaDevice: [card: 0, device: 47, type: 1]
04-17 11:28:35.445  1070  1070 D UsbAlsaManager: Adding ALSA device AlsaDevice: [card: 0, device: 46, type: 1]
04-17 11:28:35.445  1070  1124 D BluetoothManagerService: Message: 20
04-17 11:28:35.445  1070  1070 D UsbAlsaManager: Adding ALSA device AlsaDevice: [card: 0, device: 45, type: 2]
04-17 11:28:35.445  1070  1070 D UsbAlsaManager: Adding ALSA device AlsaDevice: [card: 0, device: 44, type: 1]
04-17 11:28:35.445  1070  1070 D UsbAlsaManager: Adding ALSA device AlsaDevice: [card: 0, device: 43, type: 2]
04-17 11:28:35.445  1070  1070 D UsbAlsaManager: Adding ALSA device AlsaDevice: [card: 0, device: 42, type: 1]
04-17 11:28:35.445  1070  1070 D UsbAlsaManager: Adding ALSA device AlsaDevice: [card: 0, device: 41, type: 2]
04-17 11:28:35.445  1070  1070 D UsbAlsaManager: Adding ALSA device AlsaDevice: [card: 0, device: 41, type: 1]
04-17 11:28:35.445  1070  1124 D BluetoothManagerService: Added callback: android.bluetooth.BluetoothAdapter$1@9e14c1d:true
04-17 11:28:35.445  1070  1070 D UsbAlsaManager: Adding ALSA device AlsaDevice: [card: 0, device: 40, type: 2]
04-17 11:28:35.445  1070  1070 D UsbAlsaManager: Adding ALSA device AlsaDevice: [card: 0, device: 40, type: 1]
04-17 11:28:35.445  1070  1070 D UsbAlsaManager: Adding ALSA device AlsaDevice: [card: 0, device: 33, type: 2]
04-17 11:28:35.445  1070  1070 D UsbAlsaManager: Adding ALSA device AlsaDevice: [card: 0, device: 33, type: 1]
04-17 11:28:35.445  1070  1070 D UsbAlsaManager: Adding ALSA device AlsaDevice: [card: 0, device: 32, type: 2]
04-17 11:28:35.445  1070  1070 D UsbAlsaManager: Adding ALSA device AlsaDevice: [card: 0, device: 32, type: 1]
04-17 11:28:35.445  1070  1070 D UsbAlsaManager: Adding ALSA device AlsaDevice: [card: 0, device: 31, type: 2]
04-17 11:28:35.445  1070  1070 D UsbAlsaManager: Adding ALSA device AlsaDevice: [card: 0, device: 30, type: 2]
04-17 11:28:35.445  1070  1070 D UsbAlsaManager: Adding ALSA device AlsaDevice: [card: 0, device: 29, type: 2]
04-17 11:28:35.445  1070  1070 D UsbAlsaManager: Adding ALSA device AlsaDevice: [card: 0, device: 28, type: 2]
04-17 11:28:35.445  1070  1070 D UsbAlsaManager: Adding ALSA device AlsaDevice: [card: 0, device: 27, type: 2]
04-17 11:28:35.445  1070  1070 D UsbAlsaManager: Adding ALSA device AlsaDevice: [card: 0, device: 26, type: 2]
04-17 11:28:35.445  1070  1070 D UsbAlsaManager: Adding ALSA device AlsaDevice: [card: 0, device: 25, type: 2]
04-17 11:28:35.445  1070  1070 D UsbAlsaManager: Adding ALSA device AlsaDevice: [card: 0, device: 24, type: 2]
04-17 11:28:35.446  1070  1070 D UsbAlsaManager: Adding ALSA device AlsaDevice: [card: 0, device: 24, type: 1]
04-17 11:28:35.446  1070  1070 D UsbAlsaManager: Adding ALSA device AlsaDevice: [card: 0, device: 23, type: 2]
04-17 11:28:35.446  1070  1070 D UsbAlsaManager: Adding ALSA device AlsaDevice: [card: 0, device: 23, type: 1]
04-17 11:28:35.446  1070  1070 D UsbAlsaManager: Adding ALSA device AlsaDevice: [card: 0, device: 22, type: 2]
04-17 11:28:35.446  1070  1070 D UsbAlsaManager: Adding ALSA device AlsaDevice: [card: 0, device: 22, type: 1]
04-17 11:28:35.446  1070  1070 D UsbAlsaManager: Adding ALSA device AlsaDevice: [card: 0, device: 21, type: 1]
04-17 11:28:35.446  1070  1070 D UsbAlsaManager: Adding ALSA device AlsaDevice: [card: 0, device: 20, type: 2]
04-17 11:28:35.446  1070  1070 D UsbAlsaManager: Adding ALSA device AlsaDevice: [card: 0, device: 20, type: 1]
04-17 11:28:35.446  1070  1070 D UsbAlsaManager: Adding ALSA device AlsaDevice: [card: 0, device: 19, type: 2]
04-17 11:28:35.446  1070  1070 D UsbAlsaManager: Adding ALSA device AlsaDevice: [card: 0, device: 19, type: 1]
04-17 11:28:35.446  1070  1070 D UsbAlsaManager: Adding ALSA device AlsaDevice: [card: 0, device: 16, type: 2]
04-17 11:28:35.446  1070  1070 D UsbAlsaManager: Adding ALSA device AlsaDevice: [card: 0, device: 15, type: 2]
04-17 11:28:35.446  1070  1070 D UsbAlsaManager: Adding ALSA device AlsaDevice: [card: 0, device: 15, type: 1]
04-17 11:28:35.446  1070  1070 D UsbAlsaManager: Adding ALSA device AlsaDevice: [card: 0, device: 14, type: 2]
04-17 11:28:35.446  1070  1070 D UsbAlsaManager: Adding ALSA device AlsaDevice: [card: 0, device: 14, type: 1]
04-17 11:28:35.446  1070  1070 D UsbAlsaManager: Adding ALSA device AlsaDevice: [card: 0, device: 13, type: 2]
04-17 11:28:35.446  1070  1070 D UsbAlsaManager: Adding ALSA device AlsaDevice: [card: 0, device: 13, type: 1]
04-17 11:28:35.446  1070  1070 D UsbAlsaManager: Adding ALSA device AlsaDevice: [card: 0, device: 12, type: 2]
04-17 11:28:35.446  1070  1070 D UsbAlsaManager: Adding ALSA device AlsaDevice: [card: 0, device: 12, type: 1]
04-17 11:28:35.446  1070  1070 D UsbAlsaManager: Adding ALSA device AlsaDevice: [card: 0, device: 11, type: 2]
04-17 11:28:35.446  1070  1070 D UsbAlsaManager: Adding ALSA device AlsaDevice: [card: 0, device: 11, type: 1]
04-17 11:28:35.446  1070  1070 D UsbAlsaManager: Adding ALSA device AlsaDevice: [card: 0, device: 10, type: 2]
04-17 11:28:35.446  1070  1070 D UsbAlsaManager: Adding ALSA device AlsaDevice: [card: 0, device: 10, type: 1]
04-17 11:28:35.446  1070  1070 D UsbAlsaManager: Adding ALSA device AlsaDevice: [card: 0, device: 8, type: 2]
04-17 11:28:35.446  1070  1070 D UsbAlsaManager: Adding ALSA device AlsaDevice: [card: 0, device: 7, type: 1]
04-17 11:28:35.446  1070  1070 D UsbAlsaManager: Adding ALSA device AlsaDevice: [card: 0, device: 6, type: 2]
04-17 11:28:35.446  1070  1070 D UsbAlsaManager: Adding ALSA device AlsaDevice: [card: 0, device: 5, type: 2]
04-17 11:28:35.446  1070  1070 D UsbAlsaManager: Adding ALSA device AlsaDevice: [card: 0, device: 5, type: 1]
04-17 11:28:35.446  1070  1396 D VoldConnector: RCV <- {651 emulated 7}
04-17 11:28:35.446  1070  1070 D UsbAlsaManager: Adding ALSA device AlsaDevice: [card: 0, device: 4, type: 2]
04-17 11:28:35.446  1070  1070 D UsbAlsaManager: Adding ALSA device AlsaDevice: [card: 0, device: 4, type: 1]
04-17 11:28:35.446  1070  1070 D UsbAlsaManager: Adding ALSA device AlsaDevice: [card: 0, device: 3, type: 2]
04-17 11:28:35.446  1070  1070 D UsbAlsaManager: Adding ALSA device AlsaDevice: [card: 0, device: 3, type: 1]
04-17 11:28:35.446  1070  1070 D UsbAlsaManager: Adding ALSA device AlsaDevice: [card: 0, device: 2, type: 2]
04-17 11:28:35.446  1070  1070 D UsbAlsaManager: Adding ALSA device AlsaDevice: [card: 0, device: 2, type: 1]
04-17 11:28:35.446  1070  1070 D UsbAlsaManager: Adding ALSA device AlsaDevice: [card: 0, device: 1, type: 2]
04-17 11:28:35.446  1070  1070 D UsbAlsaManager: Adding ALSA device AlsaDevice: [card: 0, device: 1, type: 1]
04-17 11:28:35.447  1070  1070 D UsbAlsaManager: Adding ALSA device AlsaDevice: [card: 0, device: 0, type: 2]
04-17 11:28:35.447  1070  1070 D UsbAlsaManager: Adding ALSA device AlsaDevice: [card: 0, device: 0, type: 1]
04-17 11:28:35.447  1070  1396 D VoldConnector: RCV <- {659 emulated}
04-17 11:28:35.447  1070  1124 D BluetoothManagerService: Message: 30
04-17 11:28:35.447  1070  1396 D VoldConnector: RCV <- {650 emulated 2 "" ""}
04-17 11:28:35.448  1070  1415 D BluetoothManagerService: Creating new ProfileServiceConnections object for profile: 1
04-17 11:28:35.449  1070  1396 D VoldConnector: RCV <- {651 emulated 0}
04-17 11:28:35.450  1070  1396 D VoldConnector: RCV <- {200 4 Command succeeded}
04-17 11:28:35.452  1070  1070 I SystemServer: WebViewFactory preparation
04-17 11:28:35.454  1070  1394 D VoldConnector: SND -> {5 volume user_added 0 0}
04-17 11:28:35.455  1070  1396 D VoldConnector: RCV <- {200 5 Command succeeded}
04-17 11:28:35.457  1070  1124 D BluetoothManagerService: Message: 30
04-17 11:28:35.467  1070  1123 V MountService: Found primary storage at VolumeInfo{emulated}:
04-17 11:28:35.467  1070  1123 V MountService:     type=EMULATED diskId=null partGuid=null mountFlags=0 mountUserId=-1 
04-17 11:28:35.467  1070  1123 V MountService:     state=UNMOUNTED 
04-17 11:28:35.467  1070  1123 V MountService:     fsType=null fsUuid=null fsLabel=null 
04-17 11:28:35.467  1070  1123 V MountService:     path=null internalPath=null 
04-17 11:28:35.469  1070  1394 D VoldConnector: SND -> {6 volume mount emulated 3 -1}
04-17 11:28:35.472  1070  1396 D VoldConnector: RCV <- {651 emulated 1}
04-17 11:28:35.472  1070  1396 D VoldConnector: RCV <- {656 emulated /data/media}
04-17 11:28:35.473   533   539 V vold    : Waiting for FUSE to spin up...
04-17 11:28:35.473  1070  1396 D VoldConnector: RCV <- {655 emulated /storage/emulated}
04-17 11:28:35.478  1070  1123 I UsbPortManager: USB port added: port=UsbPort{id=otg_default, supportedModes=dual}, status=UsbPortStatus{connected=true, currentMode=ufp, currentPowerRole=sink, currentDataRole=device, supportedRoleCombinations=[source:host, source:device, sink:host, sink:device]}, canChangeMode=true, canChangePowerRole=true, canChangeDataRole=true
04-17 11:28:35.507  1070  1070 I ActivityManager: Start proc 1479:WebViewLoader-armeabi-v7a/1037 [android.webkit.WebViewFactory$RelroFileCreator] for 
04-17 11:28:35.521  1070  1070 I ActivityManager: Start proc 1485:WebViewLoader-arm64-v8a/1037 [android.webkit.WebViewFactory$RelroFileCreator] for 
04-17 11:28:35.524  1070  1396 D VoldConnector: RCV <- {651 emulated 2}
04-17 11:28:35.525  1070  1396 D VoldConnector: RCV <- {200 6 Command succeeded}
04-17 11:28:35.534  1070  1070 I ActivityManager: Start proc 1494:com.android.systemui/u0a42 for service com.android.systemui/.SystemUIService
04-17 11:28:35.535  1070  1070 D NetworkManagement: enabling bandwidth control
04-17 11:28:35.554  1070  1124 D BluetoothManagerService: Message: 400
04-17 11:28:35.737  1070  1124 D BluetoothManagerService: Message: 20
04-17 11:28:35.737  1070  1124 D BluetoothManagerService: Added callback: android.bluetooth.IBluetoothManagerCallback$Stub$Proxy@b73c131:true
04-17 11:28:35.854  1070  1070 D NetworkPolicy: setRestrictBackgroundUL(): false
04-17 11:28:36.002  1070  1070 I SystemServiceManager: Starting phase 600
04-17 11:28:36.003  1070  1070 V NotificationListeners: enabling notification listener for 0: ComponentInfo{com.google.vr.vrcore/com.google.vr.vrcore.notification.VrNotificationService}
04-17 11:28:36.004  1070  1070 W ActivityManager: Unable to start service Intent { act=android.service.notification.NotificationListenerService cmp=com.google.vr.vrcore/.notification.VrNotificationService } U=0: not found
04-17 11:28:36.004  1070  1070 W NotificationListeners: Unable to bind notification listener service: Intent { act=android.service.notification.NotificationListenerService cmp=com.google.vr.vrcore/.notification.VrNotificationService (has extras) }
04-17 11:28:36.020  1070  1070 I ActivityManager: Start proc 1604:com.ustwo.lwp/u0a96 for service com.ustwo.lwp/.wallpapers.timelapse.TimelapseWallpaperService
04-17 11:28:36.037  1070  1070 D SensorNotificationService: Cannot obtain dynamic meta sensor, not supported.
04-17 11:28:36.067  1070  1070 W LocationProviderProxy-network: Odd, no component found for service com.android.location.service.v3.NetworkLocationProvider
04-17 11:28:36.071  1070  1070 W GeocoderProxy: Odd, no component found for service com.android.location.service.GeocodeProvider
04-17 11:28:36.082  1070  1070 W FusedProxy: Odd, no component found for service com.android.location.service.FusedProvider
04-17 11:28:36.085  1070  1070 W GeofenceProxy: Odd, no component found for service com.android.location.service.GeofenceProvider
04-17 11:28:36.094  1070  1070 W ActivityRecognitionProxy: Odd, no component found for service com.android.location.service.ActivityRecognitionProvider
04-17 11:28:36.107  1070  1070 I MmsServiceBroker: Delay connecting to MmsService until an API is called
04-17 11:28:36.135  1070  1070 I ActivityManager: Start proc 1640:com.quicinc.cne.CNEService/1000 for added application com.quicinc.cne.CNEService
04-17 11:28:36.147  1070  1070 I ActivityManager: Start proc 1655:com.android.phone/1001 for added application com.android.phone
04-17 11:28:36.148  1070  1070 I ActivityManager: START u0 {act=android.intent.action.MAIN cat=[android.intent.category.HOME] flg=0x10000100 cmp=com.android.settings/.FallbackHome} from uid 0 on display 0
04-17 11:28:36.156  1070  1070 I ActivityManager: Loaded persisted task ids for user 0
04-17 11:28:36.171  1070  1070 I ActivityManager: Start proc 1673:com.android.settings/1000 for activity com.android.settings/.FallbackHome
04-17 11:28:36.183  1070  1094 W LocationProviderProxy-network: Odd, no component found for service com.android.location.service.v3.NetworkLocationProvider
04-17 11:28:36.183  1070  1094 W GeocoderProxy: Odd, no component found for service com.android.location.service.GeocodeProvider
04-17 11:28:36.183  1070  1094 W FusedProxy: Odd, no component found for service com.android.location.service.FusedProvider
04-17 11:28:36.184  1070  1094 W GeofenceProxy: Odd, no component found for service com.android.location.service.GeofenceProvider
04-17 11:28:36.185  1070  1070 D ConditionProviders.SCP: onConnected
04-17 11:28:36.189  1070  1070 D ConditionProviders: Subscribing to condition://android/schedule?days=1.2.3.4.5&start=22.0&end=7.0&exitAtAlarm=false with ComponentInfo{android/com.android.server.notification.ScheduleConditionProvider}
04-17 11:28:36.189  1070  1070 D ConditionProviders: Subscribing to condition://android/event?userId=-10000&calendar=&reply=1 with ComponentInfo{android/com.android.server.notification.EventConditionProvider}
04-17 11:28:36.189  1070  1070 D ConditionProviders: Subscribing to condition://android/schedule?days=6.7&start=23.30&end=10.0&exitAtAlarm=false with ComponentInfo{android/com.android.server.notification.ScheduleConditionProvider}
04-17 11:28:36.189  1070  1561 I StatusBarManagerService: registerStatusBar bar=com.android.internal.statusbar.IStatusBar$Stub$Proxy@f8a6561
04-17 11:28:36.202  1070  1094 W ActivityRecognitionProxy: Odd, no component found for service com.android.location.service.ActivityRecognitionProvider
04-17 11:28:36.232  1070  1096 W WindowManager: Keyguard drawn timeout. Setting mKeyguardDrawComplete
04-17 11:28:36.275  1640  1640 W ContextImpl: Calling a method in the system process without a qualified user: android.app.ContextImpl.sendBroadcast:877 android.content.ContextWrapper.sendBroadcast:421 com.quicinc.cne.CNEService.CNEServiceApp.broadcastCNEStarted:103 com.quicinc.cne.CNEService.CNEServiceApp.startCne:123 com.quicinc.cne.CNEService.CNEServiceApp.onCreate:94 
04-17 11:28:36.293  1070  1124 D BluetoothManagerService: Message: 30
04-17 11:28:36.300  1070  1070 I Telecom : SystemStateProvider: Registering car mode receiver: android.content.IntentFilter@4bbc2cd: TS.init@AAA
04-17 11:28:36.307  1070  1714 I Telecom : Telecom: Non-call EVENT: AUDIO_ROUTE, Entering state QuiescentEarpieceRoute
04-17 11:28:36.316  1070  1716 I Telecom : CallAudioModeStateMachine: Message received: null.: TS.init->CAMSM.pM_1@AAA_0
04-17 11:28:36.322  1070  1720 E ActivityThread: Failed to find provider info for call_log
04-17 11:28:36.323  1070  1124 D BluetoothManagerService: Message: 30
04-17 11:28:36.328  1070  1070 I Telecom : Class: TelecomSystem.INSTANCE being set
04-17 11:28:36.329  1070  1070 W ContextImpl: Calling a method in the system process without a qualified user: android.app.ContextImpl.startService:1357 android.content.ContextWrapper.startService:613 com.android.server.telecom.components.TelecomService.initializeTelecomSystem:176 com.android.server.telecom.components.TelecomService.onBind:61 android.app.ActivityThread.handleBindService:3218 
04-17 11:28:36.329  1070  1070 W ContextImpl: Calling a method in the system process without a qualified user: android.app.ContextImpl.startService:1357 com.android.server.content.SyncManager$13.run:658 android.os.Handler.handleCallback:751 android.os.Handler.dispatchMessage:95 android.os.Looper.loop:154 
04-17 11:28:36.335  1070  1070 D BluetoothManagerService: Bluetooth Adapter name changed to Pixel
04-17 11:28:36.335  1070  1070 D BluetoothManagerService: Stored Bluetooth name: Pixel
04-17 11:28:36.335  1070  1070 D BluetoothManagerService: BluetoothServiceConnection: com.android.bluetooth.btservice.AdapterService
04-17 11:28:36.335  1070  1124 D BluetoothManagerService: Message: 40
04-17 11:28:36.335  1070  1124 D BluetoothManagerService: MESSAGE_BLUETOOTH_SERVICE_CONNECTED: 1
04-17 11:28:36.346  1070  1124 D BluetoothManagerService: Calling onBluetoothServiceUp callbacks
04-17 11:28:36.346  1070  1124 D BluetoothManagerService: Broadcasting onBluetoothServiceUp() to 2 receivers.
04-17 11:28:36.354  1070  1124 D BluetoothManagerService: Message: 60
04-17 11:28:36.354  1070  1124 D BluetoothManagerService: MESSAGE_BLUETOOTH_STATE_CHANGE: prevState = 10, newState =14
