04-17 14:52:39.897  1070  1081 I ActivityManager: Config changes=480 {1.0 ?mcc?mnc [es_ES] ldltr sw411dp w411dp h659dp 420dpi nrml port finger -keyb/v/h -nav/h s.52}
04-17 14:52:40.142  1070  1125 I WindowManager: Screen frozen for +271ms due to Window{ed4e33a u0 StatusBar}
04-17 14:52:40.173  1070  1097 E libprocessgroup: failed to kill 1 processes for processgroup 10307
04-17 14:52:40.183  1070  3317 I WindowManager: WIN DEATH: Window{bb4f2e3 u0 SurfaceView - com.mozilla.servo/com.mozilla.servo.MainActivity}
04-17 14:52:40.183  1070  2262 D ActivityManager: cleanUpApplicationRecord -- 10307
04-17 14:52:40.190  1070  1942 W WindowManager: Failed looking up window
04-17 14:52:40.190  1070  1942 W WindowManager: java.lang.IllegalArgumentException: Requested window android.os.BinderProxy@a329fa7 does not exist
04-17 14:52:40.190  1070  1942 W WindowManager: 	at com.android.server.wm.WindowManagerService.windowForClientLocked(WindowManagerService.java:9415)
04-17 14:52:40.190  1070  1942 W WindowManager: 	at com.android.server.wm.WindowManagerService.windowForClientLocked(WindowManagerService.java:9406)
04-17 14:52:40.190  1070  1942 W WindowManager: 	at com.android.server.wm.WindowState$DeathRecipient.binderDied(WindowState.java:1800)
04-17 14:52:40.190  1070  1942 W WindowManager: 	at android.os.BinderProxy.sendDeathNotice(Binder.java:688)
04-17 14:52:40.190  1070  1942 I WindowManager: WIN DEATH: null
04-17 15:01:00.078  1070  1095 I ProcessStatsService: Prepared write state in 5ms
04-17 15:09:26.702  1070  1094 I UsageStatsService: User[0] Flushing usage stats to disk
04-17 15:19:36.813  1070  1095 I ActivityManager: Killing 10078:com.google.android.vr.home/u0a103 (adj 904): empty for 1807s
04-17 15:19:36.814  1070  1095 I ActivityManager: Killing 10060:com.google.android.partnersetup/u0a27 (adj 904): empty for 1807s
04-17 15:19:36.817  1070  1095 I ActivityManager: Killing 9994:com.google.android.apps.docs/u0a60 (adj 904): empty for 1807s
04-17 15:19:36.818  1070  1095 I ActivityManager: Killing 9963:com.android.keychain/1000 (adj 906): empty for 1808s
04-17 15:19:36.820  1070  1095 I ActivityManager: Killing 9941:com.android.defcontainer/u0a12 (adj 906): empty for 1808s
04-17 15:19:36.960  1070  1681 D ActivityManager: cleanUpApplicationRecord -- 10060
04-17 15:19:36.975  1070  1870 D ActivityManager: cleanUpApplicationRecord -- 10078
04-17 15:19:36.978  1070  3318 D ActivityManager: cleanUpApplicationRecord -- 9963
04-17 15:19:36.980  1070  1080 D ActivityManager: cleanUpApplicationRecord -- 9941
04-17 15:19:36.993  1070  1081 D ActivityManager: cleanUpApplicationRecord -- 9994
04-17 15:31:00.089  1070  1095 I ProcessStatsService: Prepared write state in 3ms
04-17 15:35:12.266  1070  1095 I ActivityManager: Waited long enough for: ServiceRecord{d191f02 u0 com.google.android.gms/.stats.service.DropBoxEntryAddedService}
04-17 15:36:08.981  1070  1080 I ActivityManager: Start proc 10562:com.google.android.gms.ui/u0a19 for service com.google.android.gms/.chimera.UiIntentOperationService
04-17 15:36:33.960  1070  1681 I ActivityManager: Killing 9978:com.android.musicfx/u0a31 (adj 906): empty for 2824s
04-17 15:36:33.993  1070  1870 D ActivityManager: cleanUpApplicationRecord -- 9978
04-17 15:37:37.232  1070  1070 V BackupManagerService: Scheduling immediate backup pass
04-17 15:37:37.254  1070  1070 W BackupManagerService: Backup pass but e=false p=true
04-17 15:39:54.355  1070 10423 I ActivityManager: Force stopping com.mozilla.servo appid=10165 user=0: from pid 10601
04-17 15:39:54.856  1070  3318 I ActivityManager: START u0 {act=android.intent.action.MAIN cat=[android.intent.category.LAUNCHER] flg=0x10000000 cmp=com.mozilla.servo/.MainActivity} from uid 2000 on display 0
04-17 15:39:54.872  1070  1095 I VrManagerService: VR mode enabled
04-17 15:39:54.891  1070  1870 I ActivityManager: Start proc 10620:com.mozilla.servo/u0a165 for activity com.mozilla.servo/.MainActivity
04-17 15:39:54.899  1070  1095 I VrManagerService: Connecting ComponentInfo{com.google.vr.vrcore/com.google.vr.vrcore.common.VrCoreListenerService} for user 0
04-17 15:39:54.940  1070  1681 I ActivityManager: Config changes=480 {1.0 ?mcc?mnc [es_ES] ldltr sw411dp w683dp h387dp 420dpi nrml land finger -keyb/v/h -nav/h s.53}
04-17 15:39:54.999  1070  1976 V KeyValueBackupJob: Scheduling k/v pass in 248 minutes
04-17 15:39:55.008  1070  1070 D ConditionProviders: Subscribing to condition://com.google.vr.vrcore with ComponentInfo{com.google.vr.vrcore/com.google.vr.vrcore.common.VrCoreZenConditionProvider}
04-17 15:39:55.446  1070  1124 D BluetoothManagerService: Message: 20
04-17 15:39:55.446  1070  1124 D BluetoothManagerService: Added callback: android.bluetooth.IBluetoothManagerCallback$Stub$Proxy@16eb760:true
04-17 15:39:55.477  1070  1125 I WindowManager: Screen frozen for +560ms due to Window{b5f6dc7 u0 com.mozilla.servo/com.mozilla.servo.MainActivity}
04-17 15:39:58.799  1070  1081 I ActivityManager: START u0 {cmp=com.google.vr.vrcore/.daydream.DonPrepareActivity (has extras)} from uid 10071 on display 0
04-17 15:39:58.803  1070  1081 W ActivityManager: startActivity called from non-Activity context; forcing Intent.FLAG_ACTIVITY_NEW_TASK for: Intent { flg=0x800000 cmp=com.google.vr.vrcore/.daydream.DonPrepareActivity (has extras) }
04-17 15:39:58.977  1070  1870 I ActivityManager: START u0 {cmp=com.google.vr.vrcore/.transition.TransitionViewActivity} from uid 10071 on display 0
04-17 15:39:59.117  1070  1070 I VrManagerService: VR mode disabled
04-17 15:39:59.118  1070  1070 I VrManagerService: Disconnecting ComponentInfo{com.google.vr.vrcore/com.google.vr.vrcore.common.VrCoreListenerService} for user 0
04-17 15:39:59.238  1070  2262 W AppOps  : Finishing op nesting under-run: uid 10071 pkg com.google.vr.vrcore code 24 time=0 duration=0 nesting=0
04-17 15:39:59.371  1070  6344 W AppOps  : Finishing op nesting under-run: uid 10071 pkg com.google.vr.vrcore code 24 time=0 duration=0 nesting=0
04-17 15:40:32.400  1070  1095 I VrManagerService: VR mode enabled
04-17 15:40:32.401  1070  2263 I ActivityManager: START u0 {cmp=com.google.vr.vrcore/.daydream.MetaworldActivity (has extras)} from uid 10071 on display 0
04-17 15:40:32.408  1070  1095 I VrManagerService: Connecting ComponentInfo{com.google.vr.vrcore/com.google.vr.vrcore.common.VrCoreListenerService} for user 0
04-17 15:40:32.675  1070  1070 D ConditionProviders: Subscribing to condition://com.google.vr.vrcore with ComponentInfo{com.google.vr.vrcore/com.google.vr.vrcore.common.VrCoreZenConditionProvider}
04-17 15:40:41.560  1070  1870 I ActivityManager: START u0 {cat=[com.google.intent.category.DAYDREAM] flg=0x34010000 cmp=com.mozilla.servo/.MainActivity} from uid 10165 on display 0
04-17 15:40:49.914  1070  2262 I ActivityManager: START u0 {flg=0x10804000 cmp=com.android.systemui/.recents.RecentsActivity} from uid 10042 on display 0
04-17 15:40:50.374  1070  1070 I VrManagerService: VR mode disabled
04-17 15:40:50.375  1070  1070 I VrManagerService: Disconnecting ComponentInfo{com.google.vr.vrcore/com.google.vr.vrcore.common.VrCoreListenerService} for user 0
04-17 15:40:50.402  1070  6344 W AppOps  : Finishing op nesting under-run: uid 10071 pkg com.google.vr.vrcore code 24 time=0 duration=0 nesting=0
04-17 15:40:50.428  1070  2260 W AppOps  : Finishing op nesting under-run: uid 10071 pkg com.google.vr.vrcore code 24 time=0 duration=0 nesting=0
04-17 15:40:51.089  1070  2260 I ActivityManager: Killing 1993:com.google.android.apps.photos/u0a83 (adj 906): empty for 3081s
04-17 15:40:51.090  1070  2260 I ActivityManager: Killing 10620:com.mozilla.servo/u0a165 (adj 900): remove task
04-17 15:40:51.091  1070  3317 I ActivityManager: START u0 {act=android.intent.action.MAIN cat=[android.intent.category.HOME] flg=0x10200000 cmp=com.google.android.apps.nexuslauncher/.NexusLauncherActivity} from uid 10042 on display 0
04-17 15:40:51.137  1070  3317 I ActivityManager: Config changes=480 {1.0 ?mcc?mnc [es_ES] ldltr sw411dp w411dp h659dp 420dpi nrml port finger -keyb/v/h -nav/h s.54}
04-17 15:40:51.339  1070  3318 I WindowManager: WIN DEATH: Window{550d2f u0 SurfaceView - com.mozilla.servo/com.mozilla.servo.MainActivity}
04-17 15:40:51.340  1070  8859 D ActivityManager: cleanUpApplicationRecord -- 10620
04-17 15:40:51.342  1070  1080 I WindowManager: WIN DEATH: Window{b5f6dc7 u0 com.mozilla.servo/com.mozilla.servo.MainActivity}
04-17 15:40:51.342  1070  1080 W WindowManager: Force-removing child win Window{f951f3c u0 SurfaceView - com.mozilla.servo/com.mozilla.servo.MainActivity} from container Window{b5f6dc7 u0 com.mozilla.servo/com.mozilla.servo.MainActivity}
04-17 15:40:51.346  1070  2259 W WindowManager: Failed looking up window
04-17 15:40:51.346  1070  2259 W WindowManager: java.lang.IllegalArgumentException: Requested window android.os.BinderProxy@9fe8ff4 does not exist
04-17 15:40:51.346  1070  2259 W WindowManager: 	at com.android.server.wm.WindowManagerService.windowForClientLocked(WindowManagerService.java:9415)
04-17 15:40:51.346  1070  2259 W WindowManager: 	at com.android.server.wm.WindowManagerService.windowForClientLocked(WindowManagerService.java:9406)
04-17 15:40:51.346  1070  2259 W WindowManager: 	at com.android.server.wm.WindowState$DeathRecipient.binderDied(WindowState.java:1800)
04-17 15:40:51.346  1070  2259 W WindowManager: 	at android.os.BinderProxy.sendDeathNotice(Binder.java:688)
04-17 15:40:51.346  1070  2259 I WindowManager: WIN DEATH: null
04-17 15:40:51.390  1070  1681 D ActivityManager: cleanUpApplicationRecord -- 1993
04-17 15:40:51.472  1070  6343 I WindowManager: Screen frozen for +360ms due to Window{ed4e33a u0 StatusBar}
04-17 15:42:53.211  1070  1081 I ActivityManager: Setting hasTopUi=true for pid=1494
04-17 15:42:53.850  1070  2260 W InputMethodManagerService: Window already focused, ignoring focus gain of: com.android.internal.view.IInputMethodClient$Stub$Proxy@157eccb attribute=null, token = android.os.BinderProxy@5a5ab80
04-17 15:42:53.860  1070  2262 I ActivityManager: Setting hasTopUi=false for pid=1494
04-17 15:43:00.790  1070  1561 I ActivityManager: START u0 {act=android.intent.action.DELETE dat=package:com.mozilla.servo flg=0x10800000 cmp=com.google.android.packageinstaller/com.android.packageinstaller.UninstallerActivity (has extras)} from uid 10032 on display 0
04-17 15:43:00.821  1070  3317 I ActivityManager: Start proc 10827:com.google.android.packageinstaller/u0a26 for activity com.google.android.packageinstaller/com.android.packageinstaller.UninstallerActivity
04-17 15:43:01.986  1070  2261 I ActivityManager: START u0 {act=android.intent.action.VIEW cmp=com.google.android.packageinstaller/com.android.packageinstaller.UninstallAppProgress (has extras)} from uid 10026 on display 0
04-17 15:43:02.083  1070  1095 I ActivityManager: Force stopping com.mozilla.servo appid=10165 user=0: deletePackageX
04-17 15:43:02.284  1070  1131 I ActivityManager: Start proc 10849:com.android.defcontainer/u0a12 for service com.android.defcontainer/.DefaultContainerService
04-17 15:43:02.285  1070  1131 I ActivityManager: Force stopping com.mozilla.servo appid=10165 user=0: pkg removed
04-17 15:43:02.319  1070  1095 I ActivityManager: Start proc 10863:com.android.keychain/1000 for broadcast com.android.keychain/.KeyChainBroadcastReceiver
04-17 15:43:02.368  1070  2262 D WindowManager: relayoutVisibleWindow: Window{9effe1e u0 com.google.android.apps.nexuslauncher/com.google.android.apps.nexuslauncher.NexusLauncherActivity EXITING} mAnimatingExit=true, mRemoveOnExit=false, mDestroying=false
04-17 15:43:02.544 10863 10863 W ContextImpl: Calling a method in the system process without a qualified user: android.app.ContextImpl.startService:1357 android.content.ContextWrapper.startService:613 android.content.ContextWrapper.startService:613 com.android.keychain.KeyChainBroadcastReceiver.onReceive:12 android.app.ActivityThread.handleReceiver:3040 
04-17 15:43:02.558  1070  1943 I ActivityManager: Start proc 10882:com.android.musicfx/u0a31 for broadcast com.android.musicfx/.Compatibility$Receiver
04-17 15:43:02.677  1070  1477 I ActivityManager: Start proc 10902:com.google.android.apps.docs/u0a60 for broadcast com.google.android.apps.docs/.receivers.AppPackageAddRemoveReceiver
04-17 15:43:03.037  1070  2263 I ActivityManager: Killing 10037:com.verizon.vzwavs/u0a106 (adj 906): empty for 3213s
04-17 15:43:03.075  1070  1681 D ActivityManager: cleanUpApplicationRecord -- 10037
04-17 15:43:03.119  1070  1477 I ActivityManager: Start proc 10947:com.verizon.vzwavs/u0a106 for broadcast com.verizon.vzwavs/.WakeupReceiver
04-17 15:43:03.306  1070  2262 I ActivityManager: Start proc 10979:com.android.documentsui/u0a13 for broadcast com.android.documentsui/.PackageReceiver
04-17 15:43:03.523  1070  6343 I ActivityManager: Start proc 10998:com.android.externalstorage/u0a16 for content provider com.android.externalstorage/.ExternalStorageProvider
04-17 15:43:03.581  1070  2262 I ActivityManager: Killing 9824:com.google.android.gm/u0a87 (adj 906): empty for 2060s
04-17 15:43:03.638  1070  1477 D ActivityManager: cleanUpApplicationRecord -- 9824
04-17 15:43:03.734  1070  6344 I ActivityManager: Start proc 11015:com.android.mtp/u0a14 for content provider com.android.mtp/.MtpDocumentsProvider
04-17 15:43:03.895  1070  1870 D VoldConnector: SND -> {8 appfuse mount 10014 11015 MtpDocumentsProvider}
04-17 15:43:03.912  1070  1396 D VoldConnector: RCV <- {200 8 AppFuse command succeeded}
04-17 15:43:05.849  1070  1070 W WindowManager: Attempted to remove non-existing token: android.os.Binder@accc64d
04-17 15:43:09.472  1070  1094 I ActivityManager: Start proc 11039:com.google.android.gm/u0a87 for service com.google.android.gm/.provider.MailSyncAdapterService
04-17 15:43:09.576 11039 11058 D ActivityThread: Loading provider com.google.android.gmail.provider;com.android.mail.notifier;com.google.android.gm.email.provider;com.google.android.gm.tasks.provider;com.google.android.gm.email.notifier: com.android.email.provider.EmailProvider
04-17 15:43:09.742  1070  6344 W ActivityManager: Unable to start service Intent { cmp=com.google.android.gm.exchange/com.android.exchange.service.EasService } U=0: not found
04-17 15:43:09.854  1070  8859 W ActivityManager: Unable to start service Intent { cmp=com.google.android.gm/com.android.email.service.AttachmentService } U=0: not found
04-17 15:43:09.892  1070  2260 W ActivityManager: Unable to start service Intent { cmp=com.google.android.gm.exchange/com.android.exchange.service.EasService } U=0: not found
04-17 15:47:05.789  1070  1070 I ActivityManager: Start proc 11115:com.google.android.apps.photos/u0a83 for service com.google.android.apps.photos/.dbprocessor.impl.DatabaseProcessorJobService
04-17 15:47:29.141  1070  3316 I ActivityManager: Killing 10562:com.google.android.gms.ui/u0a19 (adj 906): empty #17
04-17 15:47:29.223  1070  1081 D ActivityManager: cleanUpApplicationRecord -- 10562
04-17 15:50:12.076  1070  1131 V BackupManagerService: restoreAtInstall pkg=com.mozilla.servo token=a restoreSet=0
04-17 15:50:12.076  1070  1131 V BackupManagerService: Finishing install immediately
04-17 15:50:12.412  1070  2263 I ActivityManager: Start proc 11200:com.google.android.partnersetup/u0a27 for broadcast com.google.android.partnersetup/.RlzPingBroadcastReceiver
04-17 15:50:12.523  1070  2260 I ActivityManager: Start proc 11218:com.google.android.vr.home/u0a103 for broadcast com.google.android.vr.home/com.google.android.apps.vr.common.utils.LaunchTimesUpdateReceiver
04-17 15:50:43.652  1070  2260 I ActivityManager: Killing 10863:com.android.keychain/1000 (adj 906): empty #17
04-17 15:50:43.655  1070  2260 I ActivityManager: Killing 4623:com.android.settings/1000 (adj 906): empty #18
04-17 15:50:43.708  1070  2078 D ActivityManager: cleanUpApplicationRecord -- 10863
04-17 15:50:43.724  1070  1080 D ActivityManager: cleanUpApplicationRecord -- 4623
04-17 15:56:09.363  1070  1094 I UsageStatsService: User[0] Flushing usage stats to disk
04-17 16:01:00.096  1070  1095 I ProcessStatsService: Prepared write state in 3ms
04-17 16:13:17.619  1070  1477 I ActivityManager: Killing 6165:com.android.printspooler/u0a88 (adj 904): empty for 1809s
04-17 16:13:17.620  1070  1477 I ActivityManager: Killing 11015:com.android.mtp/u0a14 (adj 904): empty for 1813s
04-17 16:13:17.621  1070  1477 I ActivityManager: Killing 10998:com.android.externalstorage/u0a16 (adj 904): empty for 1814s
04-17 16:13:17.622  1070  1477 I ActivityManager: Killing 10979:com.android.documentsui/u0a13 (adj 906): empty for 1814s
04-17 16:13:17.622  1070  1477 I ActivityManager: Killing 10827:com.google.android.packageinstaller/u0a26 (adj 906): empty for 1814s
04-17 16:13:17.739  1070  1080 D ActivityManager: cleanUpApplicationRecord -- 11015
04-17 16:13:17.744  1070  3317 D ActivityManager: cleanUpApplicationRecord -- 10979
04-17 16:13:17.749  1070  1394 D VoldConnector: SND -> {9 appfuse unmount 10014 11015 MtpDocumentsProvider}
04-17 16:13:17.750  1070  2078 D ActivityManager: cleanUpApplicationRecord -- 6165
04-17 16:13:17.752   533   539 E vold    : Failed to open /proc/11015: No such file or directory
04-17 16:13:17.752  1070  1477 D ActivityManager: cleanUpApplicationRecord -- 10998
04-17 16:13:17.752  1070  1396 D VoldConnector: RCV <- {400 9 Command failed}
04-17 16:13:17.758  1070  2261 D ActivityManager: cleanUpApplicationRecord -- 10827
04-17 16:17:33.328  1070  3318 I ActivityManager: Killing 11115:com.google.android.apps.photos/u0a83 (adj 906): empty for 1826s
04-17 16:17:33.380  1070  2261 D ActivityManager: cleanUpApplicationRecord -- 11115
04-17 16:17:48.333  1070  1943 I ActivityManager: Killing 11039:com.google.android.gm/u0a87 (adj 906): empty for 1809s
04-17 16:17:48.398  1070  6344 D ActivityManager: cleanUpApplicationRecord -- 11039
04-17 16:23:56.832  1070  8859 I ActivityManager: Force stopping com.mozilla.servo appid=10166 user=0: from pid 11330
04-17 16:23:57.374  1070  2260 I ActivityManager: START u0 {act=android.intent.action.MAIN cat=[android.intent.category.LAUNCHER] flg=0x10000000 cmp=com.mozilla.servo/.MainActivity} from uid 2000 on display 0
04-17 16:23:57.384  1070  1095 I VrManagerService: VR mode enabled
04-17 16:23:57.395  1070 10423 I ActivityManager: Start proc 11349:com.mozilla.servo/u0a166 for activity com.mozilla.servo/.MainActivity
04-17 16:23:57.403  1070  1095 I VrManagerService: Connecting ComponentInfo{com.google.vr.vrcore/com.google.vr.vrcore.common.VrCoreListenerService} for user 0
04-17 16:23:57.481  1070  1070 D ConditionProviders: Subscribing to condition://com.google.vr.vrcore with ComponentInfo{com.google.vr.vrcore/com.google.vr.vrcore.common.VrCoreZenConditionProvider}
04-17 16:23:57.498  1070  1561 I ActivityManager: Config changes=480 {1.0 ?mcc?mnc [es_ES] ldltr sw411dp w683dp h387dp 420dpi nrml land finger -keyb/v/h -nav/h s.55}
04-17 16:23:57.661  1070  1095 I ActivityManager: Start proc 11375:com.android.settings/1000 for broadcast com.android.settings/.dashboard.conditional.DndCondition$Receiver
04-17 16:23:57.667  1070  2263 D VoldConnector: SND -> {10 volume mkdirs /storage/emulated/0/Android/data/com.mozilla.servo/files/}
04-17 16:23:57.673  1070  1396 D VoldConnector: RCV <- {200 10 Command succeeded}
04-17 16:23:58.026  1070  1681 I ActivityManager: Killing 10849:com.android.defcontainer/u0a12 (adj 906): empty for 2025s
04-17 16:23:58.038  1070  1942 D ActivityManager: cleanUpApplicationRecord -- 10849
04-17 16:23:58.123  1070  2263 D VoldConnector: SND -> {11 volume mkdirs /storage/emulated/0/Android/obb/com.mozilla.servo/}
04-17 16:23:58.125  1070  1396 D VoldConnector: RCV <- {200 11 Command succeeded}
04-17 16:23:58.292  1070  1124 D BluetoothManagerService: Message: 20
04-17 16:23:58.292  1070  1124 D BluetoothManagerService: Added callback: android.bluetooth.IBluetoothManagerCallback$Stub$Proxy@586786b:true
04-17 16:23:58.329  1070  1125 I WindowManager: Screen frozen for +877ms due to Window{b468ae u0 com.mozilla.servo/com.mozilla.servo.MainActivity}
04-17 16:26:55.735  1070  2078 I ActivityManager: Force stopping com.mozilla.servo appid=10166 user=0: from pid 11476
04-17 16:26:55.735  1070  2078 I ActivityManager: Killing 11349:com.mozilla.servo/u0a166 (adj 0): stop com.mozilla.servo
04-17 16:26:55.736  1070  2078 D ActivityManager: cleanUpApplicationRecord -- 11349
04-17 16:26:55.736  1070  2078 W ActivityManager: Force removing ActivityRecord{f711f52 u0 com.mozilla.servo/.MainActivity t38}: app died, no saved state
04-17 16:26:55.787  1070  2078 I ActivityManager: Config changes=480 {1.0 ?mcc?mnc [es_ES] ldltr sw411dp w411dp h659dp 420dpi nrml port finger -keyb/v/h -nav/h s.56}
04-17 16:26:55.813  1070  8859 W AppOps  : Finishing op nesting under-run: uid 10071 pkg com.google.vr.vrcore code 24 time=0 duration=0 nesting=0
04-17 16:26:55.840  1070  1070 I VrManagerService: VR mode disabled
04-17 16:26:55.840  1070  1070 I VrManagerService: Disconnecting ComponentInfo{com.google.vr.vrcore/com.google.vr.vrcore.common.VrCoreListenerService} for user 0
04-17 16:26:55.961  1070  2259 W AppOps  : Finishing op nesting under-run: uid 10071 pkg com.google.vr.vrcore code 24 time=0 duration=0 nesting=0
04-17 16:26:56.039  1070  1125 I WindowManager: Screen frozen for +279ms due to Window{8d3acbf u0 NavigationBar}
04-17 16:26:56.271  1070  2263 I ActivityManager: START u0 {act=android.intent.action.MAIN cat=[android.intent.category.LAUNCHER] flg=0x10000000 cmp=com.mozilla.servo/.MainActivity} from uid 2000 on display 0
04-17 16:26:56.280  1070  1095 I VrManagerService: VR mode enabled
04-17 16:26:56.295  1070  2259 I ActivityManager: Start proc 11501:com.mozilla.servo/u0a166 for activity com.mozilla.servo/.MainActivity
04-17 16:26:56.305  1070  1095 I VrManagerService: Connecting ComponentInfo{com.google.vr.vrcore/com.google.vr.vrcore.common.VrCoreListenerService} for user 0
04-17 16:26:56.423  1070  1070 D ConditionProviders: Subscribing to condition://com.google.vr.vrcore with ComponentInfo{com.google.vr.vrcore/com.google.vr.vrcore.common.VrCoreZenConditionProvider}
04-17 16:26:56.552  1070  1125 I ActivityManager: Config changes=480 {1.0 ?mcc?mnc [es_ES] ldltr sw411dp w683dp h387dp 420dpi nrml land finger -keyb/v/h -nav/h s.57}
04-17 16:26:56.568  1070  1080 W AppOps  : Finishing op nesting under-run: uid 10071 pkg com.google.vr.vrcore code 24 time=0 duration=0 nesting=0
04-17 16:26:56.820  1070  1124 D BluetoothManagerService: Message: 20
04-17 16:26:56.820  1070  1124 D BluetoothManagerService: Added callback: android.bluetooth.IBluetoothManagerCallback$Stub$Proxy@9045c81:true
04-17 16:26:56.862  1070  1125 I WindowManager: Screen frozen for +351ms due to Window{a0fd387 u0 com.mozilla.servo/com.mozilla.servo.MainActivity}
04-17 16:27:43.694  1070  3318 I ActivityManager: START u0 {flg=0x10804000 cmp=com.android.systemui/.recents.RecentsActivity} from uid 10042 on display 0
04-17 16:27:44.044  1070  1070 I VrManagerService: VR mode disabled
04-17 16:27:44.049  1070  1070 I VrManagerService: Disconnecting ComponentInfo{com.google.vr.vrcore/com.google.vr.vrcore.common.VrCoreListenerService} for user 0
04-17 16:27:44.076  1070  1681 W AppOps  : Finishing op nesting under-run: uid 10071 pkg com.google.vr.vrcore code 24 time=0 duration=0 nesting=0
04-17 16:27:44.510  1070  6343 I ActivityManager: Killing 10882:com.android.musicfx/u0a31 (adj 906): empty for 2252s
04-17 16:27:44.511  1070  6343 I ActivityManager: Killing 11501:com.mozilla.servo/u0a166 (adj 900): remove task
04-17 16:27:44.513  1070  3316 I ActivityManager: START u0 {act=android.intent.action.MAIN cat=[android.intent.category.HOME] flg=0x10200000 cmp=com.google.android.apps.nexuslauncher/.NexusLauncherActivity} from uid 10042 on display 0
04-17 16:27:44.542  1070  3316 I ActivityManager: Config changes=480 {1.0 ?mcc?mnc [es_ES] ldltr sw411dp w411dp h659dp 420dpi nrml port finger -keyb/v/h -nav/h s.58}
04-17 16:27:44.570  1070  1125 W DisplayManagerService: Failed to notify process 10882 that displays changed, assuming it died.
04-17 16:27:44.570  1070  1125 W DisplayManagerService: android.os.DeadObjectException: Transaction failed on small parcel; remote process probably died
04-17 16:27:44.570  1070  1125 W DisplayManagerService: 	at android.os.BinderProxy.transactNative(Native Method)
04-17 16:27:44.570  1070  1125 W DisplayManagerService: 	at android.os.BinderProxy.transact(Binder.java:615)
04-17 16:27:44.570  1070  1125 W DisplayManagerService: 	at android.hardware.display.IDisplayManagerCallback$Stub$Proxy.onDisplayEvent(IDisplayManagerCallback.java:81)
04-17 16:27:44.570  1070  1125 W DisplayManagerService: 	at com.android.server.display.DisplayManagerService$CallbackRecord.notifyDisplayEventAsync(DisplayManagerService.java:1187)
04-17 16:27:44.570  1070  1125 W DisplayManagerService: 	at com.android.server.display.DisplayManagerService.deliverDisplayEvent(DisplayManagerService.java:1022)
04-17 16:27:44.570  1070  1125 W DisplayManagerService: 	at com.android.server.display.DisplayManagerService.-wrap6(DisplayManagerService.java)
04-17 16:27:44.570  1070  1125 W DisplayManagerService: 	at com.android.server.display.DisplayManagerService$DisplayManagerHandler.handleMessage(DisplayManagerService.java:1120)
04-17 16:27:44.570  1070  1125 W DisplayManagerService: 	at android.os.Handler.dispatchMessage(Handler.java:102)
04-17 16:27:44.570  1070  1125 W DisplayManagerService: 	at android.os.Looper.loop(Looper.java:154)
04-17 16:27:44.570  1070  1125 W DisplayManagerService: 	at android.os.HandlerThread.run(HandlerThread.java:61)
04-17 16:27:44.570  1070  1125 W DisplayManagerService: 	at com.android.server.ServiceThread.run(ServiceThread.java:46)
04-17 16:27:44.745  1070  8859 D ActivityManager: cleanUpApplicationRecord -- 10882
04-17 16:27:44.753  1070  2263 I WindowManager: WIN DEATH: Window{a0fd387 u0 com.mozilla.servo/com.mozilla.servo.MainActivity}
04-17 16:27:44.754  1070  2263 W WindowManager: Force-removing child win Window{bc166cb u0 SurfaceView - com.mozilla.servo/com.mozilla.servo.MainActivity} from container Window{a0fd387 u0 com.mozilla.servo/com.mozilla.servo.MainActivity}
04-17 16:27:44.754  1070  6344 D ActivityManager: cleanUpApplicationRecord -- 11501
04-17 16:27:44.757  1070  1561 W WindowManager: Failed looking up window
04-17 16:27:44.757  1070  1561 W WindowManager: java.lang.IllegalArgumentException: Requested window android.os.BinderProxy@96abbd9 does not exist
04-17 16:27:44.757  1070  1561 W WindowManager: 	at com.android.server.wm.WindowManagerService.windowForClientLocked(WindowManagerService.java:9415)
04-17 16:27:44.757  1070  1561 W WindowManager: 	at com.android.server.wm.WindowManagerService.windowForClientLocked(WindowManagerService.java:9406)
04-17 16:27:44.757  1070  1561 W WindowManager: 	at com.android.server.wm.WindowState$DeathRecipient.binderDied(WindowState.java:1800)
04-17 16:27:44.757  1070  1561 W WindowManager: 	at android.os.BinderProxy.sendDeathNotice(Binder.java:688)
04-17 16:27:44.757  1070  1561 I WindowManager: WIN DEATH: null
04-17 16:27:44.808  1070  1080 I WindowManager: Screen frozen for +283ms due to Window{ed4e33a u0 StatusBar}
04-17 16:27:47.055  1070 10423 I ActivityManager: START u0 {act=android.intent.action.MAIN cat=[android.intent.category.LAUNCHER] flg=0x10200000 cmp=com.mozilla.servo/.MainActivity bnds=[24,239][230,517] (has extras)} from uid 10032 on display 0
04-17 16:27:47.067  1070  1095 I VrManagerService: VR mode enabled
04-17 16:27:47.097  1070  1095 I VrManagerService: Connecting ComponentInfo{com.google.vr.vrcore/com.google.vr.vrcore.common.VrCoreListenerService} for user 0
04-17 16:27:47.099  1070  2260 I ActivityManager: Start proc 11610:com.mozilla.servo/u0a166 for activity com.mozilla.servo/.MainActivity
04-17 16:27:47.154  1070  1070 D ConditionProviders: Subscribing to condition://com.google.vr.vrcore with ComponentInfo{com.google.vr.vrcore/com.google.vr.vrcore.common.VrCoreZenConditionProvider}
04-17 16:27:47.160  1070  8859 I ActivityManager: Config changes=480 {1.0 ?mcc?mnc [es_ES] ldltr sw411dp w683dp h387dp 420dpi nrml land finger -keyb/v/h -nav/h s.59}
04-17 16:27:47.689  1070  1124 D BluetoothManagerService: Message: 20
04-17 16:27:47.689  1070  1124 D BluetoothManagerService: Added callback: android.bluetooth.IBluetoothManagerCallback$Stub$Proxy@5e09846:true
04-17 16:27:47.727  1070  1125 I WindowManager: Screen frozen for +581ms due to Window{e215aa5 u0 com.mozilla.servo/com.mozilla.servo.MainActivity}
04-17 16:28:21.918  1070  1942 I ActivityManager: START u0 {flg=0x10804000 cmp=com.android.systemui/.recents.RecentsActivity} from uid 10042 on display 0
04-17 16:28:22.274  1070  1070 I VrManagerService: VR mode disabled
04-17 16:28:22.275  1070  1070 I VrManagerService: Disconnecting ComponentInfo{com.google.vr.vrcore/com.google.vr.vrcore.common.VrCoreListenerService} for user 0
04-17 16:28:22.296  1070  1942 W AppOps  : Finishing op nesting under-run: uid 10071 pkg com.google.vr.vrcore code 24 time=0 duration=0 nesting=0
04-17 16:28:23.008  1070  2263 I ActivityManager: Killing 11610:com.mozilla.servo/u0a166 (adj 900): remove task
04-17 16:28:23.009  1070  2260 I ActivityManager: START u0 {act=android.intent.action.MAIN cat=[android.intent.category.HOME] flg=0x10200000 cmp=com.google.android.apps.nexuslauncher/.NexusLauncherActivity} from uid 10042 on display 0
04-17 16:28:23.038  1070  2260 I ActivityManager: Config changes=480 {1.0 ?mcc?mnc [es_ES] ldltr sw411dp w411dp h659dp 420dpi nrml port finger -keyb/v/h -nav/h s.60}
04-17 16:28:23.277  1070  1870 D ActivityManager: cleanUpApplicationRecord -- 11610
04-17 16:28:23.278  1070  1942 I WindowManager: WIN DEATH: Window{e215aa5 u0 com.mozilla.servo/com.mozilla.servo.MainActivity}
04-17 16:28:23.278  1070  1942 W WindowManager: Force-removing child win Window{4918f38 u0 SurfaceView - com.mozilla.servo/com.mozilla.servo.MainActivity} from container Window{e215aa5 u0 com.mozilla.servo/com.mozilla.servo.MainActivity}
04-17 16:28:23.281  1070  1943 W WindowManager: Failed looking up window
04-17 16:28:23.281  1070  1943 W WindowManager: java.lang.IllegalArgumentException: Requested window android.os.BinderProxy@e700e7a does not exist
04-17 16:28:23.281  1070  1943 W WindowManager: 	at com.android.server.wm.WindowManagerService.windowForClientLocked(WindowManagerService.java:9415)
04-17 16:28:23.281  1070  1943 W WindowManager: 	at com.android.server.wm.WindowManagerService.windowForClientLocked(WindowManagerService.java:9406)
04-17 16:28:23.281  1070  1943 W WindowManager: 	at com.android.server.wm.WindowState$DeathRecipient.binderDied(WindowState.java:1800)
04-17 16:28:23.281  1070  1943 W WindowManager: 	at android.os.BinderProxy.sendDeathNotice(Binder.java:688)
04-17 16:28:23.281  1070  1943 I WindowManager: WIN DEATH: null
04-17 16:28:23.286  1070  1125 I WindowManager: Screen frozen for +259ms due to Window{ed4e33a u0 StatusBar}
04-17 16:28:23.314  1070  1097 E libprocessgroup: failed to kill 1 processes for processgroup 11610
04-17 16:28:30.757  1070  2263 I ActivityManager: Force stopping com.mozilla.servo appid=10166 user=0: from pid 11715
04-17 16:28:31.276  1070  1561 I ActivityManager: START u0 {act=android.intent.action.MAIN cat=[android.intent.category.LAUNCHER] flg=0x10000000 cmp=com.mozilla.servo/.MainActivity} from uid 2000 on display 0
04-17 16:28:31.290  1070  1095 I VrManagerService: VR mode enabled
04-17 16:28:31.302  1070  1095 I VrManagerService: Connecting ComponentInfo{com.google.vr.vrcore/com.google.vr.vrcore.common.VrCoreListenerService} for user 0
04-17 16:28:31.310  1070  1681 I ActivityManager: Start proc 11734:com.mozilla.servo/u0a166 for activity com.mozilla.servo/.MainActivity
04-17 16:28:31.366  1070  3318 I ActivityManager: Config changes=480 {1.0 ?mcc?mnc [es_ES] ldltr sw411dp w683dp h387dp 420dpi nrml land finger -keyb/v/h -nav/h s.61}
04-17 16:28:31.371  1070  1070 D ConditionProviders: Subscribing to condition://com.google.vr.vrcore with ComponentInfo{com.google.vr.vrcore/com.google.vr.vrcore.common.VrCoreZenConditionProvider}
04-17 16:28:31.902  1070  1124 D BluetoothManagerService: Message: 20
04-17 16:28:31.902  1070  1124 D BluetoothManagerService: Added callback: android.bluetooth.IBluetoothManagerCallback$Stub$Proxy@3a86171:true
04-17 16:28:31.940  1070  1125 I WindowManager: Screen frozen for +599ms due to Window{450e02c u0 com.mozilla.servo/com.mozilla.servo.MainActivity}
04-17 16:29:00.739  1070  3317 I ActivityManager: START u0 {flg=0x10804000 cmp=com.android.systemui/.recents.RecentsActivity} from uid 10042 on display 0
04-17 16:29:01.100  1070  1070 I VrManagerService: VR mode disabled
04-17 16:29:01.101  1070  1070 I VrManagerService: Disconnecting ComponentInfo{com.google.vr.vrcore/com.google.vr.vrcore.common.VrCoreListenerService} for user 0
04-17 16:29:01.136  1070  1870 W AppOps  : Finishing op nesting under-run: uid 10071 pkg com.google.vr.vrcore code 24 time=0 duration=0 nesting=0
04-17 16:29:02.156  1070  1561 I ActivityManager: Killing 11734:com.mozilla.servo/u0a166 (adj 900): remove task
04-17 16:29:02.156  1070  3316 I ActivityManager: START u0 {act=android.intent.action.MAIN cat=[android.intent.category.HOME] flg=0x10200000 cmp=com.google.android.apps.nexuslauncher/.NexusLauncherActivity} from uid 10042 on display 0
04-17 16:29:02.185  1070  3316 I ActivityManager: Config changes=480 {1.0 ?mcc?mnc [es_ES] ldltr sw411dp w411dp h659dp 420dpi nrml port finger -keyb/v/h -nav/h s.62}
04-17 16:29:02.349  1070  1681 I WindowManager: WIN DEATH: Window{450e02c u0 com.mozilla.servo/com.mozilla.servo.MainActivity}
04-17 16:29:02.350  1070  1681 W WindowManager: Force-removing child win Window{829d42f u0 SurfaceView - com.mozilla.servo/com.mozilla.servo.MainActivity} from container Window{450e02c u0 com.mozilla.servo/com.mozilla.servo.MainActivity}
04-17 16:29:02.350  1070  2260 D ActivityManager: cleanUpApplicationRecord -- 11734
04-17 16:29:02.356  1070  2259 W WindowManager: Failed looking up window
04-17 16:29:02.356  1070  2259 W WindowManager: java.lang.IllegalArgumentException: Requested window android.os.BinderProxy@8c50af5 does not exist
04-17 16:29:02.356  1070  2259 W WindowManager: 	at com.android.server.wm.WindowManagerService.windowForClientLocked(WindowManagerService.java:9415)
04-17 16:29:02.356  1070  2259 W WindowManager: 	at com.android.server.wm.WindowManagerService.windowForClientLocked(WindowManagerService.java:9406)
04-17 16:29:02.356  1070  2259 W WindowManager: 	at com.android.server.wm.WindowState$DeathRecipient.binderDied(WindowState.java:1800)
04-17 16:29:02.356  1070  2259 W WindowManager: 	at android.os.BinderProxy.sendDeathNotice(Binder.java:688)
04-17 16:29:02.356  1070  2259 I WindowManager: WIN DEATH: null
04-17 16:29:02.441  1070  3316 I WindowManager: Screen frozen for +273ms due to Window{ed4e33a u0 StatusBar}
04-17 16:31:00.112  1070  1095 I ProcessStatsService: Prepared write state in 3ms
04-17 16:35:52.216  1070  1095 I ActivityManager: Waited long enough for: ServiceRecord{8c2ae2d u0 com.google.android.gms/.stats.service.DropBoxEntryAddedService}
04-17 16:36:54.353  1070  1094 I ActivityManager: Start proc 11851:com.google.android.gm/u0a87 for service com.google.android.gm/.provider.MailSyncAdapterService
04-17 16:36:54.487 11851 11869 D ActivityThread: Loading provider com.google.android.gmail.provider;com.android.mail.notifier;com.google.android.gm.email.provider;com.google.android.gm.tasks.provider;com.google.android.gm.email.notifier: com.android.email.provider.EmailProvider
04-17 16:36:54.715  1070  1870 W ActivityManager: Unable to start service Intent { cmp=com.google.android.gm.exchange/com.android.exchange.service.EasService } U=0: not found
04-17 16:36:54.814  1070  1681 W ActivityManager: Unable to start service Intent { cmp=com.google.android.gm/com.android.email.service.AttachmentService } U=0: not found
04-17 16:40:26.442  1070  1131 I ActivityManager: Start proc 11936:com.android.defcontainer/u0a12 for service com.android.defcontainer/.DefaultContainerService
04-17 16:40:28.635  1070  1095 I ActivityManager: Force stopping com.mozilla.servo appid=10166 user=-1: installPackageLI
04-17 16:40:28.759  1070  1131 I PackageManager: Package com.mozilla.servo codePath changed from /data/app/com.mozilla.servo-1 to /data/app/com.mozilla.servo-2; Retaining data and using new
04-17 16:40:28.759  1070  1131 W PackageManager: Code path for com.mozilla.servo changing from /data/app/com.mozilla.servo-1 to /data/app/com.mozilla.servo-2
04-17 16:40:28.759  1070  1131 W PackageManager: Resource path for com.mozilla.servo changing from /data/app/com.mozilla.servo-1 to /data/app/com.mozilla.servo-2
04-17 16:40:29.033  1070  1131 I ActivityManager: Force stopping com.mozilla.servo appid=10166 user=0: pkg removed
04-17 16:40:29.117  1070  1095 I ActivityManager: Start proc 11958:com.android.keychain/1000 for broadcast com.android.keychain/.KeyChainBroadcastReceiver
04-17 16:40:29.192 11958 11958 W ContextImpl: Calling a method in the system process without a qualified user: android.app.ContextImpl.startService:1357 android.content.ContextWrapper.startService:613 android.content.ContextWrapper.startService:613 com.android.keychain.KeyChainBroadcastReceiver.onReceive:12 android.app.ActivityThread.handleReceiver:3040 
04-17 16:40:29.209  1070  6344 I ActivityManager: Start proc 11973:com.android.musicfx/u0a31 for broadcast com.android.musicfx/.Compatibility$Receiver
04-17 16:40:29.215  1070  2259 I ActivityManager: Killing 10902:com.google.android.apps.docs/u0a60 (adj 906): empty for 3016s
04-17 16:40:29.275  1070  2259 W BroadcastQueue: Exception when sending broadcast to ComponentInfo{com.google.android.apps.docs/com.google.android.apps.docs.receivers.AppPackageAddRemoveReceiver}
04-17 16:40:29.275  1070  2259 W BroadcastQueue: android.os.DeadObjectException: Transaction failed on small parcel; remote process probably died
04-17 16:40:29.275  1070  2259 W BroadcastQueue: 	at android.os.BinderProxy.transactNative(Native Method)
04-17 16:40:29.275  1070  2259 W BroadcastQueue: 	at android.os.BinderProxy.transact(Binder.java:615)
04-17 16:40:29.275  1070  2259 W BroadcastQueue: 	at android.app.ApplicationThreadProxy.scheduleReceiver(ApplicationThreadNative.java:951)
04-17 16:40:29.275  1070  2259 W BroadcastQueue: 	at com.android.server.am.BroadcastQueue.processCurBroadcastLocked(BroadcastQueue.java:284)
04-17 16:40:29.275  1070  2259 W BroadcastQueue: 	at com.android.server.am.BroadcastQueue.processNextBroadcast(BroadcastQueue.java:1222)
04-17 16:40:29.275  1070  2259 W BroadcastQueue: 	at com.android.server.am.ActivityManagerService.finishReceiver(ActivityManagerService.java:18662)
04-17 16:40:29.275  1070  2259 W BroadcastQueue: 	at android.app.ActivityManagerNative.onTransact(ActivityManagerNative.java:528)
04-17 16:40:29.275  1070  2259 W BroadcastQueue: 	at com.android.server.am.ActivityManagerService.onTransact(ActivityManagerService.java:2795)
04-17 16:40:29.275  1070  2259 W BroadcastQueue: 	at android.os.Binder.execTransact(Binder.java:565)
04-17 16:40:29.275  1070  2259 D ActivityManager: cleanUpApplicationRecord -- 10902
04-17 16:40:29.292  1070  2259 I ActivityManager: Start proc 11989:com.google.android.apps.docs/u0a60 for broadcast com.google.android.apps.docs/.receivers.AppPackageAddRemoveReceiver
04-17 16:40:29.295  1070  2259 I ActivityManager: Killing 11200:com.google.android.partnersetup/u0a27 (adj 906): empty for 3016s
04-17 16:40:29.306  1070  1097 W libprocessgroup: failed to open /acct/uid_10060/pid_10902/cgroup.procs: No such file or directory
04-17 16:40:29.323  1070  1094 I ActivityManager: Start proc 12002:com.android.printspooler/u0a88 for service com.android.printspooler/.model.PrintSpoolerService
04-17 16:40:29.339  1070  1561 D ActivityManager: cleanUpApplicationRecord -- 11200
04-17 16:40:29.781  1070  3316 I ActivityManager: Start proc 12048:com.google.android.partnersetup/u0a27 for broadcast com.google.android.partnersetup/.RlzPingBroadcastReceiver
04-17 16:40:29.897  1070  1942 I ActivityManager: Start proc 12067:com.google.android.apps.photos/u0a83 for broadcast com.google.android.apps.photos/.backgroundsignin.BackgroundSignInBroadcastReceiver
04-17 16:40:36.882  1070 11601 I ActivityManager: Force stopping com.mozilla.servo appid=10166 user=0: from pid 12103
04-17 16:40:37.389  1070  3318 I ActivityManager: START u0 {act=android.intent.action.MAIN cat=[android.intent.category.LAUNCHER] flg=0x10000000 cmp=com.mozilla.servo/.MainActivity} from uid 2000 on display 0
04-17 16:40:37.398  1070  1095 I VrManagerService: VR mode enabled
04-17 16:40:37.405  1070  1095 I VrManagerService: Connecting ComponentInfo{com.google.vr.vrcore/com.google.vr.vrcore.common.VrCoreListenerService} for user 0
04-17 16:40:37.414  1070 10423 I ActivityManager: Start proc 12122:com.mozilla.servo/u0a166 for activity com.mozilla.servo/.MainActivity
04-17 16:40:37.444  1070  1943 I ActivityManager: Config changes=480 {1.0 ?mcc?mnc [es_ES] ldltr sw411dp w683dp h387dp 420dpi nrml land finger -keyb/v/h -nav/h s.63}
04-17 16:40:37.556  1070  1070 D ConditionProviders: Subscribing to condition://com.google.vr.vrcore with ComponentInfo{com.google.vr.vrcore/com.google.vr.vrcore.common.VrCoreZenConditionProvider}
04-17 16:40:38.016  1070  1124 D BluetoothManagerService: Message: 20
04-17 16:40:38.016  1070  1124 D BluetoothManagerService: Added callback: android.bluetooth.IBluetoothManagerCallback$Stub$Proxy@6328ab7:true
04-17 16:40:38.066  1070  1125 I WindowManager: Screen frozen for +633ms due to Window{3c610de u0 com.mozilla.servo/com.mozilla.servo.MainActivity}
04-17 16:41:18.600  1070  1942 I ActivityManager: START u0 {cmp=com.google.vr.vrcore/.daydream.DonPrepareActivity (has extras)} from uid 10071 on display 0
04-17 16:41:18.615  1070  1942 W ActivityManager: startActivity called from non-Activity context; forcing Intent.FLAG_ACTIVITY_NEW_TASK for: Intent { flg=0x800000 cmp=com.google.vr.vrcore/.daydream.DonPrepareActivity (has extras) }
04-17 16:41:18.870  1070  2263 I ActivityManager: START u0 {cmp=com.google.vr.vrcore/.transition.TransitionViewActivity} from uid 10071 on display 0
04-17 16:41:18.928  1070  1070 I VrManagerService: VR mode disabled
04-17 16:41:18.929  1070  1070 I VrManagerService: Disconnecting ComponentInfo{com.google.vr.vrcore/com.google.vr.vrcore.common.VrCoreListenerService} for user 0
04-17 16:41:18.988  1070  1681 W AppOps  : Finishing op nesting under-run: uid 10071 pkg com.google.vr.vrcore code 24 time=0 duration=0 nesting=0
04-17 16:41:19.068  1070  1943 W AppOps  : Finishing op nesting under-run: uid 10071 pkg com.google.vr.vrcore code 24 time=0 duration=0 nesting=0
04-17 16:41:23.332  1070  1095 I VrManagerService: VR mode enabled
04-17 16:41:23.333  1070  2259 I ActivityManager: START u0 {cmp=com.google.vr.vrcore/.daydream.MetaworldActivity (has extras)} from uid 10071 on display 0
04-17 16:41:23.343  1070  1095 I VrManagerService: Connecting ComponentInfo{com.google.vr.vrcore/com.google.vr.vrcore.common.VrCoreListenerService} for user 0
04-17 16:41:23.485  1070  1070 D ConditionProviders: Subscribing to condition://com.google.vr.vrcore with ComponentInfo{com.google.vr.vrcore/com.google.vr.vrcore.common.VrCoreZenConditionProvider}
04-17 16:41:35.065  1070  2261 I ActivityManager: START u0 {cat=[com.google.intent.category.DAYDREAM] flg=0x34010000 cmp=com.mozilla.servo/.MainActivity} from uid 10166 on display 0
04-17 16:41:39.174  1070  1477 I ActivityManager: START u0 {flg=0x10804000 cmp=com.android.systemui/.recents.RecentsActivity} from uid 10042 on display 0
04-17 16:41:39.552  1070  1070 I VrManagerService: VR mode disabled
04-17 16:41:39.552  1070  1070 I VrManagerService: Disconnecting ComponentInfo{com.google.vr.vrcore/com.google.vr.vrcore.common.VrCoreListenerService} for user 0
04-17 16:41:39.579  1070 10423 W AppOps  : Finishing op nesting under-run: uid 10071 pkg com.google.vr.vrcore code 24 time=0 duration=0 nesting=0
04-17 16:41:39.595  1070  2260 W AppOps  : Finishing op nesting under-run: uid 10071 pkg com.google.vr.vrcore code 24 time=0 duration=0 nesting=0
04-17 16:41:40.229  1070  1681 I ActivityManager: Killing 12122:com.mozilla.servo/u0a166 (adj 900): remove task
04-17 16:41:40.230  1070  2263 I ActivityManager: START u0 {act=android.intent.action.MAIN cat=[android.intent.category.HOME] flg=0x10200000 cmp=com.google.android.apps.nexuslauncher/.NexusLauncherActivity} from uid 10042 on display 0
04-17 16:41:40.260  1070  2263 I ActivityManager: Config changes=480 {1.0 ?mcc?mnc [es_ES] ldltr sw411dp w411dp h659dp 420dpi nrml port finger -keyb/v/h -nav/h s.64}
04-17 16:41:40.491  1070  1125 I WindowManager: Screen frozen for +241ms due to Window{ed4e33a u0 StatusBar}
04-17 16:41:40.543  1070  6344 I WindowManager: WIN DEATH: Window{c12133b u0 SurfaceView - com.mozilla.servo/com.mozilla.servo.MainActivity}
04-17 16:41:40.546  1070  2262 I WindowManager: WIN DEATH: Window{3c610de u0 com.mozilla.servo/com.mozilla.servo.MainActivity}
04-17 16:41:40.546  1070  2262 W WindowManager: Force-removing child win Window{305a58 u0 SurfaceView - com.mozilla.servo/com.mozilla.servo.MainActivity} from container Window{3c610de u0 com.mozilla.servo/com.mozilla.servo.MainActivity}
04-17 16:41:40.547  1070  6343 D ActivityManager: cleanUpApplicationRecord -- 12122
04-17 16:41:40.551  1070  1081 W WindowManager: Failed looking up window
04-17 16:41:40.551  1070  1081 W WindowManager: java.lang.IllegalArgumentException: Requested window android.os.BinderProxy@2d71cd5 does not exist
04-17 16:41:40.551  1070  1081 W WindowManager: 	at com.android.server.wm.WindowManagerService.windowForClientLocked(WindowManagerService.java:9415)
04-17 16:41:40.551  1070  1081 W WindowManager: 	at com.android.server.wm.WindowManagerService.windowForClientLocked(WindowManagerService.java:9406)
04-17 16:41:40.551  1070  1081 W WindowManager: 	at com.android.server.wm.WindowState$DeathRecipient.binderDied(WindowState.java:1800)
04-17 16:41:40.551  1070  1081 W WindowManager: 	at android.os.BinderProxy.sendDeathNotice(Binder.java:688)
04-17 16:41:40.551  1070  1081 I WindowManager: WIN DEATH: null
04-17 16:41:40.574  1070  1097 E libprocessgroup: failed to kill 1 processes for processgroup 12122
04-17 16:43:57.397  1070  1094 I UsageStatsService: User[0] Flushing usage stats to disk
04-17 16:55:49.131  1070  8859 I ActivityManager: Force stopping com.mozilla.servo appid=10166 user=0: from pid 12350
04-17 16:55:49.602  1070  8859 I ActivityManager: START u0 {act=android.intent.action.MAIN cat=[android.intent.category.LAUNCHER] flg=0x10000000 cmp=com.mozilla.servo/.MainActivity} from uid 2000 on display 0
04-17 16:55:49.610  1070  1095 I VrManagerService: VR mode enabled
04-17 16:55:49.619  1070  1095 I VrManagerService: Connecting ComponentInfo{com.google.vr.vrcore/com.google.vr.vrcore.common.VrCoreListenerService} for user 0
04-17 16:55:49.631  1070  2078 I ActivityManager: Start proc 12369:com.mozilla.servo/u0a166 for activity com.mozilla.servo/.MainActivity
04-17 16:55:49.668  1070  1681 I ActivityManager: Config changes=480 {1.0 ?mcc?mnc [es_ES] ldltr sw411dp w683dp h387dp 420dpi nrml land finger -keyb/v/h -nav/h s.65}
04-17 16:55:49.808  1070  1070 D ConditionProviders: Subscribing to condition://com.google.vr.vrcore with ComponentInfo{com.google.vr.vrcore/com.google.vr.vrcore.common.VrCoreZenConditionProvider}
04-17 16:55:50.197  1070  1124 D BluetoothManagerService: Message: 20
04-17 16:55:50.197  1070  1124 D BluetoothManagerService: Added callback: android.bluetooth.IBluetoothManagerCallback$Stub$Proxy@47c8160:true
04-17 16:55:50.215  1070  1125 I WindowManager: Screen frozen for +565ms due to Window{b754feb u0 com.mozilla.servo/com.mozilla.servo.MainActivity}
04-17 16:57:04.954  1070  1081 I ActivityManager: Force stopping com.mozilla.servo appid=10166 user=0: from pid 12479
04-17 16:57:04.954  1070  1081 I ActivityManager: Killing 12369:com.mozilla.servo/u0a166 (adj 0): stop com.mozilla.servo
04-17 16:57:04.957  1070  1081 D ActivityManager: cleanUpApplicationRecord -- 12369
04-17 16:57:04.959  1070  1081 W ActivityManager: Force removing ActivityRecord{3512115 u0 com.mozilla.servo/.MainActivity t45}: app died, no saved state
04-17 16:57:04.997  1070  1081 I ActivityManager: Config changes=480 {1.0 ?mcc?mnc [es_ES] ldltr sw411dp w411dp h659dp 420dpi nrml port finger -keyb/v/h -nav/h s.66}
04-17 16:57:05.077  1070  1125 W DisplayManagerService: Failed to notify process 12369 that displays changed, assuming it died.
04-17 16:57:05.077  1070  1125 W DisplayManagerService: android.os.DeadObjectException
04-17 16:57:05.077  1070  1125 W DisplayManagerService: 	at android.os.BinderProxy.transactNative(Native Method)
04-17 16:57:05.077  1070  1125 W DisplayManagerService: 	at android.os.BinderProxy.transact(Binder.java:615)
04-17 16:57:05.077  1070  1125 W DisplayManagerService: 	at android.hardware.display.IDisplayManagerCallback$Stub$Proxy.onDisplayEvent(IDisplayManagerCallback.java:81)
04-17 16:57:05.077  1070  1125 W DisplayManagerService: 	at com.android.server.display.DisplayManagerService$CallbackRecord.notifyDisplayEventAsync(DisplayManagerService.java:1187)
04-17 16:57:05.077  1070  1125 W DisplayManagerService: 	at com.android.server.display.DisplayManagerService.deliverDisplayEvent(DisplayManagerService.java:1022)
04-17 16:57:05.077  1070  1125 W DisplayManagerService: 	at com.android.server.display.DisplayManagerService.-wrap6(DisplayManagerService.java)
04-17 16:57:05.077  1070  1125 W DisplayManagerService: 	at com.android.server.display.DisplayManagerService$DisplayManagerHandler.handleMessage(DisplayManagerService.java:1120)
04-17 16:57:05.077  1070  1125 W DisplayManagerService: 	at android.os.Handler.dispatchMessage(Handler.java:102)
04-17 16:57:05.077  1070  1125 W DisplayManagerService: 	at android.os.Looper.loop(Looper.java:154)
04-17 16:57:05.077  1070  1125 W DisplayManagerService: 	at android.os.HandlerThread.run(HandlerThread.java:61)
