04-17 13:41:04.269  8608  8653 F libc    : Fatal signal 11 (SIGSEGV), code 1, fault addr 0x2b2b2b2b in tid 8653 (ScriptThread Pi)
04-17 13:41:04.357  8710  8710 F DEBUG   : *** *** *** *** *** *** *** *** *** *** *** *** *** *** *** ***
04-17 13:41:04.358  8710  8710 F DEBUG   : Build fingerprint: 'google/sailfish/sailfish:7.1.1/NOF27B/3687361:user/release-keys'
04-17 13:41:04.358  8710  8710 F DEBUG   : Revision: '0'
04-17 13:41:04.358  8710  8710 F DEBUG   : ABI: 'arm'
04-17 13:41:04.358  8710  8710 F DEBUG   : pid: 8608, tid: 8653, name: ScriptThread Pi  >>> com.mozilla.servo <<<
04-17 13:41:04.358  8710  8710 F DEBUG   : signal 11 (SIGSEGV), code 1 (SEGV_MAPERR), fault addr 0x2b2b2b2b
04-17 13:41:04.358  8710  8710 F DEBUG   :     r0 cb2cc728  r1 00000001  r2 cd7f8e5c  r3 2b2b2b2b
04-17 13:41:04.358  8710  8710 F DEBUG   :     r4 cb2cc728  r5 00000001  r6 cbce16c0  r7 d143f000
04-17 13:41:04.358  8710  8710 F DEBUG   :     r8 cd7f9268  r9 cd7f9268  sl cd7f8f50  fp d142ccf8
04-17 13:41:04.358  8710  8710 F DEBUG   :     ip d99bba54  sp cd7f8e18  lr d8aa12e4  pc d8aa1260  cpsr a00f0010
04-17 13:41:04.361  8710  8710 F DEBUG   : 
04-17 13:41:04.361  8710  8710 F DEBUG   : backtrace:
04-17 13:41:04.361  8710  8710 F DEBUG   :     #00 pc 020ec260  /data/app/com.mozilla.servo-1/lib/arm/libservo.so (_ZN2js16UnwrapOneCheckedEP8JSObjectb+12)
04-17 13:41:06.007  1070  8711 W ActivityManager:   Force finishing activity com.mozilla.servo/.MainActivity
04-17 13:41:06.013  1070  1122 I BootReceiver: Copying /data/tombstones/tombstone_06 to DropBox (SYSTEM_TOMBSTONE)
04-17 13:41:06.025  1070  1095 W ActivityManager: Failed setting process group of 8608 to 1
04-17 13:41:06.068  1070  3317 I WindowManager: WIN DEATH: Window{15f4a96 u0 SurfaceView - com.mozilla.servo/com.mozilla.servo.MainActivity}
04-17 13:41:06.070  1070  6343 I ActivityManager: Process com.mozilla.servo (pid 8608) has died
04-17 13:41:06.070  1070  6343 D ActivityManager: cleanUpApplicationRecord -- 8608
04-17 13:41:06.075  1070  2161 I WindowManager: WIN DEATH: Window{fdd5252 u0 com.mozilla.servo/com.mozilla.servo.MainActivity}
04-17 13:41:06.110  1070  6343 I ActivityManager: Config changes=480 {1.0 ?mcc?mnc [es_ES] ldltr sw411dp w411dp h659dp 420dpi nrml port finger -keyb/v/h -nav/h s.38}
04-17 13:41:06.193  1070  3316 W AppOps  : Finishing op nesting under-run: uid 10071 pkg com.google.vr.vrcore code 24 time=0 duration=0 nesting=0
04-17 13:41:06.248  1070  2262 W AppOps  : Finishing op nesting under-run: uid 10071 pkg com.google.vr.vrcore code 24 time=0 duration=0 nesting=0
04-17 13:41:06.316  1070  1070 I VrManagerService: VR mode disabled
04-17 13:41:06.316  1070  1070 I VrManagerService: Disconnecting ComponentInfo{com.google.vr.vrcore/com.google.vr.vrcore.common.VrCoreListenerService} for user 0
04-17 13:41:06.577  1070  1125 I WindowManager: Screen frozen for +488ms due to Window{8d3acbf u0 NavigationBar}
04-17 13:41:06.665  1070  1561 W AppOps  : Finishing op nesting under-run: uid 10071 pkg com.google.vr.vrcore code 24 time=0 duration=0 nesting=0
04-17 13:41:06.738  1070  1942 W AppOps  : Finishing op nesting under-run: uid 10071 pkg com.google.vr.vrcore code 24 time=0 duration=0 nesting=0
04-17 13:42:59.696  1070  2263 I ActivityManager: Force stopping com.mozilla.servo appid=10165 user=0: from pid 8734
04-17 13:43:00.168  1070  1942 I ActivityManager: START u0 {act=android.intent.action.MAIN cat=[android.intent.category.LAUNCHER] flg=0x10000000 cmp=com.mozilla.servo/.MainActivity} from uid 2000 on display 0
04-17 13:43:00.193  1070  1095 I VrManagerService: VR mode enabled
04-17 13:43:00.218  1070  1561 I ActivityManager: Start proc 8755:com.mozilla.servo/u0a165 for activity com.mozilla.servo/.MainActivity
04-17 13:43:00.231  1070  1095 I VrManagerService: Connecting ComponentInfo{com.google.vr.vrcore/com.google.vr.vrcore.common.VrCoreListenerService} for user 0
04-17 13:43:00.273  1070  1070 D ConditionProviders: Subscribing to condition://com.google.vr.vrcore with ComponentInfo{com.google.vr.vrcore/com.google.vr.vrcore.common.VrCoreZenConditionProvider}
04-17 13:43:00.282  1070  2261 I ActivityManager: Config changes=480 {1.0 ?mcc?mnc [es_ES] ldltr sw411dp w683dp h387dp 420dpi nrml land finger -keyb/v/h -nav/h s.39}
04-17 13:43:00.444  1070  8711 W ActivityManager: Ignoring remove of inactive process: ProcessRecord{ffee286 0:com.mozilla.servo/u0a165}
04-17 13:43:00.485  1070  1096 W AppOps  : Finishing op nesting under-run: uid 1000 pkg android code 24 time=0 duration=0 nesting=0
04-17 13:43:00.898  1070  1124 D BluetoothManagerService: Message: 20
04-17 13:43:00.898  1070  1124 D BluetoothManagerService: Added callback: android.bluetooth.IBluetoothManagerCallback$Stub$Proxy@574c16e:true
04-17 13:43:00.930  1070  1125 I WindowManager: Screen frozen for +680ms due to Window{e5e12ed u0 com.mozilla.servo/com.mozilla.servo.MainActivity}
04-17 13:43:41.084  8755  8802 F libc    : Fatal signal 11 (SIGSEGV), code 1, fault addr 0x2b2b2b2b in tid 8802 (ScriptThread Pi)
04-17 13:43:41.172  8855  8855 F DEBUG   : *** *** *** *** *** *** *** *** *** *** *** *** *** *** *** ***
04-17 13:43:41.173  8855  8855 F DEBUG   : Build fingerprint: 'google/sailfish/sailfish:7.1.1/NOF27B/3687361:user/release-keys'
04-17 13:43:41.173  8855  8855 F DEBUG   : Revision: '0'
04-17 13:43:41.173  8855  8855 F DEBUG   : ABI: 'arm'
04-17 13:43:41.173  8855  8855 F DEBUG   : pid: 8755, tid: 8802, name: ScriptThread Pi  >>> com.mozilla.servo <<<
04-17 13:43:41.173  8855  8855 F DEBUG   : signal 11 (SIGSEGV), code 1 (SEGV_MAPERR), fault addr 0x2b2b2b2b
04-17 13:43:41.173  8855  8855 F DEBUG   :     r0 cb2cc0e0  r1 00000001  r2 cd9ece5c  r3 2b2b2b2b
04-17 13:43:41.173  8855  8855 F DEBUG   :     r4 cb2cc0e0  r5 00000001  r6 d0503ec0  r7 d0845000
04-17 13:43:41.173  8855  8855 F DEBUG   :     r8 cd9ed268  r9 cd9ed268  sl cd9ecf50  fp d082dcf8
04-17 13:43:41.173  8855  8855 F DEBUG   :     ip d99bba54  sp cd9ece18  lr d8aa12e4  pc d8aa1260  cpsr a00f0010
04-17 13:43:41.176  8855  8855 F DEBUG   : 
04-17 13:43:41.176  8855  8855 F DEBUG   : backtrace:
04-17 13:43:41.176  8855  8855 F DEBUG   :     #00 pc 020ec260  /data/app/com.mozilla.servo-1/lib/arm/libservo.so (_ZN2js16UnwrapOneCheckedEP8JSObjectb+12)
04-17 13:43:42.856  1070  8856 W ActivityManager: Process com.mozilla.servo has crashed too many times: killing!
04-17 13:43:42.856  1070  8856 W ActivityManager:   Force finishing activity com.mozilla.servo/.MainActivity
04-17 13:43:42.864  1070  1122 I BootReceiver: Copying /data/tombstones/tombstone_07 to DropBox (SYSTEM_TOMBSTONE)
04-17 13:43:42.884  1070  8856 W ActivityManager: Failed setting process group of 8755 to 1
04-17 13:43:42.911  1070  8856 I ActivityManager: Config changes=480 {1.0 ?mcc?mnc [es_ES] ldltr sw411dp w411dp h659dp 420dpi nrml port finger -keyb/v/h -nav/h s.40}
04-17 13:43:42.930  1070  1943 W AppOps  : Finishing op nesting under-run: uid 10071 pkg com.google.vr.vrcore code 24 time=0 duration=0 nesting=0
04-17 13:43:42.961  1070  8856 I ActivityManager: Killing 8755:com.mozilla.servo/u0a165 (adj 100): crash
04-17 13:43:42.962  1070  8856 D ActivityManager: cleanUpApplicationRecord -- 8755
04-17 13:43:42.967  1070  1081 W ActivityManager: Spurious death for ProcessRecord{2f3a288 0:com.mozilla.servo/u0a165}, curProc for 8755: null
04-17 13:43:42.981  1070  1080 W AppOps  : Finishing op nesting under-run: uid 10071 pkg com.google.vr.vrcore code 24 time=0 duration=0 nesting=0
04-17 13:43:43.179  1070  1125 I WindowManager: Screen frozen for +288ms due to Window{8d3acbf u0 NavigationBar}
04-17 13:43:43.268  1070  1070 I VrManagerService: VR mode disabled
04-17 13:43:43.269  1070  1070 I VrManagerService: Disconnecting ComponentInfo{com.google.vr.vrcore/com.google.vr.vrcore.common.VrCoreListenerService} for user 0
04-17 13:43:43.291  1070  1561 W AppOps  : Finishing op nesting under-run: uid 10071 pkg com.google.vr.vrcore code 24 time=0 duration=0 nesting=0
04-17 13:43:43.308  1070  3317 W AppOps  : Finishing op nesting under-run: uid 10071 pkg com.google.vr.vrcore code 24 time=0 duration=0 nesting=0
04-17 13:44:29.901  1070  1942 I ActivityManager: Force stopping com.mozilla.servo appid=10165 user=0: from pid 8872
04-17 13:44:30.419  1070  3317 I ActivityManager: START u0 {act=android.intent.action.MAIN cat=[android.intent.category.LAUNCHER] flg=0x10000000 cmp=com.mozilla.servo/.MainActivity} from uid 2000 on display 0
04-17 13:44:30.440  1070  1095 I VrManagerService: VR mode enabled
04-17 13:44:30.451  1070  2262 I ActivityManager: Start proc 8891:com.mozilla.servo/u0a165 for activity com.mozilla.servo/.MainActivity
04-17 13:44:30.455  1070  1095 I VrManagerService: Connecting ComponentInfo{com.google.vr.vrcore/com.google.vr.vrcore.common.VrCoreListenerService} for user 0
04-17 13:44:30.498  1070  1070 D ConditionProviders: Subscribing to condition://com.google.vr.vrcore with ComponentInfo{com.google.vr.vrcore/com.google.vr.vrcore.common.VrCoreZenConditionProvider}
04-17 13:44:30.574  1070  1681 I ActivityManager: Config changes=480 {1.0 ?mcc?mnc [es_ES] ldltr sw411dp w683dp h387dp 420dpi nrml land finger -keyb/v/h -nav/h s.41}
04-17 13:44:30.608  1070  2259 W AppOps  : Finishing op nesting under-run: uid 10071 pkg com.google.vr.vrcore code 24 time=0 duration=0 nesting=0
04-17 13:44:31.096  1070  1124 D BluetoothManagerService: Message: 20
04-17 13:44:31.097  1070  1124 D BluetoothManagerService: Added callback: android.bluetooth.IBluetoothManagerCallback$Stub$Proxy@3ff4064:true
04-17 13:44:31.122  1070  1125 I WindowManager: Screen frozen for +587ms due to Window{9e33615 u0 com.mozilla.servo/com.mozilla.servo.MainActivity}
04-17 13:45:11.117  8891  8941 F libc    : Fatal signal 11 (SIGSEGV), code 1, fault addr 0x2b2b2b2b in tid 8941 (ScriptThread Pi)
04-17 13:45:11.215  8996  8996 F DEBUG   : *** *** *** *** *** *** *** *** *** *** *** *** *** *** *** ***
04-17 13:45:11.215  8996  8996 F DEBUG   : Build fingerprint: 'google/sailfish/sailfish:7.1.1/NOF27B/3687361:user/release-keys'
04-17 13:45:11.216  8996  8996 F DEBUG   : Revision: '0'
04-17 13:45:11.216  8996  8996 F DEBUG   : ABI: 'arm'
04-17 13:45:11.216  8996  8996 F DEBUG   : pid: 8891, tid: 8941, name: ScriptThread Pi  >>> com.mozilla.servo <<<
04-17 13:45:11.216  8996  8996 F DEBUG   : signal 11 (SIGSEGV), code 1 (SEGV_MAPERR), fault addr 0x2b2b2b2b
04-17 13:45:11.216  8996  8996 F DEBUG   :     r0 cb2cbd50  r1 00000001  r2 cdbece5c  r3 2b2b2b2b
04-17 13:45:11.216  8996  8996 F DEBUG   :     r4 cb2cbd50  r5 00000001  r6 cb3e6200  r7 d1040000
04-17 13:45:11.216  8996  8996 F DEBUG   :     r8 cdbed268  r9 cdbed268  sl cdbecf50  fp d102dd20
04-17 13:45:11.216  8996  8996 F DEBUG   :     ip d99bba54  sp cdbece18  lr d8aa12e4  pc d8aa1260  cpsr a00f0010
04-17 13:45:11.218  8996  8996 F DEBUG   : 
04-17 13:45:11.218  8996  8996 F DEBUG   : backtrace:
04-17 13:45:11.219  8996  8996 F DEBUG   :     #00 pc 020ec260  /data/app/com.mozilla.servo-1/lib/arm/libservo.so (_ZN2js16UnwrapOneCheckedEP8JSObjectb+12)
04-17 13:45:12.899  1070  8997 W ActivityManager:   Force finishing activity com.mozilla.servo/.MainActivity
04-17 13:45:12.903  1070  1122 I BootReceiver: Copying /data/tombstones/tombstone_08 to DropBox (SYSTEM_TOMBSTONE)
04-17 13:45:12.912  1070  1095 W ActivityManager: Failed setting process group of 8891 to 1
04-17 13:45:12.948  1070  3317 I WindowManager: WIN DEATH: Window{9e33615 u0 com.mozilla.servo/com.mozilla.servo.MainActivity}
04-17 13:45:12.948  1070  3317 W WindowManager: Force-removing child win Window{bbb13df u0 SurfaceView - com.mozilla.servo/com.mozilla.servo.MainActivity} from container Window{9e33615 u0 com.mozilla.servo/com.mozilla.servo.MainActivity}
04-17 13:45:12.950  1070  1943 I ActivityManager: Process com.mozilla.servo (pid 8891) has died
04-17 13:45:12.950  1070  1943 D ActivityManager: cleanUpApplicationRecord -- 8891
04-17 13:45:12.966  1070  2262 W WindowManager: Failed looking up window
04-17 13:45:12.966  1070  2262 W WindowManager: java.lang.IllegalArgumentException: Requested window android.os.BinderProxy@8a1d0b8 does not exist
04-17 13:45:12.966  1070  2262 W WindowManager: 	at com.android.server.wm.WindowManagerService.windowForClientLocked(WindowManagerService.java:9415)
04-17 13:45:12.966  1070  2262 W WindowManager: 	at com.android.server.wm.WindowManagerService.windowForClientLocked(WindowManagerService.java:9406)
04-17 13:45:12.966  1070  2262 W WindowManager: 	at com.android.server.wm.WindowState$DeathRecipient.binderDied(WindowState.java:1800)
04-17 13:45:12.966  1070  2262 W WindowManager: 	at android.os.BinderProxy.sendDeathNotice(Binder.java:688)
04-17 13:45:12.966  1070  2262 I WindowManager: WIN DEATH: null
04-17 13:45:12.999  1070  1943 I ActivityManager: Config changes=480 {1.0 ?mcc?mnc [es_ES] ldltr sw411dp w411dp h659dp 420dpi nrml port finger -keyb/v/h -nav/h s.42}
04-17 13:45:13.069  1070  1080 W AppOps  : Finishing op nesting under-run: uid 10071 pkg com.google.vr.vrcore code 24 time=0 duration=0 nesting=0
04-17 13:45:13.124  1070  2078 W AppOps  : Finishing op nesting under-run: uid 10071 pkg com.google.vr.vrcore code 24 time=0 duration=0 nesting=0
04-17 13:45:13.207  1070  1070 I VrManagerService: VR mode disabled
04-17 13:45:13.209  1070  1070 I VrManagerService: Disconnecting ComponentInfo{com.google.vr.vrcore/com.google.vr.vrcore.common.VrCoreListenerService} for user 0
04-17 13:45:13.229  1070  2078 W AppOps  : Finishing op nesting under-run: uid 10071 pkg com.google.vr.vrcore code 24 time=0 duration=0 nesting=0
04-17 13:45:13.241  1070  3316 W AppOps  : Finishing op nesting under-run: uid 10071 pkg com.google.vr.vrcore code 24 time=0 duration=0 nesting=0
04-17 13:45:13.266  1070  1125 I WindowManager: Screen frozen for +295ms due to Window{8d3acbf u0 NavigationBar}
04-17 13:57:55.408  1070  1094 I UsageStatsService: User[0] Flushing usage stats to disk
04-17 14:01:00.007  1070  1070 I ActivityManager: Killing 6271:com.google.android.vr.home/u0a103 (adj 904): empty for 1802s
04-17 14:01:00.008  1070  1070 I ActivityManager: Killing 6251:com.google.android.partnersetup/u0a27 (adj 904): empty for 1802s
04-17 14:01:00.008  1070  1070 I ActivityManager: Killing 6178:com.google.android.apps.docs/u0a60 (adj 906): empty for 1802s
04-17 14:01:00.009  1070  1070 I ActivityManager: Killing 6134:com.android.keychain/1000 (adj 906): empty for 1802s
04-17 14:01:00.010  1070  1070 I ActivityManager: Killing 6110:com.android.defcontainer/u0a12 (adj 906): empty for 1802s
04-17 14:01:00.025  1070  1095 I ProcessStatsService: Prepared write state in 13ms
04-17 14:01:00.133  1070  3316 D ActivityManager: cleanUpApplicationRecord -- 6251
04-17 14:01:00.144  1070  8859 D ActivityManager: cleanUpApplicationRecord -- 6110
04-17 14:01:00.150  1070  2262 D ActivityManager: cleanUpApplicationRecord -- 6134
04-17 14:01:00.153  1070  1870 D ActivityManager: cleanUpApplicationRecord -- 6271
04-17 14:01:00.163  1070  1080 D ActivityManager: cleanUpApplicationRecord -- 6178
04-17 14:02:22.801  1070  1131 I ActivityManager: Start proc 9063:com.android.defcontainer/u0a12 for service com.android.defcontainer/.DefaultContainerService
04-17 14:02:24.348  1070  1095 I ActivityManager: Force stopping com.mozilla.servo appid=10165 user=-1: installPackageLI
04-17 14:02:24.482  1070  1131 I PackageManager: Package com.mozilla.servo codePath changed from /data/app/com.mozilla.servo-1 to /data/app/com.mozilla.servo-2; Retaining data and using new
04-17 14:02:24.483  1070  1131 W PackageManager: Code path for com.mozilla.servo changing from /data/app/com.mozilla.servo-1 to /data/app/com.mozilla.servo-2
04-17 14:02:24.483  1070  1131 W PackageManager: Resource path for com.mozilla.servo changing from /data/app/com.mozilla.servo-1 to /data/app/com.mozilla.servo-2
04-17 14:02:24.750  1070  1131 I ActivityManager: Force stopping com.mozilla.servo appid=10165 user=0: pkg removed
04-17 14:02:24.783  1070  1095 I ActivityManager: Start proc 9086:com.android.keychain/1000 for broadcast com.android.keychain/.KeyChainBroadcastReceiver
04-17 14:02:24.864  9086  9086 W ContextImpl: Calling a method in the system process without a qualified user: android.app.ContextImpl.startService:1357 android.content.ContextWrapper.startService:613 android.content.ContextWrapper.startService:613 com.android.keychain.KeyChainBroadcastReceiver.onReceive:12 android.app.ActivityThread.handleReceiver:3040 
04-17 14:02:24.893  1070  1870 I ActivityManager: Start proc 9102:com.google.android.apps.docs/u0a60 for broadcast com.google.android.apps.docs/.receivers.AppPackageAddRemoveReceiver
04-17 14:02:24.913  1070  3317 I ActivityManager: Killing 6228:com.verizon.vzwavs/u0a106 (adj 906): empty for 1887s
04-17 14:02:24.949  1070  2259 D ActivityManager: cleanUpApplicationRecord -- 6228
04-17 14:02:25.261  1070  2261 I ActivityManager: Start proc 9149:com.verizon.vzwavs/u0a106 for broadcast com.verizon.vzwavs/.WakeupReceiver
04-17 14:02:25.398  1070  1561 I ActivityManager: Start proc 9167:com.google.android.partnersetup/u0a27 for broadcast com.google.android.partnersetup/.RlzPingBroadcastReceiver
04-17 14:02:25.507  1070  2078 I ActivityManager: Start proc 9186:com.google.android.vr.home/u0a103 for broadcast com.google.android.vr.home/com.google.android.apps.vr.common.utils.LaunchTimesUpdateReceiver
04-17 14:02:49.080  1070  2261 I ActivityManager: Force stopping com.mozilla.servo appid=10165 user=0: from pid 9221
04-17 14:02:49.571  1070  6343 I ActivityManager: START u0 {act=android.intent.action.MAIN cat=[android.intent.category.LAUNCHER] flg=0x10000000 cmp=com.mozilla.servo/.MainActivity} from uid 2000 on display 0
04-17 14:02:49.592  1070  1095 I VrManagerService: VR mode enabled
04-17 14:02:49.603  1070  6344 I ActivityManager: Start proc 9240:com.mozilla.servo/u0a165 for activity com.mozilla.servo/.MainActivity
04-17 14:02:49.614  1070  1095 I VrManagerService: Connecting ComponentInfo{com.google.vr.vrcore/com.google.vr.vrcore.common.VrCoreListenerService} for user 0
04-17 14:02:49.652  1070  1070 D ConditionProviders: Subscribing to condition://com.google.vr.vrcore with ComponentInfo{com.google.vr.vrcore/com.google.vr.vrcore.common.VrCoreZenConditionProvider}
04-17 14:02:49.656  1070  3317 I ActivityManager: Config changes=480 {1.0 ?mcc?mnc [es_ES] ldltr sw411dp w683dp h387dp 420dpi nrml land finger -keyb/v/h -nav/h s.43}
04-17 14:02:50.244  1070  1124 D BluetoothManagerService: Message: 20
04-17 14:02:50.244  1070  1124 D BluetoothManagerService: Added callback: android.bluetooth.IBluetoothManagerCallback$Stub$Proxy@24e6d31:true
04-17 14:02:50.292  1070  1125 I WindowManager: Screen frozen for +651ms due to Window{1ec633e u0 com.mozilla.servo/com.mozilla.servo.MainActivity}
04-17 14:02:53.594  9240  9298 F libc    : Fatal signal 11 (SIGSEGV), code 1, fault addr 0x2b2b2b2b in tid 9298 (ScriptThread Pi)
04-17 14:02:53.704  9348  9348 F DEBUG   : *** *** *** *** *** *** *** *** *** *** *** *** *** *** *** ***
04-17 14:02:53.705  9348  9348 F DEBUG   : Build fingerprint: 'google/sailfish/sailfish:7.1.1/NOF27B/3687361:user/release-keys'
04-17 14:02:53.705  9348  9348 F DEBUG   : Revision: '0'
04-17 14:02:53.705  9348  9348 F DEBUG   : ABI: 'arm'
04-17 14:02:53.706  9348  9348 F DEBUG   : pid: 9240, tid: 9298, name: ScriptThread Pi  >>> com.mozilla.servo <<<
04-17 14:02:53.706  9348  9348 F DEBUG   : signal 11 (SIGSEGV), code 1 (SEGV_MAPERR), fault addr 0x2b2b2b2b
04-17 14:02:53.706  9348  9348 F DEBUG   :     r0 cd8cb980  r1 00000001  r2 cdff3e5c  r3 2b2b2b2b
04-17 14:02:53.706  9348  9348 F DEBUG   :     r4 cd8cb980  r5 00000001  r6 d6508200  r7 d1040000
04-17 14:02:53.706  9348  9348 F DEBUG   :     r8 cdff4268  r9 cdff4268  sl cdff3f50  fp d102dd20
04-17 14:02:53.706  9348  9348 F DEBUG   :     ip d99c0a70  sp cdff3e18  lr d8ae2c6c  pc d8ae2be8  cpsr a00f0010
04-17 14:02:53.711  9348  9348 F DEBUG   : 
04-17 14:02:53.711  9348  9348 F DEBUG   : backtrace:
04-17 14:02:53.712  9348  9348 F DEBUG   :     #00 pc 02057be8  /data/app/com.mozilla.servo-2/lib/arm/libservo.so (_ZN2js16UnwrapOneCheckedEP8JSObjectb+12)
04-17 14:02:57.067  1070  9349 W ActivityManager:   Force finishing activity com.mozilla.servo/.MainActivity
04-17 14:02:57.075  1070  1122 I BootReceiver: Copying /data/tombstones/tombstone_09 to DropBox (SYSTEM_TOMBSTONE)
04-17 14:02:57.085  1070  1095 W ActivityManager: Failed setting process group of 9240 to 1
04-17 14:02:57.133  1070  2259 I WindowManager: WIN DEATH: Window{1ec633e u0 com.mozilla.servo/com.mozilla.servo.MainActivity}
04-17 14:02:57.133  1070  2259 W WindowManager: Force-removing child win Window{171d66f u0 SurfaceView - com.mozilla.servo/com.mozilla.servo.MainActivity} from container Window{1ec633e u0 com.mozilla.servo/com.mozilla.servo.MainActivity}
04-17 14:02:57.141  1070  3316 I ActivityManager: Process com.mozilla.servo (pid 9240) has died
04-17 14:02:57.141  1070  3316 D ActivityManager: cleanUpApplicationRecord -- 9240
04-17 14:02:57.152  1070  1681 W WindowManager: Failed looking up window
04-17 14:02:57.152  1070  1681 W WindowManager: java.lang.IllegalArgumentException: Requested window android.os.BinderProxy@14ddab5 does not exist
04-17 14:02:57.152  1070  1681 W WindowManager: 	at com.android.server.wm.WindowManagerService.windowForClientLocked(WindowManagerService.java:9415)
04-17 14:02:57.152  1070  1681 W WindowManager: 	at com.android.server.wm.WindowManagerService.windowForClientLocked(WindowManagerService.java:9406)
04-17 14:02:57.152  1070  1681 W WindowManager: 	at com.android.server.wm.WindowState$DeathRecipient.binderDied(WindowState.java:1800)
04-17 14:02:57.152  1070  1681 W WindowManager: 	at android.os.BinderProxy.sendDeathNotice(Binder.java:688)
04-17 14:02:57.152  1070  1681 I WindowManager: WIN DEATH: null
04-17 14:02:57.171  1070  3316 I ActivityManager: Config changes=480 {1.0 ?mcc?mnc [es_ES] ldltr sw411dp w411dp h659dp 420dpi nrml port finger -keyb/v/h -nav/h s.44}
04-17 14:02:57.227  1070  1870 W AppOps  : Finishing op nesting under-run: uid 10071 pkg com.google.vr.vrcore code 24 time=0 duration=0 nesting=0
04-17 14:02:57.258  1070  2259 W AppOps  : Finishing op nesting under-run: uid 10071 pkg com.google.vr.vrcore code 24 time=0 duration=0 nesting=0
04-17 14:02:57.383  1070  1070 I VrManagerService: VR mode disabled
04-17 14:02:57.384  1070  1070 I VrManagerService: Disconnecting ComponentInfo{com.google.vr.vrcore/com.google.vr.vrcore.common.VrCoreListenerService} for user 0
04-17 14:02:57.679  1070  1681 W AppOps  : Finishing op nesting under-run: uid 10071 pkg com.google.vr.vrcore code 24 time=0 duration=0 nesting=0
04-17 14:02:57.710  1070  2078 I WindowManager: Screen frozen for +552ms due to Window{8d3acbf u0 NavigationBar}
04-17 14:02:57.760  1070  3317 W AppOps  : Finishing op nesting under-run: uid 10071 pkg com.google.vr.vrcore code 24 time=0 duration=0 nesting=0
04-17 14:03:22.599  1070  3317 I ActivityManager: Force stopping com.mozilla.servo appid=10165 user=0: from pid 9362
04-17 14:03:23.110  1070  1870 I ActivityManager: START u0 {act=android.intent.action.MAIN cat=[android.intent.category.LAUNCHER] flg=0x10000000 cmp=com.mozilla.servo/.MainActivity} from uid 2000 on display 0
04-17 14:03:23.134  1070  1095 I VrManagerService: VR mode enabled
04-17 14:03:23.145  1070  1095 I VrManagerService: Connecting ComponentInfo{com.google.vr.vrcore/com.google.vr.vrcore.common.VrCoreListenerService} for user 0
04-17 14:03:23.163  1070  1561 I ActivityManager: Start proc 9381:com.mozilla.servo/u0a165 for activity com.mozilla.servo/.MainActivity
04-17 14:03:23.233  1070  1070 D ConditionProviders: Subscribing to condition://com.google.vr.vrcore with ComponentInfo{com.google.vr.vrcore/com.google.vr.vrcore.common.VrCoreZenConditionProvider}
04-17 14:03:23.258  1070  3318 I ActivityManager: Config changes=480 {1.0 ?mcc?mnc [es_ES] ldltr sw411dp w683dp h387dp 420dpi nrml land finger -keyb/v/h -nav/h s.45}
04-17 14:03:23.371  1070  9349 W ActivityManager: Ignoring remove of inactive process: ProcessRecord{ca49169 0:com.mozilla.servo/u0a165}
04-17 14:03:23.386  1070  1096 W AppOps  : Finishing op nesting under-run: uid 1000 pkg android code 24 time=0 duration=0 nesting=0
04-17 14:03:23.936  1070  1124 D BluetoothManagerService: Message: 20
04-17 14:03:23.936  1070  1124 D BluetoothManagerService: Added callback: android.bluetooth.IBluetoothManagerCallback$Stub$Proxy@85be26a:true
04-17 14:03:24.009  1070  1125 I WindowManager: Screen frozen for +774ms due to Window{6a48b99 u0 com.mozilla.servo/com.mozilla.servo.MainActivity}
04-17 14:03:25.701  1070  2263 I ActivityManager: Killing 8201:com.google.android.apps.messaging/u0a85 (adj 906): empty for 1801s
04-17 14:03:25.882  1070  1080 D ActivityManager: cleanUpApplicationRecord -- 8201
04-17 14:03:26.974  9381  9430 F libc    : Fatal signal 11 (SIGSEGV), code 1, fault addr 0x2b2b2b2b in tid 9430 (ScriptThread Pi)
04-17 14:03:27.065  9480  9480 F DEBUG   : *** *** *** *** *** *** *** *** *** *** *** *** *** *** *** ***
04-17 14:03:27.065  9480  9480 F DEBUG   : Build fingerprint: 'google/sailfish/sailfish:7.1.1/NOF27B/3687361:user/release-keys'
04-17 14:03:27.065  9480  9480 F DEBUG   : Revision: '0'
04-17 14:03:27.065  9480  9480 F DEBUG   : ABI: 'arm'
04-17 14:03:27.065  9480  9480 F DEBUG   : pid: 9381, tid: 9430, name: ScriptThread Pi  >>> com.mozilla.servo <<<
04-17 14:03:27.065  9480  9480 F DEBUG   : signal 11 (SIGSEGV), code 1 (SEGV_MAPERR), fault addr 0x2b2b2b2b
04-17 14:03:27.065  9480  9480 F DEBUG   :     r0 cb2cc198  r1 00000001  r2 cddf8e5c  r3 2b2b2b2b
04-17 14:03:27.065  9480  9480 F DEBUG   :     r4 cb2cc198  r5 00000001  r6 d6508140  r7 d1045000
04-17 14:03:27.065  9480  9480 F DEBUG   :     r8 cddf9268  r9 cddf9268  sl cddf8f50  fp d102dcf8
04-17 14:03:27.065  9480  9480 F DEBUG   :     ip d99c0a70  sp cddf8e18  lr d8ae2c6c  pc d8ae2be8  cpsr a00f0010
04-17 14:03:27.068  9480  9480 F DEBUG   : 
04-17 14:03:27.068  9480  9480 F DEBUG   : backtrace:
04-17 14:03:27.068  9480  9480 F DEBUG   :     #00 pc 02057be8  /data/app/com.mozilla.servo-2/lib/arm/libservo.so (_ZN2js16UnwrapOneCheckedEP8JSObjectb+12)
04-17 14:03:28.777  1070  9481 W ActivityManager: Process com.mozilla.servo has crashed too many times: killing!
04-17 14:03:28.777  1070  9481 W ActivityManager:   Force finishing activity com.mozilla.servo/.MainActivity
04-17 14:03:28.787  1070  1122 I BootReceiver: Copying /data/tombstones/tombstone_00 to DropBox (SYSTEM_TOMBSTONE)
04-17 14:03:28.811  1070  9481 W ActivityManager: Failed setting process group of 9381 to 1
04-17 14:03:28.836  1070  9481 I ActivityManager: Config changes=480 {1.0 ?mcc?mnc [es_ES] ldltr sw411dp w411dp h659dp 420dpi nrml port finger -keyb/v/h -nav/h s.46}
04-17 14:03:28.858  1070  3318 W AppOps  : Finishing op nesting under-run: uid 10071 pkg com.google.vr.vrcore code 24 time=0 duration=0 nesting=0
04-17 14:03:28.883  1070  9481 I ActivityManager: Killing 9381:com.mozilla.servo/u0a165 (adj 199): crash
04-17 14:03:28.883  1070  9481 D ActivityManager: cleanUpApplicationRecord -- 9381
04-17 14:03:28.888  1070  1870 W AppOps  : Finishing op nesting under-run: uid 10071 pkg com.google.vr.vrcore code 24 time=0 duration=0 nesting=0
04-17 14:03:28.889  1070  1081 W ActivityManager: Spurious death for ProcessRecord{6b254c2 0:com.mozilla.servo/u0a165}, curProc for 9381: null
04-17 14:03:29.085  1070  1125 I WindowManager: Screen frozen for +268ms due to Window{8d3acbf u0 NavigationBar}
04-17 14:03:29.190  1070  1070 I VrManagerService: VR mode disabled
04-17 14:03:29.190  1070  1070 I VrManagerService: Disconnecting ComponentInfo{com.google.vr.vrcore/com.google.vr.vrcore.common.VrCoreListenerService} for user 0
04-17 14:03:29.205  1070  2078 W AppOps  : Finishing op nesting under-run: uid 10071 pkg com.google.vr.vrcore code 24 time=0 duration=0 nesting=0
04-17 14:03:29.226  1070  1561 W AppOps  : Finishing op nesting under-run: uid 10071 pkg com.google.vr.vrcore code 24 time=0 duration=0 nesting=0
04-17 14:03:44.127  1070  1095 I ActivityManager: Waited long enough for: ServiceRecord{d544c64 u0 com.google.android.gms/.stats.service.DropBoxEntryAddedService}
04-17 14:17:03.045  1070  1095 I ActivityManager: Force stopping com.mozilla.servo appid=10165 user=-1: installPackageLI
04-17 14:17:03.161  1070  1131 I PackageManager: Package com.mozilla.servo codePath changed from /data/app/com.mozilla.servo-2 to /data/app/com.mozilla.servo-1; Retaining data and using new
04-17 14:17:03.161  1070  1131 W PackageManager: Code path for com.mozilla.servo changing from /data/app/com.mozilla.servo-2 to /data/app/com.mozilla.servo-1
04-17 14:17:03.161  1070  1131 W PackageManager: Resource path for com.mozilla.servo changing from /data/app/com.mozilla.servo-2 to /data/app/com.mozilla.servo-1
04-17 14:17:03.518  1070  1131 I ActivityManager: Force stopping com.mozilla.servo appid=10165 user=0: pkg removed
04-17 14:17:03.571  9086  9086 W ContextImpl: Calling a method in the system process without a qualified user: android.app.ContextImpl.startService:1357 android.content.ContextWrapper.startService:613 android.content.ContextWrapper.startService:613 com.android.keychain.KeyChainBroadcastReceiver.onReceive:12 android.app.ActivityThread.handleReceiver:3040 
04-17 14:19:40.623  1070  3316 I ActivityManager: Start proc 9590:com.google.android.gms:snet/u0a19 for service com.google.android.gms/.chimera.SnetIntentOperationService
04-17 14:22:22.961  1070  1094 I UsageStatsService: User[0] Flushing usage stats to disk
04-17 14:27:22.838  1070  1561 I ActivityManager: Force stopping com.mozilla.servo appid=10165 user=0: from pid 9638
04-17 14:27:23.356  1070  8859 I ActivityManager: START u0 {act=android.intent.action.MAIN cat=[android.intent.category.LAUNCHER] flg=0x10000000 cmp=com.mozilla.servo/.MainActivity} from uid 2000 on display 0
04-17 14:27:23.374  1070  1095 I VrManagerService: VR mode enabled
04-17 14:27:23.390  1070  1081 I ActivityManager: Start proc 9657:com.mozilla.servo/u0a165 for activity com.mozilla.servo/.MainActivity
04-17 14:27:23.397  1070  1095 I VrManagerService: Connecting ComponentInfo{com.google.vr.vrcore/com.google.vr.vrcore.common.VrCoreListenerService} for user 0
04-17 14:27:23.433  1070  1943 I ActivityManager: Config changes=480 {1.0 ?mcc?mnc [es_ES] ldltr sw411dp w683dp h387dp 420dpi nrml land finger -keyb/v/h -nav/h s.47}
04-17 14:27:23.537  1070  1070 D ConditionProviders: Subscribing to condition://com.google.vr.vrcore with ComponentInfo{com.google.vr.vrcore/com.google.vr.vrcore.common.VrCoreZenConditionProvider}
04-17 14:27:24.070  1070  1124 D BluetoothManagerService: Message: 20
04-17 14:27:24.070  1070  1124 D BluetoothManagerService: Added callback: android.bluetooth.IBluetoothManagerCallback$Stub$Proxy@506f3e4:true
04-17 14:27:24.109  1070  1125 I WindowManager: Screen frozen for +689ms due to Window{f46209b u0 com.mozilla.servo/com.mozilla.servo.MainActivity}
04-17 14:27:27.089  9657  9713 F libc    : Fatal signal 11 (SIGSEGV), code 1, fault addr 0x2b2b2b2b in tid 9713 (ScriptThread Pi)
04-17 14:27:27.176  9765  9765 F DEBUG   : *** *** *** *** *** *** *** *** *** *** *** *** *** *** *** ***
04-17 14:27:27.177  9765  9765 F DEBUG   : Build fingerprint: 'google/sailfish/sailfish:7.1.1/NOF27B/3687361:user/release-keys'
04-17 14:27:27.177  9765  9765 F DEBUG   : Revision: '0'
04-17 14:27:27.177  9765  9765 F DEBUG   : ABI: 'arm'
04-17 14:27:27.177  9765  9765 F DEBUG   : pid: 9657, tid: 9713, name: ScriptThread Pi  >>> com.mozilla.servo <<<
04-17 14:27:27.177  9765  9765 F DEBUG   : signal 11 (SIGSEGV), code 1 (SEGV_MAPERR), fault addr 0x2b2b2b2b
04-17 14:27:27.177  9765  9765 F DEBUG   :     r0 cf4cc400  r1 00000001  r2 cddf3e5c  r3 2b2b2b2b
04-17 14:27:27.177  9765  9765 F DEBUG   :     r4 cf4cc400  r5 00000001  r6 d6509200  r7 d1240000
04-17 14:27:27.177  9765  9765 F DEBUG   :     r8 cddf4268  r9 cddf4268  sl cddf3f50  fp d122dcf8
04-17 14:27:27.177  9765  9765 F DEBUG   :     ip d99c0a70  sp cddf3e18  lr d8ae2c6c  pc d8ae2be8  cpsr a00f0010
04-17 14:27:27.179  9765  9765 F DEBUG   : 
04-17 14:27:27.179  9765  9765 F DEBUG   : backtrace:
04-17 14:27:27.179  9765  9765 F DEBUG   :     #00 pc 02057be8  /data/app/com.mozilla.servo-1/lib/arm/libservo.so (_ZN2js16UnwrapOneCheckedEP8JSObjectb+12)
04-17 14:27:28.892  1070  9768 W ActivityManager:   Force finishing activity com.mozilla.servo/.MainActivity
04-17 14:27:28.903  1070  1122 I BootReceiver: Copying /data/tombstones/tombstone_01 to DropBox (SYSTEM_TOMBSTONE)
04-17 14:27:28.908  1070  1095 W ActivityManager: Failed setting process group of 9657 to 1
04-17 14:27:28.947  1070  1681 I WindowManager: WIN DEATH: Window{f46209b u0 com.mozilla.servo/com.mozilla.servo.MainActivity}
04-17 14:27:28.947  1070  1681 W WindowManager: Force-removing child win Window{8d967ba u0 SurfaceView - com.mozilla.servo/com.mozilla.servo.MainActivity} from container Window{f46209b u0 com.mozilla.servo/com.mozilla.servo.MainActivity}
04-17 14:27:28.950  1070  3316 I ActivityManager: Process com.mozilla.servo (pid 9657) has died
04-17 14:27:28.950  1070  3316 D ActivityManager: cleanUpApplicationRecord -- 9657
04-17 14:27:28.968  1070  2262 W WindowManager: Failed looking up window
04-17 14:27:28.968  1070  2262 W WindowManager: java.lang.IllegalArgumentException: Requested window android.os.BinderProxy@1ad4c38 does not exist
04-17 14:27:28.968  1070  2262 W WindowManager: 	at com.android.server.wm.WindowManagerService.windowForClientLocked(WindowManagerService.java:9415)
04-17 14:27:28.968  1070  2262 W WindowManager: 	at com.android.server.wm.WindowManagerService.windowForClientLocked(WindowManagerService.java:9406)
04-17 14:27:28.968  1070  2262 W WindowManager: 	at com.android.server.wm.WindowState$DeathRecipient.binderDied(WindowState.java:1800)
04-17 14:27:28.968  1070  2262 W WindowManager: 	at android.os.BinderProxy.sendDeathNotice(Binder.java:688)
04-17 14:27:28.968  1070  2262 I WindowManager: WIN DEATH: null
04-17 14:27:29.017  1070  3316 I ActivityManager: Config changes=480 {1.0 ?mcc?mnc [es_ES] ldltr sw411dp w411dp h659dp 420dpi nrml port finger -keyb/v/h -nav/h s.48}
04-17 14:27:29.068  1070  3316 W AppOps  : Finishing op nesting under-run: uid 10071 pkg com.google.vr.vrcore code 24 time=0 duration=0 nesting=0
04-17 14:27:29.172  1070  6344 W AppOps  : Finishing op nesting under-run: uid 10071 pkg com.google.vr.vrcore code 24 time=0 duration=0 nesting=0
04-17 14:27:29.201  1070  1070 I VrManagerService: VR mode disabled
04-17 14:27:29.201  1070  1070 I VrManagerService: Disconnecting ComponentInfo{com.google.vr.vrcore/com.google.vr.vrcore.common.VrCoreListenerService} for user 0
04-17 14:27:29.384  1070  1125 I WindowManager: Screen frozen for +395ms due to Window{8d3acbf u0 NavigationBar}
04-17 14:27:29.505  1070  3317 W AppOps  : Finishing op nesting under-run: uid 10071 pkg com.google.vr.vrcore code 24 time=0 duration=0 nesting=0
04-17 14:27:29.571  1070  2261 W AppOps  : Finishing op nesting under-run: uid 10071 pkg com.google.vr.vrcore code 24 time=0 duration=0 nesting=0
04-17 14:27:34.426  1070  9768 W ActivityManager: Ignoring remove of inactive process: ProcessRecord{94adb7c 0:com.mozilla.servo/u0a165}
04-17 14:27:34.636  1070  1125 W AppOps  : Finishing op nesting under-run: uid 1000 pkg android code 24 time=0 duration=0 nesting=0
04-17 14:28:33.305  1070  1070 I EntropyMixer: Writing entropy...
04-17 14:31:00.065  1070  1095 I ProcessStatsService: Prepared write state in 26ms
04-17 14:31:00.115  1070  1094 I ProcessStatsService: Pruning old procstats: /data/system/procstats/state-2017-04-14-23-59-00.bin
04-17 14:34:43.764  1070  1095 I ActivityManager: Waited long enough for: ServiceRecord{b676e3 u0 com.google.android.gms/.stats.service.DropBoxEntryAddedService}
04-17 14:40:13.715  1070  1094 I ActivityManager: Start proc 9824:com.google.android.gm/u0a87 for service com.google.android.gm/.provider.MailSyncAdapterService
04-17 14:40:13.813  9824  9842 D ActivityThread: Loading provider com.google.android.gmail.provider;com.android.mail.notifier;com.google.android.gm.email.provider;com.google.android.gm.tasks.provider;com.google.android.gm.email.notifier: com.android.email.provider.EmailProvider
04-17 14:40:13.990  1070  1942 W ActivityManager: Unable to start service Intent { cmp=com.google.android.gm.exchange/com.android.exchange.service.EasService } U=0: not found
04-17 14:40:14.088  1070  1942 W ActivityManager: Unable to start service Intent { cmp=com.google.android.gm/com.android.email.service.AttachmentService } U=0: not found
04-17 14:47:14.261  1070  1681 I ActivityManager: Killing 6149:com.android.musicfx/u0a31 (adj 904): empty for 1810s
04-17 14:47:14.263  1070  1681 I ActivityManager: Killing 9186:com.google.android.vr.home/u0a103 (adj 904): empty for 1810s
04-17 14:47:14.264  1070  1681 I ActivityManager: Killing 9167:com.google.android.partnersetup/u0a27 (adj 904): empty for 1810s
04-17 14:47:14.266  1070  1681 I ActivityManager: Killing 9102:com.google.android.apps.docs/u0a60 (adj 904): empty for 1810s
04-17 14:47:14.268  1070  1681 I ActivityManager: Killing 9086:com.android.keychain/1000 (adj 904): empty for 1810s
04-17 14:47:14.269  1070  1681 I ActivityManager: Killing 9063:com.android.defcontainer/u0a12 (adj 906): empty for 1810s
04-17 14:47:14.396  1070  2259 D ActivityManager: cleanUpApplicationRecord -- 9167
04-17 14:47:14.407  1070  2262 D ActivityManager: cleanUpApplicationRecord -- 6149
04-17 14:47:14.410  1070  2260 D ActivityManager: cleanUpApplicationRecord -- 9086
04-17 14:47:14.412  1070  2161 D ActivityManager: cleanUpApplicationRecord -- 9063
04-17 14:47:14.419  1070  1081 D ActivityManager: cleanUpApplicationRecord -- 9186
04-17 14:47:14.431  1070  1080 D ActivityManager: cleanUpApplicationRecord -- 9102
04-17 14:47:23.387  1070  1094 I UsageStatsService: User[0] Flushing usage stats to disk
04-17 14:49:26.581  1070  1131 I ActivityManager: Start proc 9941:com.android.defcontainer/u0a12 for service com.android.defcontainer/.DefaultContainerService
04-17 14:49:28.024  1070  1095 I ActivityManager: Force stopping com.mozilla.servo appid=10165 user=-1: installPackageLI
04-17 14:49:28.089  1070  1131 I PackageManager: Package com.mozilla.servo codePath changed from /data/app/com.mozilla.servo-1 to /data/app/com.mozilla.servo-2; Retaining data and using new
04-17 14:49:28.090  1070  1131 W PackageManager: Code path for com.mozilla.servo changing from /data/app/com.mozilla.servo-1 to /data/app/com.mozilla.servo-2
04-17 14:49:28.090  1070  1131 W PackageManager: Resource path for com.mozilla.servo changing from /data/app/com.mozilla.servo-1 to /data/app/com.mozilla.servo-2
04-17 14:49:28.336  1070  1131 I ActivityManager: Force stopping com.mozilla.servo appid=10165 user=0: pkg removed
04-17 14:49:28.392  1070  1095 I ActivityManager: Start proc 9963:com.android.keychain/1000 for broadcast com.android.keychain/.KeyChainBroadcastReceiver
04-17 14:49:28.521  9963  9963 W ContextImpl: Calling a method in the system process without a qualified user: android.app.ContextImpl.startService:1357 android.content.ContextWrapper.startService:613 android.content.ContextWrapper.startService:613 com.android.keychain.KeyChainBroadcastReceiver.onReceive:12 android.app.ActivityThread.handleReceiver:3040 
04-17 14:49:28.538  1070  2259 I ActivityManager: Start proc 9978:com.android.musicfx/u0a31 for broadcast com.android.musicfx/.Compatibility$Receiver
04-17 14:49:28.547  1070  1943 I ActivityManager: Killing 9149:com.verizon.vzwavs/u0a106 (adj 906): empty for 1944s
04-17 14:49:28.562  1070  1081 D ActivityManager: cleanUpApplicationRecord -- 9149
04-17 14:49:28.609  1070  1561 I ActivityManager: Start proc 9994:com.google.android.apps.docs/u0a60 for broadcast com.google.android.apps.docs/.receivers.AppPackageAddRemoveReceiver
04-17 14:49:28.957  1070  1080 I ActivityManager: Start proc 10037:com.verizon.vzwavs/u0a106 for broadcast com.verizon.vzwavs/.WakeupReceiver
04-17 14:49:29.142  1070  2262 I ActivityManager: Start proc 10060:com.google.android.partnersetup/u0a27 for broadcast com.google.android.partnersetup/.RlzPingBroadcastReceiver
04-17 14:49:29.239  1070  2261 I ActivityManager: Start proc 10078:com.google.android.vr.home/u0a103 for broadcast com.google.android.vr.home/com.google.android.apps.vr.common.utils.LaunchTimesUpdateReceiver
04-17 14:49:42.049  1070  2161 I ActivityManager: Killing 9590:com.google.android.gms:snet/u0a19 (adj 906): empty for 1801s
04-17 14:49:42.135  1070  1681 D ActivityManager: cleanUpApplicationRecord -- 9590
04-17 14:49:46.602  1070  3318 I ActivityManager: Force stopping com.mozilla.servo appid=10165 user=0: from pid 10115
04-17 14:49:47.116  1070  1080 I ActivityManager: START u0 {act=android.intent.action.MAIN cat=[android.intent.category.LAUNCHER] flg=0x10000000 cmp=com.mozilla.servo/.MainActivity} from uid 2000 on display 0
04-17 14:49:47.124  1070  1095 I VrManagerService: VR mode enabled
04-17 14:49:47.144  1070  2260 I ActivityManager: Start proc 10134:com.mozilla.servo/u0a165 for activity com.mozilla.servo/.MainActivity
04-17 14:49:47.154  1070  1095 I VrManagerService: Connecting ComponentInfo{com.google.vr.vrcore/com.google.vr.vrcore.common.VrCoreListenerService} for user 0
04-17 14:49:47.186  1070  2262 I ActivityManager: Config changes=480 {1.0 ?mcc?mnc [es_ES] ldltr sw411dp w683dp h387dp 420dpi nrml land finger -keyb/v/h -nav/h s.49}
04-17 14:49:47.337  1070  1070 D ConditionProviders: Subscribing to condition://com.google.vr.vrcore with ComponentInfo{com.google.vr.vrcore/com.google.vr.vrcore.common.VrCoreZenConditionProvider}
04-17 14:49:47.811  1070  1124 D BluetoothManagerService: Message: 20
04-17 14:49:47.812  1070  1124 D BluetoothManagerService: Added callback: android.bluetooth.IBluetoothManagerCallback$Stub$Proxy@11eb4c9:true
04-17 14:49:47.860  1070  1125 I WindowManager: Screen frozen for +695ms due to Window{4514ff6 u0 com.mozilla.servo/com.mozilla.servo.MainActivity}
04-17 14:49:51.304  1070  1070 V NotificationService: pkg=com.google.android.gm canInterrupt=false intercept=true
04-17 14:49:51.354  1070  1070 V NotificationService: pkg=com.google.android.gm canInterrupt=false intercept=true
04-17 14:50:06.260  1070  6343 I ActivityManager: START u0 {flg=0x10804000 cmp=com.android.systemui/.recents.RecentsActivity} from uid 10042 on display 0
04-17 14:50:06.656  1070  1070 I VrManagerService: VR mode disabled
04-17 14:50:06.657  1070  1070 I VrManagerService: Disconnecting ComponentInfo{com.google.vr.vrcore/com.google.vr.vrcore.common.VrCoreListenerService} for user 0
04-17 14:50:06.678  1070  1943 W AppOps  : Finishing op nesting under-run: uid 10071 pkg com.google.vr.vrcore code 24 time=0 duration=0 nesting=0
04-17 14:50:06.707  1070  6344 W AppOps  : Finishing op nesting under-run: uid 10071 pkg com.google.vr.vrcore code 24 time=0 duration=0 nesting=0
04-17 14:50:08.222  1070  1095 I VrManagerService: VR mode enabled
04-17 14:50:08.231  1070  1095 I VrManagerService: Connecting ComponentInfo{com.google.vr.vrcore/com.google.vr.vrcore.common.VrCoreListenerService} for user 0
04-17 14:50:08.235  1070  6343 E ActivityManager: applyOptionsLocked: Unknown animationType=0
04-17 14:50:08.376  1070  1070 D ConditionProviders: Subscribing to condition://com.google.vr.vrcore with ComponentInfo{com.google.vr.vrcore/com.google.vr.vrcore.common.VrCoreZenConditionProvider}
04-17 14:50:10.182  1494  1494 V DeadZone: consuming errant click: (25.0,176.0)
04-17 14:50:10.811  1070  6343 I ActivityManager: START u0 {flg=0x10804000 cmp=com.android.systemui/.recents.RecentsActivity} from uid 10042 on display 0
04-17 14:50:11.175  1070  1070 I VrManagerService: VR mode disabled
04-17 14:50:11.179  1070  1070 I VrManagerService: Disconnecting ComponentInfo{com.google.vr.vrcore/com.google.vr.vrcore.common.VrCoreListenerService} for user 0
04-17 14:50:11.213  1070  2260 W AppOps  : Finishing op nesting under-run: uid 10071 pkg com.google.vr.vrcore code 24 time=0 duration=0 nesting=0
04-17 14:50:11.240  1070  1561 W AppOps  : Finishing op nesting under-run: uid 10071 pkg com.google.vr.vrcore code 24 time=0 duration=0 nesting=0
04-17 14:50:12.400  1070  2259 I ActivityManager: Killing 10134:com.mozilla.servo/u0a165 (adj 900): remove task
04-17 14:50:12.401  1070  1080 I ActivityManager: START u0 {act=android.intent.action.MAIN cat=[android.intent.category.HOME] flg=0x10200000 cmp=com.google.android.apps.nexuslauncher/.NexusLauncherActivity} from uid 10042 on display 0
04-17 14:50:12.430  1070  1080 I ActivityManager: Config changes=480 {1.0 ?mcc?mnc [es_ES] ldltr sw411dp w411dp h659dp 420dpi nrml port finger -keyb/v/h -nav/h s.50}
04-17 14:50:12.709  1070  6343 I WindowManager: WIN DEATH: Window{4514ff6 u0 com.mozilla.servo/com.mozilla.servo.MainActivity}
04-17 14:50:12.710  1070  6343 W WindowManager: Force-removing child win Window{e25d5fe u0 SurfaceView - com.mozilla.servo/com.mozilla.servo.MainActivity} from container Window{4514ff6 u0 com.mozilla.servo/com.mozilla.servo.MainActivity}
04-17 14:50:12.711  1070  2259 D ActivityManager: cleanUpApplicationRecord -- 10134
04-17 14:50:12.715  1070  2263 W WindowManager: Failed looking up window
04-17 14:50:12.715  1070  2263 W WindowManager: java.lang.IllegalArgumentException: Requested window android.os.BinderProxy@b402ff7 does not exist
04-17 14:50:12.715  1070  2263 W WindowManager: 	at com.android.server.wm.WindowManagerService.windowForClientLocked(WindowManagerService.java:9415)
04-17 14:50:12.715  1070  2263 W WindowManager: 	at com.android.server.wm.WindowManagerService.windowForClientLocked(WindowManagerService.java:9406)
04-17 14:50:12.715  1070  2263 W WindowManager: 	at com.android.server.wm.WindowState$DeathRecipient.binderDied(WindowState.java:1800)
04-17 14:50:12.715  1070  2263 W WindowManager: 	at android.os.BinderProxy.sendDeathNotice(Binder.java:688)
04-17 14:50:12.715  1070  2263 I WindowManager: WIN DEATH: null
04-17 14:50:12.718  1070  2262 I WindowManager: Screen frozen for +298ms due to Window{ed4e33a u0 StatusBar}
04-17 14:50:12.777  1070  1097 E libprocessgroup: failed to kill 1 processes for processgroup 10134
04-17 14:52:23.724  1070  1870 I ActivityManager: Force stopping com.mozilla.servo appid=10165 user=0: from pid 10288
04-17 14:52:24.169  1070  2260 I ActivityManager: START u0 {act=android.intent.action.MAIN cat=[android.intent.category.LAUNCHER] flg=0x10000000 cmp=com.mozilla.servo/.MainActivity} from uid 2000 on display 0
04-17 14:52:24.179  1070  1095 I VrManagerService: VR mode enabled
04-17 14:52:24.191  1070  3317 I ActivityManager: Start proc 10307:com.mozilla.servo/u0a165 for activity com.mozilla.servo/.MainActivity
04-17 14:52:24.210  1070  1095 I VrManagerService: Connecting ComponentInfo{com.google.vr.vrcore/com.google.vr.vrcore.common.VrCoreListenerService} for user 0
04-17 14:52:24.222  1070  2161 I ActivityManager: Config changes=480 {1.0 ?mcc?mnc [es_ES] ldltr sw411dp w683dp h387dp 420dpi nrml land finger -keyb/v/h -nav/h s.51}
04-17 14:52:24.353  1070  1070 D ConditionProviders: Subscribing to condition://com.google.vr.vrcore with ComponentInfo{com.google.vr.vrcore/com.google.vr.vrcore.common.VrCoreZenConditionProvider}
04-17 14:52:24.774  1070  1124 D BluetoothManagerService: Message: 20
04-17 14:52:24.774  1070  1124 D BluetoothManagerService: Added callback: android.bluetooth.IBluetoothManagerCallback$Stub$Proxy@bd539b5:true
04-17 14:52:24.790  1070  1125 I WindowManager: Screen frozen for +578ms due to Window{65d0c54 u0 com.mozilla.servo/com.mozilla.servo.MainActivity}
04-17 14:52:32.913  1494  1494 V DeadZone: consuming errant click: (27.0,248.0)
04-17 14:52:34.206  1070  1081 I ActivityManager: START u0 {flg=0x10804000 cmp=com.android.systemui/.recents.RecentsActivity} from uid 10042 on display 0
04-17 14:52:34.583  1070  1070 I VrManagerService: VR mode disabled
04-17 14:52:34.584  1070  1070 I VrManagerService: Disconnecting ComponentInfo{com.google.vr.vrcore/com.google.vr.vrcore.common.VrCoreListenerService} for user 0
04-17 14:52:34.607  1070  1681 W AppOps  : Finishing op nesting under-run: uid 10071 pkg com.google.vr.vrcore code 24 time=0 duration=0 nesting=0
04-17 14:52:34.636  1070  1080 W AppOps  : Finishing op nesting under-run: uid 10071 pkg com.google.vr.vrcore code 24 time=0 duration=0 nesting=0
04-17 14:52:35.603  1070  1095 I VrManagerService: VR mode enabled
04-17 14:52:35.610  1070  1095 I VrManagerService: Connecting ComponentInfo{com.google.vr.vrcore/com.google.vr.vrcore.common.VrCoreListenerService} for user 0
04-17 14:52:35.617  1070  1870 E ActivityManager: applyOptionsLocked: Unknown animationType=0
04-17 14:52:35.740  1070  1070 D ConditionProviders: Subscribing to condition://com.google.vr.vrcore with ComponentInfo{com.google.vr.vrcore/com.google.vr.vrcore.common.VrCoreZenConditionProvider}
04-17 14:52:37.887  1494  1494 V DeadZone: consuming errant click: (2.0,268.0)
04-17 14:52:38.490  1070  2259 I ActivityManager: START u0 {flg=0x10804000 cmp=com.android.systemui/.recents.RecentsActivity} from uid 10042 on display 0
04-17 14:52:38.837  1070  1070 I VrManagerService: VR mode disabled
04-17 14:52:38.840  1070  1070 I VrManagerService: Disconnecting ComponentInfo{com.google.vr.vrcore/com.google.vr.vrcore.common.VrCoreListenerService} for user 0
04-17 14:52:38.880  1070  2078 W AppOps  : Finishing op nesting under-run: uid 10071 pkg com.google.vr.vrcore code 24 time=0 duration=0 nesting=0
04-17 14:52:38.900  1070  1681 W AppOps  : Finishing op nesting under-run: uid 10071 pkg com.google.vr.vrcore code 24 time=0 duration=0 nesting=0
04-17 14:52:39.846  1070  1943 I ActivityManager: Killing 10307:com.mozilla.servo/u0a165 (adj 900): remove task
04-17 14:52:39.848  1070  1081 I ActivityManager: START u0 {act=android.intent.action.MAIN cat=[android.intent.category.HOME] flg=0x10200000 cmp=com.google.android.apps.nexuslauncher/.NexusLauncherActivity} from uid 10042 on display 0
