04-17 11:29:00.738  1978  1978 E ActivityThread: 	at android.os.Handler.handleCallback(Handler.java:751)
04-17 11:29:00.738  1978  1978 E ActivityThread: 	at android.os.Handler.dispatchMessage(Handler.java:95)
04-17 11:29:00.738  1978  1978 E ActivityThread: 	at android.os.Looper.loop(Looper.java:154)
04-17 11:29:00.738  1978  1978 E ActivityThread: 	at android.os.HandlerThread.run(HandlerThread.java:61)
04-17 11:29:02.426  1070  1081 I ActivityManager: Killing 3268:com.google.android.storagemanager/u0a41 (adj 906): empty #17
04-17 11:29:02.474  1070  1943 D ActivityManager: cleanUpApplicationRecord -- 3268
04-17 11:29:03.092  1070  2262 I ActivityManager: Killing 2777:com.google.process.gapps/u0a64 (adj 906): empty #17
04-17 11:29:03.111  1070  1870 D ActivityManager: cleanUpApplicationRecord -- 2777
04-17 11:29:04.120  1070  1094 I ActivityManager: Start proc 3831:com.android.printspooler/u0a88 for service com.android.printspooler/.model.PrintSpoolerService
04-17 11:29:04.279  1070  1095 I ActivityManager: Waited long enough for: ServiceRecord{65d380b u0 com.google.android.apps.maps/com.google.android.apps.gmm.transit.TransitStationService}
04-17 11:29:04.320  1070  2259 I ActivityManager: Killing 3346:com.google.android.videos/u0a93 (adj 906): empty #17
04-17 11:29:04.362  1070  3316 D ActivityManager: cleanUpApplicationRecord -- 3346
04-17 11:29:07.560  1070  2261 I ActivityManager: Start proc 3861:com.google.android.youtube/u0a98 for service com.google.android.youtube/com.google.android.libraries.youtube.common.gcore.gcoreclient.gcm.impl.GcmTaskServiceDelegator
04-17 11:29:07.933  1070  1870 D ConnectivityService: Returning blocked NetworkInfo to uid=10098
04-17 11:29:08.302  1070  1124 D BluetoothManagerService: Message: 20
04-17 11:29:08.302  1070  1124 D BluetoothManagerService: Added callback: android.bluetooth.IBluetoothManagerCallback$Stub$Proxy@d39f881:true
04-17 11:29:08.500  1070  1870 W ActivityManager: Permission Denial: Accessing service ComponentInfo{com.google.android.music/com.google.android.music.dial.DialMediaRouteProviderService} from pid=3861, uid=10098 that is not exported from uid 10078
04-17 11:29:08.611  1070  3317 I ActivityManager: Setting hasTopUi=false for pid=1494
04-17 11:29:09.158  1070  2263 I ActivityManager: Start proc 3998:com.google.android.GoogleCamera/u0a63 for content provider com.google.android.GoogleCamera/com.google.android.apps.camera.specialtypes.CameraSpecialTypesProvider
04-17 11:29:11.931  1070  1095 I ActivityManager: Waited long enough for: ServiceRecord{cbbd5f1 u0 com.qualcomm.atfwd/.AtFwdService}
04-17 11:29:13.033  1070  1081 I ProcessStatsService: Added stats: 2017-04-15-21-30-00, over +44m25s979ms
04-17 11:29:13.038  1070  1081 I ProcessStatsService: Added stats: 2017-04-15-18-27-28, over +3h2m31s235ms
04-17 11:29:13.043  1070  1081 I ProcessStatsService: Added stats: 2017-04-15-15-23-19, over +3h4m8s898ms
04-17 11:29:13.049  1070  1081 I ProcessStatsService: Added stats: 2017-04-15-12-17-58, over +3h5m21s152ms
04-17 11:29:13.054  1070  1081 I ProcessStatsService: Added stats: 2017-04-15-09-13-22, over +3h4m35s828ms
04-17 11:29:13.059  1070  1081 I ProcessStatsService: Added stats: 2017-04-15-06-06-35, over +3h6m47s669ms
04-17 11:29:13.067  1070  1081 I ProcessStatsService: Added stats: 2017-04-15-03-04-12, over +3h2m22s813ms
04-17 11:29:13.073  1070  1081 I ProcessStatsService: Added stats: 2017-04-14-23-59-00, over +3h5m12s201ms
04-17 11:29:13.080  1070  1081 I ProcessStatsService: Added stats: 2017-04-14-20-59-00, over +3h0m0s121ms
04-17 11:29:13.403  1070  2259 I ActivityManager: Killing 3219:com.google.android.gms.ui/u0a19 (adj 906): empty #17
04-17 11:29:13.426  1070  1561 D ActivityManager: cleanUpApplicationRecord -- 3219
04-17 11:29:13.541  1070  2260 I ActivityManager: Start proc 4057:com.google.android.music:main/u0a78 for service com.google.android.music/.sync.google.MusicGcmTaskService
04-17 11:29:13.997  1070  2260 D ConnectivityService: Returning blocked NetworkInfo to uid=10078
04-17 11:29:14.036  1070  2261 I ActivityManager: Killing 3508:com.qualcomm.embms/u0a99 (adj 906): empty #17
04-17 11:29:14.055  1070  2078 D ActivityManager: cleanUpApplicationRecord -- 3508
04-17 11:29:14.338  1070  2262 I ActivityManager: Start proc 4098:com.google.android.play.games.ui/u0a1 for service com.google.android.play.games/com.google.android.gms.games.service.PlayGamesBridgeService
04-17 11:29:14.374  1070  2260 I ActivityManager: Start proc 4112:com.google.android.gms.ui/u0a19 for service com.google.android.gms/.chimera.UiIntentOperationService
04-17 11:29:14.722  1070  2261 I ActivityManager: Killing 3575:com.verizon.vzwavs/u0a106 (adj 906): empty #17
04-17 11:29:14.750  1070  3317 D ActivityManager: cleanUpApplicationRecord -- 3575
04-17 11:29:15.460  1070  1561 I ActivityManager: Start proc 4158:com.google.android.apps.gcs/u0a17 for service com.google.android.apps.gcs/com.google.android.flib.phenotype.services.PhenotypeExperimentCommitService
04-17 11:29:15.872  1070  2263 I ActivityManager: Killing 3628:com.android.sdm.plugins.sprintdm/1001 (adj 906): empty #17
04-17 11:29:15.890  1070  1080 D ActivityManager: cleanUpApplicationRecord -- 3628
04-17 11:29:17.774  1070  2263 I ActivityManager: Start proc 4230:com.google.android.gms:car/u0a19 for service com.google.android.gms/.car.CarService
04-17 11:29:17.993  1070  2161 W ActivityManager: Unable to start service Intent { act=local_action cmp=com.google.android.gms/.car.InCallService2 } U=0: not found
04-17 11:29:18.897  1070  1131 I ActivityManager: Start proc 4255:com.android.defcontainer/u0a12 for service com.android.defcontainer/.DefaultContainerService
04-17 11:29:21.796  1070  2263 I ActivityManager: Killing 3642:com.android.settings/1000 (adj 906): empty #17
04-17 11:29:21.814  1070  1477 I ActivityManager: Killing 3658:com.google.android.carrierentitlement/u0a6 (adj 906): empty #17
04-17 11:29:21.848  1070  3316 D ActivityManager: cleanUpApplicationRecord -- 3658
04-17 11:29:21.864  1070  2262 D ActivityManager: cleanUpApplicationRecord -- 3642
04-17 11:29:23.151  1070  1942 W ActivityManager: Unbind failed: could not find connection for android.os.BinderProxy@c60984e
04-17 11:29:23.167  1070  1561 I ActivityManager: Killing 2245:com.google.android.partnersetup/u0a27 (adj 906): empty #17
04-17 11:29:23.181  1070  3316 I ActivityManager: Killing 3679:com.htc.omadm.trigger/1001 (adj 906): empty #17
04-17 11:29:23.201  1070  2259 D ActivityManager: cleanUpApplicationRecord -- 2245
04-17 11:29:23.211  1070  3316 D ActivityManager: cleanUpApplicationRecord -- 3679
04-17 11:29:27.534  1070  1943 I ActivityManager: Killing 3596:org.codeaurora.ims/1001 (adj 906): empty #17
04-17 11:29:27.554  1070  1477 D ActivityManager: cleanUpApplicationRecord -- 3596
04-17 11:29:27.614  1070  1094 I ActivityManager: Start proc 4298:com.google.process.gapps/u0a64 for service com.google.android.syncadapters.contacts/.ContactsSyncAdapterService
04-17 11:29:29.546  1070  1943 I ActivityManager: Killing 2146:com.google.android.deskclock/u0a86 (adj 906): empty #17
04-17 11:29:29.567  1070  2263 D ActivityManager: cleanUpApplicationRecord -- 2146
04-17 11:29:32.447  1070  2161 I ActivityManager: Killing 3439:com.motricity.verizon.ssodownloadable/u0a47 (adj 906): empty #17
04-17 11:29:32.468  1070  1561 D ActivityManager: cleanUpApplicationRecord -- 3439
04-17 11:29:41.641  1070  1080 I ActivityManager: Killing 3710:com.qualcomm.timeservice/1000 (adj 906): empty #17
04-17 11:29:41.664  1070  3318 D ActivityManager: cleanUpApplicationRecord -- 3710
04-17 11:29:59.819  1070  1561 I ActivityManager: Killing 3534:com.qualcomm.embms:remote/u0a99 (adj 906): empty #17
04-17 11:29:59.957  1070  3318 D ActivityManager: cleanUpApplicationRecord -- 3534
04-17 11:30:06.335  1070  2259 I ActivityManager: Killing 3737:com.google.android.gms:snet/u0a19 (adj 906): empty #17
04-17 11:30:06.337  1070  2259 I ActivityManager: Killing 3612:com.android.cellbroadcastreceiver/u0a7 (adj 906): empty #18
04-17 11:30:06.424  1070  2161 I ActivityManager: Start proc 4381:com.google.android.apps.wallpaper/u0a94 for broadcast com.google.android.apps.wallpaper/.module.DailyLoggingAlarmReceiver
04-17 11:30:06.519  1070  1561 D ActivityManager: cleanUpApplicationRecord -- 3612
04-17 11:30:06.533  1070  2260 D ActivityManager: cleanUpApplicationRecord -- 3737
04-17 11:30:31.047  1070  1081 I ActivityManager: Killing 3831:com.android.printspooler/u0a88 (adj 906): empty #17
04-17 11:30:31.111  1070  2259 D ActivityManager: cleanUpApplicationRecord -- 3831
04-17 11:30:46.106  1070  1080 I ActivityManager: Killing 3998:com.google.android.GoogleCamera/u0a63 (adj 906): empty #17
04-17 11:30:46.157  1070  1943 D ActivityManager: cleanUpApplicationRecord -- 3998
04-17 11:32:16.120  1070  2078 I ActivityManager: START u0 {act=android.intent.action.MAIN cat=[android.intent.category.LAUNCHER] flg=0x10200000 cmp=com.google.android.vr.home/com.google.android.apps.vr.home.app.MainActivity bnds=[230,239][437,517] (has extras)} from uid 10032 on display 0
04-17 11:32:16.151  1070  1681 I ActivityManager: Start proc 4458:com.google.android.vr.home/u0a103 for activity com.google.android.vr.home/com.google.android.apps.vr.home.app.MainActivity
04-17 11:32:16.193  1070  1080 I ActivityManager: Config changes=480 {1.0 ?mcc?mnc [es_ES] ldltr sw411dp w683dp h387dp 420dpi nrml land finger -keyb/v/h -nav/h s.5}
04-17 11:32:16.453  1070  1942 I ActivityManager: Start proc 4482:com.google.android.apps.vr.playstore/u0a103 for content provider com.google.android.vr.home/com.google.android.apps.vr.common.shareddata.SharedDataProvider
04-17 11:32:17.082  1070  1125 E WindowManager: Performed 6 layouts in a row. Skipping
04-17 11:32:17.126  1070  1125 I WindowManager: Screen frozen for +961ms due to Window{8f0117e u0 Starting com.google.android.vr.home}
04-17 11:32:20.675  1070  1081 I ActivityManager: START u0 {cmp=com.google.vr.vrcore/.daydream.DonPrepareActivity (has extras)} from uid 10071 on display 0
04-17 11:32:20.678  1070  1081 W ActivityManager: startActivity called from non-Activity context; forcing Intent.FLAG_ACTIVITY_NEW_TASK for: Intent { flg=0x800000 cmp=com.google.vr.vrcore/.daydream.DonPrepareActivity (has extras) }
04-17 11:32:20.738  1070  1124 D BluetoothManagerService: Message: 20
04-17 11:32:20.739  1070  1124 D BluetoothManagerService: Added callback: android.bluetooth.IBluetoothManagerCallback$Stub$Proxy@d19ac4c:true
04-17 11:32:20.813  1070  1561 I ActivityManager: START u0 {cmp=com.google.vr.vrcore/.transition.TransitionViewActivity} from uid 10071 on display 0
04-17 11:32:23.560  1070  1080 I ActivityManager: START u0 {cmp=com.google.vr.vrcore/.daydream.MetaworldActivity (has extras)} from uid 10071 on display 0
04-17 11:32:23.565  1070  1095 I VrManagerService: VR mode enabled
04-17 11:32:23.569  1070  1095 I VrManagerService: Connecting ComponentInfo{com.google.vr.vrcore/com.google.vr.vrcore.common.VrCoreListenerService} for user 0
04-17 11:32:23.706  1070  1070 D ConditionProviders: Subscribing to condition://com.google.vr.vrcore with ComponentInfo{com.google.vr.vrcore/com.google.vr.vrcore.common.VrCoreZenConditionProvider}
04-17 11:32:23.832  1070  1095 I ActivityManager: Start proc 4623:com.android.settings/1000 for broadcast com.android.settings/.dashboard.conditional.DndCondition$Receiver
04-17 11:32:26.129  1070  1070 V NotificationService: pkg=com.android.vending canInterrupt=false intercept=true
04-17 11:32:26.810  1070  1131 W PackageParser: Ignoring duplicate uses-permissions/uses-permissions-sdk-m: android.permission.WAKE_LOCK in package: com.google.android.apps.maps at: Binary XML file line #158
04-17 11:32:34.410  1070  3316 I ActivityManager: START u0 {cat=[com.google.intent.category.DAYDREAM] flg=0x14010000 cmp=com.google.android.vr.home/com.google.vr.app.Launcher.Launcher} from uid 10103 on display 0
04-17 11:32:40.741  1070  1942 I ActivityManager: START u0 {cat=[com.google.intent.category.DAYDREAM] flg=0x14010000 cmp=com.mozilla.servo/.MainActivity (has extras)} from uid 10103 on display 0
04-17 11:32:40.834  1070  2260 I ActivityManager: Start proc 4851:com.mozilla.servo/u0a165 for activity com.mozilla.servo/.MainActivity
04-17 11:32:41.733  1070  1124 D BluetoothManagerService: Message: 20
04-17 11:32:41.734  1070  1124 D BluetoothManagerService: Added callback: android.bluetooth.IBluetoothManagerCallback$Stub$Proxy@cedd7a9:true
04-17 11:32:51.124  1070  2259 I ActivityManager: START u0 {cat=[com.google.intent.category.DAYDREAM] flg=0x14010000 cmp=com.google.android.vr.home/com.google.vr.app.Launcher.Launcher} from uid 10071 on display 0
04-17 11:32:57.818  1070  1095 I ActivityManager: Force stopping com.google.android.apps.maps appid=10077 user=-1: installPackageLI
04-17 11:32:57.818  1070  1095 I ActivityManager: Killing 2703:com.google.android.apps.maps/u0a77 (adj 500): stop com.google.android.apps.maps
04-17 11:32:57.819  1070  1095 D ActivityManager: cleanUpApplicationRecord -- 2703
04-17 11:32:57.829  1070  1095 W ActivityManager: Scheduling restart of crashed service com.google.android.apps.maps/com.google.android.apps.gmm.transit.TransitStationService in 1000ms
04-17 11:32:57.832  1070  1095 I ActivityManager:   Force stopping service ServiceRecord{65d380b u0 com.google.android.apps.maps/com.google.android.apps.gmm.transit.TransitStationService}
04-17 11:32:57.850  1070  2262 I ActivityManager: Killing 4112:com.google.android.gms.ui/u0a19 (adj 906): empty #17
04-17 11:32:57.880  1070  1131 W PackageManager: Trying to update system app code path from /data/app/com.google.android.apps.maps-1 to /data/app/com.google.android.apps.maps-2
04-17 11:32:57.884  1070  1131 W PackageManager: Code path for com.google.android.apps.maps changing from /data/app/com.google.android.apps.maps-1 to /data/app/com.google.android.apps.maps-2
04-17 11:32:57.884  1070  1131 W PackageManager: Resource path for com.google.android.apps.maps changing from /data/app/com.google.android.apps.maps-1 to /data/app/com.google.android.apps.maps-2
04-17 11:32:58.083  1070  1097 E libprocessgroup: failed to kill 1 processes for processgroup 2703
04-17 11:32:58.350  1070  1097 E libprocessgroup: failed to kill 1 processes for processgroup 4112
04-17 11:32:58.411  1070  3316 I ActivityManager: Killing 4098:com.google.android.play.games.ui/u0a1 (adj 906): empty #17
04-17 11:32:58.429  1070  1870 D ActivityManager: cleanUpApplicationRecord -- 4112
04-17 11:32:58.681  1070  1097 E libprocessgroup: failed to kill 1 processes for processgroup 4098
04-17 11:32:58.693  1070  1131 I ActivityManager: Force stopping com.google.android.apps.maps appid=10077 user=0: pkg removed
04-17 11:32:58.835  1070  1095 W ActivityManager: Slow operation: 95ms so far, now at startProcess: returned from zygote!
04-17 11:32:58.835  1070  1095 W ActivityManager: Slow operation: 95ms so far, now at startProcess: done updating battery stats
04-17 11:32:58.835  1070  1095 W ActivityManager: Slow operation: 96ms so far, now at startProcess: building log message
04-17 11:32:58.835  1070  1095 I ActivityManager: Start proc 4993:com.android.keychain/1000 for broadcast com.android.keychain/.KeyChainBroadcastReceiver
04-17 11:32:58.835  1070  1095 W ActivityManager: Slow operation: 96ms so far, now at startProcess: starting to update pids map
04-17 11:32:58.835  1070  1095 W ActivityManager: Slow operation: 96ms so far, now at startProcess: done updating pids map
04-17 11:32:58.835  1070  1095 W ActivityManager: Slow operation: 97ms so far, now at startProcess: done starting proc!
04-17 11:32:58.867  1070  1477 W ActivityManager: Permission Denial: Accessing service ComponentInfo{com.google.android.music/com.google.android.music.dial.DialMediaRouteProviderService} from pid=3861, uid=10098 that is not exported from uid 10078
04-17 11:32:58.892  1978  1978 E ActivityThread: Service com.google.android.location.places.service.PlaceDetectionAsyncService has leaked IntentReceiver amth@e343a98 that was originally registered here. Are you missing a call to unregisterReceiver()?
04-17 11:32:58.892  1978  1978 E ActivityThread: android.app.IntentReceiverLeaked: Service com.google.android.location.places.service.PlaceDetectionAsyncService has leaked IntentReceiver amth@e343a98 that was originally registered here. Are you missing a call to unregisterReceiver()?
04-17 11:32:58.892  1978  1978 E ActivityThread: 	at android.app.LoadedApk$ReceiverDispatcher.<init>(LoadedApk.java:1159)
04-17 11:32:58.892  1978  1978 E ActivityThread: 	at android.app.LoadedApk.getReceiverDispatcher(LoadedApk.java:946)
04-17 11:32:58.892  1978  1978 E ActivityThread: 	at android.app.ContextImpl.registerReceiverInternal(ContextImpl.java:1302)
04-17 11:32:58.892  1978  1978 E ActivityThread: 	at android.app.ContextImpl.registerReceiver(ContextImpl.java:1282)
04-17 11:32:58.892  1978  1978 E ActivityThread: 	at android.content.ContextWrapper.registerReceiver(ContextWrapper.java:593)
04-17 11:32:58.892  1978  1978 E ActivityThread: 	at android.content.ContextWrapper.registerReceiver(ContextWrapper.java:593)
04-17 11:32:58.892  1978  1978 E ActivityThread: 	at android.content.ContextWrapper.registerReceiver(ContextWrapper.java:593)
04-17 11:32:58.892  1978  1978 E ActivityThread: 	at android.content.ContextWrapper.registerReceiver(ContextWrapper.java:593)
04-17 11:32:58.892  1978  1978 E ActivityThread: 	at amrb.run(:com.google.android.gms:4414)
04-17 11:32:58.892  1978  1978 E ActivityThread: 	at android.os.Handler.handleCallback(Handler.java:751)
04-17 11:32:58.892  1978  1978 E ActivityThread: 	at android.os.Handler.dispatchMessage(Handler.java:95)
04-17 11:32:58.892  1978  1978 E ActivityThread: 	at android.os.Looper.loop(Looper.java:154)
04-17 11:32:58.892  1978  1978 E ActivityThread: 	at android.os.HandlerThread.run(HandlerThread.java:61)
04-17 11:32:59.038  1070  1070 V NotificationService: pkg=com.android.vending canInterrupt=false intercept=true
04-17 11:32:59.131  1070  2260 W ActivityManager: Permission Denial: Accessing service ComponentInfo{com.google.android.music/com.google.android.music.dial.DialMediaRouteProviderService} from pid=3861, uid=10098 that is not exported from uid 10078
04-17 11:32:59.184  1070  2259 W ActivityManager: Permission Denial: Accessing service ComponentInfo{com.google.android.music/com.google.android.music.dial.DialMediaRouteProviderService} from pid=3861, uid=10098 that is not exported from uid 10078
04-17 11:32:59.419  1070  1561 D ActivityManager: cleanUpApplicationRecord -- 4098
04-17 11:32:59.555  1070  1094 I ActivityManager: Start proc 5006:com.android.printspooler/u0a88 for service com.android.printspooler/.model.PrintSpoolerService
04-17 11:33:00.804  4993  4993 W ContextImpl: Calling a method in the system process without a qualified user: android.app.ContextImpl.startService:1357 android.content.ContextWrapper.startService:613 android.content.ContextWrapper.startService:613 com.android.keychain.KeyChainBroadcastReceiver.onReceive:12 android.app.ActivityThread.handleReceiver:3040 
04-17 11:33:00.856  1070  3317 I ActivityManager: Start proc 5022:com.android.musicfx/u0a31 for broadcast com.android.musicfx/.Compatibility$Receiver
04-17 11:33:01.915  1070  1561 I ActivityManager: Killing 3861:com.google.android.youtube/u0a98 (adj 906): empty #17
04-17 11:33:02.183  1070  1097 E libprocessgroup: failed to kill 1 processes for processgroup 3861
04-17 11:33:02.575  1070  2161 I ActivityManager: Start proc 5041:com.google.android.apps.docs/u0a60 for broadcast com.google.android.apps.docs/.receivers.AppPackageAddRemoveReceiver
04-17 11:33:03.213  1070  3317 I ActivityManager: Killing 4057:com.google.android.music:main/u0a78 (adj 906): empty #17
04-17 11:33:03.468  1070  1097 E libprocessgroup: failed to kill 1 processes for processgroup 4057
04-17 11:33:03.736  1070  1080 I ActivityManager: START u0 {cat=[com.google.intent.category.DAYDREAM] flg=0x14010000 cmp=com.mozilla.servo/.MainActivity (has extras)} from uid 10103 on display 0
04-17 11:33:03.853  1070  1943 D ActivityManager: cleanUpApplicationRecord -- 4057
04-17 11:33:04.700  1070  1080 I ActivityManager: Killing 4230:com.google.android.gms:car/u0a19 (adj 906): empty #17
04-17 11:33:04.726  1070  2260 D ActivityManager: cleanUpApplicationRecord -- 3861
04-17 11:33:04.727  1070  1942 D ConnectivityService: ConnectivityService NetworkRequestInfo binderDied(NetworkRequest [ LISTEN id=9, [ Capabilities: INTERNET&NOT_RESTRICTED&TRUSTED] ], android.os.BinderProxy@227da09)
04-17 11:33:04.736  1070  1408 E ConnectivityService: RemoteException caught trying to send a callback msg for NetworkRequest [ LISTEN id=9, [ Capabilities: INTERNET&NOT_RESTRICTED&TRUSTED] ]
04-17 11:33:05.178  1070  1097 E libprocessgroup: failed to kill 1 processes for processgroup 4230
04-17 11:33:05.390  1070  2263 D ActivityManager: cleanUpApplicationRecord -- 4230
04-17 11:33:05.414  1070  1943 D ConnectivityService: Returning blocked NetworkInfo to uid=10060
04-17 11:33:06.088  1070  2259 I ActivityManager: Killing 3162:com.google.android.gms.unstable/u0a19 (adj 906): empty #17
04-17 11:33:06.316  1070  2261 I ActivityManager: Start proc 5091:com.verizon.vzwavs/u0a106 for broadcast com.verizon.vzwavs/.WakeupReceiver
04-17 11:33:06.517  1070  1097 E libprocessgroup: failed to kill 1 processes for processgroup 3162
04-17 11:33:06.624  1070  2259 D ActivityManager: cleanUpApplicationRecord -- 3162
04-17 11:33:07.778  1070  1080 I ActivityManager: Start proc 5116:com.google.android.partnersetup/u0a27 for broadcast com.google.android.partnersetup/.RlzPingBroadcastReceiver
04-17 11:33:08.904  1070  2259 I ActivityManager: START u0 {cat=[com.google.intent.category.DAYDREAM] flg=0x14010000 cmp=com.google.android.vr.home/com.google.vr.app.Launcher.Launcher} from uid 10071 on display 0
04-17 11:33:11.243  1070  1870 W ActivityManager: Slow operation: 119ms so far, now at startProcess: returned from zygote!
04-17 11:33:11.243  1070  1870 W ActivityManager: Slow operation: 120ms so far, now at startProcess: done updating battery stats
04-17 11:33:11.243  1070  1870 W ActivityManager: Slow operation: 120ms so far, now at startProcess: building log message
04-17 11:33:11.243  1070  1870 I ActivityManager: Start proc 5163:com.google.android.apps.maps/u0a77 for broadcast com.google.android.apps.maps/com.google.android.apps.gmm.navigation.service.detection.StartDetectionReceiver
04-17 11:33:11.243  1070  1870 W ActivityManager: Slow operation: 120ms so far, now at startProcess: starting to update pids map
04-17 11:33:11.243  1070  1870 W ActivityManager: Slow operation: 120ms so far, now at startProcess: done updating pids map
04-17 11:33:11.243  1070  1870 W ActivityManager: Slow operation: 121ms so far, now at startProcess: done starting proc!
04-17 11:33:11.606  1070  1870 W ActivityManager: Slow operation: 77ms so far, now at getContentProviderImpl: after updateOomAdj
04-17 11:33:11.606  1070  1870 W ActivityManager: Slow operation: 78ms so far, now at getContentProviderImpl: done!
04-17 11:33:21.922  1070  1095 I ActivityManager: Waited long enough for: ServiceRecord{f8d3c40 u0 com.google.android.gms/.icing.service.IndexWorkerService}
04-17 11:33:23.631  1070  1095 I ActivityManager: Waited long enough for: ServiceRecord{7e710e9 u0 com.google.android.apps.photos/com.google.android.libraries.social.async.BackgroundTaskService}
04-17 11:33:38.033  1070  3316 I ActivityManager: Killing 4298:com.google.process.gapps/u0a64 (adj 906): empty #17
04-17 11:33:38.171  1070  1095 W ActivityManager: Timeout executing service: ServiceRecord{dfd021e u0 com.google.android.apps.maps/com.google.android.apps.gmm.prefetch.TrackedTilePrefetcherGcmTaskService}
04-17 11:33:38.338  1070  1097 E libprocessgroup: failed to kill 1 processes for processgroup 4298
04-17 11:33:38.637  1070  2262 D ActivityManager: cleanUpApplicationRecord -- 4298
04-17 11:33:38.966  1070  2263 I ActivityManager: START u0 {cat=[com.google.intent.category.DAYDREAM] flg=0x14010000 cmp=com.mozilla.servo/.MainActivity (has extras)} from uid 10103 on display 0
04-17 11:33:39.029  1070  2262 I ActivityManager: Killing 2796:com.google.android.calendar/u0a53 (adj 906): empty #17
04-17 11:33:39.347  1070  1095 E ActivityManager: ANR in com.google.android.apps.maps
04-17 11:33:39.347  1070  1095 E ActivityManager: PID: 5163
04-17 11:33:39.347  1070  1095 E ActivityManager: Reason: executing service com.google.android.apps.maps/com.google.android.apps.gmm.prefetch.TrackedTilePrefetcherGcmTaskService
04-17 11:33:39.347  1070  1095 E ActivityManager: Load: 0.0 / 0.0 / 0.0
04-17 11:33:39.347  1070  1095 E ActivityManager: CPU usage from 102170ms to 0ms ago (2017-04-17 11:31:56.002 to 2017-04-17 11:33:38.172):
04-17 11:33:39.347  1070  1095 E ActivityManager:   26% 2555/com.android.vending: 25% user + 0.6% kernel / faults: 2045 minor 16 major
04-17 11:33:39.347  1070  1095 E ActivityManager:   16% 1070/system_server: 9.1% user + 7.4% kernel / faults: 59219 minor 8 major
04-17 11:33:39.347  1070  1095 E ActivityManager:   13% 621/media.codec: 6.7% user + 6.9% kernel / faults: 2650 minor
04-17 11:33:39.347  1070  1095 E ActivityManager:   11% 483/surfaceflinger: 6.1% user + 5.4% kernel / faults: 1235 minor 5 major
04-17 11:33:39.347  1070  1095 E ActivityManager:   11% 2079/com.google.vr.vrcore: 7.7% user + 3.7% kernel / faults: 105534 minor 67 major
04-17 11:33:39.347  1070  1095 E ActivityManager:   8.6% 315/nanohub: 0% user + 8.6% kernel
04-17 11:33:39.347  1070  1095 E ActivityManager:   4.4% 623/media.extractor: 2% user + 2.3% kernel / faults: 633 minor 5 major
04-17 11:33:39.347  1070  1095 E ActivityManager:   3.3% 241/spi6: 0% user + 3.3% kernel
04-17 11:33:39.347  1070  1095 E ActivityManager:   2.7% 484/audioserver: 1.2% user + 1.4% kernel / faults: 704 minor 1 major
04-17 11:33:39.347  1070  1095 E ActivityManager:   2.7% 1441/com.android.bluetooth: 1.2% user + 1.4% kernel / faults: 2654 minor 4 major
04-17 11:33:39.347  1070  1095 E ActivityManager:   2.1% 521/mdss_fb0: 0% user + 2.1% kernel
04-17 11:33:39.347  1070  1095 E ActivityManager:   1.9% 211/kgsl_worker_thr: 0% user + 1.9% kernel
04-17 11:33:39.347  1070  1095 E ActivityManager:   1.8% 1494/com.android.systemui: 1.4% user + 0.4% kernel / faults: 23373 minor 5 major
04-17 11:33:39.347  1070  1095 E ActivityManager:   1.5% 1322/kworker/u8:7: 0% user + 1.5% kernel
04-17 11:33:39.347  1070  1095 E ActivityManager:   1.3% 1604/com.ustwo.lwp: 0.6% user + 0.7% kernel / faults: 333 minor
04-17 11:33:39.347  1070  1095 E ActivityManager:   1.3% 7/rcu_preempt: 0% user + 1.3% kernel
04-17 11:33:39.347  1070  1095 E ActivityManager:   1.2% 2592/com.google.android.gms: 0.9% user + 0.2% kernel / faults: 7319 minor 47 major
04-17 11:33:39.347  1070  1095 E ActivityManager:   1.1% 49/kworker/u8:2: 0% user + 1.1% kernel
04-17 11:33:39.347  1070  1095 E ActivityManager:   1% 1978/com.google.android.gms.persistent: 0.7% user + 0.3% kernel / faults: 3143 minor 14 major
04-17 11:33:39.347  1070  1095 E ActivityManager:   1% 257/kworker/u8:6: 0% user + 1% kernel
04-17 11:33:39.347  1070  1095 E ActivityManager:   0.9% 1137/kworker/0:4: 0% user + 0.9% kernel
04-17 11:33:39.347  1070  1095 E ActivityManager:   0.7% 314/irq/472-nanohub: 0% user + 0.7% kernel
04-17 11:33:39.347  1070  1095 E ActivityManager:   0.6% 12/ksoftirqd/1: 0% user + 0.6% kernel
04-17 11:33:39.347  1070  1095 E ActivityManager:   0.6% 110/kswapd0: 0% user + 0.6% kernel
04-17 11:33:39.347  1070  1095 E ActivityManager:   0.6% 254/kworker/u8:3: 0% user + 0.6% kernel
04-17 11:33:39.347  1070  1095 E ActivityManager:   0.5% 313/irq/478-nanohub: 0% user + 0.5% kernel
04-17 11:33:39.347  1070  1095 E ActivityManager:   0.5% 2133/com.google.android.apps.nexuslauncher: 0.4% user + 0.1% kernel / faults: 5144 minor 4 major
04-17 11:33:39.347  1070  1095 E ActivityManager:   0.5% 1867/wcnss_filter: 0% user + 0.4% kernel / faults: 29 minor
04-17 11:33:39.347  1070  1095 E ActivityManager:   0.1% 43/kworker/u8:1: 0% user + 0.1% kernel
04-17 11:33:39.347  1070  1095 E ActivityManager:   0.4% 20/ksoftirqd/3: 0% user + 0.4% kernel
04-17 11:33:39.347  1070  1095 E ActivityManager:   0.4% 16/ksoftirqd/2: 0% user + 0.4% kernel
04-17 11:33:39.347  1070  1095 E ActivityManager:   0.4% 41/smem_native_rpm: 0% user + 0.4% kernel
04-17 11:33:39.347  1070  1095 E ActivityManager:   0.3% 422/logd: 0.1% user + 0.2% kernel / faults: 434 minor 6 major
04-17 11:33:39.347  1070  1095 E ActivityManager:   0.3% 3/ksoftirqd/0: 0% user + 0.3% kernel
04-17 11:33:39.347  1070  1095 E ActivityManager:   0% 159/msm_serial_hs_0: 0% user + 0% kernel
04-17 11:33:39.347  1070  1095 E ActivityManager:   0.2% 624/mediaserver: 0.1% user + 0.1% kernel / faults: 718 minor 7 major
04-17 11:33:39.347  1070  1095 E ActivityManager:   0.2% 475/kworker/1:2: 0% user + 0.2% kernel
04-17 11:33:39.347  1070  1095 E ActivityManager:   0.2% 4/kworker/0:0: 0% user + 0.2% kernel
04-17 11:33:39.347  1070  1095 E ActivityManager:   0.1% 333/kworker/0:3: 0% user + 0.1% kernel
04-17 11:33:39.347  1070  1095 E ActivityManager:   0% 603/adbd: 0% user + 0% kernel / faults: 716 minor 5 major
04-17 11:33:39.347  1070  1095 E ActivityManager:   0.1% 86/kworker/3:1: 0% user + 0.1% kernel
04-17 11:33:39.347  1070  1095 E ActivityManager:   0.1% 1427/VosMCThread: 0% user + 0.1% kernel
04-17 11:33:39.347  1070  1095 E ActivityManager:   0.1% 1993/com.google.android.apps.photos: 0% user + 0% kernel / faults: 1074 minor 1 major
04-17 11:33:39.347  1070  1095 E ActivityManager:   0.1% 2176/com.google.android.googlequicksearchbox:search: 0% user + 0% kernel / faults: 1960 minor 2 major
04-17 11:33:39.347  1070  1095 E ActivityManager:   0.1% 140/vsync_retire_wo: 0% user + 0.1% kernel
04-17 11:33:39.347  1070  1095 E ActivityManager:   0.1% 2323/android.process.media: 0% user + 0% kernel / faults: 739 minor
04-17 11:33:39.347  1070  1095 E ActivityManager:   0.1% 572/msm_irqbalance: 0% user + 0% kernel
04-17 11:33:39.347  1070  1095 E ActivityManager:   0.1% 615/zygote64: 0% user + 0% kernel / faults: 1429 minor
04-17 11:33:39.347  1070  1095 E ActivityManager:   0.1% 54/system: 0% user + 0.1% kernel
04-17 11:33:39.347  1070  1095 E ActivityManager:   0% 482/servicemanager: 0% user + 0% kernel / faults: 48 minor
04-17 11:33:39.347  1070  1095 E ActivityManager:   0% 529/jbd2/sda35-8: 0% user + 0% kernel
04-17 11:33:39.347  1070  1095 E ActivityManager:   0% 577/kschedfreq:0: 0% user + 0% kernel
04-17 11:33:39.347  1070  1095 E ActivityManager:   0% 377/kworker/2:3: 0% user + 0% kernel
04-17 11:33:39.347  1070  1095 E ActivityManager:   0% 430/kworker/3:2: 0% user + 0% kernel
04-17 11:33:39.347  1070  1095 E ActivityManager:   0% 1448/com.google.android.inputmethod.latin: 0% user + 0% kernel / faults: 1231 minor
04-17 11:33:39.347  1070  1095 E ActivityManager:   0% 573/lmkd: 0% user + 0% kernel
04-17 11:33:39.347  1070  1095 E ActivityManager:   0% 1655/com.android.phone: 0% user + 0% kernel / faults: 794 minor
04-17 11:33:39.347  1070  1095 E ActivityManager:   0% 2703/com.google.android.apps.maps: 0% user + 0% kernel / faults: 140 minor
04-17 11:33:39.347  1070  1095 E ActivityManager:   0% 586/irq/19-408000.q: 0% user + 0% kernel
04-17 11:33:39.347  1070  1095 E ActivityManager:   0% 618/drmserver: 0% user + 0% kernel / faults: 72 minor
04-17 11:33:39.347  1070  1095 E ActivityManager:   0% 2019/com.android.nfc: 0% user + 0% kernel / faults: 567 minor
04-17 11:33:39.347  1070  1095 E ActivityManager:   0% 2100/com.google.process.gapps: 0% user + 0% kernel / faults: 822 minor
04-17 11:33:39.347  1070  1095 E ActivityManager:   0% 11/migration/1: 0% u
04-17 11:33:39.352  1070  1095 I ActivityManager: Killing 5163:com.google.android.apps.maps/u0a77 (adj 0): bg anr
04-17 11:33:39.520  1070  2262 D ActivityManager: cleanUpApplicationRecord -- 2796
04-17 11:33:39.538  1070  2161 D ActivityManager: cleanUpApplicationRecord -- 5163
04-17 11:33:39.538  1070  2161 W ActivityManager: Scheduling restart of crashed service com.google.android.apps.maps/com.google.android.apps.gmm.prefetch.TrackedTilePrefetcherGcmTaskService in 43030ms
04-17 11:33:39.538  1070  2161 W ActivityManager: Scheduling restart of crashed service com.google.android.apps.maps/com.google.android.apps.gmm.notification.log.ServerRequestGcmService in 53030ms
04-17 11:33:39.539  1070  2161 W ActivityManager: Scheduling restart of crashed service com.google.android.apps.maps/com.google.android.apps.gmm.reportaproblem.common.service.DismissNotificationTaskService in 63030ms
04-17 11:33:39.539  1070  2161 W ActivityManager: Scheduling restart of crashed service com.google.android.apps.maps/com.google.android.apps.gmm.offline.OfflineManualDownloadRescheduleGcmService in 73030ms
04-17 11:33:39.539  1070  2161 W ActivityManager: Scheduling restart of crashed service com.google.android.apps.maps/com.google.android.apps.gmm.shared.net.v2.impl.LowPriorityRequestTaskService in 83029ms
04-17 11:33:39.539  1070  2161 W ActivityManager: Scheduling restart of crashed service com.google.android.apps.maps/com.google.android.apps.gmm.shared.util.networkquality.NetworkQualityRefreshService in 93029ms
04-17 11:33:39.539  1070  2161 W ActivityManager: Scheduling restart of crashed service com.google.android.apps.maps/com.google.android.apps.gmm.shared.cache.glide.GlideDiskCacheExpirationService in 103029ms
04-17 11:33:39.539  1070  2161 W ActivityManager: Scheduling restart of crashed service com.google.android.apps.maps/com.google.android.apps.gmm.offline.OfflineAutoUpdateGcmService in 113029ms
04-17 11:33:39.539  1070  2161 W ActivityManager: Scheduling restart of crashed service com.google.android.apps.maps/com.google.android.apps.gmm.offline.OfflineGcmTaskService in 123029ms
04-17 11:33:39.540  1070  2161 W ActivityManager: Scheduling restart of crashed service com.google.android.apps.maps/com.google.android.libraries.geophotouploader.PeriodicTaskService in 133029ms
04-17 11:33:39.540  1070  2161 W ActivityManager: Scheduling restart of crashed service com.google.android.apps.maps/com.google.android.apps.gmm.traffic.notification.service.AreaTrafficNotificationService in 143028ms
04-17 11:33:39.575  1070  1095 I ActivityManager: Start proc 5253:com.google.android.apps.maps/u0a77 for broadcast com.google.android.apps.maps/com.google.android.apps.gmm.ugc.ataplace.StartAtAPlaceReceiver
04-17 11:33:40.954  1070  1681 D ConnectivityService: Returning blocked NetworkInfo to uid=10077
04-17 11:33:47.617  1070  1561 I ActivityManager: START u0 {cat=[com.google.intent.category.DAYDREAM] flg=0x14010000 cmp=com.google.android.vr.home/com.google.vr.app.Launcher.Launcher} from uid 10071 on display 0
04-17 11:33:49.923  1070  2260 W ActivityManager: Slow operation: 562ms so far, now at getContentProviderImpl: after updateOomAdj
04-17 11:33:49.923  1070  2260 W ActivityManager: Slow operation: 562ms so far, now at getContentProviderImpl: done!
04-17 11:33:57.793  1070  2259 I ActivityManager: START u0 {flg=0x10804000 cmp=com.android.systemui/.recents.RecentsActivity} from uid 10042 on display 0
04-17 11:33:58.159  1070  1070 I VrManagerService: VR mode disabled
04-17 11:33:58.163  1070  1070 I VrManagerService: Disconnecting ComponentInfo{com.google.vr.vrcore/com.google.vr.vrcore.common.VrCoreListenerService} for user 0
04-17 11:33:58.201  1070  1943 W AppOps  : Finishing op nesting under-run: uid 10071 pkg com.google.vr.vrcore code 24 time=0 duration=0 nesting=0
04-17 11:33:58.227  1070  2078 W AppOps  : Finishing op nesting under-run: uid 10071 pkg com.google.vr.vrcore code 24 time=0 duration=0 nesting=0
04-17 11:33:59.851  1070  1870 I ActivityManager: Killing 4458:com.google.android.vr.home/u0a103 (adj 900): remove task
04-17 11:33:59.852  1070  1870 I ActivityManager: Killing 4482:com.google.android.apps.vr.playstore/u0a103 (adj 700): remove task
04-17 11:34:00.095  1070  1097 E libprocessgroup: failed to kill 1 processes for processgroup 4458
04-17 11:34:00.324  1070  1097 E libprocessgroup: failed to kill 1 processes for processgroup 4482
04-17 11:34:00.664  1070  1477 I WindowManager: WIN DEATH: Window{a050e4a u0 com.google.android.vr.home/com.google.android.apps.vr.home.app.MainActivity}
04-17 11:34:00.667  1070  2260 D ActivityManager: cleanUpApplicationRecord -- 4458
04-17 11:34:00.672  1070  2078 I WindowManager: WIN DEATH: Window{a0bcb35 u0 com.google.android.vr.home/com.google.vr.app.Launcher.Launcher}
04-17 11:34:00.674  1070  2078 W WindowManager: Force-removing child win Window{fac80b9 u0 SurfaceView - com.google.android.vr.home/com.google.vr.app.Launcher.Launcher} from container Window{a0bcb35 u0 com.google.android.vr.home/com.google.vr.app.Launcher.Launcher}
04-17 11:34:00.678  1070  2078 W WindowManager: Force-removing child win Window{3c15cfe u0 SurfaceView - com.google.android.vr.home/com.google.vr.app.Launcher.Launcher} from container Window{a0bcb35 u0 com.google.android.vr.home/com.google.vr.app.Launcher.Launcher}
04-17 11:34:00.682  1070  1561 W WindowManager: Failed looking up window
04-17 11:34:00.682  1070  1561 W WindowManager: java.lang.IllegalArgumentException: Requested window android.os.BinderProxy@eeddbca does not exist
04-17 11:34:00.682  1070  1561 W WindowManager: 	at com.android.server.wm.WindowManagerService.windowForClientLocked(WindowManagerService.java:9415)
04-17 11:34:00.682  1070  1561 W WindowManager: 	at com.android.server.wm.WindowManagerService.windowForClientLocked(WindowManagerService.java:9406)
04-17 11:34:00.682  1070  1561 W WindowManager: 	at com.android.server.wm.WindowState$DeathRecipient.binderDied(WindowState.java:1800)
04-17 11:34:00.682  1070  1561 W WindowManager: 	at android.os.BinderProxy.sendDeathNotice(Binder.java:688)
04-17 11:34:00.682  1070  1561 I WindowManager: WIN DEATH: null
04-17 11:34:00.683  1070  3317 W WindowManager: Failed looking up window
04-17 11:34:00.683  1070  3317 W WindowManager: java.lang.IllegalArgumentException: Requested window android.os.BinderProxy@c7a513b does not exist
04-17 11:34:00.683  1070  3317 W WindowManager: 	at com.android.server.wm.WindowManagerService.windowForClientLocked(WindowManagerService.java:9415)
04-17 11:34:00.683  1070  3317 W WindowManager: 	at com.android.server.wm.WindowManagerService.windowForClientLocked(WindowManagerService.java:9406)
04-17 11:34:00.683  1070  3317 W WindowManager: 	at com.android.server.wm.WindowState$DeathRecipient.binderDied(WindowState.java:1800)
04-17 11:34:00.683  1070  3317 W WindowManager: 	at android.os.BinderProxy.sendDeathNotice(Binder.java:688)
04-17 11:34:00.683  1070  3317 I WindowManager: WIN DEATH: null
04-17 11:34:00.815  1070  1095 I VrManagerService: VR mode enabled
04-17 11:34:00.829  1070  1477 E ActivityManager: applyOptionsLocked: Unknown animationType=0
04-17 11:34:00.832  1070  1095 I VrManagerService: Connecting ComponentInfo{com.google.vr.vrcore/com.google.vr.vrcore.common.VrCoreListenerService} for user 0
04-17 11:34:01.005  1070  1070 D ConditionProviders: Subscribing to condition://com.google.vr.vrcore with ComponentInfo{com.google.vr.vrcore/com.google.vr.vrcore.common.VrCoreZenConditionProvider}
04-17 11:34:01.547  1070  1080 D ActivityManager: cleanUpApplicationRecord -- 4482
04-17 11:34:03.104  1978  1978 E ActivityThread: Service com.google.android.location.places.service.PlaceDetectionAsyncService has leaked IntentReceiver amth@579b4a that was originally registered here. Are you missing a call to unregisterReceiver()?
04-17 11:34:03.104  1978  1978 E ActivityThread: android.app.IntentReceiverLeaked: Service com.google.android.location.places.service.PlaceDetectionAsyncService has leaked IntentReceiver amth@579b4a that was originally registered here. Are you missing a call to unregisterReceiver()?
04-17 11:34:03.104  1978  1978 E ActivityThread: 	at android.app.LoadedApk$ReceiverDispatcher.<init>(LoadedApk.java:1159)
04-17 11:34:03.104  1978  1978 E ActivityThread: 	at android.app.LoadedApk.getReceiverDispatcher(LoadedApk.java:946)
04-17 11:34:03.104  1978  1978 E ActivityThread: 	at android.app.ContextImpl.registerReceiverInternal(ContextImpl.java:1302)
04-17 11:34:03.104  1978  1978 E ActivityThread: 	at android.app.ContextImpl.registerReceiver(ContextImpl.java:1282)
04-17 11:34:03.104  1978  1978 E ActivityThread: 	at android.content.ContextWrapper.registerReceiver(ContextWrapper.java:593)
04-17 11:34:03.104  1978  1978 E ActivityThread: 	at android.content.ContextWrapper.registerReceiver(ContextWrapper.java:593)
04-17 11:34:03.104  1978  1978 E ActivityThread: 	at android.content.ContextWrapper.registerReceiver(ContextWrapper.java:593)
04-17 11:34:03.104  1978  1978 E ActivityThread: 	at android.content.ContextWrapper.registerReceiver(ContextWrapper.java:593)
04-17 11:34:03.104  1978  1978 E ActivityThread: 	at amrb.run(:com.google.android.gms:4414)
04-17 11:34:03.104  1978  1978 E ActivityThread: 	at android.os.Handler.handleCallback(Handler.java:751)
04-17 11:34:03.104  1978  1978 E ActivityThread: 	at android.os.Handler.dispatchMessage(Handler.java:95)
04-17 11:34:03.104  1978  1978 E ActivityThread: 	at android.os.Looper.loop(Looper.java:154)
04-17 11:34:03.104  1978  1978 E ActivityThread: 	at android.os.HandlerThread.run(HandlerThread.java:61)
04-17 11:34:03.452  1978  1978 E ActivityThread: Service com.google.android.location.places.service.PlaceDetectionAsyncService has leaked IntentReceiver amth@9ba188b that was originally registered here. Are you missing a call to unregisterReceiver()?
04-17 11:34:03.452  1978  1978 E ActivityThread: android.app.IntentReceiverLeaked: Service com.google.android.location.places.service.PlaceDetectionAsyncService has leaked IntentReceiver amth@9ba188b that was originally registered here. Are you missing a call to unregisterReceiver()?
04-17 11:34:03.452  1978  1978 E ActivityThread: 	at android.app.LoadedApk$ReceiverDispatcher.<init>(LoadedApk.java:1159)
04-17 11:34:03.452  1978  1978 E ActivityThread: 	at android.app.LoadedApk.getReceiverDispatcher(LoadedApk.java:946)
04-17 11:34:03.452  1978  1978 E ActivityThread: 	at android.app.ContextImpl.registerReceiverInternal(ContextImpl.java:1302)
04-17 11:34:03.452  1978  1978 E ActivityThread: 	at android.app.ContextImpl.registerReceiver(ContextImpl.java:1282)
04-17 11:34:03.452  1978  1978 E ActivityThread: 	at android.content.ContextWrapper.registerReceiver(ContextWrapper.java:593)
04-17 11:34:03.452  1978  1978 E ActivityThread: 	at android.content.ContextWrapper.registerReceiver(ContextWrapper.java:593)
04-17 11:34:03.452  1978  1978 E ActivityThread: 	at android.content.ContextWrapper.registerReceiver(ContextWrapper.java:593)
04-17 11:34:03.452  1978  1978 E ActivityThread: 	at android.content.ContextWrapper.registerReceiver(ContextWrapper.java:593)
04-17 11:34:03.452  1978  1978 E ActivityThread: 	at amrb.run(:com.google.android.gms:4414)
04-17 11:34:03.452  1978  1978 E ActivityThread: 	at android.os.Handler.handleCallback(Handler.java:751)
04-17 11:34:03.452  1978  1978 E ActivityThread: 	at android.os.Handler.dispatchMessage(Handler.java:95)
04-17 11:34:03.452  1978  1978 E ActivityThread: 	at android.os.Looper.loop(Looper.java:154)
04-17 11:34:03.452  1978  1978 E ActivityThread: 	at android.os.HandlerThread.run(HandlerThread.java:61)
04-17 11:34:04.203  1070  1681 I ActivityManager: START u0 {flg=0x10804000 cmp=com.android.systemui/.recents.RecentsActivity} from uid 10042 on display 0
04-17 11:34:04.597  1070  1070 I VrManagerService: VR mode disabled
04-17 11:34:04.598  1070  1070 I VrManagerService: Disconnecting ComponentInfo{com.google.vr.vrcore/com.google.vr.vrcore.common.VrCoreListenerService} for user 0
04-17 11:34:04.623  1070  3316 W AppOps  : Finishing op nesting under-run: uid 10071 pkg com.google.vr.vrcore code 24 time=0 duration=0 nesting=0
04-17 11:34:04.637  1070  3317 W AppOps  : Finishing op nesting under-run: uid 10071 pkg com.google.vr.vrcore code 24 time=0 duration=0 nesting=0
04-17 11:34:05.446  1070  2261 I ActivityManager: Killing 4851:com.mozilla.servo/u0a165 (adj 900): remove task
04-17 11:34:05.447  1070  3318 I ActivityManager: START u0 {act=android.intent.action.MAIN cat=[android.intent.category.HOME] flg=0x10200000 cmp=com.google.android.apps.nexuslauncher/.NexusLauncherActivity} from uid 10042 on display 0
04-17 11:34:05.476  1070  3318 I ActivityManager: Config changes=480 {1.0 ?mcc?mnc [es_ES] ldltr sw411dp w411dp h659dp 420dpi nrml port finger -keyb/v/h -nav/h s.6}
04-17 11:34:05.721  1070  1942 I WindowManager: WIN DEATH: Window{f81cebb u0 SurfaceView - com.mozilla.servo/com.mozilla.servo.MainActivity}
04-17 11:34:05.722  1070  1561 D ActivityManager: cleanUpApplicationRecord -- 4851
04-17 11:34:05.724  1070  1943 I WindowManager: WIN DEATH: Window{349628a u0 com.mozilla.servo/com.mozilla.servo.MainActivity}
04-17 11:34:05.724  1070  1943 W WindowManager: Force-removing child win Window{6e42fd8 u0 SurfaceView - com.mozilla.servo/com.mozilla.servo.MainActivity} from container Window{349628a u0 com.mozilla.servo/com.mozilla.servo.MainActivity}
04-17 11:34:05.728  1070  2259 W WindowManager: Failed looking up window
04-17 11:34:05.728  1070  2259 W WindowManager: java.lang.IllegalArgumentException: Requested window android.os.BinderProxy@1631d56 does not exist
04-17 11:34:05.728  1070  2259 W WindowManager: 	at com.android.server.wm.WindowManagerService.windowForClientLocked(WindowManagerService.java:9415)
04-17 11:34:05.728  1070  2259 W WindowManager: 	at com.android.server.wm.WindowManagerService.windowForClientLocked(WindowManagerService.java:9406)
04-17 11:34:05.728  1070  2259 W WindowManager: 	at com.android.server.wm.WindowState$DeathRecipient.binderDied(WindowState.java:1800)
04-17 11:34:05.728  1070  2259 W WindowManager: 	at android.os.BinderProxy.sendDeathNotice(Binder.java:688)
04-17 11:34:05.728  1070  2259 I WindowManager: WIN DEATH: null
04-17 11:34:05.776  1070  1125 I WindowManager: Screen frozen for +311ms due to Window{ed4e33a u0 StatusBar}
04-17 11:35:00.010  1070  1070 I ActivityManager: Killing 2530:com.android.providers.calendar/u0a5 (adj 906): empty #17
04-17 11:35:00.058  1070  2262 D ActivityManager: cleanUpApplicationRecord -- 2530
04-17 11:36:37.825  1070  2161 I ActivityManager: START u0 {act=android.intent.action.MAIN cat=[android.intent.category.LAUNCHER] flg=0x10200000 cmp=com.mozilla.servo/.MainActivity bnds=[230,239][437,517] (has extras)} from uid 10032 on display 0
04-17 11:36:37.836  1070  1095 I VrManagerService: VR mode enabled
04-17 11:36:37.857  1070  2261 I ActivityManager: Start proc 5420:com.mozilla.servo/u0a165 for activity com.mozilla.servo/.MainActivity
04-17 11:36:37.866  1070  1095 I VrManagerService: Connecting ComponentInfo{com.google.vr.vrcore/com.google.vr.vrcore.common.VrCoreListenerService} for user 0
04-17 11:36:37.925  1070  1070 D ConditionProviders: Subscribing to condition://com.google.vr.vrcore with ComponentInfo{com.google.vr.vrcore/com.google.vr.vrcore.common.VrCoreZenConditionProvider}
04-17 11:36:38.064  1070  1081 I ActivityManager: Config changes=480 {1.0 ?mcc?mnc [es_ES] ldltr sw411dp w683dp h387dp 420dpi nrml land finger -keyb/v/h -nav/h s.7}
04-17 11:36:38.115  1070  2161 W AppOps  : Finishing op nesting under-run: uid 10071 pkg com.google.vr.vrcore code 24 time=0 duration=0 nesting=0
04-17 11:36:38.584  1070  1124 D BluetoothManagerService: Message: 20
04-17 11:36:38.584  1070  1124 D BluetoothManagerService: Added callback: android.bluetooth.IBluetoothManagerCallback$Stub$Proxy@99c9cbf:true
04-17 11:36:38.599  1070  1125 I WindowManager: Screen frozen for +568ms due to Window{a21fbc7 u0 com.mozilla.servo/com.mozilla.servo.MainActivity}
04-17 11:36:39.759  1070  1943 I ActivityManager: START u0 {cmp=com.google.vr.vrcore/.daydream.DonPrepareActivity (has extras)} from uid 10071 on display 0
04-17 11:36:39.764  1070  1943 W ActivityManager: startActivity called from non-Activity context; forcing Intent.FLAG_ACTIVITY_NEW_TASK for: Intent { flg=0x800000 cmp=com.google.vr.vrcore/.daydream.DonPrepareActivity (has extras) }
04-17 11:36:39.898  1070  3316 I ActivityManager: START u0 {cmp=com.google.vr.vrcore/.transition.TransitionViewActivity} from uid 10071 on display 0
04-17 11:36:40.074  1070  1070 I VrManagerService: VR mode disabled
04-17 11:36:40.079  1070  1070 I VrManagerService: Disconnecting ComponentInfo{com.google.vr.vrcore/com.google.vr.vrcore.common.VrCoreListenerService} for user 0
04-17 11:36:40.171  1070  1080 W AppOps  : Finishing op nesting under-run: uid 10071 pkg com.google.vr.vrcore code 24 time=0 duration=0 nesting=0
04-17 11:36:40.222  1070  2262 W AppOps  : Finishing op nesting under-run: uid 10071 pkg com.google.vr.vrcore code 24 time=0 duration=0 nesting=0
04-17 11:36:51.452  1070  1095 I VrManagerService: VR mode enabled
04-17 11:36:51.454  1070  1095 I VrManagerService: Connecting ComponentInfo{com.google.vr.vrcore/com.google.vr.vrcore.common.VrCoreListenerService} for user 0
04-17 11:36:51.456  1070  2078 I ActivityManager: START u0 {cmp=com.google.vr.vrcore/.daydream.MetaworldActivity (has extras)} from uid 10071 on display 0
04-17 11:36:51.607  1070  1070 D ConditionProviders: Subscribing to condition://com.google.vr.vrcore with ComponentInfo{com.google.vr.vrcore/com.google.vr.vrcore.common.VrCoreZenConditionProvider}
04-17 11:36:59.527  1070  2263 I ActivityManager: START u0 {cat=[com.google.intent.category.DAYDREAM] flg=0x34010000 cmp=com.mozilla.servo/.MainActivity} from uid 10165 on display 0
04-17 11:37:05.706  1070  2262 I ActivityManager: START u0 {flg=0x10804000 cmp=com.android.systemui/.recents.RecentsActivity} from uid 10042 on display 0
04-17 11:37:06.212  1070  1070 I VrManagerService: VR mode disabled
04-17 11:37:06.218  1070  1070 I VrManagerService: Disconnecting ComponentInfo{com.google.vr.vrcore/com.google.vr.vrcore.common.VrCoreListenerService} for user 0
