04-17 11:28:58.986  3547  3696 D mfosal  : [ERROR] msp_provisioning_manager.cpp:324 ti=3969939744  _fileUriPurpose : Carrier-Specific-Configuration
04-17 11:28:58.986  3547  3696 D mfosal  : [ERROR] msp_provisioning_manager.cpp:325 ti=3969939744  _fileUri :https://usd.vzw.net/provision/bootconfig.file.gz
04-17 11:28:58.986  3547  3696 D mfosal  : min version and maj version stored in RFS 2 :1 : 2
04-17 11:28:59.047  2146  2146 I AlarmClock: AlarmInitReceiver android.intent.action.TIME_SET
04-17 11:28:59.052  2146  2308 I AlarmClock: Fixing alarm instances
04-17 11:28:59.059  2146  2146 I DigitalWidgetProvider: onReceive: Intent { act=android.intent.action.TIME_SET flg=0x24000010 cmp=com.google.android.deskclock/com.android.alarmclock.DigitalAppWidgetProvider }
04-17 11:28:59.078  3547  3696 D mfosal  : [ERROR] msp_config_manager.cpp:683 ti=3969939744  getCurrentTimeFromCTS() _coordinatedTimeService pointer is nil
04-17 11:28:59.078  3547  3696 D mfosal  : [EVENT] log_events.cpp:62 ti=3969939744  [ SD_USD_DUMP_EVENT ]Packet ID: <14> Sub packet ID: <0> Version: <0> Time stamp: <0 secs > Fragment number: <1 > Total fragments: <6 > USD message length: <502 > USD message:<?xml version="1.0" encoding="UTF-8"?>
04-17 11:28:59.078  3547  3696 D mfosal  : <MSDCConfigParams Version="String" xsi:schemaLocation="urn:3gpp:qualcomm:MSDC:ConfigFile MSP_ConfigParams.xsd" xmlns="urn:3gpp:qualcomm:MSDC:ConfigFile" xmlns:xsi="http://www.w3.org/2001/XMLSchema-instance" xmlns:sv="urn:3gpp:metadata:2009:MBMS:schemaVersion" xmlns:r21="urn:qualcomm:MSDC:ConfigFile:ConfigSchemaExtn:r21" xmlns:r24="urn:qualcomm:MSDC:ConfigFile:ConfigSchemaExtn:r24">
04-17 11:28:59.078  3547  3696 D mfosal  :   <Unicast>
04-17 11:28:59.078  3547  3696 D mfosal  :     <HTTPRetryAttempts>5</HTTPRetryAttempts>
04-17 11:28:59.078  3547  3696 D mfosal  :     <HTTPRetryPer> 
04-17 11:28:59.078  3547  3696 D mfosal  : [DEBUG] log_events.cpp:115 ti=3969939744  Binary logger is not yet ready. Queueing up the log event
04-17 11:28:59.078  3547  3696 D mfosal  : [EVENT] log_events.cpp:62 ti=3969939744  [ SD_USD_DUMP_EVENT ]Packet ID: <14> Sub packet ID: <0> Version: <0> Time stamp: <0 secs > Fragment number: <2 > Total fragments: <6 > USD message length: <502 > USD message:iod>PT1M</HTTPRetryPeriod>
04-17 11:28:59.078  3547  3696 D mfosal  :     <HTTPClientTimeout>PT10S</HTTPClientTimeout>
04-17 11:28:59.078  3547  3696 D mfosal  :     <r24:UnicastExtension/>
04-17 11:28:59.078  3547  3696 D mfosal  :   </Unicast>
04-17 11:28:59.078  3547  3696 D mfosal  :   <BearerControl>
04-17 11:28:59.078  3547  3696 D mfosal  :     <FileDeliveryTMGIActivationRetryTimeOut>PT1S</FileDeliveryTMGIActivationRetryTimeOut>
04-17 11:28:59.078  3547  3696 D mfosal  :     <FileDeliveryOutOfServiceTMGIActivationRetryTimeOut>PT5S</FileDeliveryOutOfServiceTMGIActivationRetryTimeOut>
04-17 11:28:59.078  3547  3696 D mfosal  :     <r24:BearerControlExtension/>
04-17 11:28:59.078  3547  3696 D mfosal  :   </BearerControl>
04-17 11:28:59.078  3547  3696 D mfosal  :   <Streaming>
04-17 11:28:59.078  3547  3696 D mfosal  :     <SegmentProcDelayedBase>PT0.4S</SegmentProcDelayedBase>
04-17 11:28:59.078  3547  3696 D mfosal  :     <SegmentProcDelayedFa> 
04-17 11:28:59.078  3547  3696 D mfosal  : [DEBUG] log_events.cpp:115 ti=3969939744  Binary logger is not yet ready. Queueing up the log event
04-17 11:28:59.078  3547  3696 D mfosal  : [EVENT] log_events.cpp:62 ti=3969939744  [ SD_USD_DUMP_EVENT ]Packet ID: <14> Sub packet ID: <0> Version: <0> Time stamp: <0 secs > Fragment number: <3 > Total fragments: <6 > USD message length: <502 > USD message:ctor>1.0</SegmentProcDelayedFactor>
04-17 11:28:59.078  3547  3696 D mfosal  :     <TimeShiftedBufferDepth>PT90S</TimeShiftedBufferDepth>
04-17 11:28:59.078  3547  3696 D mfosal  :     <ReceptionGap>1</ReceptionGap>
04-17 11:28:59.078  3547  3696 D mfosal  :     <DelayJitter>PT2.5S</DelayJitter>
04-17 11:28:59.078  3547  3696 D mfosal  :     <r24:StreamingExtension/>
04-17 11:28:59.078  3547  3696 D mfosal  :   </Streaming>
04-17 11:28:59.078  3547  3696 D mfosal  :   <ServiceAnnouncement>
04-17 11:28:59.078  3547  3696 D mfosal  :     <ServiceDiscoveryWakeupDuration>PT15M</ServiceDiscoveryWakeupDuration>
04-17 11:28:59.078  3547  3696 D mfosal  :     <USDFileSizeQuota>35840</USDFileSizeQuota>
04-17 11:28:59.078  3547  3696 D mfosal  :     <ConfigurationFileSizeQuota>8192</ConfigurationFileSizeQuota>
04-17 11:28:59.078  3547  3696 D mfosal  :     <RegistrationValidity>PT168H</RegistrationValidity>
04-17 11:28:59.078  3547  3696 D mfosal  :     <Servi> 
04-17 11:28:59.078  3547  3696 D mfosal  : [DEBUG] log_events.cpp:115 ti=3969939744  Binary logger is not yet ready. Queueing up the log event
04-17 11:28:59.078  3547  3696 D mfosal  : [EVENT] log_events.cpp:62 ti=3969939744  [ SD_USD_DUMP_EVENT ]Packet ID: <14> Sub packet ID: <0> Version: <0> Time stamp: <0 secs > Fragment number: <4 > Total fragments: <6 > USD message length: <502 > USD message:ceDiscoveryFileReceiveWaitTime>PT60S</ServiceDiscoveryFileReceiveWaitTime>
04-17 11:28:59.078  3547  3696 D mfosal  :     <r21:ServiceDiscoveryPerDevice DeviceClassID="String" WakeupDuration="PT15M"/>
04-17 11:28:59.078  3547  3696 D mfosal  :     <sv:delimiter>127</sv:delimiter>
04-17 11:28:59.078  3547  3696 D mfosal  :     <r24:MSDCUpgradeCheckInterval>PT0H</r24:MSDCUpgradeCheckInterval>
04-17 11:28:59.078  3547  3696 D mfosal  :     <r24:ServiceAnnouncementExtension/>
04-17 11:28:59.078  3547  3696 D mfosal  :   </ServiceAnnouncement>
04-17 11:28:59.078  3547  3696 D mfosal  :   <FileDownload>
04-17 11:28:59.078  3547  3696 D mfosal  :     <FileRepairThreshold>0.75</FileRepairThreshold>
04-17 11:28:59.078  3547  3696 D mfosal  :     <FullFileRepairEnable>false</FullFileRepairEnable>
04-17 11:28:59.078  3547  3696 D mfosal  :     <UnfinishedFileDownloadQuota>102400> 
04-17 11:28:59.078  3547  3696 D mfosal  : [DEBUG] log_events.cpp:115 ti=3969939744  Binary logger is not yet ready. Queueing up the log event
04-17 11:28:59.078  3547  3696 D mfosal  : [EVENT] log_events.cpp:62 ti=3969939744  [ SD_USD_DUMP_EVENT ]Packet ID: <14> Sub packet ID: <0> Version: <0> Time stamp: <0 secs > Fragment number: <5 > Total fragments: <6 > USD message length: <502 > USD message:</UnfinishedFileDownloadQuota>
04-17 11:28:59.078  3547  3696 D mfosal  :     <AdvanceWakeupForFiles>PT2S</AdvanceWakeupForFiles>
04-17 11:28:59.078  3547  3696 D mfosal  :     <MultibandAdvanceWakeupForFiles>PT1S</MultibandAdvanceWakeupForFiles>
04-17 11:28:59.078  3547  3696 D mfosal  :     <MultibandRandomPeriod>10</MultibandRandomPeriod>
04-17 11:28:59.078  3547  3696 D mfosal  :     <FileRepairUriMaxLength>8190</FileRepairUriMaxLength>
04-17 11:28:59.078  3547  3696 D mfosal  :     <r24:FileDownloadExtension/>
04-17 11:28:59.078  3547  3696 D mfosal  :   </FileDownload>
04-17 11:28:59.078  3547  3696 D mfosal  :   <FLUTESession>
04-17 11:28:59.078  3547  3696 D mfosal  :     <BytesUntilFileDeliveryTableAvailable>128</BytesUntilFileDeliveryTableAvailable>
04-17 11:28:59.078  3547  3696 D mfosal  :     <NumberOfFileDeliveryTablesSaved>3</NumberOfFileDeliveryTablesS> 
04-17 11:28:59.078  3547  3696 D mfosal  : [DEBUG] log_events.cpp:115 ti=3969939744  Binary logger is not yet ready. Queueing up the log event
04-17 11:28:59.078  3547  3696 D mfosal  : [EVENT] log_events.cpp:62 ti=3969939744  [ SD_USD_DUMP_EVENT ]Packet ID: <14> Sub packet ID: <0> Version: <0> Time stamp: <0 secs > Fragment number: <6 > Total fragments: <6 > USD message length: <364 > USD message:aved>
04-17 11:28:59.078  3547  3696 D mfosal  :     <r24:FLUTESessionExtension/>
04-17 11:28:59.078  3547  3696 D mfosal  :   </FLUTESession>
04-17 11:28:59.078  3547  3696 D mfosal  :   <ReceptionReporting>
04-17 11:28:59.078  3547  3696 D mfosal  :     <ReceptionReportingQuota>102400</ReceptionReportingQuota>
04-17 11:28:59.078  3547  3696 D mfosal  :     <r24:ReceptionReportingExtension/>
04-17 11:28:59.078  3547  3696 D mfosal  :   </ReceptionReporting>
04-17 11:28:59.078  3547  3696 D mfosal  :   <SignalToNoiseRatioMapping Level0="0" Level1="1.0" Level2="2.0" Level3="3.0" Level4="4.0"/>
04-17 11:28:59.078  3547  3696 D mfosal  :   <r24:MSDCConfigParamsExtension/>
04-17 11:28:59.078  3547  3696 D mfosal  : </MSDCConfigParams>
04-17 11:28:59.078  3547  3696 D mfosal  : > 
04-17 11:28:59.078  3547  3696 D mfosal  : [DEBUG] log_events.cpp:115 ti=3969939744  Binary logger is not yet ready. Queueing up the log event
04-17 11:28:59.132  3547  3696 D mfosal  : min version and maj version stored in RFS 2 :1 : 2
04-17 11:28:59.141  3547  3696 D mfosal  : [ERROR] msp_debug_manager.cpp:76 ti=3969939744  Unable to read contents of /data/user/0/com.qualcomm.ltebc_vzw/files/msc/debug_params.xml
04-17 11:28:59.141  3547  3696 D mfosal  : [ERROR] msp_debug_manager.cpp:78 ti=3969939744  Cleaning up mini-dumps from previous crashes, if any
04-17 11:28:59.142  3547  3696 D mfosal  : [ERROR] msp_params_manager.cpp:1250 ti=3969939744  File is not found:debug_params.xml
04-17 11:28:59.142  3547  3696 D mfosal  : [ERROR] msp_params_manager.cpp:911 ti=3969939744  Sim PLMN is of incorrect length of 0
04-17 11:28:59.142  3547  3696 D mfosal  : [ERROR] msp_manager.cpp:303 ti=3969939744  The params manager is not started correctly
04-17 11:28:59.142  3547  3696 D mfosal  : [ERROR] msp_manager.cpp:1686 ti=3969939744  getParameterFileParseResult() getProvisioningFileParseResultFromParamsManager returned  PARAMETER_FILE_PARSE_FAIL
04-17 11:28:59.142  3547  3696 D mfosal  : [ERROR] msp_manager.cpp:403 ti=3969939744  construct()  processParameterFiles - setting state to FAILED
04-17 11:28:59.142  3547  3696 D mfosal  : [ERROR] msp_manager.cpp:206 ti=3969939744  initialize()  construct(params) failed - setting state to FAILED
04-17 11:28:59.148  1070  2263 I ActivityManager: Start proc 3710:com.qualcomm.timeservice/1000 for broadcast com.qualcomm.timeservice/.TimeServiceBroadcastReceiver
04-17 11:28:59.157  3547  3696 D mfosal  : [ERROR] msp_manager.cpp:1848 ti=3969939744  stopNotificationTimer() the _stateNotificationWaitTimerPtr is nil
04-17 11:28:59.157  3547  3696 D mfosal  : [EVENT] log_events.cpp:62 ti=3969939744  [ MSP_COMMON_SHUTDOWN_EVENT ]Packet ID: <13> Sub packet ID: <1> Version: <0> Time stamp: <0 seconds > Status: <1 > 
04-17 11:28:59.157  3547  3696 D mfosal  : [DEBUG] log_events.cpp:115 ti=3969939744  Binary logger is not yet ready. Queueing up the log event
04-17 11:28:59.157  3547  3696 I MSP-JNI : stateChangeNotification():FAILED state is received
04-17 11:28:59.157  3547  3696 I MSP-JNI : failedStateReceived(): setting pending error notifcation
04-17 11:28:59.157  3547  3696 I MSP-JNI : failedStateReceived(): releasing semaphore
04-17 11:28:59.157  3547  3696 I MSP-JNI : initialize(): mgr->initialize() failed
04-17 11:28:59.157  3547  3696 I MSP-JNI : initialize(): returning error notification 10006
04-17 11:28:59.158  3547  3696 I LTE Application:   mspInitResult  10006
04-17 11:28:59.233  2592  3727 I chatty  : uid=10019(com.google.android.gms) expire 2 lines
04-17 11:28:59.261  3547  3696 I LTEBC Broadcast Receiver: LTEBC stopRootService 
04-17 11:28:59.261  3547  3696 I LTEBC Broadcast Receiver: LTEBC stopRootService Broadcast Receiver Intent is NOT NULL 
04-17 11:28:59.261  3547  3696 I LTEBC Broadcast Receiver: LTEBC stopRootService Broadcast Receiver Intent set to NULL 
04-17 11:28:59.262  3547  3547 I LTE Root Service: onUnbind() called intent = Intent { act=com.qualcomm.ltebc_vzw.aidl.ILTERootService pkg=com.qualcomm.ltebc_vzw (has extras) }
04-17 11:28:59.262  3547  3547 I LTE Root Service: Stopping self
04-17 11:28:59.264  3547  3547 I LTE Root Service: onDestroy
04-17 11:28:59.270  3710  3710 I art     : Starting a blocking GC AddRemoveAppImageSpace
04-17 11:28:59.271  3710  3710 W System  : ClassLoader referenced unknown path: /system/app/TimeService/lib/arm64
04-17 11:28:59.273  1978  1978 I chatty  : uid=10019 com.google.android.gms.persistent expire 22 lines
04-17 11:28:59.282  3547  3696 E LTE Application: initializeMSP(): MSP is not initalized.
04-17 11:28:59.282  3547  3696 I LTE Application: MK_LOG: MSP Init completed
04-17 11:28:59.282  3547  3547 E LTE Application: shutdownLockOff() sKeepAlive1
04-17 11:28:59.282  3547  3547 I LTE Application:  shutdownApp 
04-17 11:28:59.283  3547  3547 I LTE Application:  shutdownApp : after jshutdown() 
04-17 11:28:59.283  3547  3547 I LTE Application:  shutdownApp : calling Disconnect from Ebmbs 
04-17 11:28:59.283  3547  3547 I LTE Embms Link: MK_LOG: disconnectFromEmbms
04-17 11:28:59.283  3547  3547 I LTE Embms Link: deregistering EMBMS callbacks
04-17 11:28:59.283  3547  3547 I LTE Application: Using debugTraceId: 6
04-17 11:28:59.284  3547  3547 I LTE Embms Link: Unbinding from EMBMS service getApplicationContext: com.qualcomm.ltebc_vzw.LTEVZWApplication@d355fc7, mEmbmsConnection :com.qualcomm.ltebc.LTEApplication$LTEEmbmsLink$1@73880bf, sEmbmsIRemoteService: com.qualcomm.embms.IEmbmsService$Stub$Proxy@e59cad5
04-17 11:28:59.284  3547  3547 I LTE Embms Link: Unbinding from EMBMS service
04-17 11:28:59.287  3534  3534 I eMBMS  Service: onUnbind
04-17 11:28:59.287  3534  3534 I eMBMS  Service: Internal Disable Called
04-17 11:28:59.287  3534  3534 I EmbmsOemHook: disable called on PhoneId: 0
04-17 11:28:59.288  3534  3534 W QMI_OEMHOOK: sendQmiMessageAsync phoneId: 0
04-17 11:28:59.288  3534  3534 V QMI_OEMHOOK: createPayload: serviceId= 2 messageId= 1
04-17 11:28:59.288  3534  3534 V QMI_OEMHOOK: val=1002
04-17 11:28:59.288  3534  3534 V QMI_OEMHOOK: Intermediate buf in QmiOemHook sendQmiMessage Sync or Async = 010400ea030000
04-17 11:28:59.288  3534  3534 V QMI_OEMHOOK: val=0
04-17 11:28:59.288  3534  3534 V QMI_OEMHOOK: Intermediate buf in QmiOemHook sendQmiMessage Sync or Async = 02010000
04-17 11:28:59.288  3534  3534 V QMI_OEMHOOK: Byte buf in QmiOemHook createPayload = java.nio.HeapByteBuffer[pos=23 lim=23 cap=23]
04-17 11:28:59.288  3534  3534 V QC_RIL_OEM_HOOK: sendRilOemHookMsgAsync: Outgoing Data is 514f454d484f4f4b6400080017000000000000000000000002000100010400ea03000002010000
04-17 11:28:59.289  3473  3473 D QcrilMsgTunnelIfaceManager: handleMessage what = 3
04-17 11:28:59.289  3473  3473 D QcrilMsgTunnelSocket: [1007] > OEM_HOOK_RAW[514f454d484f4f4b6400080017000000000000000000000002000100010400ea03000002010000]
04-17 11:28:59.290  3547  3547 I LTE Application:  shutdownApp : calling Connection Mgr shutdown() 
04-17 11:28:59.290  3547  3547 W SOCEKT  : Connection Thread shutdown
04-17 11:28:59.290  3547  3547 W SOCEKT  : Recieve thread Pool shutdown
04-17 11:28:59.290  3547  3547 I LTE Application:  shutdownApp : calling Ltebc exit 
04-17 11:28:59.291  3534  3534 I eMBMS  Service: mEmbmsOemHook.disable returned 0
04-17 11:28:59.291  3534  3534 I eMBMS  Service: onUnbind: setting mIsBound to false
04-17 11:28:59.291  3534  3534 I eMBMS  Service: onDestroy
04-17 11:28:59.291  3534  3534 I EmbmsOemHook: Removing a registrant
04-17 11:28:59.291  3534  3534 D EmbmsOemHook: dispose(): Unregistering receiver
04-17 11:28:59.292  3534  3534 V QMI_OEMHOOK: dispose(): Unregistering QcRilHook and calling QcRilHook dispose
04-17 11:28:59.292  3534  3534 V QC_RIL_OEM_HOOK: dispose(): Unbinding service
04-17 11:28:59.292  3473  3500 D QcrilMsgTunnelSocket: readRilMessage: Buffer = [B@dd299f4 HexData = [00000000ef030000000000001c0000006400080014000000020001000000010400ea03000002040000000000]
04-17 11:28:59.292  3473  3500 D QcrilMsgTunnelSocket: Rcvd SOLICITED response with 40 bytes data for SUB0
04-17 11:28:59.292  3473  3500 D QcrilMsgTunnelSocket: [1007] < OEM_HOOK_RAW [6400080014000000020001000000010400ea03000002040000000000]
04-17 11:28:59.292  3473  3473 D QcrilMsgTunnelIfaceManager: handleMessage what = 4
04-17 11:28:59.292  3473  3473 E QcrilMsgTunnelIfaceManager: OEM_RIL_REQUEST_ASYNC_DONE requestAsync.sub :0
04-17 11:28:59.293  3534  3545 W OemHookCallback: mPhoneId: 0
04-17 11:28:59.293  3534  3545 V QMI_OEMHOOK: receive responseData = 6400080014000000020001000000010400ea03000002040000000000 message={ when=-46s330ms what=5 target=com.qualcomm.embms.EmbmsService$2 } responseType= IS_ASYNC_RESPONSE
04-17 11:28:59.293  3534  3545 V QMI_OEMHOOK: receive respByteBuf after ByteBuffer.wrap(payload) = 6400080014000000020001000000010400ea03000002040000000000
04-17 11:28:59.293  3534  3545 V QMI_OEMHOOK: receive respByteBuf = java.nio.HeapByteBuffer[pos=0 lim=28 cap=28]
04-17 11:28:59.293  3534  3545 D QMI_OEMHOOK: receive requestId=524388 responseSize=20 responseTlvSize=14 serviceId=2 messageId=1 successStatus = 0 phoneId: 0
04-17 11:28:59.293  3534  3545 V QMI_OEMHOOK: Notifying registrant for responseType = IS_ASYNC_RESPONSE
04-17 11:28:59.294  3534  3534 V QC_RIL_OEM_HOOK: dispose(): Unregistering receiver
04-17 11:28:59.297  1070  1561 I ActivityManager: Killing 3065:com.android.chrome/u0a56 (adj 906): empty #17
04-17 11:28:59.302  3534  3534 I EmbmsOemHook: received message : 1
04-17 11:28:59.302  3534  3534 D EmbmsOemHook:  responseSize=14 successStatus=0phoneId: 0
04-17 11:28:59.303  3534  3534 I EmbmsOemHook: traceId = 1002
04-17 11:28:59.303  3534  3534 I EmbmsOemHook: code = 0
04-17 11:28:59.303  3534  3534 I eMBMS  Service: Message received: what = 5
04-17 11:28:59.303  3534  3534 I eMBMS  Service: EmbmsService is destroyed; do not handle any messages
04-17 11:28:59.313  3547  3547 I art     : System.exit called, status: 0
04-17 11:28:59.313  3547  3547 I AndroidRuntime: VM exiting with result code 0, cleanup skipped.
04-17 11:28:59.326  3710  3710 D TimeService: Receivedandroid.intent.action.TIME_SET intent. Current Time is 1492421339326
04-17 11:28:59.326  3710  3710 D         : TimeServiceNative: User Time to be set is 1492421339326
04-17 11:28:59.326  3710  3710 D QC-time-services: Lib:time_genoff_operation: pargs->base = 2
04-17 11:28:59.326  3710  3710 D QC-time-services: Lib:time_genoff_operation: pargs->operation = 0
04-17 11:28:59.326  3710  3710 D QC-time-services: Lib:time_genoff_operation: pargs->ts_val = 1492421339326
04-17 11:28:59.327  3710  3710 D QC-time-services: Lib:time_genoff_operation: Send to server  passed!!
04-17 11:28:59.327   628   722 D QC-time-services: Daemon: Connection accepted:time_genoff
04-17 11:28:59.327   628  3735 D QC-time-services: Daemon:Received base = 2, unit = 1, operation = 0,value = 1492421339326
04-17 11:28:59.327   628  3735 D QC-time-services: Daemon:genoff_opr: Base = 2, val = 1492421339326, operation = 0
04-17 11:28:59.327   628  3735 D QC-time-services: Daemon:Value read from QTimer mseconds = 50382
04-17 11:28:59.327   628  3735 D QC-time-services: Daemon:Value read from RTC mseconds on boot = 14910359000
04-17 11:28:59.327   628  3735 D QC-time-services: Daemon:Delta read on boot mseconds = 14910347280
04-17 11:28:59.327   628  3735 D QC-time-services: Daemon:new time 1492421339326 
04-17 11:28:59.327   628  3735 D QC-time-services: Daemon: delta 1477510941664 genoff 1477510941664 
04-17 11:28:59.327   628  3735 D QC-time-services: Daemon:genoff_persistent_update: Writing genoff = 1477510941664 to memory
04-17 11:28:59.327   628  3735 D QC-time-services: Daemon:Opening File: /data/time/ats_2
04-17 11:28:59.327   628  3735 D QC-time-services: Daemon:time_persistent_memory_opr:Genoff write operation 
04-17 11:28:59.329   628  3735 D QC-time-services: Updating the TOD offset
04-17 11:28:59.329   628  3735 D QC-time-services: Daemon:genoff_persistent_update: Writing genoff = 1477510941664 to memory
04-17 11:28:59.329   628  3735 D QC-time-services: Daemon:Opening File: /data/time/ats_1
04-17 11:28:59.329   628  3735 D QC-time-services: Daemon:time_persistent_memory_opr:Genoff write operation 
04-17 11:28:59.331   628  3735 E QC-time-services: Daemon:Update to modem bit set
04-17 11:28:59.331   628  3735 D QC-time-services: Daemon:genoff_send_modem: Sending data to MODEM !
04-17 11:28:59.331   628  3735 D QC-time-services: Daemon: Base = 2, Value being sent to MODEM = 1161546141664
04-17 11:28:59.331  3710  3710 E QC-time-services: Receive Passed == base = 2, unit = 1, operation = 0, result = 0
04-17 11:28:59.334   628   900 E QC-time-services: Daemon:tod_update_ind_cb: Got Update from modem msg_id 40
04-17 11:28:59.335   628   722 E QC-time-services: Daemon: Time-services: Waiting to acceptconnection
04-17 11:28:59.340  3612  3612 D CellBroadcastReceiver: Service state changed! 1 Full: 1 1 voice home data home null null null null null null  Unknown Unknown CSS not supported -1 -1 RoamInd=-1 DefRoamInd=-1 EmergOnly=true IsDataRoamingFromRegistration=false IsUsingCarrierAggregation=false Current state=-1
04-17 11:28:59.343  1070  2259 I ActivityManager: Killing 3091:com.google.android.onetimeinitializer/u0a25 (adj 906): empty #17
04-17 11:28:59.365  1070  2262 D ActivityManager: cleanUpApplicationRecord -- 3091
04-17 11:28:59.381  1070  3317 I ActivityManager: Start proc 3737:com.google.android.gms:snet/u0a19 for service com.google.android.gms/.chimera.SnetIntentOperationService
04-17 11:28:59.429  3737  3737 I chatty  : uid=10019 com.google.android.gms:snet expire 4 lines
04-17 11:28:59.533  1070  1681 D ActivityManager: cleanUpApplicationRecord -- 3065
04-17 11:28:59.549  1867  1868 E WCNSS_FILTER: do_read: read returned 0, err = Success, read bytes: 0, expected: 0
04-17 11:28:59.549  1867  1868 I WCNSS_FILTER: ibs_msm_serial_clock_vote: vote UART CLK ON using UART driver's ioctl()
04-17 11:28:59.556  2796  2857 I TimelySyncImpl: Found no pending settings
04-17 11:28:59.630  1070  1097 E libprocessgroup: failed to kill 1 processes for processgroup 3065
04-17 11:28:59.739  1070  3318 I ActivityManager: Process com.qualcomm.ltebc_vzw (pid 3547) has died
04-17 11:28:59.739  1070  3318 D ActivityManager: cleanUpApplicationRecord -- 3547
04-17 11:29:00.134  1070  1095 I ActivityManager: Waited long enough for: ServiceRecord{550caf0 u0 com.android.providers.media/.MediaScannerService}
04-17 11:29:00.236  1978  3781 I chatty  : uid=10019 com.google.android.gms.persistent expire 3 lines
04-17 11:29:00.418  1978  3343 I chatty  : uid=10019(com.google.android.gms) Binder:1978_6 expire 2 lines
04-17 11:29:00.520  2323  3244 D DownloadManager: [438] Finished with status SUCCESS
04-17 11:29:00.546  1978  1978 E ActivityThread: Service com.google.android.location.places.service.PlaceDetectionAsyncService has leaked IntentReceiver amth@28ce4db that was originally registered here. Are you missing a call to unregisterReceiver()?
04-17 11:29:00.546  1978  1978 E ActivityThread: android.app.IntentReceiverLeaked: Service com.google.android.location.places.service.PlaceDetectionAsyncService has leaked IntentReceiver amth@28ce4db that was originally registered here. Are you missing a call to unregisterReceiver()?
04-17 11:29:00.546  1978  1978 E ActivityThread: 	at android.app.LoadedApk$ReceiverDispatcher.<init>(LoadedApk.java:1159)
04-17 11:29:00.546  1978  1978 E ActivityThread: 	at android.app.LoadedApk.getReceiverDispatcher(LoadedApk.java:946)
04-17 11:29:00.546  1978  1978 E ActivityThread: 	at android.app.ContextImpl.registerReceiverInternal(ContextImpl.java:1302)
04-17 11:29:00.546  1978  1978 E ActivityThread: 	at android.app.ContextImpl.registerReceiver(ContextImpl.java:1282)
04-17 11:29:00.546  1978  1978 E ActivityThread: 	at android.content.ContextWrapper.registerReceiver(ContextWrapper.java:593)
04-17 11:29:00.546  1978  1978 E ActivityThread: 	at android.content.ContextWrapper.registerReceiver(ContextWrapper.java:593)
04-17 11:29:00.546  1978  1978 E ActivityThread: 	at android.content.ContextWrapper.registerReceiver(ContextWrapper.java:593)
04-17 11:29:00.546  1978  1978 E ActivityThread: 	at android.content.ContextWrapper.registerReceiver(ContextWrapper.java:593)
04-17 11:29:00.546  1978  1978 E ActivityThread: 	at amrb.run(:com.google.android.gms:4414)
04-17 11:29:00.546  1978  1978 E ActivityThread: 	at android.os.Handler.handleCallback(Handler.java:751)
04-17 11:29:00.546  1978  1978 E ActivityThread: 	at android.os.Handler.dispatchMessage(Handler.java:95)
04-17 11:29:00.546  1978  1978 E ActivityThread: 	at android.os.Looper.loop(Looper.java:154)
04-17 11:29:00.546  1978  1978 E ActivityThread: 	at android.os.HandlerThread.run(HandlerThread.java:61)
04-17 11:29:00.549  1978  3786 I chatty  : uid=10019 com.google.android.gms.persistent expire 1 line
04-17 11:29:00.551  1867  1888 I WCNSS_FILTER: ibs_msm_serial_clock_vote: vote UART CLK OFF using UART driver's ioctl()
04-17 11:29:00.645  1978  1978 E ActivityThread: Service com.google.android.location.places.service.PlaceDetectionAsyncService has leaked IntentReceiver amth@a273154 that was originally registered here. Are you missing a call to unregisterReceiver()?
04-17 11:29:00.645  1978  1978 E ActivityThread: android.app.IntentReceiverLeaked: Service com.google.android.location.places.service.PlaceDetectionAsyncService has leaked IntentReceiver amth@a273154 that was originally registered here. Are you missing a call to unregisterReceiver()?
04-17 11:29:00.645  1978  1978 E ActivityThread: 	at android.app.LoadedApk$ReceiverDispatcher.<init>(LoadedApk.java:1159)
04-17 11:29:00.645  1978  1978 E ActivityThread: 	at android.app.LoadedApk.getReceiverDispatcher(LoadedApk.java:946)
04-17 11:29:00.645  1978  1978 E ActivityThread: 	at android.app.ContextImpl.registerReceiverInternal(ContextImpl.java:1302)
04-17 11:29:00.645  1978  1978 E ActivityThread: 	at android.app.ContextImpl.registerReceiver(ContextImpl.java:1282)
04-17 11:29:00.645  1978  1978 E ActivityThread: 	at android.content.ContextWrapper.registerReceiver(ContextWrapper.java:593)
04-17 11:29:00.645  1978  1978 E ActivityThread: 	at android.content.ContextWrapper.registerReceiver(ContextWrapper.java:593)
04-17 11:29:00.645  1978  1978 E ActivityThread: 	at android.content.ContextWrapper.registerReceiver(ContextWrapper.java:593)
04-17 11:29:00.645  1978  1978 E ActivityThread: 	at android.content.ContextWrapper.registerReceiver(ContextWrapper.java:593)
04-17 11:29:00.645  1978  1978 E ActivityThread: 	at amrb.run(:com.google.android.gms:4414)
04-17 11:29:00.645  1978  1978 E ActivityThread: 	at android.os.Handler.handleCallback(Handler.java:751)
04-17 11:29:00.645  1978  1978 E ActivityThread: 	at android.os.Handler.dispatchMessage(Handler.java:95)
04-17 11:29:00.645  1978  1978 E ActivityThread: 	at android.os.Looper.loop(Looper.java:154)
04-17 11:29:00.645  1978  1978 E ActivityThread: 	at android.os.HandlerThread.run(HandlerThread.java:61)
04-17 11:29:00.647  1978  3790 I chatty  : uid=10019 com.google.android.gms.persistent expire 1 line
04-17 11:29:00.701  1978  1978 E ActivityThread: Service com.google.android.location.places.service.PlaceDetectionAsyncService has leaked IntentReceiver amth@1d3248f that was originally registered here. Are you missing a call to unregisterReceiver()?
04-17 11:29:00.701  1978  1978 E ActivityThread: android.app.IntentReceiverLeaked: Service com.google.android.location.places.service.PlaceDetectionAsyncService has leaked IntentReceiver amth@1d3248f that was originally registered here. Are you missing a call to unregisterReceiver()?
04-17 11:29:00.701  1978  1978 E ActivityThread: 	at android.app.LoadedApk$ReceiverDispatcher.<init>(LoadedApk.java:1159)
04-17 11:29:00.701  1978  1978 E ActivityThread: 	at android.app.LoadedApk.getReceiverDispatcher(LoadedApk.java:946)
04-17 11:29:00.701  1978  1978 E ActivityThread: 	at android.app.ContextImpl.registerReceiverInternal(ContextImpl.java:1302)
04-17 11:29:00.701  1978  1978 E ActivityThread: 	at android.app.ContextImpl.registerReceiver(ContextImpl.java:1282)
04-17 11:29:00.701  1978  1978 E ActivityThread: 	at android.content.ContextWrapper.registerReceiver(ContextWrapper.java:593)
04-17 11:29:00.701  1978  1978 E ActivityThread: 	at android.content.ContextWrapper.registerReceiver(ContextWrapper.java:593)
04-17 11:29:00.701  1978  1978 E ActivityThread: 	at android.content.ContextWrapper.registerReceiver(ContextWrapper.java:593)
04-17 11:29:00.701  1978  1978 E ActivityThread: 	at android.content.ContextWrapper.registerReceiver(ContextWrapper.java:593)
04-17 11:29:00.701  1978  1978 E ActivityThread: 	at amrb.run(:com.google.android.gms:4414)
04-17 11:29:00.701  1978  1978 E ActivityThread: 	at android.os.Handler.handleCallback(Handler.java:751)
04-17 11:29:00.701  1978  1978 E ActivityThread: 	at android.os.Handler.dispatchMessage(Handler.java:95)
04-17 11:29:00.701  1978  1978 E ActivityThread: 	at android.os.Looper.loop(Looper.java:154)
04-17 11:29:00.701  1978  1978 E ActivityThread: 	at android.os.HandlerThread.run(HandlerThread.java:61)
04-17 11:29:00.702  1978  3791 I chatty  : uid=10019 com.google.android.gms.persistent expire 1 line
04-17 11:29:00.738  1978  1978 E ActivityThread: Service com.google.android.location.places.service.PlaceDetectionAsyncService has leaked IntentReceiver amth@4fc1d76 that was originally registered here. Are you missing a call to unregisterReceiver()?
04-17 11:29:00.738  1978  1978 E ActivityThread: android.app.IntentReceiverLeaked: Service com.google.android.location.places.service.PlaceDetectionAsyncService has leaked IntentReceiver amth@4fc1d76 that was originally registered here. Are you missing a call to unregisterReceiver()?
04-17 11:29:00.738  1978  1978 E ActivityThread: 	at android.app.LoadedApk$ReceiverDispatcher.<init>(LoadedApk.java:1159)
04-17 11:29:00.738  1978  1978 E ActivityThread: 	at android.app.LoadedApk.getReceiverDispatcher(LoadedApk.java:946)
04-17 11:29:00.738  1978  1978 E ActivityThread: 	at android.app.ContextImpl.registerReceiverInternal(ContextImpl.java:1302)
04-17 11:29:00.738  1978  1978 E ActivityThread: 	at android.app.ContextImpl.registerReceiver(ContextImpl.java:1282)
04-17 11:29:00.738  1978  1978 E ActivityThread: 	at android.content.ContextWrapper.registerReceiver(ContextWrapper.java:593)
04-17 11:29:00.738  1978  1978 E ActivityThread: 	at android.content.ContextWrapper.registerReceiver(ContextWrapper.java:593)
04-17 11:29:00.738  1978  1978 E ActivityThread: 	at android.content.ContextWrapper.registerReceiver(ContextWrapper.java:593)
04-17 11:29:00.738  1978  1978 E ActivityThread: 	at android.content.ContextWrapper.registerReceiver(ContextWrapper.java:593)
04-17 11:29:00.738  1978  1978 E ActivityThread: 	at amrb.run(:com.google.android.gms:4414)
04-17 11:29:00.738  1978  1978 E ActivityThread: 	at android.os.Handler.handleCallback(Handler.java:751)
04-17 11:29:00.738  1978  1978 E ActivityThread: 	at android.os.Handler.dispatchMessage(Handler.java:95)
04-17 11:29:00.738  1978  1978 E ActivityThread: 	at android.os.Looper.loop(Looper.java:154)
04-17 11:29:00.738  1978  1978 E ActivityThread: 	at android.os.HandlerThread.run(HandlerThread.java:61)
04-17 11:29:00.744  1978  3793 I chatty  : uid=10019 com.google.android.gms.persistent expire 1 line
04-17 11:29:00.810  1448  2296 W Delight5Decoder: Failed to get spatial model version.
04-17 11:29:01.025  2592  3783 I chatty  : uid=10019(com.google.android.gms) expire 2 lines
04-17 11:29:01.105  2904  2904 D RcsService: Received broadcast of intent rcs.intent.action.disableRcs
04-17 11:29:01.105  2904  2904 D RcsService: Disabling RCS connectivity setting
04-17 11:29:01.240  2100  3802 I chatty  : uid=10019(com.google.android.gms) com.google.process.gapps expire 1 line
04-17 11:29:01.303  2757  3798 I NotifUtils: Validating Notification, mapSize: 1 getAttention: true ignoreUnobtrusive: false
04-17 11:29:01.317  2757  3798 I NotifUtils: Unseen count doesn't match cursor count.  unseen: 61 cursor count: 1
04-17 11:29:01.362  2757  3798 I NotifUtils: Showing notification with unreadCount of 1 and unseenCount of 1
04-17 11:29:01.372  2323  2335 V DownloadManager: Deleting /data/data/com.android.providers.downloads/cache/model_1473871867.bin via provider delete
04-17 11:29:01.811  1441  1944 D BtGatt.GattService: stopScan() - queue size =1
04-17 11:29:01.812  1441  1923 D BtGatt.GattService: unregisterClient() - clientIf=5
04-17 11:29:01.813  1441  1728 D BtGatt.ScanManager: stop scan
04-17 11:29:01.814  1867  1868 I WCNSS_FILTER: ibs_msm_serial_clock_vote: vote UART CLK ON using UART driver's ioctl()
04-17 11:29:01.821  1441  1560 D BtGatt.GattService: onScanFilterParamsConfigured() - clientIf=5, status=0, action=1, availableSpace=11
04-17 11:29:01.821  1441  1560 D BtGatt.ScanManager: callback done for clientIf - 5 status - 0
04-17 11:29:01.823  1441  1560 D BtGatt.GattService: onScanFilterParamsConfigured() - clientIf=5, status=0, action=1, availableSpace=12
04-17 11:29:01.823  1441  1560 D BtGatt.ScanManager: callback done for clientIf - 5 status - 0
04-17 11:29:01.825  1441  1560 D BtGatt.GattService: onScanFilterParamsConfigured() - clientIf=5, status=0, action=1, availableSpace=13
04-17 11:29:01.825  1441  1560 D BtGatt.ScanManager: callback done for clientIf - 5 status - 0
04-17 11:29:01.827  1441  1560 D BtGatt.GattService: onScanFilterParamsConfigured() - clientIf=5, status=0, action=1, availableSpace=14
04-17 11:29:01.827  1441  1560 D BtGatt.ScanManager: callback done for clientIf - 5 status - 0
04-17 11:29:01.829  1441  1560 D BtGatt.GattService: onScanFilterParamsConfigured() - clientIf=5, status=0, action=1, availableSpace=15
04-17 11:29:01.829  1441  1560 D BtGatt.ScanManager: callback done for clientIf - 5 status - 0
04-17 11:29:01.830  1441  1560 D BtGatt.GattService: onScanFilterParamsConfigured() - clientIf=5, status=0, action=1, availableSpace=16
04-17 11:29:01.830  1441  1560 D BtGatt.ScanManager: callback done for clientIf - 5 status - 0
04-17 11:29:01.832  1441  1728 D BtGatt.ScanManager: configureRegularScanParams() - queue=0
04-17 11:29:01.832  1441  1728 D BtGatt.ScanManager: configureRegularScanParams() - ScanSetting Scan mode=-2147483648 mLastConfiguredScanSetting=2
04-17 11:29:01.832  1441  1728 D BtGatt.ScanManager: configureRegularScanParams() - queue emtpy, scan stopped
04-17 11:29:02.084  2757  2767 W art     : Suspending all threads took: 11.532ms
04-17 11:29:02.143  3534  3542 V QMI_OEMHOOK: is destroyed
04-17 11:29:02.143  3534  3542 V QC_RIL_OEM_HOOK: is destroyed
04-17 11:29:02.144  3534  3542 V QMI_OEMHOOK: is destroyed
04-17 11:29:02.144  3534  3542 V QC_RIL_OEM_HOOK: is destroyed
04-17 11:29:02.280  2757  3798 I NotifUtils: Account: 259755595 vibrate: false
04-17 11:29:02.282  2757  3798 I NotifUtils: New email in 259755595 vibrateWhen: false, playing notification: content://settings/system/notification_sound
04-17 11:29:02.301  2757  3798 I NotifUtils: notifying summary notification id: -1969914617
04-17 11:29:02.341  2757  3798 I NotifUtils: notifying conversation notification -1812816459
04-17 11:29:02.370   624  3818 E WVMExtractor: Failed to open libwvm.so: dlopen failed: library "libwvm.so" not found
04-17 11:29:02.401   624  3817 D NuPlayerDriver: notifyListener_l(0xedb2aa80), (1, 0, 0), loop setting(0, 0)
04-17 11:29:02.401  1494  3816 D MediaPlayer: setSubtitleAnchor in MediaPlayer
04-17 11:29:02.409  1070  2263 I chatty  : uid=1000(system) Binder:1070_F expire 3 lines
04-17 11:29:02.412   624   761 D NuPlayerDriver: start(0xedb2aa80), state is 4, eos is 0
04-17 11:29:02.412   624  3817 I GenericSource: start
04-17 11:29:02.422   624  3823 I MediaPlayerService: MediaPlayerService::getOMX
04-17 11:29:02.422   624  3823 I OMXClient: MuxOMX ctor
04-17 11:29:02.422   621   758 I OMXMaster: makeComponentInstance(OMX.google.vorbis.decoder) in mediacodec process
04-17 11:29:02.426  1070  1081 I ActivityManager: Killing 3268:com.google.android.storagemanager/u0a41 (adj 906): empty #17
04-17 11:29:02.448   621  1530 E OMXNodeInstance: setConfig(26d0033:google.vorbis.decoder, ConfigPriority(0x6f800002)) ERROR: Undefined(0x80001001)
04-17 11:29:02.448   624  3823 I ACodec  : codec does not support config priority (err -2147483648)
04-17 11:29:02.449   624  3823 I MediaCodec: MediaCodec will operate in async mode
04-17 11:29:02.462   624  3821 D AudioTrack: Client defaulted notificationFrames to 12000 for frameCount 24000
04-17 11:29:02.463   484   484 E volume_listener: check_and_set_gain_dep_cal: Failed to set gain dep cal level
04-17 11:29:02.464   624  3817 D NuPlayerDriver: notifyListener_l(0xedb2aa80), (6, 0, 0), loop setting(0, 0)
04-17 11:29:02.465   484   551 I ACDB-LOADER: ACDB AFE returned = -19
04-17 11:29:02.465   484   551 D hardware_info: hw_info_append_hw_type : device_name = speaker
04-17 11:29:02.465   484   551 D audio_hw_primary: enable_snd_device: snd_device(2: speaker)
04-17 11:29:02.465   484   551 D audio_hw_primary: enable_audio_route: usecase(1) apply and update mixer path: low-latency-playback speaker
04-17 11:29:02.466   614   642 E ANDR-PERF-OPTSHANDLER: Warning: Resource [2, 0] not supported for core 1. Instead use resource for core 0
04-17 11:29:02.466   614   642 E ANDR-PERF-RESOURCEQS: Failed to apply optimization [2, 2, 0]
04-17 11:29:02.474  1070  1943 D ActivityManager: cleanUpApplicationRecord -- 3268
04-17 11:29:02.481  2100  3824 I chatty  : uid=10019(com.google.android.gms) com.google.process.gapps expire 1 line
04-17 11:29:02.497   484   551 D audio_hw_primary: out_write: retry previous failed cal level set
04-17 11:29:02.829  1867  1888 I WCNSS_FILTER: ibs_msm_serial_clock_vote: vote UART CLK OFF using UART driver's ioctl()
04-17 11:29:02.864  2757  2827 I Gmail   : MainSyncRequestProto: lowestBkwdConvoId: 0, highestHandledServerOp: 1376363, normalSync: true
04-17 11:29:02.964  2757  2827 I Gmail   : lowestBackward conversation id 0
04-17 11:29:03.092  1070  2262 I ActivityManager: Killing 2777:com.google.process.gapps/u0a64 (adj 906): empty #17
04-17 11:29:03.111  1070  1870 D ActivityManager: cleanUpApplicationRecord -- 2777
04-17 11:29:03.338  2592  2737 I chatty  : uid=10019(com.google.android.gms) lowpool[0] expire 4 lines
04-17 11:29:03.356  2757  2827 I Gmail   : AppDataSearch: minSeqNo=21662, maxSeqNo=21719, lastCommittedSequence=21662
04-17 11:29:03.515   624  3822 I NuPlayerDecoder: [audio] saw output EOS
04-17 11:29:03.528  2757  2827 I UnifiedEmail: notifyAccountChanged
04-17 11:29:03.534  2757  2807 I UnifiedEmail: getAccountsCursor
04-17 11:29:03.752  2757  2827 I UnifiedEmail: notifyAccountChanged
04-17 11:29:03.757  2757  2825 I UnifiedEmail: getAccountsCursor
04-17 11:29:03.761  2757  2827 W Gmail   : Sync complete for account: account:259755595
04-17 11:29:03.774  1070  1094 I chatty  : uid=1000(system) android.bg expire 4 lines
04-17 11:29:03.887  2592  3695 I chatty  : uid=10019(com.google.android.gms) expire 1 line
04-17 11:29:03.975   624  3817 D NuPlayerDriver: notifyListener_l(0xedb2aa80), (2, 0, 0), loop setting(0, 0)
04-17 11:29:03.976  1070  1477 I chatty  : uid=1000(system) Binder:1070_3 expire 11 lines
04-17 11:29:04.043  1070  1393 I chatty  : uid=1000(system) InputReader expire 5 lines
04-17 11:29:04.050  2019  2019 D RegisteredNfcFServicesCache: Service unchanged, not updating
04-17 11:29:04.088  1655  1655 D CarrierSvcBindHelper: No carrier app for: 0
04-17 11:29:04.120  1070  1094 I ActivityManager: Start proc 3831:com.android.printspooler/u0a88 for service com.android.printspooler/.model.PrintSpoolerService
04-17 11:29:04.145  3831  3831 I art     : Starting a blocking GC AddRemoveAppImageSpace
04-17 11:29:04.279  1070  1095 I ActivityManager: Waited long enough for: ServiceRecord{65d380b u0 com.google.android.apps.maps/com.google.android.apps.gmm.transit.TransitStationService}
04-17 11:29:04.320  1070  2259 I ActivityManager: Killing 3346:com.google.android.videos/u0a93 (adj 906): empty #17
04-17 11:29:04.362  1070  3316 D ActivityManager: cleanUpApplicationRecord -- 3346
04-17 11:29:05.504  1978  3846 I chatty  : uid=10019 com.google.android.gms.persistent expire 3 lines
04-17 11:29:05.913  1070  1385 I chatty  : uid=1000(system) n HAL callback. expire 12 lines
04-17 11:29:06.379  1978  3855 I chatty  : uid=10019 com.google.android.gms.persistent expire 1 line
04-17 11:29:06.515  1978  3699 I chatty  : uid=10019 com.google.android.gms.persistent expire 6 lines
04-17 11:29:06.601  1978  2730 I chatty  : uid=10019 com.google.android.gms.persistent expire 1 line
04-17 11:29:06.731  1978  3287 I chatty  : uid=10019 com.google.android.gms.persistent expire 6 lines
04-17 11:29:06.816  1978  1978 I chatty  : uid=10019 com.google.android.gms.persistent expire 4 lines
04-17 11:29:06.873  1978  3310 I chatty  : uid=10019(com.google.android.gms) lowpool[8] expire 1 line
04-17 11:29:06.910  1494  1494 I OpaEnableReceiver: Received Intent { act=com.google.android.systemui.OPA_ENABLED flg=0x10000010 cmp=com.android.systemui/com.google.android.systemui.OpaEnableReceiver (has extras) } with enabled = false userId=0
04-17 11:29:06.911  1494  1494 I OpaLayout: Setting opa enabled to false
04-17 11:29:06.911  1494  1494 I OpaLayout: Setting opa enabled to false
04-17 11:29:06.960  1978  3286 I chatty  : uid=10019 com.google.android.gms.persistent expire 1 line
04-17 11:29:06.967  2592  2895 I chatty  : uid=10019(com.google.android.gms) lowpool[2] expire 2 lines
04-17 11:29:06.993   484   551 D audio_hw_primary: disable_audio_route: usecase(1) reset and update mixer path: low-latency-playback speaker
04-17 11:29:06.994   484   551 D hardware_info: hw_info_append_hw_type : device_name = speaker
04-17 11:29:06.994   484   551 D audio_hw_primary: disable_snd_device: snd_device(2: speaker)
04-17 11:29:07.010  1978  3286 I chatty  : uid=10019 com.google.android.gms.persistent expire 5 lines
04-17 11:29:07.039  1978  1978 I chatty  : uid=10019 com.google.android.gms.persistent expire 4 lines
04-17 11:29:07.099  1978  3699 I chatty  : uid=10019 com.google.android.gms.persistent expire 1 line
04-17 11:29:07.132  1978  2292 I chatty  : uid=10019 com.google.android.gms.persistent expire 6 lines
04-17 11:29:07.169  1978  1978 I chatty  : uid=10019 com.google.android.gms.persistent expire 9 lines
04-17 11:29:07.179  1978  3287 I chatty  : uid=10019 com.google.android.gms.persistent expire 1 line
04-17 11:29:07.225  1978  2306 I chatty  : uid=10019 com.google.android.gms.persistent expire 20 lines
04-17 11:29:07.247  1978  3286 I chatty  : uid=10019 com.google.android.gms.persistent expire 1 line
04-17 11:29:07.488  1448  1466 W art     : Suspending all threads took: 10.644ms
04-17 11:29:07.505  1978  3812 I chatty  : uid=10019 com.google.android.gms.persistent expire 1 line
04-17 11:29:07.560  1070  2261 I ActivityManager: Start proc 3861:com.google.android.youtube/u0a98 for service com.google.android.youtube/com.google.android.libraries.youtube.common.gcore.gcoreclient.gcm.impl.GcmTaskServiceDelegator
04-17 11:29:07.609  3861  3861 I art     : Starting a blocking GC AddRemoveAppImageSpace
04-17 11:29:07.733  3861  3890 W YouTube : Fetching the Gservices key 'failsafe_maxnumbercrash' before the end of the bulk initialization
04-17 11:29:07.766  3861  3885 W YouTube : Fetching the Gservices key 'disable_binder_callback_flush' before the end of the bulk initialization
04-17 11:29:07.804  3861  3882 D ApplicationLoaders: ignored Vulkan layer search path /data/app/com.google.android.gms-1/lib/arm64:/system/fake-libs64:/data/app/com.google.android.gms-1/base.apk!/lib/arm64-v8a for namespace 0x7b54a7a0f0
04-17 11:29:07.815  3861  3889 W System  : ClassLoader referenced unknown path: 
04-17 11:29:07.818  3861  3889 D ApplicationLoaders: ignored Vulkan layer search path /data/app/com.google.android.gms-1/lib/arm64:/system/fake-libs64:/data/app/com.google.android.gms-1/base.apk!/lib/arm64-v8a for namespace 0x7b54a7a160
04-17 11:29:07.846  3861  3889 D DynamitePackage: Instantiated singleton DynamitePackage.
04-17 11:29:07.846  3861  3889 D DynamitePackage: Instantiating com.google.android.gms.ads.adshield.ChimeraAdShieldCreatorImpl
04-17 11:29:07.882  3861  3861 V MediaRouter: Adding route: RouteInfo{ name=Telfono, description=null, status=null, category=RouteCategory{ name=null types=ROUTE_TYPE_LIVE_AUDIO ROUTE_TYPE_LIVE_VIDEO  groupable=false }, supportedTypes=ROUTE_TYPE_LIVE_AUDIO ROUTE_TYPE_LIVE_VIDEO , presentationDisplay=null }
04-17 11:29:07.887  3861  3861 V MediaRouter: Updating audio routes: AudioRoutesInfo{ type=SPEAKER }
04-17 11:29:07.890  3861  3861 V MediaRouter: Selecting route: RouteInfo{ name=Telfono, description=null, status=null, category=RouteCategory{ name=null types=ROUTE_TYPE_LIVE_AUDIO ROUTE_TYPE_LIVE_VIDEO  groupable=false }, supportedTypes=ROUTE_TYPE_LIVE_AUDIO ROUTE_TYPE_LIVE_VIDEO , presentationDisplay=null }
04-17 11:29:07.915  3861  3861 W InstanceID/Rpc: Found 10019
04-17 11:29:07.933  1070  1870 D ConnectivityService: Returning blocked NetworkInfo to uid=10098
04-17 11:29:08.007  3861  3882 V JNIHelp : Registering com/google/android/gms/org/conscrypt/NativeCrypto's 242 native methods...
04-17 11:29:08.026  3861  3889 W art     : Before Android 4.1, method double java.util.concurrent.ThreadLocalRandom.internalNextDouble(double, double) would have incorrectly overridden the package-private method in java.util.Random
04-17 11:29:08.026  3861  3889 W art     : Before Android 4.1, method int java.util.concurrent.ThreadLocalRandom.internalNextInt(int, int) would have incorrectly overridden the package-private method in java.util.Random
04-17 11:29:08.026  3861  3889 W art     : Before Android 4.1, method long java.util.concurrent.ThreadLocalRandom.internalNextLong(long, long) would have incorrectly overridden the package-private method in java.util.Random
04-17 11:29:08.029  1978  3343 I chatty  : uid=10019(com.google.android.gms) Binder:1978_6 expire 2 lines
04-17 11:29:08.110  1494  1494 D PhoneStatusBar: disable: < expand ICONS alerts SYSTEM_INFO back HOME RECENT clock SEARCH quick_settings >
04-17 11:29:08.159   484   551 I ACDB-LOADER: ACDB AFE returned = -19
04-17 11:29:08.159   484   551 D hardware_info: hw_info_append_hw_type : device_name = speaker
04-17 11:29:08.159   484   551 D audio_hw_primary: enable_snd_device: snd_device(2: speaker)
04-17 11:29:08.159   484   551 D audio_hw_primary: enable_audio_route: usecase(1) apply and update mixer path: low-latency-playback speaker
04-17 11:29:08.160   614   642 E ANDR-PERF-OPTSHANDLER: Warning: Resource [2, 0] not supported for core 1. Instead use resource for core 0
04-17 11:29:08.160   614   642 E ANDR-PERF-RESOURCEQS: Failed to apply optimization [2, 2, 0]
04-17 11:29:08.162  1494  1494 D PhoneStatusBar: disable: < expand icons* alerts system_info* back HOME RECENT clock SEARCH quick_settings >
04-17 11:29:08.162  1070  1081 I chatty  : uid=1000(system) Binder:1070_2 expire 11 lines
04-17 11:29:08.176  2176  2176 I AttachedClient: Adding client event 27 to pending list.
04-17 11:29:08.180  2176  2176 I OptInState: There is a new client and it does not support opt-in. Dropping request.
04-17 11:29:08.193  1604  1604 D zz      : UtWallpaperService$UtEngine$DeviceEventsReceiver.onReceive() user_present
04-17 11:29:08.193  1604  1604 D zz      : UtRenderer.onUserPresent() 
04-17 11:29:08.193  1604  1604 D zz      : UtRenderer.onUserPresent() and was at lock screen
04-17 11:29:08.210  1494  1494 D PhoneStatusBar: disable: < expand icons alerts system_info back home* recent* clock search* quick_settings >
04-17 11:29:08.238  2176  2235 W LocationOracle: No location history returned by ContextManager
04-17 11:29:08.249  2592  3852 I chatty  : uid=10019(com.google.android.gms) expire 1 line
04-17 11:29:08.302  1070  1124 D BluetoothManagerService: Message: 20
04-17 11:29:08.302  1070  1124 D BluetoothManagerService: Added callback: android.bluetooth.IBluetoothManagerCallback$Stub$Proxy@d39f881:true
04-17 11:29:08.322  2019  2174 E BrcmNfcJni: nfaDeviceManagementCallback: NFA_DM_GET_CONFIG failed
04-17 11:29:08.323  2019  3959 E BrcmNfcJni: enableDisableLptd: Config TLV length 0 returned is too short
04-17 11:29:08.323  2019  2174 E BrcmNfcJni: nfaConnectionCallback: unknown event ????
04-17 11:29:08.324  2019  2174 D BrcmNfcJni: RoutingManager::nfaEeCallback: NFA_EE_SET_TECH_CFG_EVT; status=0x0
04-17 11:29:08.324  2019  2174 D BrcmNfcJni: RoutingManager::nfaEeCallback: NFA_EE_SET_PROTO_CFG_EVT; status=0x0
04-17 11:29:08.324  2019  3959 D BrcmNfcJni: RoutingManager::commitRouting
04-17 11:29:08.324  2019  2174 D BrcmNfcJni: RoutingManager::nfaEeCallback: NFA_EE_UPDATED_EVT
04-17 11:29:08.357  2176  2187 I art     : Background partial concurrent mark sweep GC freed 51815(3MB) AllocSpace objects, 24(528KB) LOS objects, 40% free, 8MB/14MB, paused 5.549ms total 131.170ms
04-17 11:29:08.361  3861  3861 V MediaRouter: Selecting route: RouteInfo{ name=Telfono, description=null, status=null, category=RouteCategory{ name=null types=ROUTE_TYPE_LIVE_AUDIO ROUTE_TYPE_LIVE_VIDEO  groupable=false }, supportedTypes=ROUTE_TYPE_LIVE_AUDIO ROUTE_TYPE_LIVE_VIDEO , presentationDisplay=null }
04-17 11:29:08.405  1978  2280 I chatty  : uid=10019(com.google.android.gms) FlpThread expire 10 lines
04-17 11:29:08.500  1070  1870 W ActivityManager: Permission Denial: Accessing service ComponentInfo{com.google.android.music/com.google.android.music.dial.DialMediaRouteProviderService} from pid=3861, uid=10098 that is not exported from uid 10078
04-17 11:29:08.611  1070  3317 I ActivityManager: Setting hasTopUi=false for pid=1494
04-17 11:29:08.822  2592  2592 I chatty  : uid=10019(com.google.android.gms) expire 6 lines
04-17 11:29:08.869  2592  2737 I chatty  : uid=10019(com.google.android.gms) lowpool[0] expire 7 lines
04-17 11:29:08.897  2592  3695 I chatty  : uid=10019(com.google.android.gms) expire 1 line
04-17 11:29:08.972  3861  3882 D NetworkSecurityConfig: No Network Security Config specified, using platform default
04-17 11:29:08.974  3861  3882 I ProviderInstaller: Installed default security provider GmsCore_OpenSSL
04-17 11:29:09.158  1070  2263 I ActivityManager: Start proc 3998:com.google.android.GoogleCamera/u0a63 for content provider com.google.android.GoogleCamera/com.google.android.apps.camera.specialtypes.CameraSpecialTypesProvider
04-17 11:29:09.296  1978  2289 I chatty  : uid=10019(com.google.android.gms) GAC_Executor[1] expire 1 line
