04-17 11:28:32.596  1070  1070 I SystemServiceManager: Starting com.android.server.job.JobSchedulerService
04-17 11:28:32.621  1070  1070 D JobStore: Start tag: job-info
04-17 11:28:32.629  1070  1070 W JobStore: Periodic job for uid='10022' persisted run-time is too big [00:22, 2562047788015:12:55]. Clamping to [24:00:22,48:00:22]
04-17 11:28:32.710  1070  1070 I SystemServiceManager: Starting com.android.server.soundtrigger.SoundTriggerService
04-17 11:28:32.720  1070  1070 I SystemServiceManager: Starting com.android.server.backup.BackupManagerService$Lifecycle
04-17 11:28:32.731  1070  1070 I SystemServiceManager: Starting com.android.server.appwidget.AppWidgetService
04-17 11:28:32.774  1070  1070 I SystemServiceManager: Starting com.android.server.voiceinteraction.VoiceInteractionManagerService
04-17 11:28:32.781  1070  1070 I SystemServer: Gesture Launcher Service
04-17 11:28:32.781  1070  1070 I SystemServiceManager: Starting com.android.server.GestureLauncherService
04-17 11:28:32.782  1070  1070 I SystemServiceManager: Starting com.android.server.SensorNotificationService
04-17 11:28:32.782  1070  1070 I SystemServiceManager: Starting com.android.server.ContextHubSystemService
04-17 11:28:32.816  1070  1070 I SystemServer: StartDiskStatsService
04-17 11:28:32.818  1070  1070 I SystemServer: StartSamplingProfilerService
04-17 11:28:32.851  1070  1070 I SystemServer: StartNetworkTimeUpdateService
04-17 11:28:32.856  1070  1070 I SystemServer: StartCommonTimeManagementService
04-17 11:28:32.865  1070  1070 I SystemServer: CertBlacklister
04-17 11:28:32.870  1070  1070 I SystemServiceManager: Starting com.android.server.emergency.EmergencyAffordanceService
04-17 11:28:32.874  1070  1070 I SystemServiceManager: Starting com.android.server.dreams.DreamManagerService
04-17 11:28:32.882  1070  1070 I SystemServer: StartAssetAtlasService
04-17 11:28:32.895  1070  1070 I SystemServiceManager: Starting com.android.server.print.PrintManagerService
04-17 11:28:32.902  1070  1070 I SystemServiceManager: Starting com.android.server.restrictions.RestrictionsManagerService
04-17 11:28:32.907  1070  1070 I SystemServiceManager: Starting com.android.server.media.MediaSessionService
04-17 11:28:32.921  1070  1070 I SystemServer: StartMediaRouterService
04-17 11:28:32.925  1070  1070 I SystemServiceManager: Starting com.android.server.trust.TrustManagerService
04-17 11:28:32.930  1070  1070 I SystemServiceManager: Starting com.android.server.fingerprint.FingerprintService
04-17 11:28:32.988  1070  1094 I UsageStatsService: User[0] Rollover scheduled @ 2017-04-16 14:54:14(1492347254574)
04-17 11:28:32.988  1070  1094 I UsageStatsService: User[0] Rolling over usage stats
04-17 11:28:33.023  1070  1094 I UsageStatsService: User[0] Rollover scheduled @ 2017-04-18 11:28:31(1492507711174)
04-17 11:28:33.023  1070  1094 I UsageStatsService: User[0] Rolling over usage stats complete. Took 35 milliseconds
04-17 11:28:33.422   533  1398 I vold    : Trimmed 19471994880 bytes on /data in 2047ms
04-17 11:28:33.422   533  1398 D vold    : Starting trim of none
04-17 11:28:33.422  1070  1396 D VoldConnector: RCV <- {662 /data 19471994880 2047798329}
04-17 11:28:33.422   533  1398 W vold    : Failed to open none: No such file or directory
04-17 11:28:33.944  1070  1070 V FingerprintService: Fingerprint HAL id: 543600984064
04-17 11:28:33.945  1070  1070 I SystemServer: StartBackgroundDexOptService
04-17 11:28:33.947  1070  1070 I SystemServiceManager: Starting com.android.server.pm.ShortcutService$Lifecycle
04-17 11:28:33.950  1070  1070 I SystemServiceManager: Starting com.android.server.pm.LauncherAppsService
04-17 11:28:33.952  1070  1070 I SystemServiceManager: Starting com.android.server.media.projection.MediaProjectionManagerService
04-17 11:28:33.961  1070  1070 I SystemServiceManager: Starting com.android.server.MmsServiceBroker
04-17 11:28:34.001  1070  1070 E LockSettingsStorage: Cannot read file java.io.FileNotFoundException: /data/system/gatekeeper.password.key: open failed: ENOENT (No such file or directory)
04-17 11:28:34.001  1070  1070 E LockSettingsStorage: Cannot read file java.io.FileNotFoundException: /data/system/password.key: open failed: ENOENT (No such file or directory)
04-17 11:28:34.002  1070  1070 E LockSettingsStorage: Cannot read file java.io.FileNotFoundException: /data/system/gatekeeper.pattern.key: open failed: ENOENT (No such file or directory)
04-17 11:28:34.003  1070  1070 E LockSettingsStorage: Cannot read file java.io.FileNotFoundException: /data/system/gatekeeper.gesture.key: open failed: ENOENT (No such file or directory)
04-17 11:28:34.003  1070  1070 E LockSettingsStorage: Cannot read file java.io.FileNotFoundException: /data/system/gesture.key: open failed: ENOENT (No such file or directory)
04-17 11:28:34.003  1070  1070 I SystemServiceManager: Starting phase 480
04-17 11:28:34.016  1070  1070 I DevicePolicyManagerService: Set ro.device_owner property to false
04-17 11:28:34.020  1070  1070 I SystemServiceManager: Starting phase 500
04-17 11:28:34.046  1070  1070 I WifiService: WifiService starting up with Wi-Fi enabled
04-17 11:28:34.051  1070  1070 D WifiService: setWifiEnabled: true pid=1070, uid=1000
04-17 11:28:34.066  1070  1408 D ConnectivityService: Got NetworkFactory Messenger for Ethernet
04-17 11:28:35.126  1070  1404 E NetdConnector: NDC Command {3 softap fwreload wlan0 STA} took too long (1071ms)
04-17 11:28:35.138  1070  1070 E NetdConnector: NDC Command {4 interface list} took too long (1073ms)
04-17 11:28:35.192  1070  1127 W KeyguardServiceDelegate: onScreenTurningOn(): no keyguard service!
04-17 11:28:35.194  1070  1070 V UserManagerService: Found /data/user_de/0 with serial number 0
04-17 11:28:35.194  1070  1070 V UserManagerService: Found /data/user/0 with serial number 0
04-17 11:28:35.194  1070  1070 V UserManagerService: Found /data/system_de/0 with serial number 0
04-17 11:28:35.195  1070  1070 V UserManagerService: Found /data/system_ce/0 with serial number 0
04-17 11:28:35.326  1070  1070 I ActivityManager: System now ready
04-17 11:28:35.328  1070  1070 I SystemServer: Making services ready
04-17 11:28:35.328  1070  1070 I SystemServiceManager: Starting phase 550
04-17 11:28:35.359  1070  1070 D BluetoothManagerService: Bluetooth boot completed
04-17 11:28:35.359  1070  1070 D BluetoothManagerService: Auto-enabling Bluetooth.
04-17 11:28:35.359  1070  1124 D BluetoothManagerService: Message: 1
04-17 11:28:35.359  1070  1124 D BluetoothManagerService: MESSAGE_ENABLE: mBluetooth = null
04-17 11:28:35.359  1070  1070 E InputMethodManagerService: Ignoring updateSystemUiLocked due to an invalid token. uid:1000 token:null
04-17 11:28:35.414  1070  1124 W ActivityManager: Slow operation: 52ms so far, now at startProcess: returned from zygote!
04-17 11:28:35.414  1070  1124 W ActivityManager: Slow operation: 52ms so far, now at startProcess: done updating battery stats
04-17 11:28:35.414  1070  1124 W ActivityManager: Slow operation: 53ms so far, now at startProcess: building log message
04-17 11:28:35.414  1070  1124 I ActivityManager: Start proc 1441:com.android.bluetooth/1002 for service com.android.bluetooth/.btservice.AdapterService
04-17 11:28:35.414  1070  1124 W ActivityManager: Slow operation: 53ms so far, now at startProcess: starting to update pids map
04-17 11:28:35.414  1070  1124 W ActivityManager: Slow operation: 53ms so far, now at startProcess: done updating pids map
04-17 11:28:35.415  1070  1124 W ActivityManager: Slow operation: 53ms so far, now at startProcess: done starting proc!
04-17 11:28:35.437  1070  1070 I ActivityManager: Start proc 1448:com.google.android.inputmethod.latin/u0a75 for service com.google.android.inputmethod.latin/com.android.inputmethod.latin.LatinIME
04-17 11:28:35.437  1070  1070 V InputMethodManagerService: Adding window token: android.os.Binder@9aa44cf
04-17 11:28:35.437  1070  1070 W TextServicesManagerService: no available spell checker services found
04-17 11:28:35.437  1070  1394 D MountService: Thinking about init, mSystemReady=true, mDaemonConnected=true
04-17 11:28:35.438  1070  1394 D MountService: Thinking about reset, mSystemReady=true, mDaemonConnected=true
04-17 11:28:35.438  1070  1095 I ActivityManager: Force stopping com.android.providers.media appid=10014 user=-1: vold reset
04-17 11:28:35.439  1070  1394 D VoldConnector: SND -> {4 volume reset}
04-17 11:28:35.444  1070  1070 D UsbAlsaManager: Adding ALSA device AlsaDevice: [card: 0, device: 54, type: 2]
04-17 11:28:35.445  1070  1070 D UsbAlsaManager: Adding ALSA device AlsaDevice: [card: 0, device: 53, type: 1]
04-17 11:28:35.445  1070  1070 D UsbAlsaManager: Adding ALSA device AlsaDevice: [card: 0, device: 52, type: 2]
04-17 11:28:35.445  1070  1070 D UsbAlsaManager: Adding ALSA device AlsaDevice: [card: 0, device: 51, type: 2]
04-17 11:28:35.445  1070  1070 D UsbAlsaManager: Adding ALSA device AlsaDevice: [card: 0, device: 50, type: 1]
04-17 11:28:35.445  1070  1070 D UsbAlsaManager: Adding ALSA device AlsaDevice: [card: 0, device: 49, type: 2]
04-17 11:28:35.445  1070  1070 D UsbAlsaManager: Adding ALSA device AlsaDevice: [card: 0, device: 48, type: 2]
04-17 11:28:35.445  1070  1070 D UsbAlsaManager: Adding ALSA device AlsaDevice: [card: 0, device: 47, type: 1]
04-17 11:28:35.445  1070  1070 D UsbAlsaManager: Adding ALSA device AlsaDevice: [card: 0, device: 46, type: 1]
04-17 11:28:35.445  1070  1124 D BluetoothManagerService: Message: 20
04-17 11:28:35.445  1070  1070 D UsbAlsaManager: Adding ALSA device AlsaDevice: [card: 0, device: 45, type: 2]
04-17 11:28:35.445  1070  1070 D UsbAlsaManager: Adding ALSA device AlsaDevice: [card: 0, device: 44, type: 1]
04-17 11:28:35.445  1070  1070 D UsbAlsaManager: Adding ALSA device AlsaDevice: [card: 0, device: 43, type: 2]
04-17 11:28:35.445  1070  1070 D UsbAlsaManager: Adding ALSA device AlsaDevice: [card: 0, device: 42, type: 1]
04-17 11:28:35.445  1070  1070 D UsbAlsaManager: Adding ALSA device AlsaDevice: [card: 0, device: 41, type: 2]
04-17 11:28:35.445  1070  1070 D UsbAlsaManager: Adding ALSA device AlsaDevice: [card: 0, device: 41, type: 1]
04-17 11:28:35.445  1070  1124 D BluetoothManagerService: Added callback: android.bluetooth.BluetoothAdapter$1@9e14c1d:true
04-17 11:28:35.445  1070  1070 D UsbAlsaManager: Adding ALSA device AlsaDevice: [card: 0, device: 40, type: 2]
04-17 11:28:35.445  1070  1070 D UsbAlsaManager: Adding ALSA device AlsaDevice: [card: 0, device: 40, type: 1]
04-17 11:28:35.445  1070  1070 D UsbAlsaManager: Adding ALSA device AlsaDevice: [card: 0, device: 33, type: 2]
04-17 11:28:35.445  1070  1070 D UsbAlsaManager: Adding ALSA device AlsaDevice: [card: 0, device: 33, type: 1]
04-17 11:28:35.445  1070  1070 D UsbAlsaManager: Adding ALSA device AlsaDevice: [card: 0, device: 32, type: 2]
04-17 11:28:35.445  1070  1070 D UsbAlsaManager: Adding ALSA device AlsaDevice: [card: 0, device: 32, type: 1]
04-17 11:28:35.445  1070  1070 D UsbAlsaManager: Adding ALSA device AlsaDevice: [card: 0, device: 31, type: 2]
04-17 11:28:35.445  1070  1070 D UsbAlsaManager: Adding ALSA device AlsaDevice: [card: 0, device: 30, type: 2]
04-17 11:28:35.445  1070  1070 D UsbAlsaManager: Adding ALSA device AlsaDevice: [card: 0, device: 29, type: 2]
04-17 11:28:35.445  1070  1070 D UsbAlsaManager: Adding ALSA device AlsaDevice: [card: 0, device: 28, type: 2]
04-17 11:28:35.445  1070  1070 D UsbAlsaManager: Adding ALSA device AlsaDevice: [card: 0, device: 27, type: 2]
04-17 11:28:35.445  1070  1070 D UsbAlsaManager: Adding ALSA device AlsaDevice: [card: 0, device: 26, type: 2]
04-17 11:28:35.445  1070  1070 D UsbAlsaManager: Adding ALSA device AlsaDevice: [card: 0, device: 25, type: 2]
04-17 11:28:35.445  1070  1070 D UsbAlsaManager: Adding ALSA device AlsaDevice: [card: 0, device: 24, type: 2]
04-17 11:28:35.446  1070  1070 D UsbAlsaManager: Adding ALSA device AlsaDevice: [card: 0, device: 24, type: 1]
04-17 11:28:35.446  1070  1070 D UsbAlsaManager: Adding ALSA device AlsaDevice: [card: 0, device: 23, type: 2]
04-17 11:28:35.446  1070  1070 D UsbAlsaManager: Adding ALSA device AlsaDevice: [card: 0, device: 23, type: 1]
04-17 11:28:35.446  1070  1070 D UsbAlsaManager: Adding ALSA device AlsaDevice: [card: 0, device: 22, type: 2]
04-17 11:28:35.446  1070  1070 D UsbAlsaManager: Adding ALSA device AlsaDevice: [card: 0, device: 22, type: 1]
04-17 11:28:35.446  1070  1070 D UsbAlsaManager: Adding ALSA device AlsaDevice: [card: 0, device: 21, type: 1]
04-17 11:28:35.446  1070  1070 D UsbAlsaManager: Adding ALSA device AlsaDevice: [card: 0, device: 20, type: 2]
04-17 11:28:35.446  1070  1070 D UsbAlsaManager: Adding ALSA device AlsaDevice: [card: 0, device: 20, type: 1]
04-17 11:28:35.446  1070  1070 D UsbAlsaManager: Adding ALSA device AlsaDevice: [card: 0, device: 19, type: 2]
04-17 11:28:35.446  1070  1070 D UsbAlsaManager: Adding ALSA device AlsaDevice: [card: 0, device: 19, type: 1]
04-17 11:28:35.446  1070  1070 D UsbAlsaManager: Adding ALSA device AlsaDevice: [card: 0, device: 16, type: 2]
04-17 11:28:35.446  1070  1070 D UsbAlsaManager: Adding ALSA device AlsaDevice: [card: 0, device: 15, type: 2]
04-17 11:28:35.446  1070  1070 D UsbAlsaManager: Adding ALSA device AlsaDevice: [card: 0, device: 15, type: 1]
04-17 11:28:35.446  1070  1070 D UsbAlsaManager: Adding ALSA device AlsaDevice: [card: 0, device: 14, type: 2]
04-17 11:28:35.446  1070  1070 D UsbAlsaManager: Adding ALSA device AlsaDevice: [card: 0, device: 14, type: 1]
04-17 11:28:35.446  1070  1070 D UsbAlsaManager: Adding ALSA device AlsaDevice: [card: 0, device: 13, type: 2]
04-17 11:28:35.446  1070  1070 D UsbAlsaManager: Adding ALSA device AlsaDevice: [card: 0, device: 13, type: 1]
04-17 11:28:35.446  1070  1070 D UsbAlsaManager: Adding ALSA device AlsaDevice: [card: 0, device: 12, type: 2]
04-17 11:28:35.446  1070  1070 D UsbAlsaManager: Adding ALSA device AlsaDevice: [card: 0, device: 12, type: 1]
04-17 11:28:35.446  1070  1070 D UsbAlsaManager: Adding ALSA device AlsaDevice: [card: 0, device: 11, type: 2]
04-17 11:28:35.446  1070  1070 D UsbAlsaManager: Adding ALSA device AlsaDevice: [card: 0, device: 11, type: 1]
04-17 11:28:35.446  1070  1070 D UsbAlsaManager: Adding ALSA device AlsaDevice: [card: 0, device: 10, type: 2]
04-17 11:28:35.446  1070  1070 D UsbAlsaManager: Adding ALSA device AlsaDevice: [card: 0, device: 10, type: 1]
04-17 11:28:35.446  1070  1070 D UsbAlsaManager: Adding ALSA device AlsaDevice: [card: 0, device: 8, type: 2]
04-17 11:28:35.446  1070  1070 D UsbAlsaManager: Adding ALSA device AlsaDevice: [card: 0, device: 7, type: 1]
04-17 11:28:35.446  1070  1070 D UsbAlsaManager: Adding ALSA device AlsaDevice: [card: 0, device: 6, type: 2]
04-17 11:28:35.446  1070  1070 D UsbAlsaManager: Adding ALSA device AlsaDevice: [card: 0, device: 5, type: 2]
04-17 11:28:35.446  1070  1070 D UsbAlsaManager: Adding ALSA device AlsaDevice: [card: 0, device: 5, type: 1]
04-17 11:28:35.446  1070  1396 D VoldConnector: RCV <- {651 emulated 7}
04-17 11:28:35.446  1070  1070 D UsbAlsaManager: Adding ALSA device AlsaDevice: [card: 0, device: 4, type: 2]
04-17 11:28:35.446  1070  1070 D UsbAlsaManager: Adding ALSA device AlsaDevice: [card: 0, device: 4, type: 1]
04-17 11:28:35.446  1070  1070 D UsbAlsaManager: Adding ALSA device AlsaDevice: [card: 0, device: 3, type: 2]
04-17 11:28:35.446  1070  1070 D UsbAlsaManager: Adding ALSA device AlsaDevice: [card: 0, device: 3, type: 1]
04-17 11:28:35.446  1070  1070 D UsbAlsaManager: Adding ALSA device AlsaDevice: [card: 0, device: 2, type: 2]
04-17 11:28:35.446  1070  1070 D UsbAlsaManager: Adding ALSA device AlsaDevice: [card: 0, device: 2, type: 1]
04-17 11:28:35.446  1070  1070 D UsbAlsaManager: Adding ALSA device AlsaDevice: [card: 0, device: 1, type: 2]
04-17 11:28:35.446  1070  1070 D UsbAlsaManager: Adding ALSA device AlsaDevice: [card: 0, device: 1, type: 1]
04-17 11:28:35.447  1070  1070 D UsbAlsaManager: Adding ALSA device AlsaDevice: [card: 0, device: 0, type: 2]
04-17 11:28:35.447  1070  1070 D UsbAlsaManager: Adding ALSA device AlsaDevice: [card: 0, device: 0, type: 1]
04-17 11:28:35.447  1070  1396 D VoldConnector: RCV <- {659 emulated}
04-17 11:28:35.447  1070  1124 D BluetoothManagerService: Message: 30
04-17 11:28:35.447  1070  1396 D VoldConnector: RCV <- {650 emulated 2 "" ""}
04-17 11:28:35.448  1070  1415 D BluetoothManagerService: Creating new ProfileServiceConnections object for profile: 1
04-17 11:28:35.449  1070  1396 D VoldConnector: RCV <- {651 emulated 0}
04-17 11:28:35.450  1070  1396 D VoldConnector: RCV <- {200 4 Command succeeded}
04-17 11:28:35.452  1070  1070 I SystemServer: WebViewFactory preparation
04-17 11:28:35.454  1070  1394 D VoldConnector: SND -> {5 volume user_added 0 0}
04-17 11:28:35.455  1070  1396 D VoldConnector: RCV <- {200 5 Command succeeded}
04-17 11:28:35.457  1070  1124 D BluetoothManagerService: Message: 30
04-17 11:28:35.467  1070  1123 V MountService: Found primary storage at VolumeInfo{emulated}:
04-17 11:28:35.467  1070  1123 V MountService:     type=EMULATED diskId=null partGuid=null mountFlags=0 mountUserId=-1 
04-17 11:28:35.467  1070  1123 V MountService:     state=UNMOUNTED 
04-17 11:28:35.467  1070  1123 V MountService:     fsType=null fsUuid=null fsLabel=null 
04-17 11:28:35.467  1070  1123 V MountService:     path=null internalPath=null 
04-17 11:28:35.469  1070  1394 D VoldConnector: SND -> {6 volume mount emulated 3 -1}
04-17 11:28:35.472  1070  1396 D VoldConnector: RCV <- {651 emulated 1}
04-17 11:28:35.472  1070  1396 D VoldConnector: RCV <- {656 emulated /data/media}
04-17 11:28:35.473   533   539 V vold    : Waiting for FUSE to spin up...
04-17 11:28:35.473  1070  1396 D VoldConnector: RCV <- {655 emulated /storage/emulated}
04-17 11:28:35.478  1070  1123 I UsbPortManager: USB port added: port=UsbPort{id=otg_default, supportedModes=dual}, status=UsbPortStatus{connected=true, currentMode=ufp, currentPowerRole=sink, currentDataRole=device, supportedRoleCombinations=[source:host, source:device, sink:host, sink:device]}, canChangeMode=true, canChangePowerRole=true, canChangeDataRole=true
04-17 11:28:35.507  1070  1070 I ActivityManager: Start proc 1479:WebViewLoader-armeabi-v7a/1037 [android.webkit.WebViewFactory$RelroFileCreator] for 
04-17 11:28:35.521  1070  1070 I ActivityManager: Start proc 1485:WebViewLoader-arm64-v8a/1037 [android.webkit.WebViewFactory$RelroFileCreator] for 
04-17 11:28:35.524  1070  1396 D VoldConnector: RCV <- {651 emulated 2}
04-17 11:28:35.525  1070  1396 D VoldConnector: RCV <- {200 6 Command succeeded}
04-17 11:28:35.534  1070  1070 I ActivityManager: Start proc 1494:com.android.systemui/u0a42 for service com.android.systemui/.SystemUIService
04-17 11:28:35.535  1070  1070 D NetworkManagement: enabling bandwidth control
04-17 11:28:35.554  1070  1124 D BluetoothManagerService: Message: 400
04-17 11:28:35.737  1070  1124 D BluetoothManagerService: Message: 20
04-17 11:28:35.737  1070  1124 D BluetoothManagerService: Added callback: android.bluetooth.IBluetoothManagerCallback$Stub$Proxy@b73c131:true
04-17 11:28:35.854  1070  1070 D NetworkPolicy: setRestrictBackgroundUL(): false
04-17 11:28:36.002  1070  1070 I SystemServiceManager: Starting phase 600
04-17 11:28:36.003  1070  1070 V NotificationListeners: enabling notification listener for 0: ComponentInfo{com.google.vr.vrcore/com.google.vr.vrcore.notification.VrNotificationService}
04-17 11:28:36.004  1070  1070 W ActivityManager: Unable to start service Intent { act=android.service.notification.NotificationListenerService cmp=com.google.vr.vrcore/.notification.VrNotificationService } U=0: not found
04-17 11:28:36.004  1070  1070 W NotificationListeners: Unable to bind notification listener service: Intent { act=android.service.notification.NotificationListenerService cmp=com.google.vr.vrcore/.notification.VrNotificationService (has extras) }
04-17 11:28:36.020  1070  1070 I ActivityManager: Start proc 1604:com.ustwo.lwp/u0a96 for service com.ustwo.lwp/.wallpapers.timelapse.TimelapseWallpaperService
04-17 11:28:36.037  1070  1070 D SensorNotificationService: Cannot obtain dynamic meta sensor, not supported.
04-17 11:28:36.067  1070  1070 W LocationProviderProxy-network: Odd, no component found for service com.android.location.service.v3.NetworkLocationProvider
04-17 11:28:36.071  1070  1070 W GeocoderProxy: Odd, no component found for service com.android.location.service.GeocodeProvider
04-17 11:28:36.082  1070  1070 W FusedProxy: Odd, no component found for service com.android.location.service.FusedProvider
04-17 11:28:36.085  1070  1070 W GeofenceProxy: Odd, no component found for service com.android.location.service.GeofenceProvider
04-17 11:28:36.094  1070  1070 W ActivityRecognitionProxy: Odd, no component found for service com.android.location.service.ActivityRecognitionProvider
04-17 11:28:36.107  1070  1070 I MmsServiceBroker: Delay connecting to MmsService until an API is called
04-17 11:28:36.135  1070  1070 I ActivityManager: Start proc 1640:com.quicinc.cne.CNEService/1000 for added application com.quicinc.cne.CNEService
04-17 11:28:36.147  1070  1070 I ActivityManager: Start proc 1655:com.android.phone/1001 for added application com.android.phone
04-17 11:28:36.148  1070  1070 I ActivityManager: START u0 {act=android.intent.action.MAIN cat=[android.intent.category.HOME] flg=0x10000100 cmp=com.android.settings/.FallbackHome} from uid 0 on display 0
04-17 11:28:36.156  1070  1070 I ActivityManager: Loaded persisted task ids for user 0
04-17 11:28:36.171  1070  1070 I ActivityManager: Start proc 1673:com.android.settings/1000 for activity com.android.settings/.FallbackHome
04-17 11:28:36.183  1070  1094 W LocationProviderProxy-network: Odd, no component found for service com.android.location.service.v3.NetworkLocationProvider
04-17 11:28:36.183  1070  1094 W GeocoderProxy: Odd, no component found for service com.android.location.service.GeocodeProvider
04-17 11:28:36.183  1070  1094 W FusedProxy: Odd, no component found for service com.android.location.service.FusedProvider
04-17 11:28:36.184  1070  1094 W GeofenceProxy: Odd, no component found for service com.android.location.service.GeofenceProvider
04-17 11:28:36.185  1070  1070 D ConditionProviders.SCP: onConnected
04-17 11:28:36.189  1070  1070 D ConditionProviders: Subscribing to condition://android/schedule?days=1.2.3.4.5&start=22.0&end=7.0&exitAtAlarm=false with ComponentInfo{android/com.android.server.notification.ScheduleConditionProvider}
04-17 11:28:36.189  1070  1070 D ConditionProviders: Subscribing to condition://android/event?userId=-10000&calendar=&reply=1 with ComponentInfo{android/com.android.server.notification.EventConditionProvider}
04-17 11:28:36.189  1070  1070 D ConditionProviders: Subscribing to condition://android/schedule?days=6.7&start=23.30&end=10.0&exitAtAlarm=false with ComponentInfo{android/com.android.server.notification.ScheduleConditionProvider}
04-17 11:28:36.189  1070  1561 I StatusBarManagerService: registerStatusBar bar=com.android.internal.statusbar.IStatusBar$Stub$Proxy@f8a6561
04-17 11:28:36.202  1070  1094 W ActivityRecognitionProxy: Odd, no component found for service com.android.location.service.ActivityRecognitionProvider
04-17 11:28:36.232  1070  1096 W WindowManager: Keyguard drawn timeout. Setting mKeyguardDrawComplete
04-17 11:28:36.275  1640  1640 W ContextImpl: Calling a method in the system process without a qualified user: android.app.ContextImpl.sendBroadcast:877 android.content.ContextWrapper.sendBroadcast:421 com.quicinc.cne.CNEService.CNEServiceApp.broadcastCNEStarted:103 com.quicinc.cne.CNEService.CNEServiceApp.startCne:123 com.quicinc.cne.CNEService.CNEServiceApp.onCreate:94 
04-17 11:28:36.293  1070  1124 D BluetoothManagerService: Message: 30
04-17 11:28:36.300  1070  1070 I Telecom : SystemStateProvider: Registering car mode receiver: android.content.IntentFilter@4bbc2cd: TS.init@AAA
04-17 11:28:36.307  1070  1714 I Telecom : Telecom: Non-call EVENT: AUDIO_ROUTE, Entering state QuiescentEarpieceRoute
04-17 11:28:36.316  1070  1716 I Telecom : CallAudioModeStateMachine: Message received: null.: TS.init->CAMSM.pM_1@AAA_0
04-17 11:28:36.322  1070  1720 E ActivityThread: Failed to find provider info for call_log
04-17 11:28:36.323  1070  1124 D BluetoothManagerService: Message: 30
04-17 11:28:36.328  1070  1070 I Telecom : Class: TelecomSystem.INSTANCE being set
04-17 11:28:36.329  1070  1070 W ContextImpl: Calling a method in the system process without a qualified user: android.app.ContextImpl.startService:1357 android.content.ContextWrapper.startService:613 com.android.server.telecom.components.TelecomService.initializeTelecomSystem:176 com.android.server.telecom.components.TelecomService.onBind:61 android.app.ActivityThread.handleBindService:3218 
04-17 11:28:36.329  1070  1070 W ContextImpl: Calling a method in the system process without a qualified user: android.app.ContextImpl.startService:1357 com.android.server.content.SyncManager$13.run:658 android.os.Handler.handleCallback:751 android.os.Handler.dispatchMessage:95 android.os.Looper.loop:154 
04-17 11:28:36.335  1070  1070 D BluetoothManagerService: Bluetooth Adapter name changed to Pixel
04-17 11:28:36.335  1070  1070 D BluetoothManagerService: Stored Bluetooth name: Pixel
04-17 11:28:36.335  1070  1070 D BluetoothManagerService: BluetoothServiceConnection: com.android.bluetooth.btservice.AdapterService
04-17 11:28:36.335  1070  1124 D BluetoothManagerService: Message: 40
04-17 11:28:36.335  1070  1124 D BluetoothManagerService: MESSAGE_BLUETOOTH_SERVICE_CONNECTED: 1
04-17 11:28:36.346  1070  1124 D BluetoothManagerService: Calling onBluetoothServiceUp callbacks
04-17 11:28:36.346  1070  1124 D BluetoothManagerService: Broadcasting onBluetoothServiceUp() to 2 receivers.
04-17 11:28:36.354  1070  1124 D BluetoothManagerService: Message: 60
04-17 11:28:36.354  1070  1124 D BluetoothManagerService: MESSAGE_BLUETOOTH_STATE_CHANGE: prevState = 10, newState =14
04-17 11:28:36.354  1070  1124 D BluetoothManagerService: bluetoothStateChangeHandler: 10 ->  14
04-17 11:28:36.354  1070  1124 D BluetoothManagerService: BLE State Change Intent: 10 -> 14
04-17 11:28:36.375  1070  1070 V WiredAccessoryManager: notifyWiredAccessoryChanged: when=0 bits= mask=54
04-17 11:28:36.377  1070  1070 V WiredAccessoryManager: newName=h2w newState=0 headsetState=0 prev headsetState=0
04-17 11:28:36.377  1070  1070 V WiredAccessoryManager: init()
04-17 11:28:36.392  1070  1095 W KeyguardServiceDelegate: onScreenTurningOn(): no keyguard service!
04-17 11:28:36.392  1070  1124 D BluetoothManagerService: Message: 400
04-17 11:28:36.413  1070  1070 D ConditionProviders.SCP: onSubscribe condition://android/schedule?days=1.2.3.4.5&start=22.0&end=7.0&exitAtAlarm=false
04-17 11:28:36.414  1070  1070 D ConditionProviders.SCP: setRegistered true
04-17 11:28:36.414  1070  1070 D ConditionProviders.SCP: notifyCondition condition://android/schedule?days=1.2.3.4.5&start=22.0&end=7.0&exitAtAlarm=false STATE_FALSE reason=!meetsSchedule
04-17 11:28:36.415  1070  1070 D ConditionProviders.SCP: Scheduling evaluate for Mon Apr 17 22:00:00 GMT+02:00 2017 (1492459200000), in +10h31m23s586ms, now=Mon Apr 17 11:28:36 GMT+02:00 2017 (1492421316414)
04-17 11:28:36.416  1070  1070 D ConditionProviders.SCP: onSubscribe condition://android/schedule?days=6.7&start=23.30&end=10.0&exitAtAlarm=false
04-17 11:28:36.416  1070  1070 D ConditionProviders.SCP: notifyCondition condition://android/schedule?days=6.7&start=23.30&end=10.0&exitAtAlarm=false STATE_FALSE reason=!meetsSchedule
04-17 11:28:36.416  1070  1070 D ConditionProviders.SCP: notifyCondition condition://android/schedule?days=1.2.3.4.5&start=22.0&end=7.0&exitAtAlarm=false STATE_FALSE reason=!meetsSchedule
04-17 11:28:36.417  1070  1070 D ConditionProviders.SCP: Scheduling evaluate for Mon Apr 17 22:00:00 GMT+02:00 2017 (1492459200000), in +10h31m23s584ms, now=Mon Apr 17 11:28:36 GMT+02:00 2017 (1492421316416)
04-17 11:28:36.423  1070  1070 I Telecom : WiredHeadsetManager: ACTION_HEADSET_PLUG event, plugged in: false, : WHC.oADA@AAE
04-17 11:28:36.424  1070  1124 D BluetoothManagerService: Message: 400
04-17 11:28:36.428  1070  1070 I ActivityManager: user 0 is still locked. Cannot load recents
04-17 11:28:36.455  1070  1414 E ActivityThread: Failed to find provider info for com.android.calendar
04-17 11:28:36.456  1070  1414 E ActivityThread: Failed to find provider info for com.android.calendar
04-17 11:28:36.486  1070  1095 I ActivityManager: Start proc 1755:com.android.cellbroadcastreceiver/u0a7 for broadcast com.android.cellbroadcastreceiver/.CellBroadcastReceiver
04-17 11:28:36.516  1070  1094 I SyncManager: Got SyncJobService instance.
04-17 11:28:36.534  1070  1477 W ActivityManager: Unable to start service Intent { act=com.google.android.contextmanager.service.ContextManagerService.START pkg=com.google.android.gms } U=0: not found
04-17 11:28:36.536  1070  1081 W ActivityManager: Unbind failed: could not find connection for android.os.BinderProxy@363b4f1
04-17 11:28:36.538  1070  1561 W ActivityManager: Unable to start service Intent { act=com.google.android.contextmanager.service.ContextManagerService.START pkg=com.google.android.gms } U=0: not found
04-17 11:28:36.539  1070  1681 W ActivityManager: Unbind failed: could not find connection for android.os.BinderProxy@5fba8d6
04-17 11:28:36.560  1070  1081 W ActivityManager: Unable to start service Intent { act=com.google.android.contextmanager.service.ContextManagerService.START pkg=com.google.android.gms } U=0: not found
04-17 11:28:36.561  1070  1477 W ActivityManager: Unbind failed: could not find connection for android.os.BinderProxy@5b296e5
04-17 11:28:36.562  1070  1561 W ActivityManager: Unable to start service Intent { act=com.google.android.contextmanager.service.ContextManagerService.START pkg=com.google.android.gms } U=0: not found
04-17 11:28:36.562  1070  1080 W ActivityManager: Unbind failed: could not find connection for android.os.BinderProxy@12235ba
04-17 11:28:36.636  1070  1124 D BluetoothManagerService: Message: 20
04-17 11:28:36.636  1070  1124 D BluetoothManagerService: Added callback: android.bluetooth.IBluetoothManagerCallback$Stub$Proxy@a530628:true
04-17 11:28:36.640  1070  1408 D ConnectivityService: Got NetworkFactory Messenger for PhoneSwitcherNetworkRequstListener
04-17 11:28:36.641  1070  1124 D BluetoothManagerService: Message: 30
04-17 11:28:36.643  1070  1124 D BluetoothManagerService: Message: 30
04-17 11:28:36.646  1070  1408 D ConnectivityService: Got NetworkFactory Messenger for TelephonyNetworkFactory[0]
04-17 11:28:36.646  1070  1124 D BluetoothManagerService: Message: 30
04-17 11:28:36.650  1070  1124 D BluetoothManagerService: Message: 30
04-17 11:28:36.667  1655  1787 E ActivityThread: Failed to find provider info for com.android.contacts
04-17 11:28:36.668  1070  1124 D BluetoothManagerService: Message: 20
04-17 11:28:36.668  1070  1124 D BluetoothManagerService: Added callback: android.bluetooth.IBluetoothManagerCallback$Stub$Proxy@3d9961b:true
04-17 11:28:36.672  1070  1124 D BluetoothManagerService: Message: 30
04-17 11:28:36.758  1494  1810 E ActivityThread: Failed to find provider info for com.android.contacts
04-17 11:28:36.774  1070  1124 D BluetoothManagerService: Message: 400
04-17 11:28:36.842  1070  1681 D CryptdConnector: SND -> {2 cryptfs getpw}
04-17 11:28:36.843   533   540 D VoldCryptCmdListener: cryptfs getpw
04-17 11:28:36.843   533   540 E Cryptfs : cryptfs_get_password not valid for file encryption
04-17 11:28:36.843  1070  1397 D CryptdConnector: RCV <- {200 2 -1}
04-17 11:28:36.845  1070  1681 D CryptdConnector: SND -> {3 cryptfs clearpw}
04-17 11:28:36.845   533   540 D VoldCryptCmdListener: cryptfs clearpw
04-17 11:28:36.845  1070  1397 D CryptdConnector: RCV <- {200 3 0}
04-17 11:28:36.885  1070  1477 I ActivityManager: Start proc 1818:org.codeaurora.ims/1001 for broadcast org.codeaurora.ims/.ImsServiceAutoboot
04-17 11:28:36.971  1070  1081 I Telecom : PhoneAccountRegistrar: [ComponentInfo{com.android.phone/com.android.services.telephony.TelephonyConnectionService}, [e0184adedf913b076626646d3f52c3b49c39ad6d], UserHandle{0}(icon: Icon(typ=BITMAP size=50x63) -> Icon(typ=BITMAP size=50x63))]: TSI.rPA@AAU
04-17 11:28:36.974  1070  1081 I Telecom : : Sending phone-account registered intent as user: TSI.rPA@AAU
04-17 11:28:37.007  1070  1081 I Telecom : PhoneAccountRegistrar: [ComponentInfo{com.android.phone/com.android.services.telephony.TelephonyConnectionService}, [e0184adedf913b076626646d3f52c3b49c39ad6d], UserHandle{0}(icon: Icon(typ=BITMAP size=50x63) -> Icon(typ=BITMAP size=50x63))]: TSI.rPA@AAg
04-17 11:28:37.009  1070  1081 I Telecom : : Sending phone-account registered intent as user: TSI.rPA@AAg
04-17 11:28:37.077  1070  1403 D WifiService: New client listening to asynchronous messages
04-17 11:28:37.094  1070  1081 I ActivityManager: Setting hasTopUi=true for pid=1494
04-17 11:28:37.108  1655  1655 D MccTable: updateMccMncConfiguration mccmnc='00000' fromServiceState=true
04-17 11:28:37.109  1655  1655 D MccTable: updateMccMncConfiguration defaultMccMnc=
04-17 11:28:37.109  1655  1655 D MccTable: updateMccMncConfiguration: mcc=0, mnc=0
04-17 11:28:37.109  1655  1655 D MccTable: WIFI_COUNTRY_CODE set to 
04-17 11:28:37.110  1070  1681 I WifiService: WifiService trying to set country code to  with persist set to false
04-17 11:28:37.197  1070  1870 I Telecom : PhoneAccountRegistrar: [ComponentInfo{com.android.phone/com.android.services.telephony.TelephonyConnectionService}, [e0184adedf913b076626646d3f52c3b49c39ad6d], UserHandle{0}(icon: Icon(typ=BITMAP size=50x63) -> Icon(typ=BITMAP size=50x63))]: TSI.rPA@AAk
04-17 11:28:37.198  1070  1870 I Telecom : : Sending phone-account registered intent as user: TSI.rPA@AAk
04-17 11:28:37.213  1070  1870 I Telecom : PhoneAccountRegistrar: [ComponentInfo{com.android.phone/com.android.services.telephony.TelephonyConnectionService}, [e0184adedf913b076626646d3f52c3b49c39ad6d], UserHandle{0}(icon: Icon(typ=BITMAP size=50x63) -> Icon(typ=BITMAP size=50x63))]: TSI.rPA@AAw
04-17 11:28:37.214  1070  1870 I Telecom : : Sending phone-account registered intent as user: TSI.rPA@AAw
04-17 11:28:37.249  1070  1081 I Telecom : PhoneAccountRegistrar: [ComponentInfo{com.android.phone/com.android.services.telephony.TelephonyConnectionService}, [e0184adedf913b076626646d3f52c3b49c39ad6d], UserHandle{0}(icon: Icon(typ=BITMAP size=50x63) -> Icon(typ=BITMAP size=50x63))]: TSI.rPA@AA8
04-17 11:28:37.251  1070  1081 I Telecom : : Sending phone-account registered intent as user: TSI.rPA@AA8
04-17 11:28:37.259  1070  1870 I Telecom : PhoneAccountRegistrar: [ComponentInfo{com.android.phone/com.android.services.telephony.TelephonyConnectionService}, [e0184adedf913b076626646d3f52c3b49c39ad6d], UserHandle{0}(icon: Icon(typ=BITMAP size=50x63) -> Icon(typ=BITMAP size=50x63))]: TSI.rPA@ABA
04-17 11:28:37.260  1070  1870 I Telecom : : Sending phone-account registered intent as user: TSI.rPA@ABA
04-17 11:28:37.325  1070  1070 D BluetoothManagerService: Bluetooth Adapter name changed to Pixel
04-17 11:28:37.325  1070  1070 D BluetoothManagerService: Stored Bluetooth name: Pixel
04-17 11:28:37.344  1070  1870 I ActivityManager: user 0 is still locked. Cannot load recents
04-17 11:28:37.372  1070  1124 D BluetoothManagerService: Message: 60
04-17 11:28:37.372  1070  1124 D BluetoothManagerService: MESSAGE_BLUETOOTH_STATE_CHANGE: prevState = 14, newState =15
04-17 11:28:37.372  1070  1124 D BluetoothManagerService: bluetoothStateChangeHandler: 14 ->  15
04-17 11:28:37.372  1070  1124 D BluetoothManagerService: Bluetooth is in LE only mode
04-17 11:28:37.372  1070  1124 D BluetoothManagerService: Binding Bluetooth GATT service
04-17 11:28:37.374  1070  1124 D BluetoothManagerService: BLE State Change Intent: 14 -> 15
04-17 11:28:37.374  1070  1070 D BluetoothManagerService: BluetoothServiceConnection: com.android.bluetooth.gatt.GattService
04-17 11:28:37.374  1070  1124 D BluetoothManagerService: Message: 40
04-17 11:28:37.374  1070  1124 D BluetoothManagerService: MESSAGE_BLUETOOTH_SERVICE_CONNECTED: 2
04-17 11:28:37.375  1070  1124 D BluetoothManagerService: BluetoothGatt Service is Up
04-17 11:28:37.375  1070  1124 D BluetoothManagerService: isBleAppPresent() count: 0
04-17 11:28:37.376  1070  1124 D BluetoothManagerService: Persisting Bluetooth Setting: 1
04-17 11:28:37.376  1070  1124 D BluetoothManagerService: Message: 60
04-17 11:28:37.376  1070  1124 D BluetoothManagerService: MESSAGE_BLUETOOTH_STATE_CHANGE: prevState = 15, newState =11
04-17 11:28:37.376  1070  1124 D BluetoothManagerService: bluetoothStateChangeHandler: 15 ->  11
04-17 11:28:37.376  1070  1124 D BluetoothManagerService: BLE State Change Intent: 15 -> 11
04-17 11:28:37.459  1070  1124 D BluetoothManagerService: Message: 60
04-17 11:28:37.459  1070  1124 D BluetoothManagerService: MESSAGE_BLUETOOTH_STATE_CHANGE: prevState = 11, newState =12
04-17 11:28:37.459  1070  1124 D BluetoothManagerService: bluetoothStateChangeHandler: 11 ->  12
04-17 11:28:37.459  1070  1124 D BluetoothManagerService: Broadcasting onBluetoothStateChange(true) to 9 receivers.
04-17 11:28:37.466  1070  1477 D BluetoothManagerService: checkIfCallerIsForegroundUser: valid=true callingUser=0 parentUser=-10000 foregroundUser=0
04-17 11:28:37.467  1070  1124 D BluetoothManagerService: BLE State Change Intent: 11 -> 12
04-17 11:28:37.476  1070  1561 D BluetoothManagerService: checkIfCallerIsForegroundUser: valid=true callingUser=0 parentUser=-10000 foregroundUser=0
04-17 11:28:37.477  1070  1080 D BluetoothManagerService: checkIfCallerIsForegroundUser: valid=true callingUser=0 parentUser=-10000 foregroundUser=0
04-17 11:28:37.485  1673  1673 W ContextImpl: Calling a method in the system process without a qualified user: android.app.ContextImpl.startService:1357 android.content.ContextWrapper.startService:613 android.content.ContextWrapper.startService:613 com.android.settings.bluetooth.DockEventReceiver.beginStartingService:134 com.android.settings.bluetooth.DockEventReceiver.onReceive:115 
04-17 11:28:37.492  1070  1124 D BluetoothManagerService: Message: 30
04-17 11:28:37.493  1070  1124 D BluetoothManagerService: Message: 20
04-17 11:28:37.493  1070  1124 D BluetoothManagerService: Added callback: android.bluetooth.IBluetoothManagerCallback$Stub$Proxy@cd93077:true
04-17 11:28:37.498  1070  1681 D BluetoothManagerService: checkIfCallerIsForegroundUser: valid=true callingUser=0 parentUser=-10000 foregroundUser=0
04-17 11:28:37.504  1070  1124 D BluetoothManagerService: Message: 30
04-17 11:28:37.507  1070  1124 D BluetoothManagerService: Message: 30
04-17 11:28:37.509  1070  1124 D BluetoothManagerService: Message: 30
04-17 11:28:37.512  1070  1124 D BluetoothManagerService: Message: 30
04-17 11:28:37.515  1070  1124 D BluetoothManagerService: Message: 30
04-17 11:28:37.518  1070  1124 D BluetoothManagerService: Message: 30
04-17 11:28:37.523  1070  1124 D BluetoothManagerService: Message: 30
04-17 11:28:37.525  1070  1477 D BluetoothManagerService: checkIfCallerIsForegroundUser: valid=true callingUser=0 parentUser=-10000 foregroundUser=0
04-17 11:28:37.562  1070  1070 I Telecom : BluetoothPhoneService: queryPhoneState: BPSI.qPS@ABI
04-17 11:28:37.564  1070  1070 I Telecom : BluetoothPhoneService: updateHeadsetWithCallState numActive 0, numHeld 0, callState 6, ringing number [da39a3ee5e6b4b0d3255bfef95601890afd80709], ringing type 128: BPSI.qPS@ABI
04-17 11:28:37.586  1655  1655 D MccTable: updateMccMncConfiguration mccmnc='null' fromServiceState=true
04-17 11:28:37.586  1655  1655 D MccTable: WIFI_COUNTRY_CODE set to 
04-17 11:28:37.587  1070  1080 I WifiService: WifiService trying to set country code to  with persist set to false
04-17 11:28:37.597  1070  1081 I Telecom : PhoneAccountRegistrar: [ComponentInfo{com.android.phone/com.android.services.telephony.TelephonyConnectionService}, [e0184adedf913b076626646d3f52c3b49c39ad6d], UserHandle{0}(icon: Icon(typ=BITMAP size=50x63) -> Icon(typ=BITMAP size=50x63))]: TSI.rPA@ABM
04-17 11:28:37.598  1070  1081 I Telecom : : Sending phone-account registered intent as user: TSI.rPA@ABM
04-17 11:28:37.606  1070  1477 I Telecom : PhoneAccountRegistrar: [ComponentInfo{com.android.phone/com.android.services.telephony.TelephonyConnectionService}, [e0184adedf913b076626646d3f52c3b49c39ad6d], UserHandle{0}(icon: Icon(typ=BITMAP size=50x63) -> Icon(typ=BITMAP size=50x63))]: TSI.rPA@ABY
04-17 11:28:37.607  1070  1477 I Telecom : : Sending phone-account registered intent as user: TSI.rPA@ABY
04-17 11:28:37.608  1070  1124 D BluetoothManagerService: Message: 400
04-17 11:28:37.623  1070  1124 D BluetoothManagerService: Message: 400
04-17 11:28:38.188  1070  1125 W WindowManager: App freeze timeout expired.
04-17 11:28:39.568  1070  1125 I SystemServiceManager: Starting phase 1000
04-17 11:28:39.577  1070  1125 D NightDisplayService: setUp: currentUser=0
04-17 11:28:39.581  1070  1125 D NightDisplayService: onAutoModeChanged: autoMode=0
04-17 11:28:39.581  1070  1125 I NightDisplayService: Turning off night display
04-17 11:28:39.602  1070  1125 I ActivityManager: Start proc 1951:com.google.android.ext.services/u0a23 for on-hold
04-17 11:28:39.604  1070  1125 D ActivityManager: Finishing user boot 0
04-17 11:28:39.607  1070  1125 D CryptdConnector: SND -> {4 cryptfs unlock_user_key 0 0 [scrubbed] [scrubbed]}
04-17 11:28:39.608   533   540 D vold    : e4crypt_unlock_user_key 0 serial=0 token_present=0
04-17 11:28:39.612   533   540 D vold    : Skipping non-key .
04-17 11:28:39.612   533   540 D vold    : Skipping non-key ..
04-17 11:28:39.612   533   540 D vold    : Trying user CE key /data/misc/vold/user_keys/ce/0/current
04-17 11:28:39.665   533   540 D vold    : Successfully retrieved key
04-17 11:28:39.665   533   540 D vold    : Added key 820261629 (ext4:5fcb89181ad5160e) to keyring 249647408 in process 533
04-17 11:28:39.666   533   540 D vold    : Installed ce key for user 0
04-17 11:28:39.666  1070  1397 D CryptdConnector: RCV <- {200 4 Command succeeded}
04-17 11:28:39.667  1070  1125 D CryptdConnector: SND -> {5 cryptfs prepare_user_storage ! 0 0 2}
04-17 11:28:39.667   533   540 D vold    : e4crypt_prepare_user_storage for volume null, user 0, serial 0, flags 2
04-17 11:28:39.667   533   540 D vold    : Preparing: /data/system_ce/0
04-17 11:28:39.668   533   540 D vold    : Preparing: /data/misc_ce/0
04-17 11:28:39.670   533   540 D vold    : Preparing: /data/media/0
04-17 11:28:39.670   533   540 D vold    : Preparing: /data/data
04-17 11:28:39.671   533   540 I vold    : Found policy 5fcb89181ad5160e at /data/system_ce/0 which matches expected value
04-17 11:28:39.672   533   540 I vold    : Policy for /data/misc_ce/0 set to 5fcb89181ad5160e
04-17 11:28:39.672   533   540 I vold    : Found policy 5fcb89181ad5160e at /data/media/0 which matches expected value
04-17 11:28:39.673   533   540 I vold    : Found policy 5fcb89181ad5160e at /data/data which matches expected value
04-17 11:28:39.673   533   540 V vold    : Starting restorecon of /data/system_ce/0
04-17 11:28:39.674   533   540 V vold    : Finished restorecon of /data/system_ce/0
04-17 11:28:39.674   533   540 V vold    : Starting restorecon of /data/misc_ce/0
04-17 11:28:39.674   533   540 V vold    : Finished restorecon of /data/misc_ce/0
04-17 11:28:39.674  1070  1397 D CryptdConnector: RCV <- {200 5 Command succeeded}
04-17 11:28:39.675  1070  1125 V UserManagerService: Found /data/user/0 with serial number 0
04-17 11:28:39.675  1070  1125 V UserManagerService: Found /data/system_ce/0 with serial number 0
04-17 11:28:39.675  1070  1125 V PackageManager: reconcileAppsData for null u0 0x2
04-17 11:28:40.181  1070  1125 V PackageManager: reconcileAppsData finished 163 packages
04-17 11:28:40.182  1070  1095 D BluetoothManagerService: User 0 unlocked
04-17 11:28:40.182  1070  1095 D MountService: onUnlockUser 0
04-17 11:28:40.182  1070  1095 D VoldConnector: SND -> {7 volume user_started 0}
04-17 11:28:40.183  1070  1408 D ConnectivityService: Got NetworkFactory Messenger for WIFI
04-17 11:28:40.183  1070  1408 D ConnectivityService: Got NetworkFactory Messenger for WIFI_UT
04-17 11:28:40.185  1070  1124 D BluetoothManagerService: Message: 301
04-17 11:28:40.185  1070  1124 D BluetoothManagerService: MESSAGE_USER_UNLOCKED
04-17 11:28:40.187   533   539 D vold    : Linking /storage/emulated/0 to /mnt/user/0/primary
04-17 11:28:40.187  1070  1396 D VoldConnector: RCV <- {200 7 Command succeeded}
04-17 11:28:40.190  1070  1394 D MountService: Volume emulated broadcasting mounted to UserHandle{0}
04-17 11:28:40.203  1070  1070 I ActivityManager: Start proc 1964:com.google.android.marvin.talkback/u0a101 for broadcast com.google.android.marvin.talkback/com.android.talkback.BootReceiver
04-17 11:28:40.235  1070  1095 V BackupManagerService: No ancestral data
04-17 11:28:40.244  1070  1095 I BackupManagerService: Package com.mozilla.servo.union not installed; dropping from full backup
04-17 11:28:40.244  1070  1095 I BackupManagerService: Package com.rust.webvr not installed; dropping from full backup
04-17 11:28:40.250  1070  1095 V BackupManagerService: Starting with transport com.google.android.gms/.backup.BackupTransportService
04-17 11:28:40.250  1070  1095 V BackupManagerService: Found transports: 2
04-17 11:28:40.265  1070  1095 I ActivityManager: Start proc 1978:com.google.android.gms.persistent/u0a19 for service com.google.android.gms/.backup.BackupTransportService
04-17 11:28:40.269  1070  1095 I BackupManagerService: Backup enabled => false
04-17 11:28:40.308  1070  1070 I ActivityManager: Start proc 1993:com.google.android.apps.photos/u0a83 for service com.google.android.apps.photos/.dbprocessor.impl.DatabaseProcessorJobService
04-17 11:28:40.327  1070  1070 V BackupManagerService: Connected to transport ComponentInfo{android/com.android.internal.backup.LocalTransportService}
04-17 11:28:40.327  1070  1070 V BackupManagerService: Registering transport android/com.android.internal.backup.LocalTransportService::android/com.android.internal.backup.LocalTransport = android.app.backup.BackupTransport$TransportImpl@331f735
04-17 11:28:40.345  1070  1976 V KeyValueBackupJob: Scheduling k/v pass in 248 minutes
04-17 11:28:40.389  1070  1095 I ActivityManager: Start proc 2007:com.google.android.googlequicksearchbox:interactor/u0a45 for service com.google.android.googlequicksearchbox/com.google.android.voiceinteraction.GsaVoiceInteractionService
04-17 11:28:40.390  1070  1095 I ActivityManager: Loading recents for user 0 into memory.
04-17 11:28:40.411  1070  1095 I ActivityManager: Start proc 2019:com.android.nfc/1027 for added application com.android.nfc
04-17 11:28:40.428  1070  1095 I ActivityManager: Start proc 2028:com.android.ims.rcsservice/1001 for added application com.android.ims.rcsservice
04-17 11:28:40.442  1070  1095 I ActivityManager: Start proc 2041:com.qualcomm.qti.rcsbootstraputil/1001 for added application com.qualcomm.qti.rcsbootstraputil
04-17 11:28:40.467  1070  1095 I ActivityManager: Start proc 2061:com.google.SSRestartDetector/1000 for added application com.google.SSRestartDetector
04-17 11:28:40.471  1070  1095 D ActivityManager: Sending BOOT_COMPLETE user #0
04-17 11:28:40.500  1070  1070 V ConditionProviders: enabling condition provider for 0: ComponentInfo{com.google.vr.vrcore/com.google.vr.vrcore.common.VrCoreZenConditionProvider}
04-17 11:28:40.527  1070  1070 I ActivityManager: Start proc 2079:com.google.vr.vrcore/u0a71 for service com.google.vr.vrcore/.common.VrCoreZenConditionProvider
04-17 11:28:40.527  1070  1070 V NotificationListeners: enabling notification listener for 0: ComponentInfo{com.google.vr.vrcore/com.google.vr.vrcore.notification.VrNotificationService}
04-17 11:28:40.583  1070  1732 I ActivityManager: Start proc 2094:com.android.keychain/1000 for service com.android.keychain/.KeyChainService
04-17 11:28:40.613  1070  1080 I Telecom : PhoneAccountRegistrar: [ComponentInfo{com.android.phone/com.android.services.telephony.TelephonyConnectionService}, [e0184adedf913b076626646d3f52c3b49c39ad6d], UserHandle{0}(icon: Icon(typ=BITMAP size=50x63) -> Icon(typ=BITMAP size=50x63))]: TSI.rPA@ABg
04-17 11:28:40.614  1070  1080 I Telecom : : Sending phone-account registered intent as user: TSI.rPA@ABg
04-17 11:28:40.618  1070  1477 I ActivityManager: Start proc 2100:com.google.process.gapps/u0a19 for content provider com.google.android.gsf/.gservices.GservicesProvider
04-17 11:28:40.652  1070  1081 I Telecom : PhoneAccountRegistrar: [ComponentInfo{com.android.phone/com.android.services.telephony.TelephonyConnectionService}, [e0184adedf913b076626646d3f52c3b49c39ad6d], UserHandle{0}(icon: Icon(typ=BITMAP size=50x63) -> Icon(typ=BITMAP size=50x63))]: TSI.rPA@ABs
04-17 11:28:40.653  1070  1081 I Telecom : : Sending phone-account registered intent as user: TSI.rPA@ABs
04-17 11:28:40.659  1070  1124 D BluetoothManagerService: Message: 20
04-17 11:28:40.660  1070  1124 D BluetoothManagerService: Added callback: android.bluetooth.IBluetoothManagerCallback$Stub$Proxy@4838048:true
04-17 11:28:40.749  1070  1942 I ActivityManager: START u0 {act=android.intent.action.MAIN cat=[android.intent.category.HOME] flg=0x10000100 cmp=com.google.android.apps.nexuslauncher/.NexusLauncherActivity} from uid 0 on display 0
04-17 11:28:40.768  1070  1095 I ActivityManager: Start proc 2133:com.google.android.apps.nexuslauncher/u0a32 for activity com.google.android.apps.nexuslauncher/.NexusLauncherActivity
04-17 11:28:40.795  1070  1942 I ActivityManager: Start proc 2146:com.google.android.deskclock/u0a86 for broadcast com.google.android.deskclock/com.android.deskclock.AlarmInitReceiver
04-17 11:28:40.907  1070  2161 I ActivityManager: Start proc 2176:com.google.android.googlequicksearchbox:search/u0a45 for service com.google.android.googlequicksearchbox/com.google.android.hotword.service.HotwordService
