04-17 11:29:18.970  2555  2555 W Settings: Setting install_non_market_apps has moved from android.provider.Settings.Global to android.provider.Settings.Secure, returning read-only value.
04-17 11:29:18.971  2555  2555 W Settings: Setting download_manager_max_bytes_over_mobile has moved from android.provider.Settings.Secure to android.provider.Settings.Global.
04-17 11:29:18.986  2555  2555 I Finsky  : [1] com.google.android.vending.verifier.VerifyInstalledPackagesReceiver.onReceive(42): Verify installed apps requested
04-17 11:29:18.993  1978  1978 I WearableService: Wear is not allowed to run on this device. Not starting Wear service.
04-17 11:29:18.994  1978  1978 D WearableService: callingUid 10019, callindPid: 1978
04-17 11:29:19.001  2555  4270 I Finsky  : [196] com.google.android.vending.verifier.aw.a(109): Verifying installed packages
04-17 11:29:19.002  4057  4057 D MusicLifecycle: com.google.android.music.autocache.AutoCacheSchedulingService$EnablingReceiver generated event: Broadcast received with context android.app.ReceiverRestrictedContext@cbf5be6 and intent Intent { act=com.google.android.music.START_DOWNLOAD_SCHEDULING flg=0x10 cmp=com.google.android.music/.autocache.AutoCacheSchedulingService$EnablingReceiver }
04-17 11:29:19.006  2555  2555 E Finsky  : [1] com.google.android.finsky.wear.bl.a(847): onConnectionFailed: ConnectionResult{statusCode=API_UNAVAILABLE, resolution=null, message=null}
04-17 11:29:19.006  2555  2555 I Finsky  : [1] com.google.android.finsky.wear.aj.run(20402): Dropping command=hygiene due to Gms not connected
04-17 11:29:19.026  4057  4057 D MusicLifecycle: com.google.android.music.autocache.AutoCacheSchedulingService generated event: Service created
04-17 11:29:19.125  4057  4057 D MusicLifecycle: com.google.android.music.autocache.AutoCacheSchedulingService generated event: Service started with intent Intent { act=com.google.android.music.leanback.APP_IN_USE cmp=com.google.android.music/.autocache.AutoCacheSchedulingService (has extras) }
04-17 11:29:19.127  4057  4057 D MusicLifecycle: com.google.android.music.wear.WearBroadcastReceiver generated event: Broadcast received with context android.app.ReceiverRestrictedContext@cbf5be6 and intent Intent { act=com.google.android.music.START_DOWNLOAD_SCHEDULING flg=0x10 cmp=com.google.android.music/.wear.WearBroadcastReceiver }
04-17 11:29:19.161  2555  4278 I Finsky  : [197] com.google.android.finsky.receivers.FlushLogsReceiver$FlushLogsService.onHandleIntent(163): Flushing event logs for [cB_BRljDkvULH6FQhj1jpbnPcCI]
04-17 11:29:19.162  2555  2608 I PlayCommon: [162] com.google.android.play.a.g.e(940): Preparing logs for uploading
04-17 11:29:19.177  2555  4279 I PlayCommon: [198] com.google.android.play.a.g.e(940): Preparing logs for uploading
04-17 11:29:19.177  2555  4279 I PlayCommon: [198] com.google.android.play.a.g.e(942): No file ready to send
04-17 11:29:19.188  2555  2608 I PlayCommon: [162] com.google.android.play.a.g.a(1043): Connecting to server: https://play.googleapis.com/play/log?format=raw&proto_v2=true
04-17 11:29:19.232  4057  4277 E GmsUtils: Failed to connect to Google API client: ConnectionResult{statusCode=API_UNAVAILABLE, resolution=null, message=null}
04-17 11:29:19.364  2555  2608 I PlayCommon: [162] com.google.android.play.a.g.a(1121): Successfully uploaded logs.
04-17 11:29:19.377  2555  2608 I PlayCommon: [162] com.google.android.play.a.g.e(940): Preparing logs for uploading
04-17 11:29:19.386  2555  2608 I PlayCommon: [162] com.google.android.play.a.g.e(942): No file ready to send
04-17 11:29:19.648  4057  4271 I MusicLeanback: Conditions not met for autocaching. okToAttempt=false
04-17 11:29:19.648  4057  4271 I MusicLeanback: Stop autocaching.
04-17 11:29:19.656  4057  4057 D MusicLifecycle: com.google.android.music.autocache.AutoCacheSchedulingService generated event: Service destroyed
04-17 11:29:19.771  2555  2555 I Finsky  : [1] com.google.android.vending.verifier.aw.c(182): Done verifying installed packages
04-17 11:29:19.960  2323  2353 W MediaScanner: Error opening directory '/oem/media/', skipping: No such file or directory.
04-17 11:29:19.996  4057  4086 I MediaStoreImporter: Update: incremental Added music: 0 Updated music: 0 Deleted music: 0 Created playlists: 0 Updated playlists: 0 Deleted playlists: 0 Inserted playlist items: 0 Deleted playlist items: 0 Removed orphaned playlist items: 0
04-17 11:29:20.009  4057  4057 D MusicLifecycle: com.google.android.music.wear.WearBroadcastReceiver generated event: Broadcast received with context android.app.ReceiverRestrictedContext@cbf5be6 and intent Intent { act=com.google.android.music.IMPORT_COMPLETE flg=0x10 cmp=com.google.android.music/.wear.WearBroadcastReceiver }
04-17 11:29:20.043  4057  4288 E GmsUtils: Failed to connect to Google API client: ConnectionResult{statusCode=API_UNAVAILABLE, resolution=null, message=null}
04-17 11:29:21.796  1070  2263 I ActivityManager: Killing 3642:com.android.settings/1000 (adj 906): empty #17
04-17 11:29:21.814  1070  1477 I ActivityManager: Killing 3658:com.google.android.carrierentitlement/u0a6 (adj 906): empty #17
04-17 11:29:21.848  1070  3316 D ActivityManager: cleanUpApplicationRecord -- 3658
04-17 11:29:21.864  1070  2262 D ActivityManager: cleanUpApplicationRecord -- 3642
04-17 11:29:22.906  2323  2334 W art     : Suspending all threads took: 5.675ms
04-17 11:29:23.151  1070  1942 W ActivityManager: Unbind failed: could not find connection for android.os.BinderProxy@c60984e
04-17 11:29:23.167  1070  1561 I ActivityManager: Killing 2245:com.google.android.partnersetup/u0a27 (adj 906): empty #17
04-17 11:29:23.181  1070  3316 I ActivityManager: Killing 3679:com.htc.omadm.trigger/1001 (adj 906): empty #17
04-17 11:29:23.201  1070  2259 D ActivityManager: cleanUpApplicationRecord -- 2245
04-17 11:29:23.211  1070  3316 D ActivityManager: cleanUpApplicationRecord -- 3679
04-17 11:29:25.581  2592  4293 W IcingInternalCorpora: getNumBytesRead when not calculated.
04-17 11:29:25.628  2796  4291 W AbstractGoogleClient: Application name is not set. Call Builder#setApplicationName.
04-17 11:29:25.938  1070  2259 I chatty  : uid=1000(system) Binder:1070_B expire 6 lines
04-17 11:29:25.942  1070  3316 I chatty  : uid=1000(system) Binder:1070_10 expire 2 lines
04-17 11:29:26.941  1070  1080 I chatty  : uid=1000(system) Binder:1070_1 expire 12 lines
04-17 11:29:27.347  2796  4291 I TimelySyncImpl: Found no pending settings
04-17 11:29:27.534  1070  1943 I ActivityManager: Killing 3596:org.codeaurora.ims/1001 (adj 906): empty #17
04-17 11:29:27.554  1070  1477 D ActivityManager: cleanUpApplicationRecord -- 3596
04-17 11:29:27.614  1070  1094 I ActivityManager: Start proc 4298:com.google.process.gapps/u0a64 for service com.google.android.syncadapters.contacts/.ContactsSyncAdapterService
04-17 11:29:27.646  4298  4298 I art     : Starting a blocking GC AddRemoveAppImageSpace
04-17 11:29:27.647  4298  4298 W System  : ClassLoader referenced unknown path: /system/app/GoogleContactsSyncAdapter/lib/arm64
04-17 11:29:27.671  4298  4298 I GoogleHttpClient: GMS http client unavailable, use old client
04-17 11:29:27.716  2757  4314 I Gmail   : Sync started for account: account:259755595
04-17 11:29:27.743  2757  4314 I UnifiedEmail: notifyAccountChanged
04-17 11:29:27.767  2757  4317 I UnifiedEmail: getAccountsCursor
04-17 11:29:27.797  4298  4315 I SyncAdapterProxy: Delagator disabled, using the (deprecated) GData sync adapter
04-17 11:29:27.798  4298  4315 I GoogleHttpClient: GMS http client unavailable, use old client
04-17 11:29:27.836  2796  4316 W AbstractGoogleClient: Application name is not set. Call Builder#setApplicationName.
04-17 11:29:27.924  2757  4314 I Gmail   : MainSyncRequestProto: lowestBkwdConvoId: 0, highestHandledServerOp: 1376363, normalSync: true
04-17 11:29:29.315  4298  4323 D NetworkSecurityConfig: No Network Security Config specified, using platform default
04-17 11:29:29.347  2796  4316 I TimelySyncImpl: Found no pending settings
04-17 11:29:29.349  1978  3699 W Herrevad: [242] shz.b: Invalid mccmnc 
04-17 11:29:29.355  1978  3699 W Herrevad: [242] shz.b: Invalid mccmnc 
04-17 11:29:29.546  1070  1943 I ActivityManager: Killing 2146:com.google.android.deskclock/u0a86 (adj 906): empty #17
04-17 11:29:29.567  1070  2263 D ActivityManager: cleanUpApplicationRecord -- 2146
04-17 11:29:29.770  2796  4329 W AbstractGoogleClient: Application name is not set. Call Builder#setApplicationName.
04-17 11:29:31.651  2323  2323 D MtpService: starting MTP server in MTP mode
04-17 11:29:32.194  2796  4329 I TimelySyncImpl: Found no pending settings
04-17 11:29:32.447  1070  2161 I ActivityManager: Killing 3439:com.motricity.verizon.ssodownloadable/u0a47 (adj 906): empty #17
04-17 11:29:32.468  1070  1561 D ActivityManager: cleanUpApplicationRecord -- 3439
04-17 11:29:32.666  2796  4342 W AbstractGoogleClient: Application name is not set. Call Builder#setApplicationName.
04-17 11:29:33.191  1070  2260 I chatty  : uid=1000(system) Binder:1070_C expire 10 lines
04-17 11:29:33.975  2796  4342 I TimelySyncImpl: Found no pending settings
04-17 11:29:34.392  2796  4345 W AbstractGoogleClient: Application name is not set. Call Builder#setApplicationName.
04-17 11:29:35.917  1978  2280 W GCoreFlp: No location to return for getLastLocation()
04-17 11:29:36.065  2796  4345 I TimelySyncImpl: Found no pending settings
04-17 11:29:36.396  2757  4314 I Gmail   : Received Ad with event id: 0 ChMIyvOn7Jar0wIVxVZ-Ch0PvAy9EAaYmOGuAgE
04-17 11:29:36.706  2555  2644 I Finsky  : [182] com.google.android.finsky.f.f.run(2154): Replicating app states via DFE.
04-17 11:29:36.716  2796  4350 W AbstractGoogleClient: Application name is not set. Call Builder#setApplicationName.
04-17 11:29:36.781  2757  4314 I Gmail   : Received Ad with event id: 1 ChMI1vSn7Jar0wIVxVZ-Ch0PvAy9EAaYmOGuAgE
04-17 11:29:37.023  2555  2644 I Finsky  : [182] com.google.android.finsky.f.d.a(319): Completed 0 account content syncs with 0 successful.
04-17 11:29:37.024  2555  2555 I Finsky  : [1] com.google.android.finsky.services.j.a(149): Installation state replication succeeded.
04-17 11:29:37.400  2757  4314 I Gmail   : MainSyncRequestProto: lowestBkwdConvoId: 0, highestHandledServerOp: 1378396, normalSync: true
04-17 11:29:37.496  3766  3766 W CTION_IDLE_MODE: type=1400 audit(0.0:96): avc: denied { getattr } for path="/bt_firmware" dev="dm-0" ino=13 scontext=u:r:priv_app:s0:c512,c768 tcontext=u:object_r:bt_firmware_file:s0 tclass=dir permissive=0
04-17 11:29:37.503  3766  3766 W CTION_IDLE_MODE: type=1400 audit(0.0:97): avc: denied { getattr } for path="/persist" dev="sdd3" ino=2 scontext=u:r:priv_app:s0:c512,c768 tcontext=u:object_r:persist_file:s0 tclass=dir permissive=0
04-17 11:29:37.503  3766  3766 W CTION_IDLE_MODE: type=1400 audit(0.0:98): avc: denied { getattr } for path="/postinstall" dev="dm-0" ino=43 scontext=u:r:priv_app:s0:c512,c768 tcontext=u:object_r:postinstall_mnt_dir:s0 tclass=dir permissive=0
04-17 11:29:37.669  3766  3766 W CTION_IDLE_MODE: type=1400 audit(0.0:99): avc: denied { getattr } for path="/mnt/media_rw" dev="tmpfs" ino=15285 scontext=u:r:priv_app:s0:c512,c768 tcontext=u:object_r:mnt_media_rw_file:s0 tclass=dir permissive=0
04-17 11:29:37.673  3766  3766 W CTION_IDLE_MODE: type=1400 audit(0.0:100): avc: denied { read } for name="firmware" dev="dm-0" ino=25 scontext=u:r:priv_app:s0:c512,c768 tcontext=u:object_r:firmware_file:s0 tclass=dir permissive=0
04-17 11:29:37.673  3766  3766 W CTION_IDLE_MODE: type=1400 audit(0.0:101): avc: denied { read } for name="/" dev="configfs" ino=13332 scontext=u:r:priv_app:s0:c512,c768 tcontext=u:object_r:configfs:s0 tclass=dir permissive=0
04-17 11:29:37.952  2796  4350 I TimelySyncImpl: Found no pending settings
04-17 11:29:38.827  1978  3699 W Herrevad: [242] shz.b: Invalid mccmnc 
04-17 11:29:38.831  1978  3699 W Herrevad: [242] shz.b: Invalid mccmnc 
04-17 11:29:38.944  1070  1623 I chatty  : uid=1000(system) FLP Service Cal expire 4 lines
04-17 11:29:39.202  1070  1638 I chatty  : uid=1000(system) FLP Service Cal expire 1 line
04-17 11:29:39.963  3766  3766 W CTION_IDLE_MODE: type=1400 audit(0.0:102): avc: denied { getattr } for path="/data/data/com.android.providers.telephony" dev="sda35" ino=868363 scontext=u:r:priv_app:s0:c512,c768 tcontext=u:object_r:radio_data_file:s0 tclass=dir permissive=0
04-17 11:29:39.963  3766  3766 W CTION_IDLE_MODE: type=1400 audit(0.0:103): avc: denied { getattr } for path="/data/data/com.android.sdm.plugins.connmo" dev="sda35" ino=868366 scontext=u:r:priv_app:s0:c512,c768 tcontext=u:object_r:radio_data_file:s0 tclass=dir permissive=0
04-17 11:29:39.966  3766  3766 W CTION_IDLE_MODE: type=1400 audit(0.0:104): avc: denied { getattr } for path="/data/data/com.qti.service.colorservice" dev="sda35" ino=868378 scontext=u:r:priv_app:s0:c512,c768 tcontext=u:object_r:system_app_data_file:s0 tclass=dir permissive=0
04-17 11:29:39.969  3766  3766 W CTION_IDLE_MODE: type=1400 audit(0.0:105): avc: denied { getattr } for path="/data/data/com.quicinc.cne.CNEService" dev="sda35" ino=868394 scontext=u:r:priv_app:s0:c512,c768 tcontext=u:object_r:system_app_data_file:s0 tclass=dir permissive=0
04-17 11:29:39.969  3766  3766 W CTION_IDLE_MODE: type=1400 audit(0.0:106): avc: denied { getattr } for path="/data/data/com.htc.omadm.trigger" dev="sda35" ino=868397 scontext=u:r:priv_app:s0:c512,c768 tcontext=u:object_r:radio_data_file:s0 tclass=dir permissive=0
04-17 11:29:39.973  3766  3766 W CTION_IDLE_MODE: type=1400 audit(0.0:107): avc: denied { getattr } for path="/data/data/com.android.mms.service" dev="sda35" ino=868412 scontext=u:r:priv_app:s0:c512,c768 tcontext=u:object_r:radio_data_file:s0 tclass=dir permissive=0
04-17 11:29:39.979  3766  3766 W CTION_IDLE_MODE: type=1400 audit(0.0:108): avc: denied { getattr } for path="/data/data/com.qti.qualcomm.datastatusnotification" dev="sda35" ino=868454 scontext=u:r:priv_app:s0:c512,c768 tcontext=u:object_r:radio_data_file:s0 tclass=dir permissive=0
04-17 11:29:39.979  3766  3766 W CTION_IDLE_MODE: type=1400 audit(0.0:109): avc: denied { getattr } for path="/data/data/android" dev="sda35" ino=868457 scontext=u:r:priv_app:s0:c512,c768 tcontext=u:object_r:system_app_data_file:s0 tclass=dir permissive=0
04-17 11:29:39.979  3766  3766 W CTION_IDLE_MODE: type=1400 audit(0.0:110): avc: denied { getattr } for path="/data/data/com.android.nfc" dev="sda35" ino=868475 scontext=u:r:priv_app:s0:c512,c768 tcontext=u:object_r:nfc_data_file:s0 tclass=dir permissive=0
04-17 11:29:39.979  3766  3766 W CTION_IDLE_MODE: type=1400 audit(0.0:111): avc: denied { getattr } for path="/data/data/com.android.stk" dev="sda35" ino=868478 scontext=u:r:priv_app:s0:c512,c768 tcontext=u:object_r:radio_data_file:s0 tclass=dir permissive=0
04-17 11:29:39.986  3766  3766 W CTION_IDLE_MODE: type=1400 audit(0.0:112): avc: denied { getattr } for path="/data/data/com.qualcomm.qti.radioconfiginterface" dev="sda35" ino=868487 scontext=u:r:priv_app:s0:c512,c768 tcontext=u:object_r:radio_data_file:s0 tclass=dir permissive=0
04-17 11:29:39.986  3766  3766 W CTION_IDLE_MODE: type=1400 audit(0.0:113): avc: denied { getattr } for path="/data/data/org.codeaurora.ims" dev="sda35" ino=868490 scontext=u:r:priv_app:s0:c512,c768 tcontext=u:object_r:radio_data_file:s0 tclass=dir permissive=0
04-17 11:29:39.986  3766  3766 W CTION_IDLE_MODE: type=1400 audit(0.0:114): avc: denied { getattr } for path="/data/data/com.android.sdm.plugins.sprintdm" dev="sda35" ino=868502 scontext=u:r:priv_app:s0:c512,c768 tcontext=u:object_r:radio_data_file:s0 tclass=dir permissive=0
04-17 11:29:39.989  3766  3766 W CTION_IDLE_MODE: type=1400 audit(0.0:115): avc: denied { getattr } for path="/data/data/com.qualcomm.qti.auth.secureextauthservice" dev="sda35" ino=868505 scontext=u:r:priv_app:s0:c512,c768 tcontext=u:object_r:system_app_data_file:s0 tclass=dir permissive=0
04-17 11:29:39.989  3766  3766 W CTION_IDLE_MODE: type=1400 audit(0.0:116): avc: denied { getattr } for path="/data/data/com.qualcomm.qcrilmsgtunnel" dev="sda35" ino=868511 scontext=u:r:priv_app:s0:c512,c768 tcontext=u:object_r:radio_data_file:s0 tclass=dir permissive=0
04-17 11:29:39.989  3766  3766 W CTION_IDLE_MODE: type=1400 audit(0.0:117): avc: denied { getattr } for path="/data/data/com.android.providers.settings" dev="sda35" ino=868514 scontext=u:r:priv_app:s0:c512,c768 tcontext=u:object_r:system_app_data_file:s0 tclass=dir permissive=0
04-17 11:29:39.993  3766  3766 W CTION_IDLE_MODE: type=1400 audit(0.0:118): avc: denied { getattr } for path="/data/data/com.android.sdm.plugins.diagmon" dev="sda35" ino=868529 scontext=u:r:priv_app:s0:c512,c768 tcontext=u:object_r:radio_data_file:s0 tclass=dir permissive=0
04-17 11:29:39.993  3766  3766 W CTION_IDLE_MODE: type=1400 audit(0.0:119): avc: denied { getattr } for path="/data/data/com.android.inputdevices" dev="sda35" ino=868535 scontext=u:r:priv_app:s0:c512,c768 tcontext=u:object_r:system_app_data_file:s0 tclass=dir permissive=0
04-17 11:29:39.993  3766  3766 W CTION_IDLE_MODE: type=1400 audit(0.0:120): avc: denied { getattr } for path="/data/data/com.qti.xdivert" dev="sda35" ino=868544 scontext=u:r:priv_app:s0:c512,c768 tcontext=u:object_r:radio_data_file:s0 tclass=dir permissive=0
04-17 11:29:39.999  3766  3766 W CTION_IDLE_MODE: type=1400 audit(0.0:121): avc: denied { getattr } for path="/data/data/com.android.server.telecom" dev="sda35" ino=868574 scontext=u:r:priv_app:s0:c512,c768 tcontext=u:object_r:system_app_data_file:s0 tclass=dir permissive=0
04-17 11:29:40.003  3766  3766 W CTION_IDLE_MODE: type=1400 audit(0.0:122): avc: denied { getattr } for path="/data/data/com.android.keychain" dev="sda35" ino=868583 scontext=u:r:priv_app:s0:c512,c768 tcontext=u:object_r:system_app_data_file:s0 tclass=dir permissive=0
04-17 11:29:40.003  3766  3766 W CTION_IDLE_MODE: type=1400 audit(0.0:123): avc: denied { getattr } for path="/data/data/com.android.service.ims" dev="sda35" ino=868589 scontext=u:r:priv_app:s0:c512,c768 tcontext=u:object_r:radio_data_file:s0 tclass=dir permissive=0
04-17 11:29:40.490  3737  4360 W ResourceType: For resource 0x7f060007, entry index(7) is beyond type entryCount(6)
04-17 11:29:40.490  3737  4360 W ResourceType: Failure getting entry for 0x7f060007 (t=5 e=7) (error -75)
04-17 11:29:40.490  3737  4360 E GooglePlayServicesUtil: The Google Play services resources were not found. Check your project configuration to ensure that the resources are included.
04-17 11:29:40.530  3737  4361 W ResourceType: For resource 0x7f060007, entry index(7) is beyond type entryCount(6)
04-17 11:29:40.530  3737  4361 W ResourceType: Failure getting entry for 0x7f060007 (t=5 e=7) (error -75)
04-17 11:29:40.531  3737  4361 E GooglePlayServicesUtil: The Google Play services resources were not found. Check your project configuration to ensure that the resources are included.
04-17 11:29:41.343  2757  4314 I Gmail   : MainSyncRequestProto: lowestBkwdConvoId: 0, highestHandledServerOp: 1378402, normalSync: true
04-17 11:29:41.345  2757  4314 I Gmail   : lowestBackward conversation id 0
04-17 11:29:41.481  2757  4314 I Gmail   : AppDataSearch: minSeqNo=21662, maxSeqNo=21922, lastCommittedSequence=21719
04-17 11:29:41.488  2592  4365 W IcingInternalCorpora: getNumBytesRead when not calculated.
04-17 11:29:41.515  2592  2887 I Icing   : Usage reports 0 indexed 0 rejected 0 imm upload false
04-17 11:29:41.553  2592  2887 I Icing   : Usage reports 0 indexed 0 rejected 0 imm upload false
04-17 11:29:41.607  2757  4314 I UnifiedEmail: notifyAccountChanged
04-17 11:29:41.614  2757  4314 W Gmail   : Sync complete for account: account:259755595
04-17 11:29:41.616  2757  4366 I UnifiedEmail: getAccountsCursor
04-17 11:29:41.641  1070  1080 I ActivityManager: Killing 3710:com.qualcomm.timeservice/1000 (adj 906): empty #17
04-17 11:29:41.664  1070  3318 D ActivityManager: cleanUpApplicationRecord -- 3710
04-17 11:29:41.682  2757  4367 I Gmail   : Sync started for account: account:259755595
04-17 11:29:41.684  2757  4367 I UnifiedEmail: notifyAccountChanged
04-17 11:29:41.690  2757  4368 I UnifiedEmail: getAccountsCursor
04-17 11:29:41.727  2757  4367 I Gmail   : MainSyncRequestProto: lowestBkwdConvoId: 0, highestHandledServerOp: 1378402, normalSync: true
04-17 11:29:42.117  1978  3310 W Herrevad: [206] shz.b: Invalid mccmnc 
04-17 11:29:42.121  1978  3310 W Herrevad: [206] shz.b: Invalid mccmnc 
04-17 11:29:42.190  2757  4367 I Gmail   : MainSyncRequestProto: lowestBkwdConvoId: 0, highestHandledServerOp: 1378405, normalSync: true
04-17 11:29:42.191  2757  4367 I Gmail   : lowestBackward conversation id 0
04-17 11:29:42.261  2757  4367 I Gmail   : AppDataSearch: minSeqNo=21726, maxSeqNo=21922, lastCommittedSequence=21719
04-17 11:29:42.285  2592  2985 I Icing   : Usage reports 0 indexed 0 rejected 0 imm upload false
04-17 11:29:42.299  2592  2985 I Icing   : Usage reports 0 indexed 0 rejected 0 imm upload false
04-17 11:29:42.322  2757  4367 I UnifiedEmail: notifyAccountChanged
04-17 11:29:42.327  2757  4317 I UnifiedEmail: getAccountsCursor
04-17 11:29:42.328  2757  4367 W Gmail   : Sync complete for account: account:259755595
04-17 11:29:42.581  2592  2985 I Icing   : Indexing EDFE883FB172A000788EDC8ACD08B37A69EAFD76 from com.google.android.gm
04-17 11:29:42.954  2176  3087 W NamedFutures: Timeout future task has been cancelled: 50000 milliseconds
04-17 11:29:42.958  2176  2176 E SearchServiceStarter: Task 132 failed or timed out. Client 9571641629483483 disconnecting from SearchService!
04-17 11:29:42.958  2176  2176 E SearchServiceStarter: java.util.concurrent.CancellationException: Task was cancelled.
04-17 11:29:42.958  2176  2176 E SearchServiceStarter: 	at com.google.common.util.concurrent.d.cI(SourceFile:75)
04-17 11:29:42.958  2176  2176 E SearchServiceStarter: 	at com.google.common.util.concurrent.d.get(SourceFile:57)
04-17 11:29:42.958  2176  2176 E SearchServiceStarter: 	at com.google.common.util.concurrent.ce.n(SourceFile:2)
04-17 11:29:42.958  2176  2176 E SearchServiceStarter: 	at com.google.common.util.concurrent.at.l(SourceFile:51)
04-17 11:29:42.958  2176  2176 E SearchServiceStarter: 	at com.google.common.util.concurrent.av.run(SourceFile:5)
04-17 11:29:42.958  2176  2176 E SearchServiceStarter: 	at com.google.android.apps.gsa.shared.util.concurrent.a.ay.run(SourceFile:2)
04-17 11:29:42.958  2176  2176 E SearchServiceStarter: 	at android.os.Handler.handleCallback(Handler.java:751)
04-17 11:29:42.958  2176  2176 E SearchServiceStarter: 	at android.os.Handler.dispatchMessage(Handler.java:95)
04-17 11:29:42.958  2176  2176 E SearchServiceStarter: 	at android.os.Looper.loop(Looper.java:154)
04-17 11:29:42.958  2176  2176 E SearchServiceStarter: 	at android.app.ActivityThread.main(ActivityThread.java:6119)
04-17 11:29:42.958  2176  2176 E SearchServiceStarter: 	at java.lang.reflect.Method.invoke(Native Method)
04-17 11:29:42.958  2176  2176 E SearchServiceStarter: 	at com.android.internal.os.ZygoteInit$MethodAndArgsCaller.run(ZygoteInit.java:886)
04-17 11:29:42.958  2176  2176 E SearchServiceStarter: 	at com.android.internal.os.ZygoteInit.main(ZygoteInit.java:776)
04-17 11:29:42.963  2176  3132 E VelvetBackgroundTasksIm: Background task telemetry.request_logging_by_intent failed
04-17 11:29:42.963  2176  3132 E VelvetBackgroundTasksIm: java.util.concurrent.CancellationException: Task was cancelled.
04-17 11:29:42.963  2176  3132 E VelvetBackgroundTasksIm: 	at com.google.common.util.concurrent.d.cI(SourceFile:75)
04-17 11:29:42.963  2176  3132 E VelvetBackgroundTasksIm: 	at com.google.common.util.concurrent.d.get(SourceFile:69)
04-17 11:29:42.963  2176  3132 E VelvetBackgroundTasksIm: 	at com.google.android.apps.gsa.staticplugins.bw.d.run(SourceFile:5)
04-17 11:29:42.963  2176  3132 E VelvetBackgroundTasksIm: 	at com.google.android.apps.gsa.tasks.bk.run(SourceFile:5)
04-17 11:29:42.963  2176  3132 E VelvetBackgroundTasksIm: 	at java.util.concurrent.Executors$RunnableAdapter.call(Executors.java:428)
04-17 11:29:42.963  2176  3132 E VelvetBackgroundTasksIm: 	at java.util.concurrent.FutureTask.run(FutureTask.java:237)
04-17 11:29:42.963  2176  3132 E VelvetBackgroundTasksIm: 	at java.util.concurrent.Executors$RunnableAdapter.call(Executors.java:428)
04-17 11:29:42.963  2176  3132 E VelvetBackgroundTasksIm: 	at java.util.concurrent.FutureTask.run(FutureTask.java:237)
04-17 11:29:42.963  2176  3132 E VelvetBackgroundTasksIm: 	at com.google.android.apps.gsa.shared.util.concurrent.a.at.run(SourceFile:18)
04-17 11:29:42.963  2176  3132 E VelvetBackgroundTasksIm: 	at com.google.android.apps.gsa.shared.util.concurrent.a.bh.run(SourceFile:4)
04-17 11:29:42.963  2176  3132 E VelvetBackgroundTasksIm: 	at com.google.android.apps.gsa.shared.util.concurrent.a.bh.run(SourceFile:4)
04-17 11:29:42.963  2176  3132 E VelvetBackgroundTasksIm: 	at java.util.concurrent.ThreadPoolExecutor.runWorker(ThreadPoolExecutor.java:1133)
04-17 11:29:42.963  2176  3132 E VelvetBackgroundTasksIm: 	at java.util.concurrent.ThreadPoolExecutor$Worker.run(ThreadPoolExecutor.java:607)
04-17 11:29:42.963  2176  3132 E VelvetBackgroundTasksIm: 	at java.lang.Thread.run(Thread.java:761)
04-17 11:29:42.963  2176  3132 E VelvetBackgroundTasksIm: 	at com.google.android.apps.gsa.shared.util.concurrent.a.ag.run(SourceFile:6)
04-17 11:29:43.022  2592  2985 I Icing   : Indexing done EDFE883FB172A000788EDC8ACD08B37A69EAFD76
04-17 11:29:43.138  2176  3139 I FetchOptInStatusTask: Audio History Disabled: Deleting model
04-17 11:29:43.321  2592  2985 I Icing   : Indexing EDFE883FB172A000788EDC8ACD08B37A69EAFD76 from com.google.android.gm
04-17 11:29:43.395  2592  2985 I Icing   : Indexing done EDFE883FB172A000788EDC8ACD08B37A69EAFD76
04-17 11:29:43.437  2323  2323 D MtpService: starting MTP server in MTP mode
04-17 11:29:50.122  2592  4377 W IcingInternalCorpora: getNumBytesRead when not calculated.
04-17 11:29:50.202  2592  2985 I Icing   : Usage reports 0 indexed 0 rejected 0 imm upload false
04-17 11:29:50.250  2592  2985 I Icing   : Usage reports 0 indexed 0 rejected 0 imm upload false
04-17 11:29:50.315  2592  2985 I Icing   : Usage reports 0 indexed 0 rejected 0 imm upload false
04-17 11:29:50.367  2592  2985 I Icing   : Usage reports 0 indexed 0 rejected 0 imm upload false
04-17 11:29:50.422  2592  2985 I Icing   : Usage reports 0 indexed 0 rejected 0 imm upload false
04-17 11:29:50.474  2592  2985 I Icing   : Usage reports 0 indexed 0 rejected 0 imm upload false
04-17 11:29:50.532  2592  2887 I Icing   : Usage reports 0 indexed 0 rejected 0 imm upload false
04-17 11:29:59.819  1070  1561 I ActivityManager: Killing 3534:com.qualcomm.embms:remote/u0a99 (adj 906): empty #17
04-17 11:29:59.934  2592  4379 W IcingInternalCorpora: getNumBytesRead when not calculated.
04-17 11:29:59.957  1070  3318 D ActivityManager: cleanUpApplicationRecord -- 3534
04-17 11:30:06.335  1070  2259 I ActivityManager: Killing 3737:com.google.android.gms:snet/u0a19 (adj 906): empty #17
04-17 11:30:06.337  1070  2259 I ActivityManager: Killing 3612:com.android.cellbroadcastreceiver/u0a7 (adj 906): empty #18
04-17 11:30:06.424  1070  2161 I ActivityManager: Start proc 4381:com.google.android.apps.wallpaper/u0a94 for broadcast com.google.android.apps.wallpaper/.module.DailyLoggingAlarmReceiver
04-17 11:30:06.519  1070  1561 D ActivityManager: cleanUpApplicationRecord -- 3612
04-17 11:30:06.533  1070  2260 D ActivityManager: cleanUpApplicationRecord -- 3737
04-17 11:30:06.536  4381  4381 I art     : Starting a blocking GC AddRemoveAppImageSpace
04-17 11:30:06.538  4381  4381 W System  : ClassLoader referenced unknown path: /data/app/com.google.android.apps.wallpaper-1/lib/arm64
04-17 11:30:06.615  4158  4397 I PhenotypeFlagCommitter: Experiment Configs successfully retrieved for com.google.android.apps.gcs
04-17 11:30:06.615  4158  4397 I PhenotypeExpCommitSvc: [314] PhenotypeExperimentCommitService.a: Successfully committed experiments for user [cB_BRljDkvULH6FQhj1jpbnPcCI]
04-17 11:30:06.892  1978  3343 W Conscrypt: Could not set socket write timeout: null
04-17 11:30:06.922  1978  3343 W Conscrypt: Could not set socket write timeout: null
04-17 11:30:07.432  4158  4408 D NetworkSecurityConfig: Using Network Security Config from resource network_security_config debugBuild: false
04-17 11:30:07.599  4158  4408 I RequestAddCookies: Cookie store not available in HTTP context
04-17 11:30:07.794  4158  4408 I ResponseProcessCookies: Cookie store not available in HTTP context
04-17 11:30:10.102  1978  4417 I GoogleURLConnFactory: Using platform SSLCertificateSocketFactory
04-17 11:30:10.123  1978  4417 I GoogleURLConnFactory: Using platform SSLCertificateSocketFactory
04-17 11:30:12.185  1978  4417 I GoogleURLConnFactory: Using platform SSLCertificateSocketFactory
04-17 11:30:12.479  1978  4417 I GoogleURLConnFactory: Using platform SSLCertificateSocketFactory
04-17 11:30:15.951  1978  2280 W GCoreFlp: No location to return for getLastLocation()
04-17 11:30:17.561  2592  4428 W DriveInitializer: Background init thread started
04-17 11:30:17.814  2592  4428 W DriveInitializer: Background init thread ended
04-17 11:30:31.047  1070  1081 I ActivityManager: Killing 3831:com.android.printspooler/u0a88 (adj 906): empty #17
04-17 11:30:31.111  1070  2259 D ActivityManager: cleanUpApplicationRecord -- 3831
04-17 11:30:46.106  1070  1080 I ActivityManager: Killing 3998:com.google.android.GoogleCamera/u0a63 (adj 906): empty #17
04-17 11:30:46.157  1070  1943 D ActivityManager: cleanUpApplicationRecord -- 3998
04-17 11:30:51.328  2928  2986 I ClearcutLoggerApiImpl: disconnect managed GoogleApiClient
04-17 11:31:15.669  4158  4189 I ClearcutLoggerApiImpl: disconnect managed GoogleApiClient
04-17 11:31:27.138  3473  3500 D QcrilMsgTunnelSocket: readRilMessage: Buffer = [B@dd299f4 HexData = [010000000404000011000000514f454d484f4f4bef0308000100000003]
04-17 11:31:27.138  3473  3500 D QcrilMsgTunnelSocket: Rcvd UNSOL response with 28 bytes data for SUB0
04-17 11:31:27.139  3473  3500 D QcrilMsgTunnelSocket: Response ID 525295 is not served in this process.
04-17 11:31:27.139  3473  3500 D QcrilMsgTunnelSocket: To broadcast an Intent via the notifier to external apps
04-17 11:31:27.142  3473  3473 D QcrilMsgTunnelIfaceManager: handleMessage what = 0
04-17 11:31:27.150  1655  1655 D QC_RIL_OEM_HOOK: Received Broadcast Intent ACTION_UNSOL_RESPONSE_OEM_HOOK_RAW
04-17 11:31:27.150  1655  1655 D QC_RIL_OEM_HOOK: Oem ID in QCRILHOOK UNSOL RESP is QOEMHOOK
04-17 11:31:36.048  1978  2280 W GCoreFlp: No location to return for getLastLocation()
04-17 11:31:37.318  2555  2555 I Finsky  : [1] com.google.android.finsky.autoupdate.ReschedulerUsingJobScheduler$CheckPreconditionsAndAutoUpdateJobService.onStartJob(288): JobScheduler invoked, loading libraries.
04-17 11:31:37.638  2555  2555 W Finsky  : [1] com.google.android.finsky.aa.e.run(30988): mCallback set, but acquired system apps best effort.
04-17 11:31:37.690  2555  2555 I Finsky  : [1] com.google.android.finsky.installer.a.a.a(585): Request install of com.google.android.apps.maps v=950201020 pri=3 for auto_update
04-17 11:31:37.701  2555  2629 I Finsky  : [172] com.google.android.finsky.installer.al.b(202): Created session 19591286 for com.google.android.apps.maps
04-17 11:31:37.709  2555  2555 I Finsky  : [1] com.google.android.finsky.installer.a.a.c(1983): Installer kick - starting com.google.android.apps.maps
04-17 11:31:37.714  2555  2555 I Finsky  : [1] com.google.android.finsky.autoupdate.ReschedulerUsingJobScheduler$CheckPreconditionsAndAutoUpdateJobService.a(362): auto-updates finished successfully.
04-17 11:31:37.722  2555  4441 I Finsky  : [203] com.google.android.finsky.installer.a.w.doInBackground(11173): File-by-File compatibility check result: true
04-17 11:31:38.002  2555  2629 I Finsky  : [172] com.google.android.finsky.installer.au.run(125): Session for com.google.android.apps.maps already exists, skipping creation
04-17 11:31:38.384  2555  2555 I Finsky  : [1] com.google.android.finsky.installer.a.af.onPostExecute(4588): Downloading patch for com.google.android.apps.maps (com.google.android.apps.maps)
04-17 11:31:38.391  2555  2555 I Finsky  : [1] com.google.android.finsky.download.f.a(299): Duplicate state set for 'com.google.android.apps.maps' (0). Already in that state
04-17 11:31:38.391  2555  2555 I Finsky  : [1] com.google.android.finsky.download.y.f(146): Download com.google.android.apps.maps added to DownloadQueue
04-17 11:31:38.393  2555  2555 I Finsky  : [1] com.google.android.finsky.download.f.a(301): com.google.android.apps.maps from 0 to 1.
04-17 11:31:38.399   619   619 I         : free_cache(15999073) avail 22331666432
04-17 11:31:38.406  2555  2555 I Finsky  : [1] com.google.android.finsky.download.aj.a(3577): Download com.google.android.apps.maps starting
04-17 11:31:38.436  2555  2630 I Finsky  : [173] com.google.android.finsky.download.ag.a(1595): Enqueued com.google.android.apps.maps as content://downloads/my_downloads/439
04-17 11:31:38.438  2555  2555 I Finsky  : [1] com.google.android.finsky.download.f.a(301): com.google.android.apps.maps from 1 to 2.
04-17 11:31:38.438  2555  2555 I Finsky  : [1] com.google.android.finsky.download.y.a(660): com.google.android.apps.maps: onStart
04-17 11:31:38.448  2555  2555 I Finsky  : [1] com.google.android.finsky.download.y.b(422): com.google.android.apps.maps: onProgress 0/-1 Status: 190.
04-17 11:31:38.458  2323  4444 D DownloadManager: [439] Starting
04-17 11:31:38.485  2555  2555 I Finsky  : [1] com.google.android.finsky.download.y.b(422): com.google.android.apps.maps: onProgress 0/-1 Status: 192.
04-17 11:31:38.488  2323  4444 D NetworkSecurityConfig: No Network Security Config specified, using platform default
04-17 11:31:39.254  2323  4444 W DownloadManager: fallocate() not supported; falling back to ftruncate()
04-17 11:31:43.340   631   631 E cnss-daemon: wlan_service_update_tcp_params: Unsupported throughput value 0
04-17 11:31:43.467  2323  4444 D DownloadManager: [439] Finished with status SUCCESS
04-17 11:31:43.494  2555  2555 I Finsky  : [1] com.google.android.finsky.download.DownloadBroadcastReceiver.a(45): Intent received at DownloadBroadcastReceiver
04-17 11:31:43.498  2555  2555 I Finsky  : [1] com.google.android.finsky.download.y.b(422): com.google.android.apps.maps: onProgress 15999073/15999073 Status: 200.
04-17 11:31:43.515  2555  2555 I Finsky  : [1] com.google.android.finsky.download.f.a(301): com.google.android.apps.maps from 2 to 3.
04-17 11:31:43.516  2555  2555 I Finsky  : [1] com.google.android.finsky.download.y.b(628): com.google.android.apps.maps: onComplete
04-17 11:31:43.516  2555  2555 I Finsky  : [1] com.google.android.finsky.download.y.k(352): Download com.google.android.apps.maps removed from DownloadQueue
04-17 11:31:43.517   619   619 I         : free_cache(0) avail 22315655168
04-17 11:31:43.521  2555  2555 I Finsky  : [1] com.google.android.finsky.installer.a.p.c(23874): Prepare to patch com.google.android.apps.maps (com.google.android.apps.maps) from content://downloads/my_downloads/439 format 4
04-17 11:31:43.539   631   631 W cnss-daemon: type=1400 audit(0.0:139): avc: granted { net_admin } for capability=12 scontext=u:r:cnss-daemon:s0 tcontext=u:r:cnss-daemon:s0 tclass=capability
04-17 11:31:43.539   631   631 W cnss-daemon: type=1400 audit(0.0:140): avc: granted { net_admin } for capability=12 scontext=u:r:cnss-daemon:s0 tcontext=u:r:cnss-daemon:s0 tclass=capability
04-17 11:31:43.539   631   631 W cnss-daemon: type=1400 audit(0.0:141): avc: granted { net_admin } for capability=12 scontext=u:r:cnss-daemon:s0 tcontext=u:r:cnss-daemon:s0 tclass=capability
04-17 11:31:43.539   631   631 W cnss-daemon: type=1400 audit(0.0:142): avc: granted { net_admin } for capability=12 scontext=u:r:cnss-daemon:s0 tcontext=u:r:cnss-daemon:s0 tclass=capability
04-17 11:31:43.539   631   631 W cnss-daemon: type=1400 audit(0.0:143): avc: granted { net_admin } for capability=12 scontext=u:r:cnss-daemon:s0 tcontext=u:r:cnss-daemon:s0 tclass=capability
04-17 11:31:43.539   631   631 W cnss-daemon: type=1400 audit(0.0:144): avc: granted { net_admin } for capability=12 scontext=u:r:cnss-daemon:s0 tcontext=u:r:cnss-daemon:s0 tclass=capability
04-17 11:31:43.600  2592  2887 W Herrevad: [203] shz.b: Invalid mccmnc 
04-17 11:31:43.602   619   619 I         : free_cache(55408756) avail 22315651072
04-17 11:31:43.604  2592  2887 W Herrevad: [203] shz.b: Invalid mccmnc 
04-17 11:31:48.872  2555  2566 I art     : Background sticky concurrent mark sweep GC freed 158(54KB) AllocSpace objects, 103(3MB) LOS objects, 38% free, 5MB/9MB, paused 5.018ms total 30.890ms
04-17 11:31:55.968  1867  1868 E WCNSS_FILTER: do_read: read returned 0, err = Success, read bytes: 0, expected: 0
04-17 11:31:55.968  1867  1868 I WCNSS_FILTER: ibs_msm_serial_clock_vote: vote UART CLK ON using UART driver's ioctl()
04-17 11:31:56.976  1867  1888 I WCNSS_FILTER: ibs_msm_serial_clock_vote: vote UART CLK OFF using UART driver's ioctl()
04-17 11:32:16.120  1070  2078 I ActivityManager: START u0 {act=android.intent.action.MAIN cat=[android.intent.category.LAUNCHER] flg=0x10200000 cmp=com.google.android.vr.home/com.google.android.apps.vr.home.app.MainActivity bnds=[230,239][437,517] (has extras)} from uid 10032 on display 0
04-17 11:32:16.126  1070  2078 I chatty  : uid=1000(system) Binder:1070_9 expire 8 lines
04-17 11:32:16.131   614   642 E ANDR-PERF-OPTSHANDLER: Warning: Resource [2, 0] not supported for core 1. Instead use resource for core 0
04-17 11:32:16.131   614   642 E ANDR-PERF-RESOURCEQS: Failed to apply optimization [2, 2, 0]
04-17 11:32:16.131   484   551 I ACDB-LOADER: ACDB AFE returned = -19
04-17 11:32:16.131   484   551 D hardware_info: hw_info_append_hw_type : device_name = speaker
04-17 11:32:16.132   484   551 D audio_hw_primary: enable_snd_device: snd_device(2: speaker)
04-17 11:32:16.132   484   551 D audio_hw_primary: enable_audio_route: usecase(1) apply and update mixer path: low-latency-playback speaker
04-17 11:32:16.151  1070  1681 I ActivityManager: Start proc 4458:com.google.android.vr.home/u0a103 for activity com.google.android.vr.home/com.google.android.apps.vr.home.app.MainActivity
04-17 11:32:16.168   483   495 D PermissionCache: checking android.permission.READ_FRAME_BUFFER for uid=1000 => granted (420 us)
04-17 11:32:16.193  1070  1080 I ActivityManager: Config changes=480 {1.0 ?mcc?mnc [es_ES] ldltr sw411dp w683dp h387dp 420dpi nrml land finger -keyb/v/h -nav/h s.5}
04-17 11:32:16.279  1604  1739 D zz      : UtRenderer.onSurfaceChanged() 1920x1080
04-17 11:32:16.287  4458  4458 I art     : Starting a blocking GC AddRemoveAppImageSpace
04-17 11:32:16.290  2176  2279 I PBSessionCacheImpl: Deleted sessionId[9571641629483481] from persistence.
04-17 11:32:16.301  2176  2176 W SearchService: Abort, client detached.
04-17 11:32:16.311  1604  1604 D zz      : UtWallpaperService$UtEngine.onVisibilityChanged() false
04-17 11:32:16.317  1604  1604 D zz      : UtRenderer.onNotVisible() 
04-17 11:32:16.389   483   483 W SurfaceFlinger: couldn't log to binary event log: overflow.
04-17 11:32:16.406   483   483 W SurfaceFlinger: couldn't log to binary event log: overflow.
04-17 11:32:16.453  1070  1942 I ActivityManager: Start proc 4482:com.google.android.apps.vr.playstore/u0a103 for content provider com.google.android.vr.home/com.google.android.apps.vr.common.shareddata.SharedDataProvider
04-17 11:32:16.489  4482  4482 I art     : Starting a blocking GC AddRemoveAppImageSpace
04-17 11:32:16.519  1978  2280 W GCoreFlp: No location to return for getLastLocation()
04-17 11:32:16.524  1978  2280 W GCoreFlp: No location to return for getLastLocation()
04-17 11:32:16.530  1978  2280 W GCoreFlp: No location to return for getLastLocation()
04-17 11:32:16.536  1978  2280 W GCoreFlp: No location to return for getLastLocation()
04-17 11:32:16.553  1978  2280 W GCoreFlp: No location to return for getLastLocation()
04-17 11:32:16.554  1978  2280 W GCoreFlp: No location to return for getLastLocation()
04-17 11:32:16.557  1978  2280 W GCoreFlp: No location to return for getLastLocation()
04-17 11:32:16.575  1978  2280 W GCoreFlp: No location to return for getLastLocation()
04-17 11:32:16.579  1978  2280 W GCoreFlp: No location to return for getLastLocation()
04-17 11:32:16.583  1978  2280 W GCoreFlp: No location to return for getLastLocation()
04-17 11:32:16.590  1978  2280 W GCoreFlp: No location to return for getLastLocation()
04-17 11:32:16.592  1978  2280 W GCoreFlp: No location to return for getLastLocation()
04-17 11:32:16.593  1978  4507 I CheckinUtil: Classify the device as Phone.
04-17 11:32:16.595  1978  3794 I PlaceInferenceEngine: [anon] Setup for configuration 105:[]
04-17 11:32:16.595  1978  3794 I PlaceInferenceEngine: [anon] Active modules after start(): 0
04-17 11:32:16.596  1978  2280 W GCoreFlp: No location to return for getLastLocation()
04-17 11:32:16.615  1978  2280 W GCoreFlp: No location to return for getLastLocation()
04-17 11:32:16.618  1448  4508 W Delight5Decoder: removePredictionEngine() : Unknown engine bit@5cf3bf7
04-17 11:32:16.620  1978  2280 W GCoreFlp: No location to return for getLastLocation()
04-17 11:32:16.626  1978  2280 W GCoreFlp: No location to return for getLastLocation()
04-17 11:32:16.630  1978  2280 W GCoreFlp: No location to return for getLastLocation()
04-17 11:32:16.634  1978  2280 W GCoreFlp: No location to return for getLastLocation()
04-17 11:32:16.645  1978  2280 W GCoreFlp: No location to return for getLastLocation()
04-17 11:32:16.717  1978  4507 W Conscrypt: Could not set socket write timeout: null
04-17 11:32:16.739  1978  4507 W Conscrypt: Could not set socket write timeout: null
04-17 11:32:17.013  4458  4536 I Adreno  : QUALCOMM build                   : a5b4970, If5818605d9
04-17 11:32:17.013  4458  4536 I Adreno  : Build Date                       : 10/12/16
04-17 11:32:17.013  4458  4536 I Adreno  : OpenGL ES Shader Compiler Version: XE031.09.00.04
04-17 11:32:17.013  4458  4536 I Adreno  : Local Branch                     : N24D
04-17 11:32:17.013  4458  4536 I Adreno  : Remote Branch                    : 
04-17 11:32:17.013  4458  4536 I Adreno  : Remote Branch                    : 
04-17 11:32:17.013  4458  4536 I Adreno  : Reconstruct Branch               : 
04-17 11:32:17.016  4458  4536 I OpenGLRenderer: Initialized EGL, version 1.4
04-17 11:32:17.016  4458  4536 D OpenGLRenderer: Swap behavior 1
04-17 11:32:17.047  1978  2649 W Conscrypt: Could not set socket write timeout: null
04-17 11:32:17.069  1978  2649 W Conscrypt: Could not set socket write timeout: null
04-17 11:32:17.082  1070  1125 E WindowManager: Performed 6 layouts in a row. Skipping
04-17 11:32:17.087  2133  2133 W IInputConnectionWrapper: reportFullscreenMode on inexistent InputConnection
04-17 11:32:17.098  1070  1125 I chatty  : uid=1000(system) android.display expire 6 lines
04-17 11:32:17.119  1070  2262 I chatty  : uid=1000(system) Binder:1070_E expire 9 lines
04-17 11:32:17.126  1070  1125 I WindowManager: Screen frozen for +961ms due to Window{8f0117e u0 Starting com.google.android.vr.home}
04-17 11:32:17.291  4458  4511 D NetworkSecurityConfig: No Network Security Config specified, using platform default
04-17 11:32:18.274  4458  4458 W ViewPager: Requested offscreen page limit 0 too small; defaulting to 1
04-17 11:32:18.302  4458  4458 W Settings: Setting airplane_mode_on has moved from android.provider.Settings.System to android.provider.Settings.Global, returning read-only value.
04-17 11:32:19.373   484   551 D audio_hw_primary: disable_audio_route: usecase(1) reset and update mixer path: low-latency-playback speaker
04-17 11:32:19.375   484   551 D hardware_info: hw_info_append_hw_type : device_name = speaker
04-17 11:32:19.375   484   551 D audio_hw_primary: disable_snd_device: snd_device(2: speaker)
04-17 11:32:20.627   484   551 I ACDB-LOADER: ACDB AFE returned = -19
04-17 11:32:20.627   484   551 D hardware_info: hw_info_append_hw_type : device_name = speaker
04-17 11:32:20.627   484   551 D audio_hw_primary: enable_snd_device: snd_device(2: speaker)
04-17 11:32:20.627   484   551 D audio_hw_primary: enable_audio_route: usecase(1) apply and update mixer path: low-latency-playback speaker
04-17 11:32:20.629   614   642 E ANDR-PERF-OPTSHANDLER: Warning: Resource [2, 0] not supported for core 1. Instead use resource for core 0
04-17 11:32:20.630   614   642 E ANDR-PERF-RESOURCEQS: Failed to apply optimization [2, 2, 0]
04-17 11:32:20.643  2079  2079 I awq     : Respecting usage reporting opt-in status.
04-17 11:32:20.671  2079  2091 I bjy     : .startTransition()
04-17 11:32:20.675  1070  1081 I ActivityManager: START u0 {cmp=com.google.vr.vrcore/.daydream.DonPrepareActivity (has extras)} from uid 10071 on display 0
04-17 11:32:20.678  1070  1081 W ActivityManager: startActivity called from non-Activity context; forcing Intent.FLAG_ACTIVITY_NEW_TASK for: Intent { flg=0x800000 cmp=com.google.vr.vrcore/.daydream.DonPrepareActivity (has extras) }
04-17 11:32:20.738  1070  1124 D BluetoothManagerService: Message: 20
04-17 11:32:20.739  1070  1124 D BluetoothManagerService: Added callback: android.bluetooth.IBluetoothManagerCallback$Stub$Proxy@d19ac4c:true
04-17 11:32:20.812  2079  2079 I GVR     : [vr/gvr/capi/src/gvr.cc:96] Initialized GVR version 1.40.0
04-17 11:32:20.813  1070  1561 I ActivityManager: START u0 {cmp=com.google.vr.vrcore/.transition.TransitionViewActivity} from uid 10071 on display 0
04-17 11:32:20.815  1070  1385 I chatty  : uid=1000(system) n HAL callback. expire 14 lines
04-17 11:32:20.815  2079  4577 D NetworkSecurityConfig: No Network Security Config specified, using platform default
04-17 11:32:20.818  1070  2261 I chatty  : uid=1000(system) Binder:1070_D expire 6 lines
04-17 11:32:20.928   624  4594 D NuPlayer: onSetVideoSurface(0xec025800, no video decoder)
04-17 11:32:20.950   623   623 I SampleTable: There are reordered frames present.
04-17 11:32:20.953   623  1493 D MediaBufferGroup: creating MemoryDealer
04-17 11:32:20.954   624  4594 D NuPlayerDriver: notifyListener_l(0xedb2ac00), (5, 720, 480), loop setting(0, 0)
04-17 11:32:20.954   624  4594 D NuPlayerDriver: notifyListener_l(0xedb2ac00), (1, 0, 0), loop setting(0, 0)
04-17 11:32:20.976  4458  4536 D OpenGLRenderer: endAllActiveAnimators on 0xd7984180 (RippleDrawable) with handle 0xd39fde80
04-17 11:32:20.992  2079  2079 D MediaPlayer: getMetadata
04-17 11:32:20.993   624  1570 D NuPlayerDriver: start(0xedb2ac00), state is 4, eos is 0
04-17 11:32:20.993   624  4594 I GenericSource: start
04-17 11:32:21.002   624  4599 I MediaPlayerService: MediaPlayerService::getOMX
04-17 11:32:21.003   624  4599 I OMXClient: MuxOMX ctor
04-17 11:32:21.003   621  1836 I OMXMaster: makeComponentInstance(OMX.qcom.video.decoder.avc) in mediacodec process
04-17 11:32:21.006   621  1836 I OMX-VDEC-1080P: Video slvp perflock acquired
04-17 11:32:21.006   621  1836 I OMX-VDEC-1080P: component_init: OMX.qcom.video.decoder.avc : fd=18
04-17 11:32:21.023   621  1836 I OMX-VDEC-1080P: omx_vdec::component_init() success : fd=18
04-17 11:32:21.026   624  4598 I MediaCodec: [OMX.qcom.video.decoder.avc] setting surface generation to 638977
04-17 11:32:21.028   621   758 E OMX-VDEC-1080P: Extension: OMX.google.android.index.storeANWBufferInMetadata not implemented
04-17 11:32:21.040   621  3829 E OMX-VDEC-1080P: Extension: OMX.google.android.index.storeANWBufferInMetadata not implemented
04-17 11:32:21.040   621  3829 E OMX-VDEC-1080P: Extension: OMX.google.android.index.configureVideoTunnelMode not implemented
04-17 11:32:21.041   621  3829 E OMX-VDEC-1080P: Extension: OMX.google.android.index.useAndroidNativeBuffer is supported
04-17 11:32:21.041   621  1697 E OMX-VDEC-1080P: Extension: OMX.google.android.index.describeHDRStaticInfo not implemented
04-17 11:32:21.043   621   621 E OMX-VDEC-1080P: Does not handle dataspace request
04-17 11:32:21.043   621   621 E OMXNodeInstance: getConfig(26d0034:qcom.decoder.avc, ??(0x7f00005e)) ERROR: UnsupportedSetting(0x80001019)
04-17 11:32:21.044   624  4598 I MediaCodec: MediaCodec will operate in async mode
04-17 11:32:21.049   624  4599 D SurfaceUtils: set up nativeWindow 0xec025808 for 720x480, color 0x7fa30c06, rotation 0, usage 0x2002900
04-17 11:32:21.088   621   621 E OMX-VDEC-1080P: Does not handle dataspace request
04-17 11:32:21.088   621   621 E OMXNodeInstance: getConfig(26d0034:qcom.decoder.avc, ??(0x7f00005e)) ERROR: UnsupportedSetting(0x80001019)
04-17 11:32:21.097   624  4599 D SurfaceUtils: set up nativeWindow 0xec025808 for 720x480, color 0x7fa30c06, rotation 0, usage 0x2002900
04-17 11:32:21.131   621  3828 E OMX-VDEC-1080P: Does not handle dataspace request
04-17 11:32:21.131   621  3828 E OMXNodeInstance: getConfig(26d0034:qcom.decoder.avc, ??(0x7f00005e)) ERROR: UnsupportedSetting(0x80001019)
04-17 11:32:21.132   624  4594 D NuPlayerDriver: notifyListener_l(0xedb2ac00), (5, 720, 480), loop setting(0, 1)
04-17 11:32:21.132   624  4594 D NuPlayerDriver: notifyListener_l(0xedb2ac00), (200, 3, 0), loop setting(0, 1)
04-17 11:32:21.132   624  4594 D NuPlayerDriver: notifyListener_l(0xedb2ac00), (6, 0, 0), loop setting(0, 1)
04-17 11:32:21.132  2079  2091 W MediaPlayer: info/warning (3, 0)
04-17 11:32:21.133   621   621 E OMX-VDEC-1080P: Does not handle dataspace request
04-17 11:32:21.133   621   621 E OMXNodeInstance: getConfig(26d0034:qcom.decoder.avc, ??(0x7f00005e)) ERROR: UnsupportedSetting(0x80001019)
04-17 11:32:21.137   624  4594 D NuPlayerDriver: notifyListener_l(0xedb2ac00), (5, 720, 480), loop setting(0, 1)
04-17 11:32:22.655  3473  3500 D QcrilMsgTunnelSocket: readRilMessage: Buffer = [B@dd299f4 HexData = [010000000404000011000000514f454d484f4f4bef0308000100000003]
04-17 11:32:22.655  3473  3500 D QcrilMsgTunnelSocket: Rcvd UNSOL response with 28 bytes data for SUB0
04-17 11:32:22.655  3473  3500 D QcrilMsgTunnelSocket: Response ID 525295 is not served in this process.
