04-17 11:28:29.561  1070  1070 I PackageManager: Adjusting ABI for com.qualcomm.qti.auth.secureextauthservice to arm64-v8a (requirer=android, scannedPackage=null)
04-17 11:28:29.562  1070  1070 I PackageManager: Adjusting ABI for com.android.keychain to arm64-v8a (requirer=android, scannedPackage=null)
04-17 11:28:29.562  1070  1070 I PackageManager: Adjusting ABI for com.android.location.fused to arm64-v8a (requirer=android, scannedPackage=null)
04-17 11:28:29.562  1070  1070 I PackageManager: Adjusting ABI for com.quicinc.cne.CNEService to arm64-v8a (requirer=android, scannedPackage=null)
04-17 11:28:29.563  1070  1070 I PackageManager: Adjusting ABI for com.google.android.hiddenmenu to arm64-v8a (requirer=android, scannedPackage=null)
04-17 11:28:29.563  1070  1070 I PackageManager: Adjusting ABI for com.android.providers.settings to arm64-v8a (requirer=android, scannedPackage=null)
04-17 11:28:29.563  1070  1070 I PackageManager: Adjusting ABI for com.android.inputdevices to arm64-v8a (requirer=android, scannedPackage=null)
04-17 11:28:29.564  1070  1070 I PackageManager: Adjusting ABI for com.android.server.telecom to arm64-v8a (requirer=android, scannedPackage=null)
04-17 11:28:29.564  1070  1070 I PackageManager: Adjusting ABI for com.qualcomm.fastdormancy to arm64-v8a (requirer=android, scannedPackage=null)
04-17 11:28:29.564  1070  1070 I PackageManager: Adjusting ABI for com.qualcomm.qti.ims to arm64-v8a (requirer=org.codeaurora.ims, scannedPackage=null)
04-17 11:28:29.565  1070  1070 I PackageManager: Adjusting ABI for com.android.phone to arm64-v8a (requirer=org.codeaurora.ims, scannedPackage=null)
04-17 11:28:29.565  1070  1070 I PackageManager: Adjusting ABI for com.android.sdm.plugins.dcmo to arm64-v8a (requirer=org.codeaurora.ims, scannedPackage=null)
04-17 11:28:29.566  1070  1070 I PackageManager: Adjusting ABI for com.android.sdm.plugins.sprintdm to arm64-v8a (requirer=org.codeaurora.ims, scannedPackage=null)
04-17 11:28:29.566  1070  1070 I PackageManager: Adjusting ABI for com.qualcomm.qti.radioconfiginterface to arm64-v8a (requirer=org.codeaurora.ims, scannedPackage=null)
04-17 11:28:29.566  1070  1070 I PackageManager: Adjusting ABI for com.android.mms.service to arm64-v8a (requirer=org.codeaurora.ims, scannedPackage=null)
04-17 11:28:29.567  1070  1070 I PackageManager: Adjusting ABI for com.android.sdm.plugins.diagmon to arm64-v8a (requirer=org.codeaurora.ims, scannedPackage=null)
04-17 11:28:29.567  1070  1070 I PackageManager: Adjusting ABI for com.android.service.ims to arm64-v8a (requirer=org.codeaurora.ims, scannedPackage=null)
04-17 11:28:29.567  1070  1070 I PackageManager: Adjusting ABI for com.android.stk to arm64-v8a (requirer=org.codeaurora.ims, scannedPackage=null)
04-17 11:28:29.569  1070  1070 I PackageManager: Adjusting ABI for com.htc.omadm.trigger to arm64-v8a (requirer=org.codeaurora.ims, scannedPackage=null)
04-17 11:28:29.570  1070  1070 I PackageManager: Adjusting ABI for com.qualcomm.qti.rcsbootstraputil to arm64-v8a (requirer=org.codeaurora.ims, scannedPackage=null)
04-17 11:28:29.570  1070  1070 I PackageManager: Adjusting ABI for com.qti.xdivert to arm64-v8a (requirer=org.codeaurora.ims, scannedPackage=null)
04-17 11:28:29.571  1070  1070 I PackageManager: Adjusting ABI for com.qualcomm.qti.networksetting to arm64-v8a (requirer=org.codeaurora.ims, scannedPackage=null)
04-17 11:28:29.571  1070  1070 I PackageManager: Adjusting ABI for com.android.providers.telephony to arm64-v8a (requirer=org.codeaurora.ims, scannedPackage=null)
04-17 11:28:29.571  1070  1070 I PackageManager: Adjusting ABI for com.qualcomm.qcrilmsgtunnel to arm64-v8a (requirer=org.codeaurora.ims, scannedPackage=null)
04-17 11:28:29.572  1070  1070 I PackageManager: Adjusting ABI for com.android.service.ims.presence to arm64-v8a (requirer=org.codeaurora.ims, scannedPackage=null)
04-17 11:28:29.572  1070  1070 I PackageManager: Adjusting ABI for com.qti.qualcomm.datastatusnotification to arm64-v8a (requirer=org.codeaurora.ims, scannedPackage=null)
04-17 11:28:29.572  1070  1070 I PackageManager: Adjusting ABI for com.android.sdm.plugins.connmo to arm64-v8a (requirer=org.codeaurora.ims, scannedPackage=null)
04-17 11:28:29.580  1070  1070 I PackageManager: Time to scan packages: 7.681 seconds
04-17 11:28:29.581  1070  1070 W PackageManager: Not granting permission android.permission.ACCESS_COARSE_LOCATION to package com.masterkeygames.esaerak because it was previously installed without
04-17 11:28:29.581  1070  1070 W PackageManager: Not granting permission android.permission.READ_PHONE_STATE to package com.masterkeygames.esaerak because it was previously installed without
04-17 11:28:29.581  1070  1070 W PackageManager: Not granting permission android.permission.ACCESS_FINE_LOCATION to package com.masterkeygames.esaerak because it was previously installed without
04-17 11:28:29.581  1070  1070 W PackageManager: Not granting permission android.permission.MANAGE_DOCUMENTS to package com.google.android.youtube (protectionLevel=2 flags=0x385bbec5)
04-17 11:28:29.581  1070  1070 W PackageManager: Unknown permission com.sec.android.provider.badge.permission.READ in package com.google.android.youtube
04-17 11:28:29.581  1070  1070 W PackageManager: Unknown permission com.sec.android.provider.badge.permission.WRITE in package com.google.android.youtube
04-17 11:28:29.581  1070  1070 W PackageManager: Unknown permission com.htc.launcher.permission.READ_SETTINGS in package com.google.android.youtube
04-17 11:28:29.581  1070  1070 W PackageManager: Unknown permission com.htc.launcher.permission.UPDATE_SHORTCUT in package com.google.android.youtube
04-17 11:28:29.581  1070  1070 W PackageManager: Unknown permission com.sonyericsson.home.permission.BROADCAST_BADGE in package com.google.android.youtube
04-17 11:28:29.581  1070  1070 W PackageManager: Unknown permission com.sonymobile.home.permission.PROVIDER_INSERT_BADGE in package com.google.android.youtube
04-17 11:28:29.582  1070  1070 W PackageManager: Unknown permission com.google.android.launcher.permission.CONTENT_REDIRECT in package com.google.android.googlequicksearchbox
04-17 11:28:29.582  1070  1070 W PackageManager: Unknown permission com.google.android.voicesearch.SHORTCUTS_ACCESS in package com.google.android.googlequicksearchbox
04-17 11:28:29.582  1070  1070 W PackageManager: Unknown permission com.google.android.voicesearch.ACCESS_SETTINGS in package com.google.android.googlequicksearchbox
04-17 11:28:29.582  1070  1070 W PackageManager: Unknown permission com.android.browser.permission.PRELOAD in package com.google.android.googlequicksearchbox
04-17 11:28:29.582  1070  1070 W PackageManager: Unknown permission com.google.android.ears.permission.WRITE in package com.google.android.googlequicksearchbox
04-17 11:28:29.582  1070  1070 W PackageManager: Unknown permission com.google.googlenav.friend.permission.OPT_IN in package com.google.android.googlequicksearchbox
04-17 11:28:29.582  1070  1070 W PackageManager: Not granting permission android.permission.CALL_PRIVILEGED to package com.google.android.googlequicksearchbox (protectionLevel=18 flags=0x385bbec5)
04-17 11:28:29.582  1070  1070 W PackageManager: Unknown permission com.google.android.apps.googlevoice.permission.AUTO_SEND in package com.google.android.googlequicksearchbox
04-17 11:28:29.582  1070  1070 W PackageManager: Unknown permission com.android.chrome.PRERENDER_URL in package com.google.android.googlequicksearchbox
04-17 11:28:29.582  1070  1070 W PackageManager: Not granting permission com.google.android.googleapps.permission.GOOGLE_AUTH to package com.android.providers.calendar (protectionLevel=2 flags=0x30083e45)
04-17 11:28:29.582  1070  1070 W PackageManager: Not granting permission com.google.android.googleapps.permission.GOOGLE_AUTH.cl to package com.android.providers.calendar (protectionLevel=2 flags=0x30083e45)
04-17 11:28:29.582  1070  1070 W PackageManager: Not granting permission com.vzw.APNPERMISSION to package com.qualcomm.ltebc_vzw (protectionLevel=18 flags=0x3808be45)
04-17 11:28:29.582  1070  1070 W PackageManager: Not granting permission android.permission.WRITE_SECURE_SETTINGS to package com.google.android.apps.enterprise.dmagent (protectionLevel=50 flags=0x38083e05)
04-17 11:28:29.582  1070  1070 W PackageManager: Not granting permission android.permission.CONNECTIVITY_INTERNAL to package com.google.android.apps.enterprise.dmagent (protectionLevel=18 flags=0x38083e05)
04-17 11:28:29.582  1070  1070 W PackageManager: Not granting permission android.permission.MANAGE_USB to package com.google.android.apps.enterprise.dmagent (protectionLevel=18 flags=0x38083e05)
04-17 11:28:29.582  1070  1070 W PackageManager: Not granting permission android.permission.CHANGE_COMPONENT_ENABLED_STATE to package com.google.android.apps.enterprise.dmagent (protectionLevel=18 flags=0x38083e05)
04-17 11:28:29.582  1070  1070 W PackageManager: Not granting permission android.permission.MANAGE_CA_CERTIFICATES to package com.google.android.apps.enterprise.dmagent (protectionLevel=18 flags=0x38083e05)
04-17 11:28:29.583  1070  1070 W PackageManager: Not granting permission android.permission.MANAGE_USERS to package com.google.android.apps.enterprise.dmagent (protectionLevel=18 flags=0x38083e05)
04-17 11:28:29.583  1070  1070 W PackageManager: Not granting permission android.permission.READ_EXTERNAL_STORAGE to package com.mozilla.servo because it was previously installed without
04-17 11:28:29.583  1070  1070 W PackageManager: Not granting permission android.permission.WRITE_EXTERNAL_STORAGE to package com.mozilla.servo because it was previously installed without
04-17 11:28:29.583  1070  1070 W PackageManager: Unknown permission com.google.android.ims.LOG_ACCESS in package com.google.android.apps.messaging
04-17 11:28:29.583  1070  1070 W PackageManager: Unknown permission com.sec.android.provider.badge.permission.READ in package com.google.android.apps.messaging
04-17 11:28:29.583  1070  1070 W PackageManager: Unknown permission com.sec.android.provider.badge.permission.WRITE in package com.google.android.apps.messaging
04-17 11:28:29.583  1070  1070 W PackageManager: Unknown permission com.htc.launcher.permission.READ_SETTINGS in package com.google.android.apps.messaging
04-17 11:28:29.583  1070  1070 W PackageManager: Unknown permission com.htc.launcher.permission.UPDATE_SHORTCUT in package com.google.android.apps.messaging
04-17 11:28:29.583  1070  1070 W PackageManager: Unknown permission com.sonyericsson.home.permission.BROADCAST_BADGE in package com.google.android.apps.messaging
04-17 11:28:29.583  1070  1070 W PackageManager: Unknown permission com.sonymobile.home.permission.PROVIDER_INSERT_BADGE in package com.google.android.apps.messaging
04-17 11:28:29.583  1070  1070 W PackageManager: Unknown permission com.anddoes.launcher.permission.UPDATE_COUNT in package com.google.android.apps.messaging
04-17 11:28:29.583  1070  1070 W PackageManager: Unknown permission com.majeur.launcher.permission.UPDATE_BADGE in package com.google.android.apps.messaging
04-17 11:28:29.583  1070  1070 W PackageManager: Unknown permission com.huawei.android.launcher.permission.CHANGE_BADGE in package com.google.android.apps.messaging
04-17 11:28:29.583  1070  1070 W PackageManager: Unknown permission com.huawei.android.launcher.permission.READ_SETTINGS in package com.google.android.apps.messaging
04-17 11:28:29.583  1070  1070 W PackageManager: Unknown permission com.huawei.android.launcher.permission.WRITE_SETTINGS in package com.google.android.apps.messaging
04-17 11:28:29.584  1070  1070 W PackageManager: Not granting permission android.permission.SEND_DOWNLOAD_COMPLETED_INTENTS to package com.android.vending (protectionLevel=2 flags=0x384abec5)
04-17 11:28:29.584  1070  1070 I PackageManager: Un-granting permission android.permission.INSTALL_GRANT_RUNTIME_PERMISSIONS from package com.android.vending (protectionLevel=770 flags=0x384abec5)
04-17 11:28:29.584  1070  1070 I PackageManager: Un-granting permission android.permission.GRANT_RUNTIME_PERMISSIONS from package com.android.vending (protectionLevel=770 flags=0x384abec5)
04-17 11:28:29.584  1070  1070 I PackageManager: Un-granting permission android.permission.REVOKE_RUNTIME_PERMISSIONS from package com.android.vending (protectionLevel=770 flags=0x384abec5)
04-17 11:28:29.584  1070  1070 W PackageManager: Not granting permission android.permission.CONNECTIVITY_INTERNAL to package com.android.vending (protectionLevel=18 flags=0x384abec5)
04-17 11:28:29.584  1070  1070 W PackageManager: Not granting permission android.permission.DUMP to package com.android.vending (protectionLevel=50 flags=0x384abec5)
04-17 11:28:29.584  1070  1070 W PackageManager: Not granting permission android.permission.SET_PREFERRED_APPLICATIONS to package com.android.vending (protectionLevel=2 flags=0x384abec5)
04-17 11:28:29.584  1070  1070 W PackageManager: Unknown permission android.permission.ACCESS_INSTANT_APPS in package com.android.vending
04-17 11:28:29.584  1070  1070 W PackageManager: Unknown permission android.permission.NFC_UNLOCK in package com.android.nfc
04-17 11:28:29.584  1070  1070 W PackageManager: Unknown permission com.google.android.email.permission.ACCESS_PROVIDER in package com.google.android.gm
04-17 11:28:29.584  1070  1070 W PackageManager: Unknown permission com.google.android.gm.exchange.BIND in package com.google.android.gm
04-17 11:28:29.584  1070  1070 W PackageManager: Unknown permission com.android.email.partnerprovider.PARTNER_PROVIDER in package com.google.android.gm
04-17 11:28:29.586  1070  1070 W PackageManager: Unknown permission com.samsung.android.providers.context.permission.WRITE_USE_APP_FEATURE_SURVEY in package com.google.android.music
04-17 11:28:29.586  1070  1070 W PackageManager: Unknown permission android.permission.WRITE_SYNC_STATS in package com.google.android.apps.docs
04-17 11:28:29.587  1070  1070 W PackageManager: Not granting permission android.permission.INTERACT_ACROSS_USERS to package com.google.android.syncadapters.contacts (protectionLevel=50 flags=0x38083e45)
04-17 11:28:29.587  1070  1070 W PackageManager: Unknown permission com.google.android.syncadapters.contacts.permission.GAL_SEARCH in package com.google.android.syncadapters.contacts
04-17 11:28:29.587  1070  1070 W PackageManager: Unknown permission com.chrome.permission.DEVICE_EXTRAS in package com.android.chrome
04-17 11:28:29.587  1070  1070 W PackageManager: Unknown permission com.sec.enterprise.knox.MDM_CONTENT_PROVIDER in package com.android.chrome
04-17 11:28:29.587  1070  1070 W PackageManager: Not granting permission android.permission.GET_ACCOUNTS to package com.google.android.apps.youtube.vr because it was previously installed without
04-17 11:28:29.587  1070  1070 W PackageManager: Not granting permission android.permission.READ_EXTERNAL_STORAGE to package com.google.android.apps.youtube.vr because it was previously installed without
04-17 11:28:29.587  1070  1070 W PackageManager: Not granting permission android.permission.RECORD_AUDIO to package com.google.android.apps.youtube.vr because it was previously installed without
04-17 11:28:29.587  1070  1070 I PackageManager: Un-granting permission android.permission.CLEAR_APP_USER_DATA from package com.google.android.packageinstaller (protectionLevel=258 flags=0x38483e45)
04-17 11:28:29.587  1070  1070 I PackageManager: Un-granting permission android.permission.GRANT_RUNTIME_PERMISSIONS from package com.google.android.packageinstaller (protectionLevel=770 flags=0x38483e45)
04-17 11:28:29.587  1070  1070 I PackageManager: Un-granting permission android.permission.REVOKE_RUNTIME_PERMISSIONS from package com.google.android.packageinstaller (protectionLevel=770 flags=0x38483e45)
04-17 11:28:29.588  1070  1070 I PackageManager: Un-granting permission android.permission.INSTALL_GRANT_RUNTIME_PERMISSIONS from package com.google.android.packageinstaller (protectionLevel=770 flags=0x38483e45)
04-17 11:28:29.588  1070  1070 I PackageManager: Un-granting permission android.permission.INTERACT_ACROSS_USERS_FULL from package com.google.android.packageinstaller (protectionLevel=258 flags=0x38483e45)
04-17 11:28:29.588  1070  1070 I PackageManager: Un-granting permission android.permission.KILL_UID from package com.google.android.packageinstaller (protectionLevel=258 flags=0x38483e45)
04-17 11:28:29.588  1070  1070 I PackageManager: Un-granting permission android.permission.MANAGE_APP_OPS_RESTRICTIONS from package com.google.android.packageinstaller (protectionLevel=258 flags=0x38483e45)
04-17 11:28:29.588  1070  1070 W PackageManager: Unknown permission com.google.android.permission.INSTALL_WEARABLE_PACKAGES in package com.google.android.packageinstaller
04-17 11:28:29.588  1070  1070 W PackageManager: Not granting permission android.permission.GET_ACCOUNTS to package com.google.android.street because it was previously installed without
04-17 11:28:29.588  1070  1070 W PackageManager: Not granting permission android.permission.READ_EXTERNAL_STORAGE to package com.google.android.street because it was previously installed without
04-17 11:28:29.588  1070  1070 W PackageManager: Not granting permission android.permission.WRITE_EXTERNAL_STORAGE to package com.google.android.street because it was previously installed without
04-17 11:28:29.588  1070  1070 W PackageManager: Not granting permission android.permission.ACCESS_COARSE_LOCATION to package com.google.android.street because it was previously installed without
04-17 11:28:29.588  1070  1070 W PackageManager: Not granting permission android.permission.ACCESS_FINE_LOCATION to package com.google.android.street because it was previously installed without
04-17 11:28:29.588  1070  1070 W PackageManager: Not granting permission android.permission.CAMERA to package com.google.android.street because it was previously installed without
04-17 11:28:29.588  1070  1070 W PackageManager: Unknown permission com.google.android.wearable.READ_SETTINGS in package com.google.android.gms
04-17 11:28:29.588  1070  1070 W PackageManager: Unknown permission com.android.launcher.permission.PRELOAD_WORKSPACE in package com.google.android.partnersetup
04-17 11:28:29.588  1070  1070 W PackageManager: Not granting permission com.google.android.googleapps.permission.GOOGLE_AUTH to package com.google.android.videos (protectionLevel=2 flags=0x385bbec5)
04-17 11:28:29.588  1070  1070 W PackageManager: Unknown permission com.android.launcher.permission.READ_SETTINGS in package com.google.android.apps.nexuslauncher
04-17 11:28:29.589  1070  1070 W PackageManager: Not granting permission android.permission.WRITE_MEDIA_STORAGE to package com.google.android.apps.photos (protectionLevel=18 flags=0x3859bec5)
04-17 11:28:29.589  1070  1070 W PackageManager: Unknown permission com.google.android.gm.exchange.BIND in package com.google.android.calendar
04-17 11:28:29.589  1070  1070 W PackageManager: Not granting permission android.permission.CONTROL_KEYGUARD to package com.google.android.gsf.login (protectionLevel=2 flags=0x3048be45)
04-17 11:28:29.589  1070  1070 W PackageManager: Unknown permission com.android.vending.billing.IBillingAccountService.BIND2 in package com.google.android.gsf.login
04-17 11:28:29.589  1070  1070 W PackageManager: Unknown permission com.android.launcher.permission.READ_SETTINGS in package com.android.settings
04-17 11:28:29.589  1070  1070 W PackageManager: Unknown permission com.android.launcher.permission.WRITE_SETTINGS in package com.android.settings
04-17 11:28:29.589  1070  1070 W PackageManager: Unknown permission com.android.permission.DCMO_SETTINGS in package com.android.omadm.service
04-17 11:28:29.589  1070  1070 W PackageManager: Not granting permission android.permission.WRITE_EXTERNAL_STORAGE to package com.ideateca.android.ibasket because it was previously installed without
04-17 11:28:29.589  1070  1070 W PackageManager: Not granting permission android.permission.ACCESS_COARSE_LOCATION to package com.ideateca.android.ibasket because it was previously installed without
04-17 11:28:29.589  1070  1070 W PackageManager: Not granting permission android.permission.READ_PHONE_STATE to package com.ideateca.android.ibasket because it was previously installed without
04-17 11:28:29.589  1070  1070 W PackageManager: Not granting permission android.permission.ACCESS_FINE_LOCATION to package com.ideateca.android.ibasket because it was previously installed without
04-17 11:28:29.589  1070  1070 W PackageManager: Not granting permission android.permission.READ_EXTERNAL_STORAGE to package com.ideateca.android.ibasket because it was previously installed without
04-17 11:28:29.590  1070  1070 W PackageManager: Not granting permission android.permission.REGISTER_CONNECTION_MANAGER to package com.google.android.talk (protectionLevel=18 flags=0x3059be45)
04-17 11:28:29.590  1070  1070 W PackageManager: Unknown permission com.android.smspush.WAPPUSH_MANAGER_BIND in package com.android.phone
04-17 11:28:29.590  1070  1070 W PackageManager: Unknown permission android.permission.RESTRICTED_VR_ACCESS in package com.google.vr.vrcore
04-17 11:28:29.590  1070  1070 W PackageManager: Not granting permission android.permission.GET_ACCOUNTS to package com.google.android.play.games because it was previously installed without
04-17 11:28:29.590  1070  1070 W PackageManager: Unknown permission com.google.android.gallery3d.permission.GALLERY_PROVIDER in package com.android.bluetooth
04-17 11:28:29.590  1070  1070 W PackageManager: Unknown permission com.android.gallery3d.permission.GALLERY_PROVIDER in package com.android.bluetooth
04-17 11:28:29.590  1070  1070 W PackageManager: Not granting permission android.permission.BIND_WALLPAPER to package com.google.android.GoogleCamera (protectionLevel=18 flags=0x30583cc5)
04-17 11:28:29.591  1070  1070 V PackageManager: reconcileAppsData for null u0 0x1
04-17 11:28:30.115  1070  1070 V PackageManager: reconcileAppsData finished 163 packages
04-17 11:28:30.218  1070  1070 I SystemServer: StartOtaDexOptService
04-17 11:28:30.293  1070  1070 I SystemServer: StartUserManagerService
04-17 11:28:30.293  1070  1070 I SystemServiceManager: Starting com.android.server.pm.UserManagerService$LifeCycle
04-17 11:28:30.456  1070  1070 I SystemServiceManager: Starting com.android.server.BatteryService
04-17 11:28:30.487  1070  1070 I SystemServiceManager: Starting com.android.server.usage.UsageStatsService
04-17 11:28:30.520  1070  1070 I SystemServiceManager: Starting com.android.server.webkit.WebViewUpdateService
04-17 11:28:30.532  1070  1070 I SystemServer: Reading configuration...
04-17 11:28:30.532  1070  1070 I SystemServer: StartSchedulingPolicyService
04-17 11:28:30.536  1070  1070 I SystemServiceManager: Starting com.android.server.telecom.TelecomLoaderService
04-17 11:28:30.543  1070  1070 I SystemServer: StartTelephonyRegistry
04-17 11:28:30.556  1070  1070 I SystemServer: StartEntropyMixer
04-17 11:28:30.560  1070  1070 I EntropyMixer: Writing entropy...
04-17 11:28:30.570  1070  1070 I SystemServer: Camera Service
04-17 11:28:30.572  1070  1070 I SystemServiceManager: Starting com.android.server.camera.CameraService
04-17 11:28:30.579  1070  1070 I SystemServer: StartAccountManagerService
04-17 11:28:30.582  1070  1070 I SystemServiceManager: Starting com.android.server.accounts.AccountManagerService$Lifecycle
04-17 11:28:30.613  1070  1070 I SystemServer: StartContentService
04-17 11:28:30.616  1070  1070 I SystemServiceManager: Starting com.android.server.content.ContentService$Lifecycle
04-17 11:28:30.623  1070  1070 I SystemServer: InstallSystemProviders
04-17 11:28:30.700  1070  1070 I SystemServer: StartVibratorService
04-17 11:28:30.708  1070  1070 I SystemServer: StartConsumerIrService
04-17 11:28:30.712  1070  1070 I SystemServer: StartAlarmManagerService
04-17 11:28:30.713  1070  1070 I SystemServiceManager: Starting com.android.server.AlarmManagerService
04-17 11:28:30.732  1070  1070 I SystemServer: InitWatchdog
04-17 11:28:30.733  1070  1070 I SystemServer: StartInputManagerService
04-17 11:28:30.739  1070  1070 I InputManager: Initializing input manager, mUseDevInputEventForAudioJack=true
04-17 11:28:30.744  1070  1070 I SystemServer: StartWindowManagerService
04-17 11:28:30.792  1070  1125 I WindowManager: No existing display settings /data/system/display_settings.xml; starting empty
04-17 11:28:30.931  1070  1070 I SystemServer: StartVrManagerService
04-17 11:28:30.932  1070  1070 I SystemServiceManager: Starting com.android.server.vr.VrManagerService
04-17 11:28:30.961  1070  1070 I InputManager: Starting input manager
04-17 11:28:30.974  1070  1070 I SystemServiceManager: Starting com.android.server.BluetoothService
04-17 11:28:30.987  1070  1070 D BluetoothManagerService: Loading stored name and address
04-17 11:28:30.987  1070  1070 D BluetoothManagerService: Stored bluetooth Name=Pixel,Address=AC:37:43:B1:A3:59
04-17 11:28:30.988  1070  1070 D BluetoothManagerService: Bluetooth persisted state: 1
04-17 11:28:30.988  1070  1070 D BluetoothManagerService: Startup: Bluetooth persisted state is ON.
04-17 11:28:30.988  1070  1070 I SystemServer: ConnectivityMetricsLoggerService
04-17 11:28:30.989  1070  1070 I SystemServiceManager: Starting com.android.server.connectivity.MetricsLoggerService
04-17 11:28:30.996  1070  1070 I SystemServer: IpConnectivityMetrics
04-17 11:28:30.997  1070  1070 I SystemServiceManager: Starting com.android.server.connectivity.IpConnectivityMetrics
04-17 11:28:30.998  1070  1070 I SystemServer: PinnerService
04-17 11:28:30.998  1070  1070 I SystemServiceManager: Starting com.android.server.PinnerService
04-17 11:28:31.003  1070  1070 I SystemServiceManager: Starting com.android.server.InputMethodManagerService$Lifecycle
04-17 11:28:31.164  1070  1070 I SystemServer: StartAccessibilityManagerService
04-17 11:28:31.174  1070  1070 I ActivityManager: Config changes=1df8 {1.0 ?mcc?mnc [es_ES] ldltr sw411dp w411dp h731dp 420dpi nrml long port ?uimode ?night -touch -keyb/v/h -nav/h s.2}
04-17 11:28:31.184  1070  1125 I ActivityManager: Config changes=508 {1.0 ?mcc?mnc [es_ES] ldltr sw411dp w411dp h659dp 420dpi nrml port ?uimode ?night finger -keyb/v/h -nav/h s.3}
04-17 11:28:31.214  1070  1070 I SystemServiceManager: Starting com.android.server.MountService$Lifecycle
04-17 11:28:31.231  1070  1070 I SystemServiceManager: Starting com.android.server.UiModeManagerService
04-17 11:28:31.233  1070  1394 D MountService: Thinking about init, mSystemReady=false, mDaemonConnected=true
04-17 11:28:31.233  1070  1394 D MountService: Thinking about reset, mSystemReady=false, mDaemonConnected=true
04-17 11:28:31.234  1070  1394 D MountService: Thinking about init, mSystemReady=false, mDaemonConnected=true
04-17 11:28:31.234  1070  1394 D MountService: Thinking about reset, mSystemReady=false, mDaemonConnected=true
04-17 11:28:31.234  1070  1394 D CryptdConnector: SND -> {1 cryptfs getfield SystemLocale}
04-17 11:28:31.235  1070  1070 I ActivityManager: Config changes=200 {1.0 ?mcc?mnc [es_ES] ldltr sw411dp w411dp h659dp 420dpi nrml port finger -keyb/v/h -nav/h s.4}
04-17 11:28:31.236   533   540 E Cryptfs : Cannot get field when file encrypted
04-17 11:28:31.238  1070  1397 D CryptdConnector: RCV <- {200 1 -1}
04-17 11:28:31.243  1070  1394 W MountService: No primary storage mounted!
04-17 11:28:31.243  1070  1394 D VoldConnector: SND -> {1 asec list}
04-17 11:28:31.245  1070  1396 D VoldConnector: RCV <- {200 1 asec operation succeeded}
04-17 11:28:31.247  1070  1070 W PackageManager: No disk maintenance in 346090247; running immediately
04-17 11:28:31.247  1070  1070 I SystemServer: StartLockSettingsService
04-17 11:28:31.247  1070  1070 I SystemServiceManager: Starting com.android.server.LockSettingsService$Lifecycle
04-17 11:28:31.247  1070  1394 W PackageManager: Not granting permission android.permission.ACCESS_COARSE_LOCATION to package com.masterkeygames.esaerak because it was previously installed without
04-17 11:28:31.247  1070  1394 W PackageManager: Not granting permission android.permission.READ_PHONE_STATE to package com.masterkeygames.esaerak because it was previously installed without
04-17 11:28:31.248  1070  1394 W PackageManager: Not granting permission android.permission.ACCESS_FINE_LOCATION to package com.masterkeygames.esaerak because it was previously installed without
04-17 11:28:31.248  1070  1394 W PackageManager: Not granting permission android.permission.MANAGE_DOCUMENTS to package com.google.android.youtube (protectionLevel=2 flags=0x385bbec5)
04-17 11:28:31.248  1070  1394 W PackageManager: Unknown permission com.sec.android.provider.badge.permission.READ in package com.google.android.youtube
04-17 11:28:31.248  1070  1394 W PackageManager: Unknown permission com.sec.android.provider.badge.permission.WRITE in package com.google.android.youtube
04-17 11:28:31.248  1070  1394 W PackageManager: Unknown permission com.htc.launcher.permission.READ_SETTINGS in package com.google.android.youtube
04-17 11:28:31.248  1070  1394 W PackageManager: Unknown permission com.htc.launcher.permission.UPDATE_SHORTCUT in package com.google.android.youtube
04-17 11:28:31.248  1070  1394 W PackageManager: Unknown permission com.sonyericsson.home.permission.BROADCAST_BADGE in package com.google.android.youtube
04-17 11:28:31.248  1070  1394 W PackageManager: Unknown permission com.sonymobile.home.permission.PROVIDER_INSERT_BADGE in package com.google.android.youtube
04-17 11:28:31.248  1070  1394 W PackageManager: Unknown permission com.google.android.launcher.permission.CONTENT_REDIRECT in package com.google.android.googlequicksearchbox
04-17 11:28:31.249  1070  1394 W PackageManager: Unknown permission com.google.android.voicesearch.SHORTCUTS_ACCESS in package com.google.android.googlequicksearchbox
04-17 11:28:31.249  1070  1394 W PackageManager: Unknown permission com.google.android.voicesearch.ACCESS_SETTINGS in package com.google.android.googlequicksearchbox
04-17 11:28:31.249  1070  1394 W PackageManager: Unknown permission com.android.browser.permission.PRELOAD in package com.google.android.googlequicksearchbox
04-17 11:28:31.249  1070  1394 W PackageManager: Unknown permission com.google.android.ears.permission.WRITE in package com.google.android.googlequicksearchbox
04-17 11:28:31.249  1070  1394 W PackageManager: Unknown permission com.google.googlenav.friend.permission.OPT_IN in package com.google.android.googlequicksearchbox
04-17 11:28:31.249  1070  1394 W PackageManager: Not granting permission android.permission.CALL_PRIVILEGED to package com.google.android.googlequicksearchbox (protectionLevel=18 flags=0x385bbec5)
04-17 11:28:31.249  1070  1394 W PackageManager: Unknown permission com.google.android.apps.googlevoice.permission.AUTO_SEND in package com.google.android.googlequicksearchbox
04-17 11:28:31.249  1070  1394 W PackageManager: Unknown permission com.android.chrome.PRERENDER_URL in package com.google.android.googlequicksearchbox
04-17 11:28:31.249  1070  1394 W PackageManager: Not granting permission com.google.android.googleapps.permission.GOOGLE_AUTH to package com.android.providers.calendar (protectionLevel=2 flags=0x30083e45)
04-17 11:28:31.249  1070  1394 W PackageManager: Not granting permission com.google.android.googleapps.permission.GOOGLE_AUTH.cl to package com.android.providers.calendar (protectionLevel=2 flags=0x30083e45)
04-17 11:28:31.249  1070  1394 W PackageManager: Not granting permission com.vzw.APNPERMISSION to package com.qualcomm.ltebc_vzw (protectionLevel=18 flags=0x3808be45)
04-17 11:28:31.250  1070  1394 W PackageManager: Not granting permission android.permission.WRITE_SECURE_SETTINGS to package com.google.android.apps.enterprise.dmagent (protectionLevel=50 flags=0x38083e05)
04-17 11:28:31.250  1070  1394 W PackageManager: Not granting permission android.permission.CONNECTIVITY_INTERNAL to package com.google.android.apps.enterprise.dmagent (protectionLevel=18 flags=0x38083e05)
04-17 11:28:31.250  1070  1394 W PackageManager: Not granting permission android.permission.MANAGE_USB to package com.google.android.apps.enterprise.dmagent (protectionLevel=18 flags=0x38083e05)
04-17 11:28:31.250  1070  1394 W PackageManager: Not granting permission android.permission.CHANGE_COMPONENT_ENABLED_STATE to package com.google.android.apps.enterprise.dmagent (protectionLevel=18 flags=0x38083e05)
04-17 11:28:31.250  1070  1394 W PackageManager: Not granting permission android.permission.MANAGE_CA_CERTIFICATES to package com.google.android.apps.enterprise.dmagent (protectionLevel=18 flags=0x38083e05)
04-17 11:28:31.250  1070  1394 W PackageManager: Not granting permission android.permission.MANAGE_USERS to package com.google.android.apps.enterprise.dmagent (protectionLevel=18 flags=0x38083e05)
04-17 11:28:31.250  1070  1394 W PackageManager: Not granting permission android.permission.READ_EXTERNAL_STORAGE to package com.mozilla.servo because it was previously installed without
04-17 11:28:31.250  1070  1394 W PackageManager: Not granting permission android.permission.WRITE_EXTERNAL_STORAGE to package com.mozilla.servo because it was previously installed without
04-17 11:28:31.250  1070  1394 W PackageManager: Unknown permission com.google.android.ims.LOG_ACCESS in package com.google.android.apps.messaging
04-17 11:28:31.250  1070  1394 W PackageManager: Unknown permission com.sec.android.provider.badge.permission.READ in package com.google.android.apps.messaging
04-17 11:28:31.250  1070  1394 W PackageManager: Unknown permission com.sec.android.provider.badge.permission.WRITE in package com.google.android.apps.messaging
04-17 11:28:31.250  1070  1394 W PackageManager: Unknown permission com.htc.launcher.permission.READ_SETTINGS in package com.google.android.apps.messaging
04-17 11:28:31.250  1070  1394 W PackageManager: Unknown permission com.htc.launcher.permission.UPDATE_SHORTCUT in package com.google.android.apps.messaging
04-17 11:28:31.250  1070  1394 W PackageManager: Unknown permission com.sonyericsson.home.permission.BROADCAST_BADGE in package com.google.android.apps.messaging
04-17 11:28:31.250  1070  1394 W PackageManager: Unknown permission com.sonymobile.home.permission.PROVIDER_INSERT_BADGE in package com.google.android.apps.messaging
04-17 11:28:31.250  1070  1394 W PackageManager: Unknown permission com.anddoes.launcher.permission.UPDATE_COUNT in package com.google.android.apps.messaging
04-17 11:28:31.251  1070  1394 W PackageManager: Unknown permission com.majeur.launcher.permission.UPDATE_BADGE in package com.google.android.apps.messaging
04-17 11:28:31.251  1070  1394 W PackageManager: Unknown permission com.huawei.android.launcher.permission.CHANGE_BADGE in package com.google.android.apps.messaging
04-17 11:28:31.251  1070  1394 W PackageManager: Unknown permission com.huawei.android.launcher.permission.READ_SETTINGS in package com.google.android.apps.messaging
04-17 11:28:31.251  1070  1394 W PackageManager: Unknown permission com.huawei.android.launcher.permission.WRITE_SETTINGS in package com.google.android.apps.messaging
04-17 11:28:31.251  1070  1394 W PackageManager: Not granting permission android.permission.SEND_DOWNLOAD_COMPLETED_INTENTS to package com.android.vending (protectionLevel=2 flags=0x384abec5)
04-17 11:28:31.251  1070  1394 W PackageManager: Not granting permission android.permission.CONNECTIVITY_INTERNAL to package com.android.vending (protectionLevel=18 flags=0x384abec5)
04-17 11:28:31.251  1070  1394 W PackageManager: Not granting permission android.permission.DUMP to package com.android.vending (protectionLevel=50 flags=0x384abec5)
04-17 11:28:31.251  1070  1394 W PackageManager: Not granting permission android.permission.SET_PREFERRED_APPLICATIONS to package com.android.vending (protectionLevel=2 flags=0x384abec5)
04-17 11:28:31.251  1070  1394 W PackageManager: Unknown permission android.permission.ACCESS_INSTANT_APPS in package com.android.vending
04-17 11:28:31.252  1070  1394 W PackageManager: Unknown permission android.permission.NFC_UNLOCK in package com.android.nfc
04-17 11:28:31.252  1070  1394 W PackageManager: Unknown permission com.google.android.email.permission.ACCESS_PROVIDER in package com.google.android.gm
04-17 11:28:31.252  1070  1394 W PackageManager: Unknown permission com.google.android.gm.exchange.BIND in package com.google.android.gm
04-17 11:28:31.252  1070  1394 W PackageManager: Unknown permission com.android.email.partnerprovider.PARTNER_PROVIDER in package com.google.android.gm
04-17 11:28:31.253  1070  1394 W PackageManager: Unknown permission com.samsung.android.providers.context.permission.WRITE_USE_APP_FEATURE_SURVEY in package com.google.android.music
04-17 11:28:31.253  1070  1394 W PackageManager: Unknown permission android.permission.WRITE_SYNC_STATS in package com.google.android.apps.docs
04-17 11:28:31.254  1070  1070 I SystemServiceManager: Starting com.android.server.PersistentDataBlockService
04-17 11:28:31.254  1070  1394 W PackageManager: Not granting permission android.permission.INTERACT_ACROSS_USERS to package com.google.android.syncadapters.contacts (protectionLevel=50 flags=0x38083e45)
04-17 11:28:31.254  1070  1394 W PackageManager: Unknown permission com.google.android.syncadapters.contacts.permission.GAL_SEARCH in package com.google.android.syncadapters.contacts
04-17 11:28:31.254  1070  1394 W PackageManager: Unknown permission com.chrome.permission.DEVICE_EXTRAS in package com.android.chrome
04-17 11:28:31.254  1070  1394 W PackageManager: Unknown permission com.sec.enterprise.knox.MDM_CONTENT_PROVIDER in package com.android.chrome
04-17 11:28:31.255  1070  1394 W PackageManager: Not granting permission android.permission.GET_ACCOUNTS to package com.google.android.apps.youtube.vr because it was previously installed without
04-17 11:28:31.255  1070  1394 W PackageManager: Not granting permission android.permission.READ_EXTERNAL_STORAGE to package com.google.android.apps.youtube.vr because it was previously installed without
04-17 11:28:31.255  1070  1394 W PackageManager: Not granting permission android.permission.RECORD_AUDIO to package com.google.android.apps.youtube.vr because it was previously installed without
04-17 11:28:31.255  1070  1394 W PackageManager: Unknown permission com.google.android.permission.INSTALL_WEARABLE_PACKAGES in package com.google.android.packageinstaller
04-17 11:28:31.255  1070  1394 W PackageManager: Not granting permission android.permission.GET_ACCOUNTS to package com.google.android.street because it was previously installed without
04-17 11:28:31.255  1070  1394 W PackageManager: Not granting permission android.permission.READ_EXTERNAL_STORAGE to package com.google.android.street because it was previously installed without
04-17 11:28:31.255  1070  1394 W PackageManager: Not granting permission android.permission.WRITE_EXTERNAL_STORAGE to package com.google.android.street because it was previously installed without
04-17 11:28:31.255  1070  1394 W PackageManager: Not granting permission android.permission.ACCESS_COARSE_LOCATION to package com.google.android.street because it was previously installed without
04-17 11:28:31.255  1070  1394 W PackageManager: Not granting permission android.permission.ACCESS_FINE_LOCATION to package com.google.android.street because it was previously installed without
04-17 11:28:31.255  1070  1394 W PackageManager: Not granting permission android.permission.CAMERA to package com.google.android.street because it was previously installed without
04-17 11:28:31.256  1070  1394 W PackageManager: Unknown permission com.google.android.wearable.READ_SETTINGS in package com.google.android.gms
04-17 11:28:31.257  1070  1394 W PackageManager: Unknown permission com.android.launcher.permission.PRELOAD_WORKSPACE in package com.google.android.partnersetup
04-17 11:28:31.257  1070  1394 W PackageManager: Not granting permission com.google.android.googleapps.permission.GOOGLE_AUTH to package com.google.android.videos (protectionLevel=2 flags=0x385bbec5)
04-17 11:28:31.257  1070  1394 W PackageManager: Unknown permission com.android.launcher.permission.READ_SETTINGS in package com.google.android.apps.nexuslauncher
04-17 11:28:31.257  1070  1394 W PackageManager: Not granting permission android.permission.WRITE_MEDIA_STORAGE to package com.google.android.apps.photos (protectionLevel=18 flags=0x3859bec5)
04-17 11:28:31.257  1070  1394 W PackageManager: Unknown permission com.google.android.gm.exchange.BIND in package com.google.android.calendar
04-17 11:28:31.257  1070  1394 W PackageManager: Not granting permission android.permission.CONTROL_KEYGUARD to package com.google.android.gsf.login (protectionLevel=2 flags=0x3048be45)
04-17 11:28:31.257  1070  1394 W PackageManager: Unknown permission com.android.vending.billing.IBillingAccountService.BIND2 in package com.google.android.gsf.login
04-17 11:28:31.258  1070  1394 W PackageManager: Unknown permission com.android.launcher.permission.READ_SETTINGS in package com.android.settings
04-17 11:28:31.258  1070  1394 W PackageManager: Unknown permission com.android.launcher.permission.WRITE_SETTINGS in package com.android.settings
04-17 11:28:31.259  1070  1394 W PackageManager: Unknown permission com.android.permission.DCMO_SETTINGS in package com.android.omadm.service
04-17 11:28:31.259  1070  1394 W PackageManager: Not granting permission android.permission.WRITE_EXTERNAL_STORAGE to package com.ideateca.android.ibasket because it was previously installed without
04-17 11:28:31.259  1070  1394 W PackageManager: Not granting permission android.permission.ACCESS_COARSE_LOCATION to package com.ideateca.android.ibasket because it was previously installed without
04-17 11:28:31.259  1070  1394 W PackageManager: Not granting permission android.permission.READ_PHONE_STATE to package com.ideateca.android.ibasket because it was previously installed without
04-17 11:28:31.259  1070  1394 W PackageManager: Not granting permission android.permission.ACCESS_FINE_LOCATION to package com.ideateca.android.ibasket because it was previously installed without
04-17 11:28:31.259  1070  1394 W PackageManager: Not granting permission android.permission.READ_EXTERNAL_STORAGE to package com.ideateca.android.ibasket because it was previously installed without
04-17 11:28:31.259  1070  1394 W PackageManager: Not granting permission android.permission.REGISTER_CONNECTION_MANAGER to package com.google.android.talk (protectionLevel=18 flags=0x3059be45)
04-17 11:28:31.259  1070  1394 W PackageManager: Unknown permission com.android.smspush.WAPPUSH_MANAGER_BIND in package com.android.phone
04-17 11:28:31.260  1070  1394 W PackageManager: Unknown permission android.permission.RESTRICTED_VR_ACCESS in package com.google.vr.vrcore
04-17 11:28:31.261  1070  1394 W PackageManager: Not granting permission android.permission.GET_ACCOUNTS to package com.google.android.play.games because it was previously installed without
04-17 11:28:31.261  1070  1394 W PackageManager: Unknown permission com.google.android.gallery3d.permission.GALLERY_PROVIDER in package com.android.bluetooth
04-17 11:28:31.261  1070  1394 W PackageManager: Unknown permission com.android.gallery3d.permission.GALLERY_PROVIDER in package com.android.bluetooth
04-17 11:28:31.261  1070  1394 W PackageManager: Not granting permission android.permission.BIND_WALLPAPER to package com.google.android.GoogleCamera (protectionLevel=18 flags=0x30583cc5)
04-17 11:28:31.367  1070  1394 W MountService: No primary storage mounted!
04-17 11:28:31.367  1070  1394 D VoldConnector: SND -> {2 asec list}
04-17 11:28:31.369  1070  1396 D VoldConnector: RCV <- {200 2 asec operation succeeded}
04-17 11:28:31.370  1070  1394 I MountService: Running fstrim idle maintenance
04-17 11:28:31.370  1070  1394 D VoldConnector: SND -> {3 fstrim dotrim}
04-17 11:28:31.371  1070  1396 D VoldConnector: RCV <- {200 3 Command succeeded}
04-17 11:28:31.373   533  1398 D vold    : Starting trim of /data
04-17 11:28:31.376  1070  1070 I SystemServiceManager: Starting com.android.server.DeviceIdleController
04-17 11:28:31.378  1070  1070 E DeviceIdleController: Bad device idle settings
04-17 11:28:31.378  1070  1070 E DeviceIdleController: java.lang.IllegalArgumentException: 'null' in 'null' is not a valid key-value pair
04-17 11:28:31.378  1070  1070 E DeviceIdleController: 	at android.util.KeyValueListParser.setString(KeyValueListParser.java:57)
04-17 11:28:31.378  1070  1070 E DeviceIdleController: 	at com.android.server.DeviceIdleController$Constants.updateConstants(DeviceIdleController.java:788)
04-17 11:28:31.378  1070  1070 E DeviceIdleController: 	at com.android.server.DeviceIdleController$Constants.<init>(DeviceIdleController.java:777)
04-17 11:28:31.378  1070  1070 E DeviceIdleController: 	at com.android.server.DeviceIdleController.onStart(DeviceIdleController.java:1328)
04-17 11:28:31.378  1070  1070 E DeviceIdleController: 	at com.android.server.SystemServiceManager.startService(SystemServiceManager.java:112)
04-17 11:28:31.378  1070  1070 E DeviceIdleController: 	at com.android.server.SystemServer.startOtherServices(SystemServer.java:752)
04-17 11:28:31.378  1070  1070 E DeviceIdleController: 	at com.android.server.SystemServer.run(SystemServer.java:334)
04-17 11:28:31.378  1070  1070 E DeviceIdleController: 	at com.android.server.SystemServer.main(SystemServer.java:219)
04-17 11:28:31.378  1070  1070 E DeviceIdleController: 	at java.lang.reflect.Method.invoke(Native Method)
04-17 11:28:31.378  1070  1070 E DeviceIdleController: 	at com.android.internal.os.ZygoteInit$MethodAndArgsCaller.run(ZygoteInit.java:886)
04-17 11:28:31.378  1070  1070 E DeviceIdleController: 	at com.android.internal.os.ZygoteInit.main(ZygoteInit.java:776)
04-17 11:28:31.381  1070  1070 I SystemServiceManager: Starting com.android.server.devicepolicy.DevicePolicyManagerService$Lifecycle
04-17 11:28:31.386  1070  1070 I SystemServer: StartStatusBarManagerService
04-17 11:28:31.388  1070  1070 I SystemServer: StartClipboardService
04-17 11:28:31.391  1070  1070 I SystemServer: StartNetworkManagementService
04-17 11:28:31.396  1070  1399 I NetworkManagement: onDaemonConnected()
04-17 11:28:31.400  1070  1070 I SystemServiceManager: Starting com.android.server.TextServicesManagerService$Lifecycle
04-17 11:28:31.402  1070  1070 W TextServicesManagerService: no available spell checker services found
04-17 11:28:31.403  1070  1070 I SystemServer: StartNetworkScoreService
04-17 11:28:31.405  1070  1070 I SystemServer: StartNetworkStatsService
04-17 11:28:31.421  1070  1070 I SystemServer: StartNetworkPolicyManagerService
04-17 11:28:31.428  1070  1070 I SystemServer: No Wi-Fi NAN Service (NAN support Not Present)
04-17 11:28:31.563  1070  1070 I SystemServiceManager: Starting com.android.server.wifi.p2p.WifiP2pService
04-17 11:28:31.723  1070  1070 I SystemServiceManager: Starting com.android.server.wifi.WifiService
04-17 11:28:32.246  1070  1070 I SystemServiceManager: Starting com.android.server.wifi.scanner.WifiScanningService
04-17 11:28:32.284  1070  1070 I SystemServiceManager: Starting com.android.server.wifi.RttService
04-17 11:28:32.293  1070  1070 I SystemServiceManager: Starting com.android.server.ethernet.EthernetService
04-17 11:28:32.310  1070  1070 I SystemServer: StartConnectivityService
04-17 11:28:32.336  1070  1070 D ConnectivityService: ConnectivityService starting up
04-17 11:28:32.347  1070  1070 D ConnectivityService: wifiOnly=false
04-17 11:28:32.367  1070  1070 I SystemServer: StartNsdService
04-17 11:28:32.374  1070  1070 I SystemServer: StartUpdateLockService
04-17 11:28:32.377  1070  1070 I SystemServiceManager: Starting com.android.server.RecoverySystemService
04-17 11:28:32.380  1070  1070 I SystemServiceManager: Starting com.android.server.notification.NotificationManagerService
04-17 11:28:32.408  1070  1070 D ConditionProviders.SCP: new ScheduleConditionProvider()
04-17 11:28:32.464  1070  1070 I SystemServiceManager: Starting com.android.server.storage.DeviceStorageMonitorService
04-17 11:28:32.470  1070  1070 I SystemServer: StartLocationManagerService
04-17 11:28:32.479  1070  1070 I SystemServer: StartCountryDetectorService
04-17 11:28:32.481  1070  1070 I SystemServer: StartSearchManagerService
04-17 11:28:32.481  1070  1070 I SystemServiceManager: Starting com.android.server.search.SearchManagerService$Lifecycle
04-17 11:28:32.486  1070  1070 I SystemServiceManager: Starting com.android.server.DropBoxManagerService
04-17 11:28:32.498  1070  1070 I SystemServer: StartWallpaperManagerService
04-17 11:28:32.499  1070  1070 I SystemServiceManager: Starting com.android.server.wallpaper.WallpaperManagerService$Lifecycle
04-17 11:28:32.511  1070  1070 E WallpaperManagerService: Invalid wallpaper data
04-17 11:28:32.511  1070  1070 E WallpaperManagerService: Unable to apply new wallpaper
04-17 11:28:32.517  1070  1070 I SystemServer: StartAudioService
04-17 11:28:32.517  1070  1070 I SystemServiceManager: Starting com.android.server.audio.AudioService$Lifecycle
04-17 11:28:32.569  1070  1070 I SystemServiceManager: Starting com.android.server.DockObserver
04-17 11:28:32.570  1070  1070 W DockObserver: This kernel does not have dock station support
04-17 11:28:32.571  1070  1070 I SystemServer: StartWiredAccessoryManager
04-17 11:28:32.575  1070  1070 W WiredAccessoryManager: This kernel does not have usb audio support
04-17 11:28:32.576  1070  1070 I SystemServiceManager: Starting com.android.server.midi.MidiService$Lifecycle
04-17 11:28:32.578  1070  1070 I SystemServiceManager: Starting com.android.server.usb.UsbService$Lifecycle
04-17 11:28:32.589  1070  1070 I SystemServer: StartSerialService
04-17 11:28:32.595  1070  1070 I SystemServiceManager: Starting com.android.server.twilight.TwilightService
04-17 11:28:32.595  1070  1070 I SystemServiceManager: Starting com.android.server.display.NightDisplayService
