--------- beginning of system
04-11 10:45:42.314   534   554 E Cryptfs : Cannot get field when file encrypted
04-11 10:45:42.315  1072  1399 I chatty  : uid=1000(system) CryptdConnector expire 1 line
04-11 10:45:42.319  1072  1397 I chatty  : uid=1000(system) MountService expire 15 lines
04-11 10:45:42.322  1072  1398 I chatty  : uid=1000(system) VoldConnector expire 2 lines
04-11 10:45:42.324  1072  1397 I chatty  : uid=1000(system) MountService expire 77 lines
04-11 10:45:42.324  1072  1072 I chatty  : uid=1000 system_server expire 145 lines
04-11 10:45:42.594  1072  1400 I chatty  : uid=1000(system) NetdConnector expire 1 line
04-11 10:45:42.726  1072  1111 I chatty  : uid=1000(system) android.bg expire 1 line
04-11 10:45:44.051  1072  1409 I chatty  : uid=1000(system) ConnectivitySer expire 1 line
04-11 10:45:45.286  1072  1405 I chatty  : uid=1000(system) WifiStateMachin expire 1 line
04-11 10:45:45.362  1072  1149 I chatty  : uid=1000(system) PowerManagerSer expire 1 line
04-11 10:45:45.545  1072  1146 I chatty  : uid=1000(system) android.io expire 70 lines
04-11 10:45:45.641  1072  1072 I chatty  : uid=1000 system_server expire 80 lines
04-11 10:45:45.642  1072  1112 I chatty  : uid=1000(system) ActivityManager expire 6 lines
04-11 10:45:45.642  1072  1397 I chatty  : uid=1000(system) MountService expire 3 lines
04-11 10:45:45.644  1072  1416 I chatty  : uid=1000(system) AudioService expire 1 line
04-11 10:45:45.645  1072  1398 I chatty  : uid=1000(system) VoldConnector expire 11 lines
04-11 10:45:45.683  1072  1145 I chatty  : uid=1000(system) android.fg expire 2 lines
04-11 10:45:45.689   534   553 V vold    : Waiting for FUSE to spin up...
04-11 10:45:46.334  1072  1111 I chatty  : uid=1000(system) android.bg expire 6 lines
04-11 10:45:46.399  1072  1113 I chatty  : uid=1000(system) android.ui expire 1 line
04-11 10:45:46.437  1638  1638 W ContextImpl: Calling a method in the system process without a qualified user: android.app.ContextImpl.sendBroadcast:877 android.content.ContextWrapper.sendBroadcast:421 com.quicinc.cne.CNEService.CNEServiceApp.broadcastCNEStarted:103 com.quicinc.cne.CNEService.CNEServiceApp.startCne:123 com.quicinc.cne.CNEService.CNEServiceApp.onCreate:94 
04-11 10:45:46.487  1072  1085 I chatty  : uid=1000(system) Binder:1072_1 expire 11 lines
04-11 10:45:46.495  1072  1728 I chatty  : uid=1000(system) uteStateMachine expire 1 line
04-11 10:45:46.504  1072  1729 I chatty  : uid=1000(system) CallAudioModeSt expire 1 line
04-11 10:45:46.507  1072  1730 I chatty  : uid=1000(system) AsyncQueryWorke expire 1 line
04-11 10:45:46.649  1072  1418 I chatty  : uid=1000(system) Binder:1072_3 expire 7 lines
04-11 10:45:46.658  1072  1694 I chatty  : uid=1000(system) Binder:1072_6 expire 7 lines
04-11 10:45:46.677  1072  1415 I chatty  : uid=1000(system) onProviders.ECP expire 2 lines
04-11 10:45:46.723  1072  1086 I chatty  : uid=1000(system) Binder:1072_2 expire 5 lines
04-11 10:45:46.724  1072  1551 I chatty  : uid=1000(system) Binder:1072_4 expire 7 lines
04-11 10:45:46.819  1072  1409 I chatty  : uid=1000(system) ConnectivitySer expire 2 lines
04-11 10:45:46.857  1658  1792 E ActivityThread: Failed to find provider info for com.android.contacts
04-11 10:45:47.089  1502  1844 E ActivityThread: Failed to find provider info for com.android.contacts
04-11 10:45:47.147   534   554 D VoldCryptCmdListener: cryptfs getpw
04-11 10:45:47.147   534   554 E Cryptfs : cryptfs_get_password not valid for file encryption
04-11 10:45:47.147  1072  1399 I chatty  : uid=1000(system) CryptdConnector expire 4 lines
04-11 10:45:47.149   534   554 D VoldCryptCmdListener: cryptfs clearpw
04-11 10:45:47.308  1658  1658 D MccTable: updateMccMncConfiguration mccmnc='00000' fromServiceState=true
04-11 10:45:47.309  1658  1658 D MccTable: updateMccMncConfiguration defaultMccMnc=
04-11 10:45:47.309  1658  1658 D MccTable: updateMccMncConfiguration: mcc=0, mnc=0
04-11 10:45:47.309  1658  1658 D MccTable: WIFI_COUNTRY_CODE set to 
04-11 10:45:47.356  1072  1404 I chatty  : uid=1000(system) WifiService expire 1 line
04-11 10:45:47.519  1072  1897 I chatty  : uid=1000(system) Binder:1072_7 expire 3 lines
04-11 10:45:47.710  1677  1677 W ContextImpl: Calling a method in the system process without a qualified user: android.app.ContextImpl.startService:1357 android.content.ContextWrapper.startService:613 android.content.ContextWrapper.startService:613 com.android.settings.bluetooth.DockEventReceiver.beginStartingService:134 com.android.settings.bluetooth.DockEventReceiver.onReceive:115 
04-11 10:45:47.736  1072  1689 I chatty  : uid=1000(system) Binder:1072_5 expire 5 lines
04-11 10:45:48.134  1658  1658 D MccTable: updateMccMncConfiguration mccmnc='null' fromServiceState=true
04-11 10:45:48.134  1658  1658 D MccTable: WIFI_COUNTRY_CODE set to 
04-11 10:45:48.332  1072  1147 I chatty  : uid=1000(system) android.display expire 13 lines
04-11 10:45:49.857   534   554 D vold    : e4crypt_unlock_user_key 0 serial=0 token_present=0
04-11 10:45:49.862   534   554 D vold    : Skipping non-key .
04-11 10:45:49.862   534   554 D vold    : Skipping non-key ..
04-11 10:45:49.862   534   554 D vold    : Trying user CE key /data/misc/vold/user_keys/ce/0/current
04-11 10:45:49.907   534   554 D vold    : Successfully retrieved key
04-11 10:45:49.907   534   554 D vold    : Added key 645468158 (ext4:5fcb89181ad5160e) to keyring 658930749 in process 534
04-11 10:45:49.907   534   554 D vold    : Installed ce key for user 0
04-11 10:45:49.909   534   554 D vold    : e4crypt_prepare_user_storage for volume null, user 0, serial 0, flags 2
04-11 10:45:49.909   534   554 D vold    : Preparing: /data/system_ce/0
04-11 10:45:49.909   534   554 D vold    : Preparing: /data/misc_ce/0
04-11 10:45:49.912   534   554 D vold    : Preparing: /data/media/0
04-11 10:45:49.912   534   554 D vold    : Preparing: /data/data
04-11 10:45:49.913   534   554 I vold    : Found policy 5fcb89181ad5160e at /data/system_ce/0 which matches expected value
04-11 10:45:49.914   534   554 I vold    : Policy for /data/misc_ce/0 set to 5fcb89181ad5160e
04-11 10:45:49.915   534   554 I vold    : Found policy 5fcb89181ad5160e at /data/media/0 which matches expected value
04-11 10:45:49.918   534   554 I vold    : Found policy 5fcb89181ad5160e at /data/data which matches expected value
04-11 10:45:49.918   534   554 V vold    : Starting restorecon of /data/system_ce/0
04-11 10:45:49.918   534   554 V vold    : Finished restorecon of /data/system_ce/0
04-11 10:45:49.918   534   554 V vold    : Starting restorecon of /data/misc_ce/0
04-11 10:45:49.919   534   554 V vold    : Finished restorecon of /data/misc_ce/0
04-11 10:45:50.410  1072  1146 I chatty  : uid=1000(system) android.io expire 8 lines
04-11 10:45:50.412   534   553 D vold    : Linking /storage/emulated/0 to /mnt/user/0/primary
04-11 10:45:50.412  1072  1398 I chatty  : uid=1000(system) VoldConnector expire 1 line
04-11 10:45:50.413  1072  1409 I chatty  : uid=1000(system) ConnectivitySer expire 10 lines
04-11 10:45:50.417  1072  1397 I chatty  : uid=1000(system) MountService expire 1 line
04-11 10:45:50.430  1072  1072 I chatty  : uid=1000 system_server expire 15 lines
04-11 10:45:50.453  1072  1112 I chatty  : uid=1000(system) ActivityManager expire 14 lines
04-11 10:45:50.520  1072  1981 I chatty  : uid=1000(system) backup expire 2 lines
04-11 10:45:50.795  1072  1551 I chatty  : uid=1000(system) Binder:1072_4 expire 10 lines
04-11 10:45:50.811  1072  1085 I chatty  : uid=1000(system) Binder:1072_1 expire 16 lines
04-11 10:45:50.864  1072  1694 I chatty  : uid=1000(system) Binder:1072_6 expire 11 lines
04-11 10:45:50.914  1072  1721 I chatty  : uid=1000 system_server expire 1 line
04-11 10:45:51.002  1072  1111 I chatty  : uid=1000(system) android.bg expire 10 lines
04-11 10:45:51.454  1072  1086 I chatty  : uid=1000(system) Binder:1072_2 expire 10 lines
04-11 10:45:52.196  1072  1418 I chatty  : uid=1000(system) Binder:1072_3 expire 10 lines
04-11 10:45:52.638  1072  2355 I chatty  : uid=1000 system_server expire 4 lines
04-11 10:45:53.264  1072  2274 I chatty  : uid=1000(system) Binder:1072_8 expire 14 lines
04-11 10:45:53.377  1072  1405 I chatty  : uid=1000(system) WifiStateMachin expire 1 line
04-11 10:45:58.661  2797  2838 D ActivityThread: Loading provider com.google.android.gmail.provider;com.android.mail.notifier;com.google.android.gm.email.provider;com.google.android.gm.tasks.provider;com.google.android.gm.email.notifier: com.android.email.provider.EmailProvider
04-11 10:45:59.577  1072  1897 I chatty  : uid=1000(system) Binder:1072_7 expire 24 lines
04-11 10:46:01.451  1072  1689 I chatty  : uid=1000(system) Binder:1072_5 expire 15 lines
04-11 10:46:03.157  1072  2802 I chatty  : uid=1000(system) Binder:1072_9 expire 7 lines
04-11 10:46:03.842  1072  1114 I chatty  : uid=1000(system) ActivityManager expire 4 lines
04-11 10:46:04.781  1072  3287 I chatty  : uid=1000(system) Binder:1072_B expire 7 lines
04-11 10:46:05.286  1072  3311 I chatty  : uid=1000(system) Binder:1072_C expire 9 lines
04-11 10:46:06.009  2599  3187 E ActivityThread: Failed to find provider info for com.google.android.wearable.settings
04-11 10:46:06.867  1072  3228 I chatty  : uid=1000(system) Binder:1072_A expire 6 lines
04-11 10:46:07.198  1072  1694 I chatty  : uid=1000(system) Binder:1072_6 expire 9 lines
04-11 10:46:07.461  3484  3484 W ContextImpl: Calling a method in the system process without a qualified user: android.app.ContextImpl.startService:1357 android.content.ContextWrapper.startService:613 android.content.ContextWrapper.startService:613 com.qualcomm.atfwd.AtFwdAutoboot.onReceive:24 android.app.ActivityThread.handleReceiver:3040 
04-11 10:46:08.892  2599  3187 E ActivityThread: Failed to find provider info for com.google.android.wearable.settings
04-11 10:46:09.891  1072  1112 I chatty  : uid=1000(system) ActivityManager expire 3 lines
04-11 10:46:11.412  1983  1983 E ActivityThread: Service com.google.android.location.places.service.PlaceDetectionAsyncService has leaked IntentReceiver amth@20c0a20 that was originally registered here. Are you missing a call to unregisterReceiver()?
04-11 10:46:11.412  1983  1983 E ActivityThread: android.app.IntentReceiverLeaked: Service com.google.android.location.places.service.PlaceDetectionAsyncService has leaked IntentReceiver amth@20c0a20 that was originally registered here. Are you missing a call to unregisterReceiver()?
04-11 10:46:11.412  1983  1983 E ActivityThread: 	at android.app.LoadedApk$ReceiverDispatcher.<init>(LoadedApk.java:1159)
04-11 10:46:11.412  1983  1983 E ActivityThread: 	at android.app.LoadedApk.getReceiverDispatcher(LoadedApk.java:946)
04-11 10:46:11.412  1983  1983 E ActivityThread: 	at android.app.ContextImpl.registerReceiverInternal(ContextImpl.java:1302)
04-11 10:46:11.412  1983  1983 E ActivityThread: 	at android.app.ContextImpl.registerReceiver(ContextImpl.java:1282)
04-11 10:46:11.412  1983  1983 E ActivityThread: 	at android.content.ContextWrapper.registerReceiver(ContextWrapper.java:593)
04-11 10:46:11.412  1983  1983 E ActivityThread: 	at android.content.ContextWrapper.registerReceiver(ContextWrapper.java:593)
04-11 10:46:11.412  1983  1983 E ActivityThread: 	at android.content.ContextWrapper.registerReceiver(ContextWrapper.java:593)
04-11 10:46:11.412  1983  1983 E ActivityThread: 	at android.content.ContextWrapper.registerReceiver(ContextWrapper.java:593)
04-11 10:46:11.412  1983  1983 E ActivityThread: 	at amrb.run(:com.google.android.gms:4414)
04-11 10:46:11.412  1983  1983 E ActivityThread: 	at android.os.Handler.handleCallback(Handler.java:751)
04-11 10:46:11.412  1983  1983 E ActivityThread: 	at android.os.Handler.dispatchMessage(Handler.java:95)
04-11 10:46:11.412  1983  1983 E ActivityThread: 	at android.os.Looper.loop(Looper.java:154)
04-11 10:46:11.412  1983  1983 E ActivityThread: 	at android.os.HandlerThread.run(HandlerThread.java:61)
04-11 10:46:11.458  1983  1983 E ActivityThread: Service com.google.android.location.places.service.PlaceDetectionAsyncService has leaked IntentReceiver amth@ea683bd that was originally registered here. Are you missing a call to unregisterReceiver()?
04-11 10:46:11.458  1983  1983 E ActivityThread: android.app.IntentReceiverLeaked: Service com.google.android.location.places.service.PlaceDetectionAsyncService has leaked IntentReceiver amth@ea683bd that was originally registered here. Are you missing a call to unregisterReceiver()?
04-11 10:46:11.458  1983  1983 E ActivityThread: 	at android.app.LoadedApk$ReceiverDispatcher.<init>(LoadedApk.java:1159)
04-11 10:46:11.458  1983  1983 E ActivityThread: 	at android.app.LoadedApk.getReceiverDispatcher(LoadedApk.java:946)
04-11 10:46:11.458  1983  1983 E ActivityThread: 	at android.app.ContextImpl.registerReceiverInternal(ContextImpl.java:1302)
04-11 10:46:11.458  1983  1983 E ActivityThread: 	at android.app.ContextImpl.registerReceiver(ContextImpl.java:1282)
04-11 10:46:11.458  1983  1983 E ActivityThread: 	at android.content.ContextWrapper.registerReceiver(ContextWrapper.java:593)
04-11 10:46:11.458  1983  1983 E ActivityThread: 	at android.content.ContextWrapper.registerReceiver(ContextWrapper.java:593)
04-11 10:46:11.458  1983  1983 E ActivityThread: 	at android.content.ContextWrapper.registerReceiver(ContextWrapper.java:593)
04-11 10:46:11.458  1983  1983 E ActivityThread: 	at android.content.ContextWrapper.registerReceiver(ContextWrapper.java:593)
04-11 10:46:11.458  1983  1983 E ActivityThread: 	at amrb.run(:com.google.android.gms:4414)
04-11 10:46:11.458  1983  1983 E ActivityThread: 	at android.os.Handler.handleCallback(Handler.java:751)
04-11 10:46:11.458  1983  1983 E ActivityThread: 	at android.os.Handler.dispatchMessage(Handler.java:95)
04-11 10:46:11.458  1983  1983 E ActivityThread: 	at android.os.Looper.loop(Looper.java:154)
04-11 10:46:11.458  1983  1983 E ActivityThread: 	at android.os.HandlerThread.run(HandlerThread.java:61)
04-11 10:46:11.506  1983  1983 E ActivityThread: Service com.google.android.location.places.service.PlaceDetectionAsyncService has leaked IntentReceiver amth@9079de5 that was originally registered here. Are you missing a call to unregisterReceiver()?
04-11 10:46:11.506  1983  1983 E ActivityThread: android.app.IntentReceiverLeaked: Service com.google.android.location.places.service.PlaceDetectionAsyncService has leaked IntentReceiver amth@9079de5 that was originally registered here. Are you missing a call to unregisterReceiver()?
04-11 10:46:11.506  1983  1983 E ActivityThread: 	at android.app.LoadedApk$ReceiverDispatcher.<init>(LoadedApk.java:1159)
04-11 10:46:11.506  1983  1983 E ActivityThread: 	at android.app.LoadedApk.getReceiverDispatcher(LoadedApk.java:946)
04-11 10:46:11.506  1983  1983 E ActivityThread: 	at android.app.ContextImpl.registerReceiverInternal(ContextImpl.java:1302)
04-11 10:46:11.506  1983  1983 E ActivityThread: 	at android.app.ContextImpl.registerReceiver(ContextImpl.java:1282)
04-11 10:46:11.506  1983  1983 E ActivityThread: 	at android.content.ContextWrapper.registerReceiver(ContextWrapper.java:593)
04-11 10:46:11.506  1983  1983 E ActivityThread: 	at android.content.ContextWrapper.registerReceiver(ContextWrapper.java:593)
04-11 10:46:11.506  1983  1983 E ActivityThread: 	at android.content.ContextWrapper.registerReceiver(ContextWrapper.java:593)
04-11 10:46:11.506  1983  1983 E ActivityThread: 	at android.content.ContextWrapper.registerReceiver(ContextWrapper.java:593)
04-11 10:46:11.506  1983  1983 E ActivityThread: 	at amrb.run(:com.google.android.gms:4414)
04-11 10:46:11.506  1983  1983 E ActivityThread: 	at android.os.Handler.handleCallback(Handler.java:751)
04-11 10:46:11.506  1983  1983 E ActivityThread: 	at android.os.Handler.dispatchMessage(Handler.java:95)
04-11 10:46:11.506  1983  1983 E ActivityThread: 	at android.os.Looper.loop(Looper.java:154)
04-11 10:46:11.506  1983  1983 E ActivityThread: 	at android.os.HandlerThread.run(HandlerThread.java:61)
04-11 10:46:11.557  1983  1983 E ActivityThread: Service com.google.android.location.places.service.PlaceDetectionAsyncService has leaked IntentReceiver amth@9a5eec2 that was originally registered here. Are you missing a call to unregisterReceiver()?
04-11 10:46:11.557  1983  1983 E ActivityThread: android.app.IntentReceiverLeaked: Service com.google.android.location.places.service.PlaceDetectionAsyncService has leaked IntentReceiver amth@9a5eec2 that was originally registered here. Are you missing a call to unregisterReceiver()?
04-11 10:46:11.557  1983  1983 E ActivityThread: 	at android.app.LoadedApk$ReceiverDispatcher.<init>(LoadedApk.java:1159)
04-11 10:46:11.557  1983  1983 E ActivityThread: 	at android.app.LoadedApk.getReceiverDispatcher(LoadedApk.java:946)
04-11 10:46:11.557  1983  1983 E ActivityThread: 	at android.app.ContextImpl.registerReceiverInternal(ContextImpl.java:1302)
04-11 10:46:11.557  1983  1983 E ActivityThread: 	at android.app.ContextImpl.registerReceiver(ContextImpl.java:1282)
04-11 10:46:11.557  1983  1983 E ActivityThread: 	at android.content.ContextWrapper.registerReceiver(ContextWrapper.java:593)
04-11 10:46:11.557  1983  1983 E ActivityThread: 	at android.content.ContextWrapper.registerReceiver(ContextWrapper.java:593)
04-11 10:46:11.557  1983  1983 E ActivityThread: 	at android.content.ContextWrapper.registerReceiver(ContextWrapper.java:593)
04-11 10:46:11.557  1983  1983 E ActivityThread: 	at android.content.ContextWrapper.registerReceiver(ContextWrapper.java:593)
04-11 10:46:11.557  1983  1983 E ActivityThread: 	at amrb.run(:com.google.android.gms:4414)
04-11 10:46:11.557  1983  1983 E ActivityThread: 	at android.os.Handler.handleCallback(Handler.java:751)
04-11 10:46:11.557  1983  1983 E ActivityThread: 	at android.os.Handler.dispatchMessage(Handler.java:95)
04-11 10:46:11.557  1983  1983 E ActivityThread: 	at android.os.Looper.loop(Looper.java:154)
04-11 10:46:11.557  1983  1983 E ActivityThread: 	at android.os.HandlerThread.run(HandlerThread.java:61)
04-11 10:46:14.797  1072  1111 I chatty  : uid=1000(system) android.bg expire 2 lines
04-11 10:46:28.306  1072  1153 I chatty  : uid=1000(system) PackageManager expire 8 lines
04-11 10:46:41.102  1072  2802 I chatty  : uid=1000(system) Binder:1072_9 expire 12 lines
04-11 10:46:42.843  1072  3287 I chatty  : uid=1000(system) Binder:1072_B expire 13 lines
04-11 10:46:42.862  1072  1694 I chatty  : uid=1000(system) Binder:1072_6 expire 9 lines
04-11 10:46:45.829  2599  4408 E ActivityThread: Failed to find provider info for com.google.android.wearable.settings
04-11 10:46:47.551  2599  4408 E ActivityThread: Failed to find provider info for com.google.android.wearable.settings
04-11 10:46:52.804  1072  2274 I chatty  : uid=1000(system) Binder:1072_8 expire 10 lines
04-11 10:46:52.844  1072  1551 I chatty  : uid=1000(system) Binder:1072_4 expire 10 lines
04-11 10:47:04.520  1072  1085 I chatty  : uid=1000(system) Binder:1072_1 expire 6 lines
04-11 10:47:26.942  1072  1112 I chatty  : uid=1000(system) ActivityManager expire 16 lines
04-11 10:47:27.102  1072  1897 I chatty  : uid=1000(system) Binder:1072_7 expire 6 lines
04-11 10:47:27.135  1072  3311 I chatty  : uid=1000(system) Binder:1072_C expire 11 lines
04-11 10:49:11.815  1072  1689 I chatty  : uid=1000(system) Binder:1072_5 expire 5 lines
04-11 10:49:11.874  4518  4518 W ContextImpl: Calling a method in the system process without a qualified user: android.app.ContextImpl.startService:1357 android.content.ContextWrapper.startService:613 android.content.ContextWrapper.startService:613 com.android.keychain.KeyChainBroadcastReceiver.onReceive:12 android.app.ActivityThread.handleReceiver:3040 
04-11 10:49:11.973  1072  1086 I chatty  : uid=1000(system) Binder:1072_2 expire 7 lines
04-11 10:49:13.363  1072  1418 I chatty  : uid=1000(system) Binder:1072_3 expire 9 lines
04-11 10:49:23.694  1072  3228 I chatty  : uid=1000(system) Binder:1072_A expire 16 lines
04-11 11:05:45.050  1072  1111 I chatty  : uid=1000(system) android.bg expire 12 lines
04-11 11:06:46.270  1072  1409 I chatty  : uid=1000(system) ConnectivitySer expire 15 lines
04-11 11:47:44.225  5083  5101 D ActivityThread: Loading provider com.google.android.gmail.provider;com.android.mail.notifier;com.google.android.gm.email.provider;com.google.android.gm.tasks.provider;com.google.android.gm.email.notifier: com.android.email.provider.EmailProvider
04-11 11:58:06.754  1072  2802 I chatty  : uid=1000(system) Binder:1072_9 expire 5 lines
04-11 12:12:27.483  1072  1396 I chatty  : uid=1000(system) InputReader expire 2 lines
04-11 12:12:28.163  1072  1147 I chatty  : uid=1000(system) android.display expire 4 lines
04-11 12:12:28.415  1072  1149 I chatty  : uid=1000(system) PowerManagerSer expire 7 lines
04-11 12:12:28.419  1072  1145 I chatty  : uid=1000(system) android.fg expire 2 lines
04-11 12:12:43.582  1072  1393 I chatty  : uid=1000(system) AlarmManager expire 1 line
04-11 12:12:43.822  5494  5511 D ActivityThread: Loading provider com.google.android.gmail.provider;com.android.mail.notifier;com.google.android.gm.email.provider;com.google.android.gm.tasks.provider;com.google.android.gm.email.notifier: com.android.email.provider.EmailProvider
04-11 12:12:44.137  1072  3287 I chatty  : uid=1000(system) Binder:1072_B expire 1 line
04-11 12:13:15.496  1072  1112 I chatty  : uid=1000(system) ActivityManager expire 24 lines
04-11 13:23:29.138  1072  1072 I chatty  : uid=1000 system_server expire 7 lines
04-11 13:23:29.294  2320  2348 D DownloadManager: Removed 0 stale downloads
04-11 13:23:29.432  2320  2348 D DownloadManager: Found 0 files in database
04-11 13:23:29.432  2320  2348 D DownloadManager: Found 0 files on disk
04-11 13:53:38.973  1072  1551 I chatty  : uid=1000(system) Binder:1072_4 expire 4 lines
04-11 15:32:15.700  6566  6583 D ActivityThread: Loading provider com.google.android.gmail.provider;com.android.mail.notifier;com.google.android.gm.email.provider;com.google.android.gm.tasks.provider;com.google.android.gm.email.notifier: com.android.email.provider.EmailProvider
04-11 15:32:44.834  1072  3228 I chatty  : uid=1000(system) Binder:1072_A expire 1 line
04-11 15:45:23.643  1072  1112 I chatty  : uid=1000(system) ActivityManager expire 11 lines
04-11 15:45:23.807  1072  1153 I chatty  : uid=1000(system) PackageManager expire 11 lines
04-11 15:45:24.430  1072  3311 I chatty  : uid=1000(system) Binder:1072_C expire 8 lines
04-11 15:45:24.473  1072  3287 I chatty  : uid=1000(system) Binder:1072_B expire 11 lines
04-11 15:45:24.717  1072  1072 I chatty  : uid=1000 system_server expire 4 lines
04-11 15:45:24.727  6743  6743 W ContextImpl: Calling a method in the system process without a qualified user: android.app.ContextImpl.startService:1357 android.content.ContextWrapper.startService:613 android.content.ContextWrapper.startService:613 com.android.keychain.KeyChainBroadcastReceiver.onReceive:12 android.app.ActivityThread.handleReceiver:3040 
04-11 15:45:24.741  1072  1551 I chatty  : uid=1000(system) Binder:1072_4 expire 11 lines
04-11 15:45:24.748  1072  1085 I chatty  : uid=1000(system) Binder:1072_1 expire 11 lines
04-11 15:45:24.779  1072  1418 I chatty  : uid=1000(system) Binder:1072_3 expire 10 lines
04-11 15:45:24.812  1072  3228 I chatty  : uid=1000(system) Binder:1072_A expire 10 lines
04-11 15:45:24.837  1072  1111 I chatty  : uid=1000(system) android.bg expire 8 lines
04-11 15:45:24.837  1072  1689 I chatty  : uid=1000(system) Binder:1072_5 expire 9 lines
04-11 15:45:25.400  1072  1694 I chatty  : uid=1000(system) Binder:1072_6 expire 10 lines
04-11 15:45:25.498  1072  2802 I chatty  : uid=1000(system) Binder:1072_9 expire 11 lines
04-11 15:45:47.317  1072  2274 I chatty  : uid=1000(system) Binder:1072_8 expire 8 lines
04-11 15:45:47.743  1072  1146 I chatty  : uid=1000(system) android.io expire 12 lines
04-11 15:45:50.197  1072  1113 I chatty  : uid=1000(system) android.ui expire 1 line
04-11 15:47:14.386  1072  1897 I chatty  : uid=1000(system) Binder:1072_7 expire 10 lines
04-11 15:47:14.664  1072  1147 I chatty  : uid=1000(system) android.display expire 11 lines
04-11 15:49:59.080  6743  6743 W ContextImpl: Calling a method in the system process without a qualified user: android.app.ContextImpl.startService:1357 android.content.ContextWrapper.startService:613 android.content.ContextWrapper.startService:613 com.android.keychain.KeyChainBroadcastReceiver.onReceive:12 android.app.ActivityThread.handleReceiver:3040 
04-11 15:51:39.026  1502  1502 V DeadZone: consuming errant click: (28.0,252.0)
04-11 15:51:41.183  1072  1086 I chatty  : uid=1000(system) Binder:1072_2 expire 5 lines
04-11 16:12:28.139  1072  1409 I chatty  : uid=1000(system) ConnectivitySer expire 4 lines
04-11 16:22:08.374  7625  7625 W ContextImpl: Calling a method in the system process without a qualified user: android.app.ContextImpl.startService:1357 android.content.ContextWrapper.startService:613 android.content.ContextWrapper.startService:613 com.android.keychain.KeyChainBroadcastReceiver.onReceive:12 android.app.ActivityThread.handleReceiver:3040 
04-11 16:22:08.399  1072  2802 I chatty  : uid=1000(system) Binder:1072_9 expire 6 lines
04-11 17:08:05.776  1502  1502 V DeadZone: consuming errant click: (236.0,18.0)
04-11 17:08:07.459  1072  1694 I chatty  : uid=1000(system) Binder:1072_6 expire 1 line
04-11 17:08:07.470  1072  1085 I chatty  : uid=1000(system) Binder:1072_1 expire 5 lines
04-11 17:08:08.182  1502  1502 V DeadZone: consuming errant click: (202.0,18.0)
04-11 17:08:12.926  1502  1502 V DeadZone: consuming errant click: (216.0,20.0)
04-11 17:08:19.540  1072  3287 I chatty  : uid=1000(system) Binder:1072_B expire 1 line
04-11 17:08:19.620  1072  3228 I chatty  : uid=1000(system) Binder:1072_A expire 5 lines
04-11 17:08:19.908  1072  1146 I chatty  : uid=1000(system) android.io expire 2 lines
04-11 17:08:19.911  1072  1147 I chatty  : uid=1000(system) android.display expire 1 line
04-11 17:08:49.595  1072  1551 I chatty  : uid=1000(system) Binder:1072_4 expire 4 lines
04-11 17:15:35.603  1072  1153 I chatty  : uid=1000(system) PackageManager expire 9 lines
04-11 17:15:37.470  8379  8379 W ContextImpl: Calling a method in the system process without a qualified user: android.app.ContextImpl.startService:1357 android.content.ContextWrapper.startService:613 android.content.ContextWrapper.startService:613 com.android.keychain.KeyChainBroadcastReceiver.onReceive:12 android.app.ActivityThread.handleReceiver:3040 
04-11 17:15:37.505  1072  1897 I chatty  : uid=1000(system) Binder:1072_7 expire 3 lines
04-11 17:22:00.028  1072  1112 I chatty  : uid=1000(system) ActivityManager expire 6 lines
04-11 17:41:17.452  8379  8379 W ContextImpl: Calling a method in the system process without a qualified user: android.app.ContextImpl.startService:1357 android.content.ContextWrapper.startService:613 android.content.ContextWrapper.startService:613 com.android.keychain.KeyChainBroadcastReceiver.onReceive:12 android.app.ActivityThread.handleReceiver:3040 
04-11 17:41:36.229  8640  8657 D ActivityThread: Loading provider com.google.android.gmail.provider;com.android.mail.notifier;com.google.android.gm.email.provider;com.google.android.gm.tasks.provider;com.google.android.gm.email.notifier: com.android.email.provider.EmailProvider
04-11 17:41:36.613  1072  1418 I chatty  : uid=1000(system) Binder:1072_3 expire 10 lines
04-11 17:42:34.450  1072  1146 I chatty  : uid=1000(system) android.io expire 20 lines
04-11 17:42:34.492  1072  1147 I chatty  : uid=1000(system) android.display expire 17 lines
04-11 17:43:34.504  1072  1897 I chatty  : uid=1000(system) Binder:1072_7 expire 9 lines
04-11 17:43:34.575  1072  1072 I chatty  : uid=1000 system_server expire 24 lines
04-11 17:43:34.587  1072  3228 I chatty  : uid=1000(system) Binder:1072_A expire 13 lines
04-11 17:43:34.803  1072  1694 I chatty  : uid=1000(system) Binder:1072_6 expire 8 lines
04-11 17:43:34.988  1072  1085 I chatty  : uid=1000(system) Binder:1072_1 expire 10 lines
04-11 17:43:35.014  1072  1086 I chatty  : uid=1000(system) Binder:1072_2 expire 11 lines
04-11 17:43:35.015  1072  1112 I chatty  : uid=1000(system) ActivityManager expire 22 lines
04-11 17:43:35.350  1072  1551 I chatty  : uid=1000(system) Binder:1072_4 expire 6 lines
--------- beginning of crash
04-11 17:44:17.014  8872  8919 F libc    : Fatal signal 11 (SIGSEGV), code 1, fault addr 0x2b2b2b2b in tid 8919 (ScriptThread Pi)
04-11 17:44:17.117  8975  8975 F DEBUG   : *** *** *** *** *** *** *** *** *** *** *** *** *** *** *** ***
04-11 17:44:17.118  8975  8975 F DEBUG   : Build fingerprint: 'google/sailfish/sailfish:7.1.1/NOF27B/3687361:user/release-keys'
04-11 17:44:17.118  8975  8975 F DEBUG   : Revision: '0'
04-11 17:44:17.118  8975  8975 F DEBUG   : ABI: 'arm'
04-11 17:44:17.118  8975  8975 F DEBUG   : pid: 8872, tid: 8919, name: ScriptThread Pi  >>> com.mozilla.servo <<<
04-11 17:44:17.118  8975  8975 F DEBUG   : signal 11 (SIGSEGV), code 1 (SEGV_MAPERR), fault addr 0x2b2b2b2b
04-11 17:44:17.118  8975  8975 F DEBUG   :     r0 bf0cc340  r1 00000001  r2 c09ede8c  r3 2b2b2b2b
04-11 17:44:17.118  8975  8975 F DEBUG   :     r4 bf0cc340  r5 00000001  r6 c3883f40  r7 c4c40000
04-11 17:44:17.118  8975  8975 F DEBUG   :     r8 c09ee298  r9 00000000  sl c09edf80  fp c09ee298
04-11 17:44:17.118  8975  8975 F DEBUG   :     ip cd44ca5c  sp c09ede48  lr cbfa8fe4  pc cbfa8f60  cpsr a00f0010
04-11 17:44:17.120  8975  8975 F DEBUG   : 
04-11 17:44:17.120  8975  8975 F DEBUG   : backtrace:
04-11 17:44:17.123  8975  8975 F DEBUG   :     #00 pc 01b3bf60  /data/app/com.mozilla.servo-1/lib/arm/libservo.so (_ZN2js16UnwrapOneCheckedEP8JSObjectb+12)
04-11 17:44:18.829  1072  8976 I chatty  : uid=1000 system_server expire 1 line
04-11 17:44:18.833  1072  1144 I chatty  : uid=1000(system) FileObserver expire 6 lines
04-11 17:44:18.949  1072  1114 I chatty  : uid=1000(system) ActivityManager expire 2 lines
04-11 17:44:46.379  1072  3311 I chatty  : uid=1000(system) Binder:1072_C expire 7 lines
04-11 17:45:28.399  9012  9056 F libc    : Fatal signal 11 (SIGSEGV), code 1, fault addr 0x2b2b2b2b in tid 9056 (ScriptThread Pi)
04-11 17:45:28.488  9111  9111 F DEBUG   : *** *** *** *** *** *** *** *** *** *** *** *** *** *** *** ***
04-11 17:45:28.489  9111  9111 F DEBUG   : Build fingerprint: 'google/sailfish/sailfish:7.1.1/NOF27B/3687361:user/release-keys'
04-11 17:45:28.489  9111  9111 F DEBUG   : Revision: '0'
04-11 17:45:28.489  9111  9111 F DEBUG   : ABI: 'arm'
04-11 17:45:28.489  9111  9111 F DEBUG   : pid: 9012, tid: 9056, name: ScriptThread Pi  >>> com.mozilla.servo <<<
04-11 17:45:28.489  9111  9111 F DEBUG   : signal 11 (SIGSEGV), code 1 (SEGV_MAPERR), fault addr 0x2b2b2b2b
04-11 17:45:28.489  9111  9111 F DEBUG   :     r0 bf0cbad0  r1 00000001  r2 c0bf8e8c  r3 2b2b2b2b
04-11 17:45:28.489  9111  9111 F DEBUG   :     r4 bf0cbad0  r5 00000001  r6 c62eec00  r7 c3e3f000
04-11 17:45:28.489  9111  9111 F DEBUG   :     r8 c0bf9298  r9 00000000  sl c0bf8f80  fp c0bf9298
04-11 17:45:28.489  9111  9111 F DEBUG   :     ip cd44ca5c  sp c0bf8e48  lr cbfa8fe4  pc cbfa8f60  cpsr a00f0010
04-11 17:45:28.492  9111  9111 F DEBUG   : 
04-11 17:45:28.492  9111  9111 F DEBUG   : backtrace:
04-11 17:45:28.492  9111  9111 F DEBUG   :     #00 pc 01b3bf60  /data/app/com.mozilla.servo-1/lib/arm/libservo.so (_ZN2js16UnwrapOneCheckedEP8JSObjectb+12)
04-11 17:45:30.136  1072  9112 I chatty  : uid=1000 system_server expire 1 line
04-11 17:47:42.082  1072  2802 I chatty  : uid=1000(system) Binder:1072_9 expire 7 lines
04-11 17:48:23.667  9149  9193 F libc    : Fatal signal 11 (SIGSEGV), code 1, fault addr 0x2b2b2b2b in tid 9193 (ScriptThread Pi)
04-11 17:48:23.759  9250  9250 F DEBUG   : *** *** *** *** *** *** *** *** *** *** *** *** *** *** *** ***
04-11 17:48:23.759  9250  9250 F DEBUG   : Build fingerprint: 'google/sailfish/sailfish:7.1.1/NOF27B/3687361:user/release-keys'
04-11 17:48:23.760  9250  9250 F DEBUG   : Revision: '0'
04-11 17:48:23.760  9250  9250 F DEBUG   : ABI: 'arm'
04-11 17:48:23.760  9250  9250 F DEBUG   : pid: 9149, tid: 9193, name: ScriptThread Pi  >>> com.mozilla.servo <<<
04-11 17:48:23.760  9250  9250 F DEBUG   : signal 11 (SIGSEGV), code 1 (SEGV_MAPERR), fault addr 0x2b2b2b2b
04-11 17:48:23.760  9250  9250 F DEBUG   :     r0 bf093ca8  r1 00000001  r2 c0df4ec4  r3 2b2b2b2b
04-11 17:48:23.760  9250  9250 F DEBUG   :     r4 bf093ca8  r5 00000001  r6 c9fa1f40  r7 c5a40000
04-11 17:48:23.760  9250  9250 F DEBUG   :     r8 c0df52d0  r9 00000000  sl c0df4fb8  fp c0df52d0
04-11 17:48:23.760  9250  9250 F DEBUG   :     ip cd44ca5c  sp c0df4e80  lr cbfa8fe4  pc cbfa8f60  cpsr a00f0010
04-11 17:48:23.762  9250  9250 F DEBUG   : 
04-11 17:48:23.762  9250  9250 F DEBUG   : backtrace:
04-11 17:48:23.762  9250  9250 F DEBUG   :     #00 pc 01b3bf60  /data/app/com.mozilla.servo-1/lib/arm/libservo.so (_ZN2js16UnwrapOneCheckedEP8JSObjectb+12)
04-11 17:48:25.378  1072  9251 I chatty  : uid=1000 system_server expire 2 lines
04-11 17:48:25.432  1072  1689 I chatty  : uid=1000(system) Binder:1072_5 expire 10 lines
04-11 17:48:25.562  1072  3287 I chatty  : uid=1000(system) Binder:1072_B expire 3 lines
04-11 17:48:25.732  1072  2274 I chatty  : uid=1000(system) Binder:1072_8 expire 8 lines
04-11 17:50:40.582  9295  9341 F libc    : Fatal signal 11 (SIGSEGV), code 1, fault addr 0x2b2b2b2b in tid 9341 (ScriptThread Pi)
04-11 17:50:40.671  9394  9394 F DEBUG   : *** *** *** *** *** *** *** *** *** *** *** *** *** *** *** ***
04-11 17:50:40.671  9394  9394 F DEBUG   : Build fingerprint: 'google/sailfish/sailfish:7.1.1/NOF27B/3687361:user/release-keys'
04-11 17:50:40.671  9394  9394 F DEBUG   : Revision: '0'
04-11 17:50:40.671  9394  9394 F DEBUG   : ABI: 'arm'
04-11 17:50:40.671  9394  9394 F DEBUG   : pid: 9295, tid: 9341, name: ScriptThread Pi  >>> com.mozilla.servo <<<
04-11 17:50:40.672  9394  9394 F DEBUG   : signal 11 (SIGSEGV), code 1 (SEGV_MAPERR), fault addr 0x2b2b2b2b
04-11 17:50:40.672  9394  9394 F DEBUG   :     r0 c1c93ca8  r1 00000001  r2 c13f5ec4  r3 2b2b2b2b
04-11 17:50:40.672  9394  9394 F DEBUG   :     r4 c1c93ca8  r5 00000001  r6 c24b0f40  r7 c4e40000
04-11 17:50:40.672  9394  9394 F DEBUG   :     r8 c13f62d0  r9 00000000  sl c13f5fb8  fp c13f62d0
04-11 17:50:40.672  9394  9394 F DEBUG   :     ip cd44ca5c  sp c13f5e80  lr cbfa8fe4  pc cbfa8f60  cpsr a00f0010
04-11 17:50:40.674  9394  9394 F DEBUG   : 
04-11 17:50:40.674  9394  9394 F DEBUG   : backtrace:
04-11 17:50:40.674  9394  9394 F DEBUG   :     #00 pc 01b3bf60  /data/app/com.mozilla.servo-1/lib/arm/libservo.so (_ZN2js16UnwrapOneCheckedEP8JSObjectb+12)
04-11 17:50:42.234  1072  9395 I chatty  : uid=1000 system_server expire 6 lines
04-11 17:52:42.014  9428  9475 F libc    : Fatal signal 11 (SIGSEGV), code 1, fault addr 0x2b2b2b2b in tid 9475 (ScriptThread Pi)
04-11 17:52:42.105  9529  9529 F DEBUG   : *** *** *** *** *** *** *** *** *** *** *** *** *** *** *** ***
04-11 17:52:42.106  9529  9529 F DEBUG   : Build fingerprint: 'google/sailfish/sailfish:7.1.1/NOF27B/3687361:user/release-keys'
04-11 17:52:42.106  9529  9529 F DEBUG   : Revision: '0'
04-11 17:52:42.106  9529  9529 F DEBUG   : ABI: 'arm'
04-11 17:52:42.106  9529  9529 F DEBUG   : pid: 9428, tid: 9475, name: ScriptThread Pi  >>> com.mozilla.servo <<<
04-11 17:52:42.106  9529  9529 F DEBUG   : signal 11 (SIGSEGV), code 1 (SEGV_MAPERR), fault addr 0x2b2b2b2b
04-11 17:52:42.106  9529  9529 F DEBUG   :     r0 bebcc210  r1 00000001  r2 c15efe8c  r3 2b2b2b2b
04-11 17:52:42.106  9529  9529 F DEBUG   :     r4 bebcc210  r5 00000001  r6 c9f88f40  r7 c4a5f000
04-11 17:52:42.106  9529  9529 F DEBUG   :     r8 c15f0298  r9 00000000  sl c15eff80  fp c15f0298
04-11 17:52:42.106  9529  9529 F DEBUG   :     ip cd44ca5c  sp c15efe48  lr cbfa8fe4  pc cbfa8f60  cpsr a00f0010
04-11 17:52:42.108  9529  9529 F DEBUG   : 
04-11 17:52:42.108  9529  9529 F DEBUG   : backtrace:
04-11 17:52:42.108  9529  9529 F DEBUG   :     #00 pc 01b3bf60  /data/app/com.mozilla.servo-1/lib/arm/libservo.so (_ZN2js16UnwrapOneCheckedEP8JSObjectb+12)
04-11 17:52:43.714  1072  9530 I chatty  : uid=1000 system_server expire 2 lines
04-11 17:52:46.805  1072  9443 I chatty  : uid=1000(system) Binder:1072_D expire 3 lines
04-11 17:53:28.635  9562  9611 F libc    : Fatal signal 11 (SIGSEGV), code 1, fault addr 0x2b2b2b2b in tid 9611 (ScriptThread Pi)
04-11 17:53:28.669  9664  9664 F DEBUG   : *** *** *** *** *** *** *** *** *** *** *** *** *** *** *** ***
04-11 17:53:28.669  9664  9664 F DEBUG   : Build fingerprint: 'google/sailfish/sailfish:7.1.1/NOF27B/3687361:user/release-keys'
04-11 17:53:28.669  9664  9664 F DEBUG   : Revision: '0'
04-11 17:53:28.669  9664  9664 F DEBUG   : ABI: 'arm'
04-11 17:53:28.669  9664  9664 F DEBUG   : pid: 9562, tid: 9611, name: ScriptThread Pi  >>> com.mozilla.servo <<<
04-11 17:53:28.669  9664  9664 F DEBUG   : signal 11 (SIGSEGV), code 1 (SEGV_MAPERR), fault addr 0x2b2b2b2b
04-11 17:53:28.669  9664  9664 F DEBUG   :     r0 bedcbf28  r1 00000001  r2 c13f8e8c  r3 2b2b2b2b
04-11 17:53:28.669  9664  9664 F DEBUG   :     r4 bedcbf28  r5 00000001  r6 c5103c00  r7 c4840000
04-11 17:53:28.669  9664  9664 F DEBUG   :     r8 c13f9298  r9 00000000  sl c13f8f80  fp c13f9298
04-11 17:53:28.669  9664  9664 F DEBUG   :     ip cd44ca5c  sp c13f8e48  lr cbfa8fe4  pc cbfa8f60  cpsr a00f0010
04-11 17:53:28.672  9664  9664 F DEBUG   : 
04-11 17:53:28.672  9664  9664 F DEBUG   : backtrace:
04-11 17:53:28.672  9664  9664 F DEBUG   :     #00 pc 01b3bf60  /data/app/com.mozilla.servo-1/lib/arm/libservo.so (_ZN2js16UnwrapOneCheckedEP8JSObjectb+12)
04-11 17:53:30.364  1072  9665 I chatty  : uid=1000 system_server expire 6 lines
04-11 17:53:53.240  1072  9445 I chatty  : uid=1000(system) Binder:1072_E expire 1 line
04-11 17:54:36.003  1072  9580 I chatty  : uid=1000(system) Binder:1072_F expire 16 lines
04-11 17:55:38.575  1072  1147 I chatty  : uid=1000(system) android.display expire 10 lines
04-11 17:56:43.652  1072  1551 I chatty  : uid=1000(system) Binder:1072_4 expire 8 lines
04-11 17:56:44.007  1072  1072 I chatty  : uid=1000 system_server expire 23 lines
04-11 17:56:44.032  1072  1085 I chatty  : uid=1000(system) Binder:1072_1 expire 10 lines
04-11 17:56:45.341  1072  3228 I chatty  : uid=1000(system) Binder:1072_A expire 5 lines
04-11 17:56:45.600  1072  9783 I chatty  : uid=1000(system) Binder:1072_10 expire 9 lines
04-11 17:56:45.637  1072  3311 I chatty  : uid=1000(system) Binder:1072_C expire 4 lines
04-11 17:56:45.672  1072  1114 I chatty  : uid=1000(system) ActivityManager expire 1 line
04-11 17:56:47.155  1072  2274 I chatty  : uid=1000(system) Binder:1072_8 expire 7 lines
04-11 17:56:47.197  1072  1418 I chatty  : uid=1000(system) Binder:1072_3 expire 6 lines
04-11 17:56:47.446  1072  1897 I chatty  : uid=1000(system) Binder:1072_7 expire 13 lines
04-11 17:56:47.911  1072  9445 I chatty  : uid=1000(system) Binder:1072_E expire 7 lines
04-11 17:56:48.162  1072  1146 I chatty  : uid=1000(system) android.io expire 10 lines
04-11 17:57:06.240  1072  9443 I chatty  : uid=1000(system) Binder:1072_D expire 11 lines
04-11 17:57:06.613  1072  2802 I chatty  : uid=1000(system) Binder:1072_9 expire 9 lines
04-11 17:57:41.216  1072  1112 I chatty  : uid=1000(system) ActivityManager expire 22 lines
04-11 17:57:41.863  1072  1145 I chatty  : uid=1000(system) android.fg expire 2 lines
04-11 17:57:41.975  1072  1115 I chatty  : uid=1000(system) batterystats-sy expire 2 lines
04-11 17:58:11.529  1072  1689 I chatty  : uid=1000(system) Binder:1072_5 expire 3 lines
04-11 17:59:35.902  1072  1694 I chatty  : uid=1000(system) Binder:1072_6 expire 8 lines
04-11 17:59:37.377  1072  1409 I chatty  : uid=1000(system) ConnectivitySer expire 1 line
04-11 18:01:15.761  1072  1111 I chatty  : uid=1000(system) android.bg expire 1 line
04-11 18:01:38.488  1072  1086 I chatty  : uid=1000(system) Binder:1072_2 expire 3 lines
04-11 18:01:39.096  1072  3287 I chatty  : uid=1000(system) Binder:1072_B expire 4 lines
04-11 18:02:00.145 10413 10447 F libc    : Fatal signal 11 (SIGSEGV), code 1, fault addr 0x1c in tid 10447 (Thread-18)
04-11 18:02:00.231 10594 10594 F DEBUG   : *** *** *** *** *** *** *** *** *** *** *** *** *** *** *** ***
04-11 18:02:00.232 10594 10594 F DEBUG   : Build fingerprint: 'google/sailfish/sailfish:7.1.1/NOF27B/3687361:user/release-keys'
04-11 18:02:00.232 10594 10594 F DEBUG   : Revision: '0'
04-11 18:02:00.232 10594 10594 F DEBUG   : ABI: 'arm'
04-11 18:02:00.232 10594 10594 F DEBUG   : pid: 10413, tid: 10447, name: Thread-18  >>> com.mozilla.servo <<<
04-11 18:02:00.232 10594 10594 F DEBUG   : signal 11 (SIGSEGV), code 1 (SEGV_MAPERR), fault addr 0x1c
04-11 18:02:00.232 10594 10594 F DEBUG   :     r0 00000000  r1 c53780a8  r2 00000000  r3 00000000
04-11 18:02:00.232 10594 10594 F DEBUG   :     r4 00000000  r5 c5378018  r6 00000000  r7 c7c330d0
04-11 18:02:00.232 10594 10594 F DEBUG   :     r8 c7c36180  r9 80000400  sl 00000001  fp 00000000
04-11 18:02:00.232 10594 10594 F DEBUG   :     ip 00000000  sp c5377c18  lr caef9144  pc cc7fc730  cpsr 600f0010
04-11 18:02:00.240 10594 10594 F DEBUG   : 
04-11 18:02:00.240 10594 10594 F DEBUG   : backtrace:
04-11 18:02:00.240 10594 10594 F DEBUG   :     #00 pc 0238f730  /data/app/com.mozilla.servo-1/lib/arm/libservo.so (cargo_apk_injected_glue_wake_event_loop+12)
04-11 18:02:00.240 10594 10594 F DEBUG   :     #01 pc 00a8c140  /data/app/com.mozilla.servo-1/lib/arm/libservo.so (_ZN109_$LT$glutin_app..window..GlutinCompositorProxy$u20$as$u20$compositing..compositor_thread..CompositorProxy$GT$4send17h0abcecf705a61ea9E+2032)
04-11 18:02:00.240 10594 10594 F DEBUG   :     #02 pc 00aac488  /data/app/com.mozilla.servo-1/lib/arm/libservo.so (_ZN97_$LT$compositing..compositor..RenderNotifier$u20$as$u20$webrender_traits..api..RenderNotifier$GT$15new_frame_ready17ha58cb66882d6fdcaE+36)
04-11 18:02:00.240 10594 10594 F DEBUG   :     #03 pc 00b76694  /data/app/com.mozilla.servo-1/lib/arm/libservo.so
04-11 18:02:00.240 10594 10594 F DEBUG   :     #04 pc 00b688b0  /data/app/com.mozilla.servo-1/lib/arm/libservo.so
04-11 18:02:00.240 10594 10594 F DEBUG   :     #05 pc 00adf30c  /data/app/com.mozilla.servo-1/lib/arm/libservo.so
04-11 18:02:00.240 10594 10594 F DEBUG   :     #06 pc 0275b3d4  /data/app/com.mozilla.servo-1/lib/arm/libservo.so (__rust_maybe_catch_panic+28)
04-11 18:02:00.240 10594 10594 F DEBUG   :     #07 pc 00b062a0  /data/app/com.mozilla.servo-1/lib/arm/libservo.so
04-11 18:02:00.240 10594 10594 F DEBUG   :     #08 pc 027511c0  /data/app/com.mozilla.servo-1/lib/arm/libservo.so
04-11 18:02:00.240 10594 10594 F DEBUG   :     #09 pc 00047093  /system/lib/libc.so (_ZL15__pthread_startPv+22)
04-11 18:02:00.240 10594 10594 F DEBUG   :     #10 pc 00019bdd  /system/lib/libc.so (__start_thread+6)
04-11 18:02:01.410  1072  1144 I chatty  : uid=1000(system) FileObserver expire 3 lines
04-11 18:02:01.559  1072 10584 I chatty  : uid=1000(system) Binder:1072_11 expire 2 lines
04-11 18:04:34.439  1072 10596 I chatty  : uid=1000 system_server expire 1 line
04-11 18:04:41.687 10636 10658 F libc    : Fatal signal 11 (SIGSEGV), code 1, fault addr 0x7 in tid 10658 (Thread-2)
04-11 18:04:43.543  1072 10756 I chatty  : uid=1000 system_server expire 1 line
04-11 18:07:13.634  1502  1502 V DeadZone: consuming errant click: (15.0,217.0)
04-11 18:07:14.370  1072  9443 I chatty  : uid=1000(system) Binder:1072_D expire 2 lines
04-11 18:07:14.749  1072  1072 I chatty  : uid=1000 system_server expire 3 lines
04-11 18:07:14.750 10838 10855 F libc    : Fatal signal 11 (SIGSEGV), code 1, fault addr 0x7 in tid 10855 (Thread-2)
04-11 18:07:14.777  1072  9580 I chatty  : uid=1000(system) Binder:1072_F expire 1 line
04-11 18:07:14.852 10954 10954 F DEBUG   : *** *** *** *** *** *** *** *** *** *** *** *** *** *** *** ***
04-11 18:07:14.852 10954 10954 F DEBUG   : Build fingerprint: 'google/sailfish/sailfish:7.1.1/NOF27B/3687361:user/release-keys'
04-11 18:07:14.852 10954 10954 F DEBUG   : Revision: '0'
04-11 18:07:14.852 10954 10954 F DEBUG   : ABI: 'arm'
04-11 18:07:14.852 10954 10954 F DEBUG   : pid: 10838, tid: 10855, name: Thread-2  >>> com.mozilla.servo <<<
04-11 18:07:14.852 10954 10954 F DEBUG   : signal 11 (SIGSEGV), code 1 (SEGV_MAPERR), fault addr 0x7
04-11 18:07:14.852 10954 10954 F DEBUG   :     r0 ffffffff  r1 0000000b  r2 e02752dc  r3 000000f0
04-11 18:07:14.852 10954 10954 F DEBUG   :     r4 e02752dc  r5 0000000b  r6 e0275370  r7 e02752b8
04-11 18:07:14.852 10954 10954 F DEBUG   :     r8 e02755b8  r9 cd443014  sl c7e49038  fp e0276a48
04-11 18:07:14.853 10954 10954 F DEBUG   :     ip cd44c8d0  sp e02752a8  lr ccc307c1  pc ccc30c8c  cpsr 800f0030
04-11 18:07:14.858 10954 10954 F DEBUG   : 
04-11 18:07:14.858 10954 10954 F DEBUG   : backtrace:
04-11 18:07:14.858 10954 10954 F DEBUG   :     #00 pc 027c3c8c  /data/app/com.mozilla.servo-1/lib/arm/libservo.so (unw_get_reg+19)
04-11 18:07:14.858 10954 10954 F DEBUG   :     #01 pc 027c37bd  /data/app/com.mozilla.servo-1/lib/arm/libservo.so (_Unwind_VRS_Interpret+300)
04-11 18:07:14.858 10954 10954 F DEBUG   :     #02 pc 027c3a0b  /data/app/com.mozilla.servo-1/lib/arm/libservo.so
04-11 18:07:14.859 10954 10954 F DEBUG   :     #03 pc 027c3a27  /data/app/com.mozilla.servo-1/lib/arm/libservo.so (__aeabi_unwind_cpp_pr1+12)
04-11 18:07:14.859 10954 10954 F DEBUG   :     #04 pc 027a9758  /data/app/com.mozilla.servo-1/lib/arm/libservo.so (__gnu_Unwind_Backtrace+160)
04-11 18:07:14.859 10954 10954 F DEBUG   :     #05 pc 027aa08c  /data/app/com.mozilla.servo-1/lib/arm/libservo.so (_Unwind_Backtrace+20)
04-11 18:07:15.749  1072  1897 I chatty  : uid=1000(system) Binder:1072_7 expire 3 lines
04-11 18:07:28.281  1072  1112 I chatty  : uid=1000(system) ActivityManager expire 2 lines
04-11 18:07:28.367  1072 10961 I chatty  : uid=1000 system_server expire 1 line
04-11 18:07:28.406  1072  1113 I chatty  : uid=1000(system) android.ui expire 1 line
04-11 18:08:13.988  1072  1072 I chatty  : uid=1000 system_server expire 14 lines
04-11 18:08:14.006  1072  9445 I chatty  : uid=1000(system) Binder:1072_E expire 6 lines
04-11 18:08:15.108  1072  9783 I chatty  : uid=1000(system) Binder:1072_10 expire 5 lines
04-11 18:08:15.109  1072  1694 I chatty  : uid=1000(system) Binder:1072_6 expire 12 lines
04-11 18:08:15.387  1072  2274 I chatty  : uid=1000(system) Binder:1072_8 expire 7 lines
04-11 18:08:15.417  1072  1114 I chatty  : uid=1000(system) ActivityManager expire 2 lines
04-11 18:08:15.418  1072  2802 I chatty  : uid=1000(system) Binder:1072_9 expire 8 lines
04-11 18:08:15.419  1072  1418 I chatty  : uid=1000(system) Binder:1072_3 expire 11 lines
04-11 18:08:26.319  1072  1112 I chatty  : uid=1000(system) ActivityManager expire 10 lines
04-11 18:08:26.344  1072  1897 I chatty  : uid=1000(system) Binder:1072_7 expire 9 lines
04-11 18:08:26.909  1072  1146 I chatty  : uid=1000(system) android.io expire 12 lines
04-11 18:08:26.949  1072  1147 I chatty  : uid=1000(system) android.display expire 12 lines
04-11 18:09:20.512  1072  3311 I chatty  : uid=1000(system) Binder:1072_C expire 9 lines
04-11 18:09:20.795 11097 11118 F libc    : Fatal signal 11 (SIGSEGV), code 1, fault addr 0x7 in tid 11118 (Thread-2)
04-11 18:09:20.873 11177 11177 F DEBUG   : *** *** *** *** *** *** *** *** *** *** *** *** *** *** *** ***
04-11 18:09:20.873 11177 11177 F DEBUG   : Build fingerprint: 'google/sailfish/sailfish:7.1.1/NOF27B/3687361:user/release-keys'
04-11 18:09:20.873 11177 11177 F DEBUG   : Revision: '0'
04-11 18:09:20.873 11177 11177 F DEBUG   : ABI: 'arm'
04-11 18:09:20.873 11177 11177 F DEBUG   : pid: 11097, tid: 11118, name: Thread-2  >>> com.mozilla.servo <<<
04-11 18:09:20.873 11177 11177 F DEBUG   : signal 11 (SIGSEGV), code 1 (SEGV_MAPERR), fault addr 0x7
04-11 18:09:20.873 11177 11177 F DEBUG   :     r0 ffffffff  r1 0000000b  r2 e02752dc  r3 000000f0
04-11 18:09:20.873 11177 11177 F DEBUG   :     r4 e02752dc  r5 0000000b  r6 e0275370  r7 e02752b8
04-11 18:09:20.873 11177 11177 F DEBUG   :     r8 e02755b8  r9 cd443014  sl c7c36578  fp e0276a48
04-11 18:09:20.873 11177 11177 F DEBUG   :     ip cd44c8d0  sp e02752a8  lr ccc307c1  pc ccc30c8c  cpsr 800f0030
04-11 18:09:20.878 11177 11177 F DEBUG   : 
04-11 18:09:20.878 11177 11177 F DEBUG   : backtrace:
04-11 18:09:20.878 11177 11177 F DEBUG   :     #00 pc 027c3c8c  /data/app/com.mozilla.servo-1/lib/arm/libservo.so (unw_get_reg+19)
04-11 18:09:20.878 11177 11177 F DEBUG   :     #01 pc 027c37bd  /data/app/com.mozilla.servo-1/lib/arm/libservo.so (_Unwind_VRS_Interpret+300)
04-11 18:09:20.879 11177 11177 F DEBUG   :     #02 pc 027c3a0b  /data/app/com.mozilla.servo-1/lib/arm/libservo.so
04-11 18:09:20.879 11177 11177 F DEBUG   :     #03 pc 027c3a27  /data/app/com.mozilla.servo-1/lib/arm/libservo.so (__aeabi_unwind_cpp_pr1+12)
04-11 18:09:20.879 11177 11177 F DEBUG   :     #04 pc 027a9758  /data/app/com.mozilla.servo-1/lib/arm/libservo.so (__gnu_Unwind_Backtrace+160)
04-11 18:09:20.879 11177 11177 F DEBUG   :     #05 pc 027aa08c  /data/app/com.mozilla.servo-1/lib/arm/libservo.so (_Unwind_Backtrace+20)
04-11 18:09:21.682  1072 11183 I chatty  : uid=1000 system_server expire 2 lines
04-11 18:09:21.687  1072  1144 I chatty  : uid=1000(system) FileObserver expire 4 lines
04-11 18:09:21.758  1072  9443 I chatty  : uid=1000(system) Binder:1072_D expire 10 lines
04-11 18:09:21.992  1072  9580 I chatty  : uid=1000(system) Binder:1072_F expire 3 lines
04-11 18:09:22.123  1072  1085 I chatty  : uid=1000(system) Binder:1072_1 expire 3 lines
04-11 18:09:26.849  1072 10584 I chatty  : uid=1000(system) Binder:1072_11 expire 9 lines
04-11 18:11:29.708  1072  3228 I chatty  : uid=1000(system) Binder:1072_A expire 8 lines
04-11 18:11:35.639  1072  3287 I chatty  : uid=1000(system) Binder:1072_B expire 7 lines
04-11 18:11:36.156  1072  1551 I chatty  : uid=1000(system) Binder:1072_4 expire 4 lines
04-11 18:13:03.894  1072  1086 I chatty  : uid=1000(system) Binder:1072_2 expire 3 lines
04-11 18:18:18.342  1072  1153 I chatty  : uid=1000(system) PackageManager expire 9 lines
