04-11 21:10:59.037  1072  1897 W WindowManager: 	at com.android.server.wm.WindowManagerService.windowForClientLocked(WindowManagerService.java:9406)
04-11 21:10:59.037  1072  1897 W WindowManager: 	at com.android.server.wm.WindowState$DeathRecipient.binderDied(WindowState.java:1800)
04-11 21:10:59.037  1072  1897 W WindowManager: 	at android.os.BinderProxy.sendDeathNotice(Binder.java:688)
04-11 21:10:59.037  1072  1897 I WindowManager: WIN DEATH: null
04-11 21:11:01.014  1072  1072 V NotificationService: pkg=com.google.vr.vrcore canInterrupt=false intercept=true
04-11 21:11:07.816  1072 10584 I ActivityManager: START u0 {cat=[com.google.intent.category.DAYDREAM] flg=0x34010000 cmp=com.mozilla.servo/.MainActivity} from uid 10160 on display 0
04-11 21:11:07.895  1072  1897 I ActivityManager: Start proc 20135:com.mozilla.servo/u0a160 for activity com.mozilla.servo/.MainActivity
04-11 21:11:08.526  1072  1146 D BluetoothManagerService: Message: 20
04-11 21:11:08.526  1072  1146 D BluetoothManagerService: Added callback: android.bluetooth.IBluetoothManagerCallback$Stub$Proxy@ca95b46:true
04-11 21:11:52.787 20135 20165 F libc    : Fatal signal 11 (SIGSEGV), code 1, fault addr 0x0 in tid 20165 (Thread-18)
04-11 21:11:52.877 20248 20248 F DEBUG   : *** *** *** *** *** *** *** *** *** *** *** *** *** *** *** ***
04-11 21:11:52.877 20248 20248 F DEBUG   : Build fingerprint: 'google/sailfish/sailfish:7.1.1/NOF27B/3687361:user/release-keys'
04-11 21:11:52.877 20248 20248 F DEBUG   : Revision: '0'
04-11 21:11:52.877 20248 20248 F DEBUG   : ABI: 'arm'
04-11 21:11:52.878 20248 20248 F DEBUG   : pid: 20135, tid: 20165, name: Thread-18  >>> com.mozilla.servo <<<
04-11 21:11:52.878 20248 20248 F DEBUG   : signal 11 (SIGSEGV), code 1 (SEGV_MAPERR), fault addr 0x0
04-11 21:11:52.878 20248 20248 F DEBUG   :     r0 bcd5ad14  r1 00000001  r2 bcdf5400  r3 00000000
04-11 21:11:52.878 20248 20248 F DEBUG   :     r4 e773bac0  r5 c5377ad8  r6 c9d59bb0  r7 00000000
04-11 21:11:52.878 20248 20248 F DEBUG   :     r8 bc2b7024  r9 bc8dc080  sl c53779a4  fp bcdf53f0
04-11 21:11:52.878 20248 20248 F DEBUG   :     ip e90f2948  sp c5377988  lr b9efeffb  pc 00000000  cpsr 800f0010
04-11 21:11:52.887 20248 20248 F DEBUG   : 
04-11 21:11:52.887 20248 20248 F DEBUG   : backtrace:
04-11 21:11:52.887 20248 20248 F DEBUG   :     #00 pc 00000000  <unknown>
04-11 21:11:52.887 20248 20248 F DEBUG   :     #01 pc 001a2ff9  /data/app/com.google.vr.vrcore-2/lib/arm/libvrcore_native.so
04-11 21:11:52.888 20248 20248 F DEBUG   :     #02 pc 0019119f  /data/app/com.google.vr.vrcore-2/lib/arm/libvrcore_native.so
04-11 21:11:52.888 20248 20248 F DEBUG   :     #03 pc 001898d7  /data/app/com.google.vr.vrcore-2/lib/arm/libvrcore_native.so
04-11 21:11:52.888 20248 20248 F DEBUG   :     #04 pc 00189963  /data/app/com.google.vr.vrcore-2/lib/arm/libvrcore_native.so (gvr_frame_submit+74)
04-11 21:11:52.888 20248 20248 F DEBUG   :     #05 pc 0001c373  /data/app/com.mozilla.servo-2/lib/arm/libgvr.so (gvr_frame_submit+66)
04-11 21:11:52.888 20248 20248 F DEBUG   :     #06 pc 021919d0  /data/app/com.mozilla.servo-2/lib/arm/libservo.so (_ZN105_$LT$rust_webvr..api..googlevr..display..GoogleVRDisplay$u20$as$u20$rust_webvr..vr_display..VRDisplay$GT$10sync_poses17h880d1df38a798405E+508)
04-11 21:11:52.888 20248 20248 F DEBUG   :     #07 pc 0213c0cc  /data/app/com.mozilla.servo-2/lib/arm/libservo.so (_ZN106_$LT$webvr..webvr_thread..WebVRCompositorHandler$u20$as$u20$webrender_traits..api..VRCompositorHandler$GT$6handle17h3df7c0e5cf5a7541E+284)
04-11 21:11:52.888 20248 20248 F DEBUG   :     #08 pc 00b67b90  /data/app/com.mozilla.servo-2/lib/arm/libservo.so
04-11 21:11:52.888 20248 20248 F DEBUG   :     #09 pc 00adf30c  /data/app/com.mozilla.servo-2/lib/arm/libservo.so
04-11 21:11:52.888 20248 20248 F DEBUG   :     #10 pc 0275b3d4  /data/app/com.mozilla.servo-2/lib/arm/libservo.so (__rust_maybe_catch_panic+28)
04-11 21:11:52.888 20248 20248 F DEBUG   :     #11 pc 00b062a0  /data/app/com.mozilla.servo-2/lib/arm/libservo.so
04-11 21:11:52.888 20248 20248 F DEBUG   :     #12 pc 027511c0  /data/app/com.mozilla.servo-2/lib/arm/libservo.so
04-11 21:11:52.888 20248 20248 F DEBUG   :     #13 pc 00047093  /system/lib/libc.so (_ZL15__pthread_startPv+22)
04-11 21:11:52.888 20248 20248 F DEBUG   :     #14 pc 00019bdd  /system/lib/libc.so (__start_thread+6)
04-11 21:11:54.616  1072 20249 W ActivityManager:   Force finishing activity com.mozilla.servo/.MainActivity
04-11 21:11:54.622  1072  1144 I BootReceiver: Copying /data/tombstones/tombstone_03 to DropBox (SYSTEM_TOMBSTONE)
04-11 21:11:54.635  1072  1112 W ActivityManager: Failed setting process group of 20135 to 1
04-11 21:11:54.685  1072  3287 I WindowManager: WIN DEATH: Window{fb6bbad u0 SurfaceView - com.mozilla.servo/com.mozilla.servo.MainActivity}
04-11 21:11:54.688  1072 13056 I ActivityManager: Process com.mozilla.servo (pid 20135) has died
04-11 21:11:54.688  1072 13056 D ActivityManager: cleanUpApplicationRecord -- 20135
04-11 21:11:54.706  1072 17586 I WindowManager: WIN DEATH: Window{c5c2c6e u0 com.mozilla.servo/com.mozilla.servo.MainActivity}
04-11 21:11:54.706  1072 17586 W WindowManager: Force-removing child win Window{882e530 u0 SurfaceView - com.mozilla.servo/com.mozilla.servo.MainActivity} from container Window{c5c2c6e u0 com.mozilla.servo/com.mozilla.servo.MainActivity}
04-11 21:11:54.718  1072  1086 W WindowManager: Failed looking up window
04-11 21:11:54.718  1072  1086 W WindowManager: java.lang.IllegalArgumentException: Requested window android.os.BinderProxy@122a17a does not exist
04-11 21:11:54.718  1072  1086 W WindowManager: 	at com.android.server.wm.WindowManagerService.windowForClientLocked(WindowManagerService.java:9415)
04-11 21:11:54.718  1072  1086 W WindowManager: 	at com.android.server.wm.WindowManagerService.windowForClientLocked(WindowManagerService.java:9406)
04-11 21:11:54.718  1072  1086 W WindowManager: 	at com.android.server.wm.WindowState$DeathRecipient.binderDied(WindowState.java:1800)
04-11 21:11:54.718  1072  1086 W WindowManager: 	at android.os.BinderProxy.sendDeathNotice(Binder.java:688)
04-11 21:11:54.718  1072  1086 I WindowManager: WIN DEATH: null
04-11 21:11:54.736  1072 13056 I ActivityManager: Config changes=480 {1.0 ?mcc?mnc [es_ES] ldltr sw411dp w411dp h659dp 420dpi nrml port finger -keyb/v/h -nav/h s.160}
04-11 21:11:54.878  1072  1086 W AppOps  : Finishing op nesting under-run: uid 10071 pkg com.google.vr.vrcore code 24 time=0 duration=0 nesting=0
04-11 21:11:54.931  1072  1072 I VrManagerService: VR mode disabled
04-11 21:11:54.932  1072  1072 I VrManagerService: Disconnecting ComponentInfo{com.google.vr.vrcore/com.google.vr.vrcore.common.VrCoreListenerService} for user 0
04-11 21:11:55.090  1072 19304 W AppOps  : Finishing op nesting under-run: uid 10071 pkg com.google.vr.vrcore code 24 time=0 duration=0 nesting=0
04-11 21:11:55.340  1072  1147 I WindowManager: Screen frozen for +617ms due to Window{2bd1580 u0 NavigationBar}
04-11 21:11:55.412  1072 13055 W AppOps  : Finishing op nesting under-run: uid 10071 pkg com.google.vr.vrcore code 24 time=0 duration=0 nesting=0
04-11 21:11:55.478  1072  3228 W AppOps  : Finishing op nesting under-run: uid 10071 pkg com.google.vr.vrcore code 24 time=0 duration=0 nesting=0
04-11 21:11:57.780  1072 20249 W ActivityManager: Ignoring remove of inactive process: ProcessRecord{98fe5d2 0:com.mozilla.servo/u0a160}
04-11 21:11:57.990  1072  1147 W AppOps  : Finishing op nesting under-run: uid 1000 pkg android code 24 time=0 duration=0 nesting=0
04-11 21:12:04.441  1072 13055 I ActivityManager: Force stopping com.mozilla.servo appid=10160 user=0: from pid 20266
04-11 21:12:04.961  1072 19305 I ActivityManager: START u0 {act=android.intent.action.MAIN cat=[android.intent.category.LAUNCHER] flg=0x10000000 cmp=com.mozilla.servo/.MainActivity} from uid 2000 on display 0
04-11 21:12:04.972  1072  1112 I VrManagerService: VR mode enabled
04-11 21:12:04.995  1072 19652 I ActivityManager: Start proc 20284:com.mozilla.servo/u0a160 for activity com.mozilla.servo/.MainActivity
04-11 21:12:05.009  1072  1112 I VrManagerService: Connecting ComponentInfo{com.google.vr.vrcore/com.google.vr.vrcore.common.VrCoreListenerService} for user 0
04-11 21:12:05.065  1072  3311 I ActivityManager: Config changes=480 {1.0 ?mcc?mnc [es_ES] ldltr sw411dp w683dp h387dp 420dpi nrml land finger -keyb/v/h -nav/h s.161}
04-11 21:12:05.198  1072  1072 D ConditionProviders: Subscribing to condition://com.google.vr.vrcore with ComponentInfo{com.google.vr.vrcore/com.google.vr.vrcore.common.VrCoreZenConditionProvider}
04-11 21:12:05.569  1072  1146 D BluetoothManagerService: Message: 20
04-11 21:12:05.569  1072  1146 D BluetoothManagerService: Added callback: android.bluetooth.IBluetoothManagerCallback$Stub$Proxy@8a44364:true
04-11 21:12:05.586  1072  1689 I WindowManager: Screen frozen for +555ms due to Window{e4e40a5 u0 com.mozilla.servo/com.mozilla.servo.MainActivity}
04-11 21:12:38.225  1072  1418 I ActivityManager: Force stopping com.mozilla.servo appid=10160 user=0: from pid 20396
04-11 21:12:38.226  1072  1418 I ActivityManager: Killing 20284:com.mozilla.servo/u0a160 (adj 0): stop com.mozilla.servo
04-11 21:12:38.228  1072  1418 D ActivityManager: cleanUpApplicationRecord -- 20284
04-11 21:12:38.230  1072  1418 W ActivityManager: Force removing ActivityRecord{a209212 u0 com.mozilla.servo/.MainActivity t96}: app died, no saved state
04-11 21:12:38.275  1072  1418 I ActivityManager: Config changes=480 {1.0 ?mcc?mnc [es_ES] ldltr sw411dp w411dp h659dp 420dpi nrml port finger -keyb/v/h -nav/h s.162}
04-11 21:12:38.328  1072  1072 I VrManagerService: VR mode disabled
04-11 21:12:38.329  1072  1072 I VrManagerService: Disconnecting ComponentInfo{com.google.vr.vrcore/com.google.vr.vrcore.common.VrCoreListenerService} for user 0
04-11 21:12:38.341  1072 13055 W AppOps  : Finishing op nesting under-run: uid 10071 pkg com.google.vr.vrcore code 24 time=0 duration=0 nesting=0
04-11 21:12:38.386  1072  2802 W AppOps  : Finishing op nesting under-run: uid 10071 pkg com.google.vr.vrcore code 24 time=0 duration=0 nesting=0
04-11 21:12:38.415  1072  3311 W AppOps  : Finishing op nesting under-run: uid 10071 pkg com.google.vr.vrcore code 24 time=0 duration=0 nesting=0
04-11 21:12:38.451  1072  1086 W AppOps  : Finishing op nesting under-run: uid 10071 pkg com.google.vr.vrcore code 24 time=0 duration=0 nesting=0
04-11 21:12:38.592  1072  1147 I WindowManager: Screen frozen for +340ms due to Window{2bd1580 u0 NavigationBar}
04-11 21:12:38.795  1072 10584 I ActivityManager: START u0 {act=android.intent.action.MAIN cat=[android.intent.category.LAUNCHER] flg=0x10000000 cmp=com.mozilla.servo/.MainActivity} from uid 2000 on display 0
04-11 21:12:38.806  1072  1112 I VrManagerService: VR mode enabled
04-11 21:12:38.821  1072  3228 I ActivityManager: Start proc 20425:com.mozilla.servo/u0a160 for activity com.mozilla.servo/.MainActivity
04-11 21:12:38.841  1072  1112 I VrManagerService: Connecting ComponentInfo{com.google.vr.vrcore/com.google.vr.vrcore.common.VrCoreListenerService} for user 0
04-11 21:12:38.928  1072  1072 D ConditionProviders: Subscribing to condition://com.google.vr.vrcore with ComponentInfo{com.google.vr.vrcore/com.google.vr.vrcore.common.VrCoreZenConditionProvider}
04-11 21:12:39.145  1072  1147 I ActivityManager: Config changes=480 {1.0 ?mcc?mnc [es_ES] ldltr sw411dp w683dp h387dp 420dpi nrml land finger -keyb/v/h -nav/h s.163}
04-11 21:12:39.193  1072 17585 W AppOps  : Finishing op nesting under-run: uid 10071 pkg com.google.vr.vrcore code 24 time=0 duration=0 nesting=0
04-11 21:12:39.215  1072 16581 W AppOps  : Finishing op nesting under-run: uid 10071 pkg com.google.vr.vrcore code 24 time=0 duration=0 nesting=0
04-11 21:12:39.333  1072  1146 D BluetoothManagerService: Message: 20
04-11 21:12:39.333  1072  1146 D BluetoothManagerService: Added callback: android.bluetooth.IBluetoothManagerCallback$Stub$Proxy@533afd4:true
04-11 21:12:39.429  1072  1147 I WindowManager: Screen frozen for +317ms due to Window{37764d3 u0 com.mozilla.servo/com.mozilla.servo.MainActivity}
04-11 21:13:21.707  1072  2802 I ActivityManager: START u0 {cmp=com.google.vr.vrcore/.daydream.DonPrepareActivity (has extras)} from uid 10071 on display 0
04-11 21:13:21.713  1072  2802 W ActivityManager: startActivity called from non-Activity context; forcing Intent.FLAG_ACTIVITY_NEW_TASK for: Intent { flg=0x800000 cmp=com.google.vr.vrcore/.daydream.DonPrepareActivity (has extras) }
04-11 21:13:21.945  1072 19652 I ActivityManager: START u0 {cmp=com.google.vr.vrcore/.transition.TransitionViewActivity} from uid 10071 on display 0
04-11 21:13:22.029  1072  1072 I VrManagerService: VR mode disabled
04-11 21:13:22.029  1072  1072 I VrManagerService: Disconnecting ComponentInfo{com.google.vr.vrcore/com.google.vr.vrcore.common.VrCoreListenerService} for user 0
04-11 21:13:22.136  1072 13055 W AppOps  : Finishing op nesting under-run: uid 10071 pkg com.google.vr.vrcore code 24 time=0 duration=0 nesting=0
04-11 21:13:22.287  1072 16581 W AppOps  : Finishing op nesting under-run: uid 10071 pkg com.google.vr.vrcore code 24 time=0 duration=0 nesting=0
04-11 21:13:22.298 20425 20447 F libc    : Fatal signal 11 (SIGSEGV), code 1, fault addr 0x7 in tid 20447 (Thread-2)
04-11 21:13:22.507 20546 20546 F DEBUG   : *** *** *** *** *** *** *** *** *** *** *** *** *** *** *** ***
04-11 21:13:22.507 20546 20546 F DEBUG   : Build fingerprint: 'google/sailfish/sailfish:7.1.1/NOF27B/3687361:user/release-keys'
04-11 21:13:22.507 20546 20546 F DEBUG   : Revision: '0'
04-11 21:13:22.507 20546 20546 F DEBUG   : ABI: 'arm'
04-11 21:13:22.507 20546 20546 F DEBUG   : pid: 20425, tid: 20447, name: Thread-2  >>> com.mozilla.servo <<<
04-11 21:13:22.507 20546 20546 F DEBUG   : signal 11 (SIGSEGV), code 1 (SEGV_MAPERR), fault addr 0x7
04-11 21:13:22.508 20546 20546 F DEBUG   :     r0 ffffffff  r1 0000000b  r2 e02752dc  r3 000000f0
04-11 21:13:22.508 20546 20546 F DEBUG   :     r4 e02752dc  r5 0000000b  r6 e0275370  r7 e02752b8
04-11 21:13:22.508 20546 20546 F DEBUG   :     r8 e02755b8  r9 cd443014  sl c7e4a538  fp e0276a48
04-11 21:13:22.508 20546 20546 F DEBUG   :     ip cd44c8d0  sp e02752a8  lr ccc307c1  pc ccc30c8c  cpsr 800f0030
04-11 21:13:22.521 20546 20546 F DEBUG   : 
04-11 21:13:22.521 20546 20546 F DEBUG   : backtrace:
04-11 21:13:22.521 20546 20546 F DEBUG   :     #00 pc 027c3c8c  /data/app/com.mozilla.servo-2/lib/arm/libservo.so (unw_get_reg+19)
04-11 21:13:22.522 20546 20546 F DEBUG   :     #01 pc 027c37bd  /data/app/com.mozilla.servo-2/lib/arm/libservo.so (_Unwind_VRS_Interpret+300)
04-11 21:13:22.522 20546 20546 F DEBUG   :     #02 pc 027c3a0b  /data/app/com.mozilla.servo-2/lib/arm/libservo.so
04-11 21:13:22.522 20546 20546 F DEBUG   :     #03 pc 027c3a27  /data/app/com.mozilla.servo-2/lib/arm/libservo.so (__aeabi_unwind_cpp_pr1+12)
04-11 21:13:22.522 20546 20546 F DEBUG   :     #04 pc 027a9758  /data/app/com.mozilla.servo-2/lib/arm/libservo.so (__gnu_Unwind_Backtrace+160)
04-11 21:13:22.522 20546 20546 F DEBUG   :     #05 pc 027aa08c  /data/app/com.mozilla.servo-2/lib/arm/libservo.so (_Unwind_Backtrace+20)
04-11 21:13:23.997  1072  1144 I BootReceiver: Copying /data/tombstones/tombstone_04 to DropBox (SYSTEM_TOMBSTONE)
04-11 21:13:24.073  1072  9443 I WindowManager: WIN DEATH: Window{e1b5c16 u0 SurfaceView - com.mozilla.servo/com.mozilla.servo.MainActivity}
04-11 21:13:24.073  1072 13056 I ActivityManager: Process com.mozilla.servo (pid 20425) has died
04-11 21:13:24.074  1072 13056 D ActivityManager: cleanUpApplicationRecord -- 20425
04-11 21:13:24.077  1072 13056 W ActivityManager: Force removing ActivityRecord{ec0ba20 u0 com.mozilla.servo/.MainActivity t97}: app died, no saved state
04-11 21:13:24.080  1072  9580 I WindowManager: WIN DEATH: Window{37764d3 u0 com.mozilla.servo/com.mozilla.servo.MainActivity}
04-11 21:13:24.080  1072  9580 W WindowManager: Force-removing child win Window{6b91997 u0 SurfaceView - com.mozilla.servo/com.mozilla.servo.MainActivity} from container Window{37764d3 u0 com.mozilla.servo/com.mozilla.servo.MainActivity}
04-11 21:13:24.086  1072  9783 W WindowManager: Failed looking up window
04-11 21:13:24.086  1072  9783 W WindowManager: java.lang.IllegalArgumentException: Requested window android.os.BinderProxy@2d7e2c5 does not exist
04-11 21:13:24.086  1072  9783 W WindowManager: 	at com.android.server.wm.WindowManagerService.windowForClientLocked(WindowManagerService.java:9415)
04-11 21:13:24.086  1072  9783 W WindowManager: 	at com.android.server.wm.WindowManagerService.windowForClientLocked(WindowManagerService.java:9406)
04-11 21:13:24.086  1072  9783 W WindowManager: 	at com.android.server.wm.WindowState$DeathRecipient.binderDied(WindowState.java:1800)
04-11 21:13:24.086  1072  9783 W WindowManager: 	at android.os.BinderProxy.sendDeathNotice(Binder.java:688)
04-11 21:13:24.086  1072  9783 I WindowManager: WIN DEATH: null
04-11 21:13:25.169  1072  1418 I ActivityManager: START u0 {cmp=com.google.vr.vrcore/.daydream.MetaworldActivity (has extras)} from uid 10071 on display 0
04-11 21:13:25.215  1072  1112 I VrManagerService: VR mode enabled
04-11 21:13:25.231  1072  1112 I VrManagerService: Connecting ComponentInfo{com.google.vr.vrcore/com.google.vr.vrcore.common.VrCoreListenerService} for user 0
04-11 21:13:25.362  1072  1072 D ConditionProviders: Subscribing to condition://com.google.vr.vrcore with ComponentInfo{com.google.vr.vrcore/com.google.vr.vrcore.common.VrCoreZenConditionProvider}
04-11 21:13:25.365  1072 20558 W ActivityManager: Ignoring remove of inactive process: ProcessRecord{ce715e9 0:com.mozilla.servo/u0a160}
04-11 21:13:25.631  1072  1147 W AppOps  : Finishing op nesting under-run: uid 1000 pkg android code 24 time=0 duration=0 nesting=0
04-11 21:13:26.085  1072  1072 V NotificationService: pkg=com.google.vr.vrcore canInterrupt=false intercept=true
04-11 21:13:46.365  1072 13056 I ActivityManager: START u0 {flg=0x10804000 cmp=com.android.systemui/.recents.RecentsActivity} from uid 10042 on display 0
04-11 21:13:46.663  1072 19305 W WindowManager: Force-removing child win Window{fae8475 u0 SurfaceView - com.google.vr.vrcore/com.google.vr.vrcore.daydream.MetaworldActivity EXITING} from container Window{4ec0508 u0 com.google.vr.vrcore/com.google.vr.vrcore.daydream.MetaworldActivity}
04-11 21:13:46.667  1072 19305 W WindowManager: Force-removing child win Window{1283c0a u0 SurfaceView - com.google.vr.vrcore/com.google.vr.vrcore.daydream.MetaworldActivity EXITING} from container Window{4ec0508 u0 com.google.vr.vrcore/com.google.vr.vrcore.daydream.MetaworldActivity}
04-11 21:13:46.719  1072  1072 I VrManagerService: VR mode disabled
04-11 21:13:46.725  1072  1072 I VrManagerService: Disconnecting ComponentInfo{com.google.vr.vrcore/com.google.vr.vrcore.common.VrCoreListenerService} for user 0
04-11 21:13:46.743  1072 19305 W AppOps  : Finishing op nesting under-run: uid 10071 pkg com.google.vr.vrcore code 24 time=0 duration=0 nesting=0
04-11 21:13:46.766  1072 10584 W AppOps  : Finishing op nesting under-run: uid 10071 pkg com.google.vr.vrcore code 24 time=0 duration=0 nesting=0
04-11 21:13:48.227  1072 16581 I ActivityManager: START u0 {act=android.intent.action.MAIN cat=[android.intent.category.HOME] flg=0x10200000 cmp=com.google.android.apps.nexuslauncher/.NexusLauncherActivity} from uid 10042 on display 0
04-11 21:13:48.269  1072 16581 I ActivityManager: Config changes=480 {1.0 ?mcc?mnc [es_ES] ldltr sw411dp w411dp h659dp 420dpi nrml port finger -keyb/v/h -nav/h s.164}
04-11 21:13:48.518  1072  1147 I WindowManager: Screen frozen for +271ms due to Window{d37497c u0 StatusBar}
04-11 21:16:55.062  1072  1689 I ActivityManager: Force stopping com.mozilla.servo appid=10160 user=0: from pid 20627
04-11 21:16:55.169  1072  1148 W ProcessCpuTracker: Skipping unknown process pid 20627
04-11 21:16:55.631  1072 13055 I ActivityManager: START u0 {act=android.intent.action.MAIN cat=[android.intent.category.LAUNCHER] flg=0x10000000 cmp=com.mozilla.servo/.MainActivity} from uid 2000 on display 0
04-11 21:16:55.655  1072  1112 I VrManagerService: VR mode enabled
04-11 21:16:55.666  1072 13056 I ActivityManager: Start proc 20646:com.mozilla.servo/u0a160 for activity com.mozilla.servo/.MainActivity
04-11 21:16:55.682  1072  1112 I VrManagerService: Connecting ComponentInfo{com.google.vr.vrcore/com.google.vr.vrcore.common.VrCoreListenerService} for user 0
04-11 21:16:55.730  1072  9580 I ActivityManager: Config changes=480 {1.0 ?mcc?mnc [es_ES] ldltr sw411dp w683dp h387dp 420dpi nrml land finger -keyb/v/h -nav/h s.165}
04-11 21:16:55.868  1072  1072 D ConditionProviders: Subscribing to condition://com.google.vr.vrcore with ComponentInfo{com.google.vr.vrcore/com.google.vr.vrcore.common.VrCoreZenConditionProvider}
04-11 21:16:56.242  1072  1146 D BluetoothManagerService: Message: 20
04-11 21:16:56.242  1072  1146 D BluetoothManagerService: Added callback: android.bluetooth.IBluetoothManagerCallback$Stub$Proxy@1621ea2:true
04-11 21:16:56.267  1072  1147 I WindowManager: Screen frozen for +568ms due to Window{752c431 u0 com.mozilla.servo/com.mozilla.servo.MainActivity}
04-11 21:17:36.191  1072 19305 I ActivityManager: START u0 {cmp=com.google.vr.vrcore/.daydream.DonPrepareActivity (has extras)} from uid 10071 on display 0
04-11 21:17:36.201  1072 19305 W ActivityManager: startActivity called from non-Activity context; forcing Intent.FLAG_ACTIVITY_NEW_TASK for: Intent { flg=0x800000 cmp=com.google.vr.vrcore/.daydream.DonPrepareActivity (has extras) }
04-11 21:17:36.347  1072  1112 W ActivityManager: Failed to set scheduling policy, thread does not exist:
04-11 21:17:36.347  1072  1112 W ActivityManager: java.lang.IllegalArgumentException: Given thread 20567 does not exist
04-11 21:17:36.393  1072 17585 I ActivityManager: START u0 {cmp=com.google.vr.vrcore/.transition.TransitionViewActivity} from uid 10071 on display 0
04-11 21:17:36.648  1072  1072 I VrManagerService: VR mode disabled
04-11 21:17:36.653  1072  1072 I VrManagerService: Disconnecting ComponentInfo{com.google.vr.vrcore/com.google.vr.vrcore.common.VrCoreListenerService} for user 0
04-11 21:17:36.919  1072 17585 W AppOps  : Finishing op nesting under-run: uid 10071 pkg com.google.vr.vrcore code 24 time=0 duration=0 nesting=0
04-11 21:17:36.983  1072 17586 W AppOps  : Finishing op nesting under-run: uid 10071 pkg com.google.vr.vrcore code 24 time=0 duration=0 nesting=0
04-11 21:18:01.870  1072  1112 I VrManagerService: VR mode enabled
04-11 21:18:01.874  1072  1112 I VrManagerService: Connecting ComponentInfo{com.google.vr.vrcore/com.google.vr.vrcore.common.VrCoreListenerService} for user 0
04-11 21:18:01.874  1072  1086 I ActivityManager: START u0 {cmp=com.google.vr.vrcore/.daydream.MetaworldActivity (has extras)} from uid 10071 on display 0
04-11 21:18:02.040  1072  1072 D ConditionProviders: Subscribing to condition://com.google.vr.vrcore with ComponentInfo{com.google.vr.vrcore/com.google.vr.vrcore.common.VrCoreZenConditionProvider}
04-11 21:18:10.550  1072 16581 I ActivityManager: START u0 {cat=[com.google.intent.category.DAYDREAM] flg=0x34010000 cmp=com.mozilla.servo/.MainActivity} from uid 10160 on display 0
04-11 21:18:41.882  1072  1086 I ActivityManager: START u0 {flg=0x10804000 cmp=com.android.systemui/.recents.RecentsActivity} from uid 10042 on display 0
04-11 21:18:42.271  1072  1072 I VrManagerService: VR mode disabled
04-11 21:18:42.275  1072  1072 I VrManagerService: Disconnecting ComponentInfo{com.google.vr.vrcore/com.google.vr.vrcore.common.VrCoreListenerService} for user 0
04-11 21:18:42.320  1072 19652 W AppOps  : Finishing op nesting under-run: uid 10071 pkg com.google.vr.vrcore code 24 time=0 duration=0 nesting=0
04-11 21:18:42.346  1072 16581 W AppOps  : Finishing op nesting under-run: uid 10071 pkg com.google.vr.vrcore code 24 time=0 duration=0 nesting=0
04-11 21:18:43.131  1072  1112 I VrManagerService: VR mode enabled
04-11 21:18:43.144  1072  1112 I VrManagerService: Connecting ComponentInfo{com.google.vr.vrcore/com.google.vr.vrcore.common.VrCoreListenerService} for user 0
04-11 21:18:43.154  1072  2274 E ActivityManager: applyOptionsLocked: Unknown animationType=0
04-11 21:18:43.449  1072  1072 D ConditionProviders: Subscribing to condition://com.google.vr.vrcore with ComponentInfo{com.google.vr.vrcore/com.google.vr.vrcore.common.VrCoreZenConditionProvider}
04-11 21:18:46.833  1502  1502 V DeadZone: consuming errant click: (27.0,283.0)
04-11 21:18:48.030  1072  9445 I ActivityManager: START u0 {flg=0x10804000 cmp=com.android.systemui/.recents.RecentsActivity} from uid 10042 on display 0
04-11 21:18:48.314 20646 20667 F libc    : Fatal signal 11 (SIGSEGV), code 1, fault addr 0x7 in tid 20667 (Thread-2)
04-11 21:18:48.398  1072  1072 I VrManagerService: VR mode disabled
04-11 21:18:48.399  1072  1072 I VrManagerService: Disconnecting ComponentInfo{com.google.vr.vrcore/com.google.vr.vrcore.common.VrCoreListenerService} for user 0
04-11 21:18:48.420  1072  1551 W AppOps  : Finishing op nesting under-run: uid 10071 pkg com.google.vr.vrcore code 24 time=0 duration=0 nesting=0
04-11 21:18:48.425 20837 20837 F DEBUG   : *** *** *** *** *** *** *** *** *** *** *** *** *** *** *** ***
04-11 21:18:48.425 20837 20837 F DEBUG   : Build fingerprint: 'google/sailfish/sailfish:7.1.1/NOF27B/3687361:user/release-keys'
04-11 21:18:48.425 20837 20837 F DEBUG   : Revision: '0'
04-11 21:18:48.425 20837 20837 F DEBUG   : ABI: 'arm'
04-11 21:18:48.426 20837 20837 F DEBUG   : pid: 20646, tid: 20667, name: Thread-2  >>> com.mozilla.servo <<<
04-11 21:18:48.426 20837 20837 F DEBUG   : signal 11 (SIGSEGV), code 1 (SEGV_MAPERR), fault addr 0x7
04-11 21:18:48.426 20837 20837 F DEBUG   :     r0 ffffffff  r1 0000000b  r2 e02752dc  r3 000000f0
04-11 21:18:48.426 20837 20837 F DEBUG   :     r4 e02752dc  r5 0000000b  r6 e0275370  r7 e02752b8
04-11 21:18:48.426 20837 20837 F DEBUG   :     r8 e02755b8  r9 cd443014  sl c7e4a538  fp e0276a48
04-11 21:18:48.426 20837 20837 F DEBUG   :     ip cd44c8d0  sp e02752a8  lr ccc307c1  pc ccc30c8c  cpsr 800f0030
04-11 21:18:48.432 20837 20837 F DEBUG   : 
04-11 21:18:48.432 20837 20837 F DEBUG   : backtrace:
04-11 21:18:48.432 20837 20837 F DEBUG   :     #00 pc 027c3c8c  /data/app/com.mozilla.servo-2/lib/arm/libservo.so (unw_get_reg+19)
04-11 21:18:48.432 20837 20837 F DEBUG   :     #01 pc 027c37bd  /data/app/com.mozilla.servo-2/lib/arm/libservo.so (_Unwind_VRS_Interpret+300)
04-11 21:18:48.432 20837 20837 F DEBUG   :     #02 pc 027c3a0b  /data/app/com.mozilla.servo-2/lib/arm/libservo.so
04-11 21:18:48.432 20837 20837 F DEBUG   :     #03 pc 027c3a27  /data/app/com.mozilla.servo-2/lib/arm/libservo.so (__aeabi_unwind_cpp_pr1+12)
04-11 21:18:48.432 20837 20837 F DEBUG   :     #04 pc 027a9758  /data/app/com.mozilla.servo-2/lib/arm/libservo.so (__gnu_Unwind_Backtrace+160)
04-11 21:18:48.432 20837 20837 F DEBUG   :     #05 pc 027aa08c  /data/app/com.mozilla.servo-2/lib/arm/libservo.so (_Unwind_Backtrace+20)
04-11 21:18:48.448  1072  9783 W AppOps  : Finishing op nesting under-run: uid 10071 pkg com.google.vr.vrcore code 24 time=0 duration=0 nesting=0
04-11 21:18:49.310  1072 16581 I ActivityManager: Killing 20646:com.mozilla.servo/u0a160 (adj 200): remove task
04-11 21:18:49.311  1072  3287 I ActivityManager: START u0 {act=android.intent.action.MAIN cat=[android.intent.category.HOME] flg=0x10200000 cmp=com.google.android.apps.nexuslauncher/.NexusLauncherActivity} from uid 10042 on display 0
04-11 21:18:49.343  1072  3287 I ActivityManager: Config changes=480 {1.0 ?mcc?mnc [es_ES] ldltr sw411dp w411dp h659dp 420dpi nrml port finger -keyb/v/h -nav/h s.166}
04-11 21:18:49.360  1072  1144 I BootReceiver: Copying /data/tombstones/tombstone_05 to DropBox (SYSTEM_TOMBSTONE)
04-11 21:18:49.413  1072  1147 W DisplayManagerService: Failed to notify process 20646 that displays changed, assuming it died.
04-11 21:18:49.413  1072  1147 W DisplayManagerService: android.os.DeadObjectException: Transaction failed on small parcel; remote process probably died
04-11 21:18:49.413  1072  1147 W DisplayManagerService: 	at android.os.BinderProxy.transactNative(Native Method)
04-11 21:18:49.413  1072  1147 W DisplayManagerService: 	at android.os.BinderProxy.transact(Binder.java:615)
04-11 21:18:49.413  1072  1147 W DisplayManagerService: 	at android.hardware.display.IDisplayManagerCallback$Stub$Proxy.onDisplayEvent(IDisplayManagerCallback.java:81)
04-11 21:18:49.413  1072  1147 W DisplayManagerService: 	at com.android.server.display.DisplayManagerService$CallbackRecord.notifyDisplayEventAsync(DisplayManagerService.java:1187)
04-11 21:18:49.413  1072  1147 W DisplayManagerService: 	at com.android.server.display.DisplayManagerService.deliverDisplayEvent(DisplayManagerService.java:1022)
04-11 21:18:49.413  1072  1147 W DisplayManagerService: 	at com.android.server.display.DisplayManagerService.-wrap6(DisplayManagerService.java)
04-11 21:18:49.413  1072  1147 W DisplayManagerService: 	at com.android.server.display.DisplayManagerService$DisplayManagerHandler.handleMessage(DisplayManagerService.java:1120)
04-11 21:18:49.413  1072  1147 W DisplayManagerService: 	at android.os.Handler.dispatchMessage(Handler.java:102)
04-11 21:18:49.413  1072  1147 W DisplayManagerService: 	at android.os.Looper.loop(Looper.java:154)
04-11 21:18:49.413  1072  1147 W DisplayManagerService: 	at android.os.HandlerThread.run(HandlerThread.java:61)
04-11 21:18:49.413  1072  1147 W DisplayManagerService: 	at com.android.server.ServiceThread.run(ServiceThread.java:46)
04-11 21:18:49.447  1072  1147 W InputManager: Failed to notify process 20646 that input devices changed, assuming it died.
04-11 21:18:49.447  1072  1147 W InputManager: android.os.DeadObjectException: Transaction failed on small parcel; remote process probably died
04-11 21:18:49.447  1072  1147 W InputManager: 	at android.os.BinderProxy.transactNative(Native Method)
04-11 21:18:49.447  1072  1147 W InputManager: 	at android.os.BinderProxy.transact(Binder.java:615)
04-11 21:18:49.447  1072  1147 W InputManager: 	at android.hardware.input.IInputDevicesChangedListener$Stub$Proxy.onInputDevicesChanged(IInputDevicesChangedListener.java:85)
04-11 21:18:49.447  1072  1147 W InputManager: 	at com.android.server.input.InputManagerService$InputDevicesChangedListenerRecord.notifyInputDevicesChanged(InputManagerService.java:2186)
04-11 21:18:49.447  1072  1147 W InputManager: 	at com.android.server.input.InputManagerService.deliverInputDevicesChanged(InputManagerService.java:737)
04-11 21:18:49.447  1072  1147 W InputManager: 	at com.android.server.input.InputManagerService.-wrap3(InputManagerService.java)
04-11 21:18:49.447  1072  1147 W InputManager: 	at com.android.server.input.InputManagerService$InputManagerHandler.handleMessage(InputManagerService.java:2071)
04-11 21:18:49.447  1072  1147 W InputManager: 	at android.os.Handler.dispatchMessage(Handler.java:102)
04-11 21:18:49.447  1072  1147 W InputManager: 	at android.os.Looper.loop(Looper.java:154)
04-11 21:18:49.447  1072  1147 W InputManager: 	at android.os.HandlerThread.run(HandlerThread.java:61)
04-11 21:18:49.447  1072  1147 W InputManager: 	at com.android.server.ServiceThread.run(ServiceThread.java:46)
04-11 21:18:49.676  1072  1114 E libprocessgroup: failed to kill 1 processes for processgroup 20646
04-11 21:18:49.869  1072  1086 D ActivityManager: cleanUpApplicationRecord -- 20646
04-11 21:18:49.913  1072  1147 I WindowManager: Screen frozen for +590ms due to Window{d37497c u0 StatusBar}
04-11 21:18:51.391  1072 20844 W ActivityManager: Ignoring remove of inactive process: ProcessRecord{34cdffa 0:com.mozilla.servo/u0a160}
04-11 21:18:51.409  1072  1694 W InputMethodManagerService: Window already focused, ignoring focus gain of: com.android.internal.view.IInputMethodClient$Stub$Proxy@1fc1102 attribute=null, token = android.os.BinderProxy@2d8cb59
04-11 21:18:51.590  1072  1147 W AppOps  : Finishing op nesting under-run: uid 1000 pkg android code 24 time=0 duration=0 nesting=0
04-11 21:19:31.136  1072  3287 I ActivityManager: Force stopping com.mozilla.servo appid=10160 user=0: from pid 20858
04-11 21:19:31.700  1072 13055 I ActivityManager: START u0 {act=android.intent.action.MAIN cat=[android.intent.category.LAUNCHER] flg=0x10000000 cmp=com.mozilla.servo/.MainActivity} from uid 2000 on display 0
04-11 21:19:31.714  1072  1112 I VrManagerService: VR mode enabled
04-11 21:19:31.745  1072  2274 I ActivityManager: Start proc 20877:com.mozilla.servo/u0a160 for activity com.mozilla.servo/.MainActivity
04-11 21:19:31.752  1072  1112 I VrManagerService: Connecting ComponentInfo{com.google.vr.vrcore/com.google.vr.vrcore.common.VrCoreListenerService} for user 0
04-11 21:19:31.808  1072  1072 D ConditionProviders: Subscribing to condition://com.google.vr.vrcore with ComponentInfo{com.google.vr.vrcore/com.google.vr.vrcore.common.VrCoreZenConditionProvider}
04-11 21:19:31.848  1072 19305 I ActivityManager: Config changes=480 {1.0 ?mcc?mnc [es_ES] ldltr sw411dp w683dp h387dp 420dpi nrml land finger -keyb/v/h -nav/h s.167}
04-11 21:19:32.355  1072  1146 D BluetoothManagerService: Message: 20
04-11 21:19:32.356  1072  1146 D BluetoothManagerService: Added callback: android.bluetooth.IBluetoothManagerCallback$Stub$Proxy@4eb8937:true
04-11 21:19:32.371  1072  1147 I WindowManager: Screen frozen for +564ms due to Window{2f4bd6a u0 com.mozilla.servo/com.mozilla.servo.MainActivity}
04-11 21:20:12.718  1072  2802 I ActivityManager: START u0 {cmp=com.google.vr.vrcore/.daydream.DonPrepareActivity (has extras)} from uid 10071 on display 0
04-11 21:20:12.722  1072  2802 W ActivityManager: startActivity called from non-Activity context; forcing Intent.FLAG_ACTIVITY_NEW_TASK for: Intent { flg=0x800000 cmp=com.google.vr.vrcore/.daydream.DonPrepareActivity (has extras) }
04-11 21:20:12.863  1072 10584 I ActivityManager: START u0 {cmp=com.google.vr.vrcore/.transition.TransitionViewActivity} from uid 10071 on display 0
04-11 21:20:13.037  1072  1072 I VrManagerService: VR mode disabled
04-11 21:20:13.039  1072  1072 I VrManagerService: Disconnecting ComponentInfo{com.google.vr.vrcore/com.google.vr.vrcore.common.VrCoreListenerService} for user 0
04-11 21:20:13.091  1072  9580 W AppOps  : Finishing op nesting under-run: uid 10071 pkg com.google.vr.vrcore code 24 time=0 duration=0 nesting=0
04-11 21:20:13.150 20877 20910 F libc    : Fatal signal 11 (SIGSEGV), code 1, fault addr 0x0 in tid 20910 (Thread-18)
04-11 21:20:13.247  1072  1551 W AppOps  : Finishing op nesting under-run: uid 10071 pkg com.google.vr.vrcore code 24 time=0 duration=0 nesting=0
04-11 21:20:13.294 20995 20995 F DEBUG   : *** *** *** *** *** *** *** *** *** *** *** *** *** *** *** ***
04-11 21:20:13.294 20995 20995 F DEBUG   : Build fingerprint: 'google/sailfish/sailfish:7.1.1/NOF27B/3687361:user/release-keys'
04-11 21:20:13.294 20995 20995 F DEBUG   : Revision: '0'
04-11 21:20:13.294 20995 20995 F DEBUG   : ABI: 'arm'
04-11 21:20:13.294 20995 20995 F DEBUG   : pid: 20877, tid: 20910, name: Thread-18  >>> com.mozilla.servo <<<
04-11 21:20:13.294 20995 20995 F DEBUG   : signal 11 (SIGSEGV), code 1 (SEGV_MAPERR), fault addr 0x0
04-11 21:20:13.294 20995 20995 F DEBUG   :     r0 b89fd094  r1 00000001  r2 b64ff700  r3 00000000
04-11 21:20:13.295 20995 20995 F DEBUG   :     r4 c2758300  r5 c4ff7ad8  r6 c9dbedb0  r7 00000000
04-11 21:20:13.295 20995 20995 F DEBUG   :     r8 be95a5b4  r9 b8b40a00  sl c4ff79a4  fp b64ff6f0
04-11 21:20:13.295 20995 20995 F DEBUG   :     ip e90f2948  sp c4ff7988  lr ba0eeffb  pc 00000000  cpsr 800f0010
04-11 21:20:13.305 20995 20995 F DEBUG   : 
04-11 21:20:13.305 20995 20995 F DEBUG   : backtrace:
04-11 21:20:13.306 20995 20995 F DEBUG   :     #00 pc 00000000  <unknown>
04-11 21:20:13.306 20995 20995 F DEBUG   :     #01 pc 001a2ff9  /data/app/com.google.vr.vrcore-2/lib/arm/libvrcore_native.so
04-11 21:20:13.306 20995 20995 F DEBUG   :     #02 pc 0019119f  /data/app/com.google.vr.vrcore-2/lib/arm/libvrcore_native.so
04-11 21:20:13.306 20995 20995 F DEBUG   :     #03 pc 001898d7  /data/app/com.google.vr.vrcore-2/lib/arm/libvrcore_native.so
04-11 21:20:13.306 20995 20995 F DEBUG   :     #04 pc 00189963  /data/app/com.google.vr.vrcore-2/lib/arm/libvrcore_native.so (gvr_frame_submit+74)
04-11 21:20:13.306 20995 20995 F DEBUG   :     #05 pc 0001c373  /data/app/com.mozilla.servo-2/lib/arm/libgvr.so (gvr_frame_submit+66)
04-11 21:20:13.306 20995 20995 F DEBUG   :     #06 pc 021919d0  /data/app/com.mozilla.servo-2/lib/arm/libservo.so (_ZN105_$LT$rust_webvr..api..googlevr..display..GoogleVRDisplay$u20$as$u20$rust_webvr..vr_display..VRDisplay$GT$10sync_poses17h880d1df38a798405E+508)
04-11 21:20:13.306 20995 20995 F DEBUG   :     #07 pc 0213c0cc  /data/app/com.mozilla.servo-2/lib/arm/libservo.so (_ZN106_$LT$webvr..webvr_thread..WebVRCompositorHandler$u20$as$u20$webrender_traits..api..VRCompositorHandler$GT$6handle17h3df7c0e5cf5a7541E+284)
04-11 21:20:13.306 20995 20995 F DEBUG   :     #08 pc 00b67b90  /data/app/com.mozilla.servo-2/lib/arm/libservo.so
04-11 21:20:13.306 20995 20995 F DEBUG   :     #09 pc 00adf30c  /data/app/com.mozilla.servo-2/lib/arm/libservo.so
04-11 21:20:13.306 20995 20995 F DEBUG   :     #10 pc 0275b3d4  /data/app/com.mozilla.servo-2/lib/arm/libservo.so (__rust_maybe_catch_panic+28)
04-11 21:20:13.306 20995 20995 F DEBUG   :     #11 pc 00b062a0  /data/app/com.mozilla.servo-2/lib/arm/libservo.so
04-11 21:20:13.306 20995 20995 F DEBUG   :     #12 pc 027511c0  /data/app/com.mozilla.servo-2/lib/arm/libservo.so
04-11 21:20:13.306 20995 20995 F DEBUG   :     #13 pc 00047093  /system/lib/libc.so (_ZL15__pthread_startPv+22)
04-11 21:20:13.306 20995 20995 F DEBUG   :     #14 pc 00019bdd  /system/lib/libc.so (__start_thread+6)
04-11 21:20:13.591  1502  1502 E AndroidRuntime: FATAL EXCEPTION: main
04-11 21:20:13.591  1502  1502 E AndroidRuntime: Process: com.android.systemui, PID: 1502
04-11 21:20:13.591  1502  1502 E AndroidRuntime: java.lang.OutOfMemoryError: Failed to allocate a 28901388 byte allocation with 16777216 free bytes and 24MB until OOM
04-11 21:20:13.591  1502  1502 E AndroidRuntime: 	at dalvik.system.VMRuntime.newNonMovableArray(Native Method)
04-11 21:20:13.591  1502  1502 E AndroidRuntime: 	at android.graphics.BitmapFactory.nativeDecodeAsset(Native Method)
04-11 21:20:13.591  1502  1502 E AndroidRuntime: 	at android.graphics.BitmapFactory.decodeStream(BitmapFactory.java:620)
04-11 21:20:13.591  1502  1502 E AndroidRuntime: 	at android.graphics.BitmapFactory.decodeResourceStream(BitmapFactory.java:455)
04-11 21:20:13.591  1502  1502 E AndroidRuntime: 	at android.graphics.drawable.Drawable.createFromResourceStream(Drawable.java:1155)
04-11 21:20:13.591  1502  1502 E AndroidRuntime: 	at android.content.res.ResourcesImpl.loadDrawableForCookie(ResourcesImpl.java:720)
04-11 21:20:13.591  1502  1502 E AndroidRuntime: 	at android.content.res.ResourcesImpl.loadDrawable(ResourcesImpl.java:571)
04-11 21:20:13.591  1502  1502 E AndroidRuntime: 	at android.content.res.Resources.getDrawable(Resources.java:771)
04-11 21:20:13.591  1502  1502 E AndroidRuntime: 	at android.app.ApplicationPackageManager.getDrawable(ApplicationPackageManager.java:1032)
04-11 21:20:13.591  1502  1502 E AndroidRuntime: 	at android.app.ApplicationPackageManager.loadUnbadgedItemIcon(ApplicationPackageManager.java:2291)
04-11 21:20:13.591  1502  1502 E AndroidRuntime: 	at android.app.ApplicationPackageManager.loadItemIcon(ApplicationPackageManager.java:2271)
04-11 21:20:13.591  1502  1502 E AndroidRuntime: 	at android.content.pm.PackageItemInfo.loadIcon(PackageItemInfo.java:219)
04-11 21:20:13.591  1502  1502 E AndroidRuntime: 	at android.content.pm.ComponentInfo.loadDefaultIcon(ComponentInfo.java:222)
04-11 21:20:13.591  1502  1502 E AndroidRuntime: 	at android.app.ApplicationPackageManager.loadUnbadgedItemIcon(ApplicationPackageManager.java:2294)
04-11 21:20:13.591  1502  1502 E AndroidRuntime: 	at android.app.ApplicationPackageManager.loadItemIcon(ApplicationPackageManager.java:2271)
04-11 21:20:13.591  1502  1502 E AndroidRuntime: 	at android.content.pm.PackageItemInfo.loadIcon(PackageItemInfo.java:219)
04-11 21:20:13.591  1502  1502 E AndroidRuntime: 	at com.android.systemui.recents.misc.SystemServicesProxy.getBadgedActivityIcon(SystemServicesProxy.java:760)
04-11 21:20:13.591  1502  1502 E AndroidRuntime: 	at com.android.systemui.recents.model.RecentsTaskLoader.getAndUpdateActivityIcon(RecentsTaskLoader.java:531)
04-11 21:20:13.591  1502  1502 E AndroidRuntime: 	at com.android.systemui.recents.model.RecentsTaskLoadPlan.executePlan(RecentsTaskLoadPlan.java:227)
04-11 21:20:13.591  1502  1502 E AndroidRuntime: 	at com.android.systemui.recents.model.RecentsTaskLoader.loadTasks(RecentsTaskLoader.java:351)
04-11 21:20:13.591  1502  1502 E AndroidRuntime: 	at com.android.systemui.recents.RecentsImpl$TaskStackListenerImpl.onTaskStackChanged(RecentsImpl.java:128)
04-11 21:20:13.591  1502  1502 E AndroidRuntime: 	at com.android.systemui.recents.misc.SystemServicesProxy$H.handleMessage(SystemServicesProxy.java:1132)
04-11 21:20:13.591  1502  1502 E AndroidRuntime: 	at android.os.Handler.dispatchMessage(Handler.java:102)
04-11 21:20:13.591  1502  1502 E AndroidRuntime: 	at android.os.Looper.loop(Looper.java:154)
04-11 21:20:13.591  1502  1502 E AndroidRuntime: 	at android.app.ActivityThread.main(ActivityThread.java:6119)
04-11 21:20:13.591  1502  1502 E AndroidRuntime: 	at java.lang.reflect.Method.invoke(Native Method)
04-11 21:20:13.591  1502  1502 E AndroidRuntime: 	at com.android.internal.os.ZygoteInit$MethodAndArgsCaller.run(ZygoteInit.java:886)
04-11 21:20:13.591  1502  1502 E AndroidRuntime: 	at com.android.internal.os.ZygoteInit.main(ZygoteInit.java:776)
04-11 21:20:14.742  1072  1144 I BootReceiver: Copying /data/tombstones/tombstone_06 to DropBox (SYSTEM_TOMBSTONE)
04-11 21:20:14.941  1072 13056 I ActivityManager: Process com.mozilla.servo (pid 20877) has died
04-11 21:20:14.941  1072 13056 D ActivityManager: cleanUpApplicationRecord -- 20877
04-11 21:20:14.943  1072 13056 W ActivityManager: Force removing ActivityRecord{9364d68 u0 com.mozilla.servo/.MainActivity t103}: app died, no saved state
04-11 21:20:14.950  1072  9445 I WindowManager: WIN DEATH: Window{1604e2e u0 SurfaceView - com.mozilla.servo/com.mozilla.servo.MainActivity}
04-11 21:20:14.983  1072 19305 I WindowManager: WIN DEATH: Window{2f4bd6a u0 com.mozilla.servo/com.mozilla.servo.MainActivity}
04-11 21:20:14.984  1072 19305 W WindowManager: Force-removing child win Window{3677dcf u0 SurfaceView - com.mozilla.servo/com.mozilla.servo.MainActivity} from container Window{2f4bd6a u0 com.mozilla.servo/com.mozilla.servo.MainActivity}
04-11 21:20:15.020  1072 10584 W WindowManager: Failed looking up window
04-11 21:20:15.020  1072 10584 W WindowManager: java.lang.IllegalArgumentException: Requested window android.os.BinderProxy@de7225b does not exist
04-11 21:20:15.020  1072 10584 W WindowManager: 	at com.android.server.wm.WindowManagerService.windowForClientLocked(WindowManagerService.java:9415)
04-11 21:20:15.020  1072 10584 W WindowManager: 	at com.android.server.wm.WindowManagerService.windowForClientLocked(WindowManagerService.java:9406)
04-11 21:20:15.020  1072 10584 W WindowManager: 	at com.android.server.wm.WindowState$DeathRecipient.binderDied(WindowState.java:1800)
04-11 21:20:15.020  1072 10584 W WindowManager: 	at android.os.BinderProxy.sendDeathNotice(Binder.java:688)
04-11 21:20:15.020  1072 10584 I WindowManager: WIN DEATH: null
04-11 21:20:17.439  1072  1897 W ActivityManager:   Force finishing activity com.android.systemui/.recents.RecentsActivity
04-11 21:20:17.532  1072  9445 I WindowManager: WIN DEATH: Window{be7f074 u0 DockedStackDivider}
04-11 21:20:17.538  1072 17585 D ConnectivityService: ConnectivityService NetworkRequestInfo binderDied(NetworkRequest [ LISTEN id=7, [] ], android.os.BinderProxy@86dd3e1)
04-11 21:20:17.539  1072  1409 E ConnectivityService: RemoteException caught trying to send a callback msg for NetworkRequest [ LISTEN id=7, [] ]
04-11 21:20:17.540  1072 17585 I ActivityManager: Process com.android.systemui (pid 1502) has died
04-11 21:20:17.540  1072 17585 D ActivityManager: cleanUpApplicationRecord -- 1502
04-11 21:20:17.541  1072 17585 W ActivityManager: Scheduling restart of crashed service com.android.systemui/.SystemUIService in 0ms
04-11 21:20:17.541  1072 17585 W ActivityManager: Scheduling restart of crashed service com.android.systemui/.keyguard.KeyguardService in 0ms
04-11 21:20:17.541  1072 17585 W ActivityManager: Re-adding persistent process ProcessRecord{526eca8 1502:com.android.systemui/u0a42}
04-11 21:20:17.542  1072  1404 D WifiService: Client connection lost with reason: 4
04-11 21:20:17.561  1072 17585 I ActivityManager: Start proc 21015:com.android.systemui/u0a42 for restart com.android.systemui
04-11 21:20:17.566  1072  1418 I WindowManager: WIN DEATH: Window{d37497c u0 StatusBar}
04-11 21:20:17.585  1072  9783 I WindowManager: WIN DEATH: Window{2bd1580 u0 NavigationBar}
04-11 21:20:17.599  1072 19652 I WindowManager: WIN DEATH: Window{e0b7e12 u0 AssistPreviewPanel}
04-11 21:20:17.645  1072  1072 D TrustManagerService: Removing dead TrustListener.
04-11 21:20:17.669  1072  1147 W AppOps  : Finishing op nesting under-run: uid 1000 pkg android code 24 time=0 duration=0 nesting=0
04-11 21:20:18.009  1072  1113 I ActivityManager: Config changes=480 {1.0 ?mcc?mnc [es_ES] ldltr sw411dp w411dp h659dp 420dpi nrml port finger -keyb/v/h -nav/h s.168}
04-11 21:20:18.292  1072 21013 I StatusBarManagerService: registerStatusBar bar=com.android.internal.statusbar.IStatusBar$Stub$Proxy@1a85d11
04-11 21:20:18.354  1072  1147 I WindowManager: Screen frozen for +365ms due to AppWindowToken{e97687a token=Token{745dca5 ActivityRecord{5d02a9c u0 com.google.vr.vrcore/.transition.TransitionViewActivity t104}}}
04-11 21:20:18.576  1072  1146 D BluetoothManagerService: Message: 20
04-11 21:20:18.576  1072  1146 D BluetoothManagerService: Added callback: android.bluetooth.IBluetoothManagerCallback$Stub$Proxy@8be6ab9:true
04-11 21:20:18.586  1072  1146 D BluetoothManagerService: Message: 30
04-11 21:20:18.592  1072  1146 D BluetoothManagerService: Message: 30
04-11 21:20:18.594  1072  1146 D BluetoothManagerService: Message: 30
04-11 21:20:18.597  1072  1146 D BluetoothManagerService: Message: 30
04-11 21:20:18.600  1072  1146 D BluetoothManagerService: Message: 30
04-11 21:20:18.603  1072  1146 D BluetoothManagerService: Message: 30
04-11 21:20:18.693  1072  1146 D BluetoothManagerService: Message: 400
04-11 21:20:18.761  1072  1694 I ActivityManager: Setting hasTopUi=true for pid=21015
04-11 21:20:18.842  1072 19305 I ActivityManager: Start proc 21071:com.google.android.gms.ui/u0a19 for service com.google.android.gms/.nearby.discovery.ui.DiscoveryTileService
04-11 21:20:18.983  1072  1404 D WifiService: New client listening to asynchronous messages
04-11 21:20:28.669  1072  1112 I ActivityManager: Waited long enough for: ServiceRecord{429185 u0 com.google.android.gms/.stats.service.DropBoxEntryAddedService}
04-11 21:20:38.726  1072  1146 D BluetoothManagerService: Message: 20
04-11 21:20:38.726  1072  1146 D BluetoothManagerService: Added callback: android.bluetooth.IBluetoothManagerCallback$Stub$Proxy@2231053:true
04-11 21:20:51.284  1072  9443 I ActivityManager: Config changes=480 {1.0 ?mcc?mnc [es_ES] ldltr sw411dp w683dp h387dp 420dpi nrml land finger -keyb/v/h -nav/h s.169}
04-11 21:20:51.923  1072  3287 I ActivityManager: Setting hasTopUi=false for pid=21015
04-11 21:20:51.937  1072  1147 I WindowManager: Screen frozen for +668ms due to Window{8856296 u0 StatusBar}
04-11 21:20:53.347  1072 21010 W ActivityManager: Ignoring remove of inactive process: ProcessRecord{97c682f 0:com.mozilla.servo/u0a160}
04-11 21:20:53.653  1072  1147 W AppOps  : Finishing op nesting under-run: uid 1000 pkg android code 24 time=0 duration=0 nesting=0
04-11 21:20:54.869  1072  3287 I ActivityManager: START u0 {flg=0x10804000 cmp=com.android.systemui/.recents.RecentsActivity} from uid 10042 on display 0
04-11 21:20:54.912  1072  3287 W ActivityManager: Failed setting process group of 2082 to 1
04-11 21:20:56.560  1072 16581 I ActivityManager: START u0 {act=android.intent.action.MAIN cat=[android.intent.category.HOME] flg=0x10200000 cmp=com.google.android.apps.nexuslauncher/.NexusLauncherActivity} from uid 10042 on display 0
04-11 21:20:56.586  1072 16581 I ActivityManager: Config changes=480 {1.0 ?mcc?mnc [es_ES] ldltr sw411dp w411dp h659dp 420dpi nrml port finger -keyb/v/h -nav/h s.170}
04-11 21:20:56.835  1072  1147 I WindowManager: Screen frozen for +256ms due to Window{8856296 u0 StatusBar}
04-11 21:21:39.986  1072 13056 I ActivityManager: Force stopping com.mozilla.servo appid=10160 user=0: from pid 21169
04-11 21:21:40.557  1072 21014 I ActivityManager: START u0 {act=android.intent.action.MAIN cat=[android.intent.category.LAUNCHER] flg=0x10000000 cmp=com.mozilla.servo/.MainActivity} from uid 2000 on display 0
04-11 21:21:40.577  1072  1112 I VrManagerService: VR mode enabled
04-11 21:21:40.625  1072  2274 I ActivityManager: Start proc 21188:com.mozilla.servo/u0a160 for activity com.mozilla.servo/.MainActivity
04-11 21:21:40.635  1072  1112 I VrManagerService: Connecting ComponentInfo{com.google.vr.vrcore/com.google.vr.vrcore.common.VrCoreListenerService} for user 0
04-11 21:21:40.675  1072  3311 I ActivityManager: Config changes=480 {1.0 ?mcc?mnc [es_ES] ldltr sw411dp w683dp h387dp 420dpi nrml land finger -keyb/v/h -nav/h s.171}
04-11 21:21:40.782  1072  1072 D ConditionProviders: Subscribing to condition://com.google.vr.vrcore with ComponentInfo{com.google.vr.vrcore/com.google.vr.vrcore.common.VrCoreZenConditionProvider}
04-11 21:21:41.211  1072  1146 D BluetoothManagerService: Message: 20
04-11 21:21:41.211  1072  1146 D BluetoothManagerService: Added callback: android.bluetooth.IBluetoothManagerCallback$Stub$Proxy@4b0195c:true
