04-11 21:21:41.233  1072  1147 I WindowManager: Screen frozen for +575ms due to Window{c5c3b73 u0 com.mozilla.servo/com.mozilla.servo.MainActivity}
04-11 21:22:11.644  1072  1112 I ProcessStatsService: Prepared write state in 2ms
04-11 21:22:21.854  1072  1086 I ActivityManager: START u0 {cmp=com.google.vr.vrcore/.daydream.DonPrepareActivity (has extras)} from uid 10071 on display 0
04-11 21:22:21.860  1072  1086 W ActivityManager: startActivity called from non-Activity context; forcing Intent.FLAG_ACTIVITY_NEW_TASK for: Intent { flg=0x800000 cmp=com.google.vr.vrcore/.daydream.DonPrepareActivity (has extras) }
04-11 21:22:22.021  1072 13055 I ActivityManager: START u0 {cmp=com.google.vr.vrcore/.transition.TransitionViewActivity} from uid 10071 on display 0
04-11 21:22:22.159 21188 21221 F libc    : Fatal signal 11 (SIGSEGV), code 1, fault addr 0x0 in tid 21221 (Thread-18)
04-11 21:22:22.174  1072  1072 I VrManagerService: VR mode disabled
04-11 21:22:22.177  1072  1072 I VrManagerService: Disconnecting ComponentInfo{com.google.vr.vrcore/com.google.vr.vrcore.common.VrCoreListenerService} for user 0
04-11 21:22:22.273  1072  2274 W AppOps  : Finishing op nesting under-run: uid 10071 pkg com.google.vr.vrcore code 24 time=0 duration=0 nesting=0
04-11 21:22:22.319  1072  1418 W AppOps  : Finishing op nesting under-run: uid 10071 pkg com.google.vr.vrcore code 24 time=0 duration=0 nesting=0
04-11 21:22:22.337 21303 21303 F DEBUG   : *** *** *** *** *** *** *** *** *** *** *** *** *** *** *** ***
04-11 21:22:22.337 21303 21303 F DEBUG   : Build fingerprint: 'google/sailfish/sailfish:7.1.1/NOF27B/3687361:user/release-keys'
04-11 21:22:22.337 21303 21303 F DEBUG   : Revision: '0'
04-11 21:22:22.337 21303 21303 F DEBUG   : ABI: 'arm'
04-11 21:22:22.337 21303 21303 F DEBUG   : pid: 21188, tid: 21221, name: Thread-18  >>> com.mozilla.servo <<<
04-11 21:22:22.338 21303 21303 F DEBUG   : signal 11 (SIGSEGV), code 1 (SEGV_MAPERR), fault addr 0x0
04-11 21:22:22.338 21303 21303 F DEBUG   :     r0 c9f53794  r1 00000001  r2 b4d577e0  r3 00000000
04-11 21:22:22.338 21303 21303 F DEBUG   :     r4 c2f6f300  r5 c4ffbad8  r6 c9cd1db0  r7 00000000
04-11 21:22:22.338 21303 21303 F DEBUG   :     r8 c1b22ff4  r9 be8a5c80  sl c4ffb9a4  fp b4d577d0
04-11 21:22:22.338 21303 21303 F DEBUG   :     ip e90f2948  sp c4ffb988  lr ba7a7ffb  pc 00000000  cpsr 800f0010
04-11 21:22:22.363 21303 21303 F DEBUG   : 
04-11 21:22:22.363 21303 21303 F DEBUG   : backtrace:
04-11 21:22:22.363 21303 21303 F DEBUG   :     #00 pc 00000000  <unknown>
04-11 21:22:22.363 21303 21303 F DEBUG   :     #01 pc 001a2ff9  /data/app/com.google.vr.vrcore-2/lib/arm/libvrcore_native.so
04-11 21:22:22.363 21303 21303 F DEBUG   :     #02 pc 0019119f  /data/app/com.google.vr.vrcore-2/lib/arm/libvrcore_native.so
04-11 21:22:22.363 21303 21303 F DEBUG   :     #03 pc 001898d7  /data/app/com.google.vr.vrcore-2/lib/arm/libvrcore_native.so
04-11 21:22:22.363 21303 21303 F DEBUG   :     #04 pc 00189963  /data/app/com.google.vr.vrcore-2/lib/arm/libvrcore_native.so (gvr_frame_submit+74)
04-11 21:22:22.363 21303 21303 F DEBUG   :     #05 pc 0001c373  /data/app/com.mozilla.servo-2/lib/arm/libgvr.so (gvr_frame_submit+66)
04-11 21:22:22.363 21303 21303 F DEBUG   :     #06 pc 021919d0  /data/app/com.mozilla.servo-2/lib/arm/libservo.so (_ZN105_$LT$rust_webvr..api..googlevr..display..GoogleVRDisplay$u20$as$u20$rust_webvr..vr_display..VRDisplay$GT$10sync_poses17h880d1df38a798405E+508)
04-11 21:22:22.364 21303 21303 F DEBUG   :     #07 pc 0213c0cc  /data/app/com.mozilla.servo-2/lib/arm/libservo.so (_ZN106_$LT$webvr..webvr_thread..WebVRCompositorHandler$u20$as$u20$webrender_traits..api..VRCompositorHandler$GT$6handle17h3df7c0e5cf5a7541E+284)
04-11 21:22:22.365 21303 21303 F DEBUG   :     #08 pc 00b67b90  /data/app/com.mozilla.servo-2/lib/arm/libservo.so
04-11 21:22:22.365 21303 21303 F DEBUG   :     #09 pc 00adf30c  /data/app/com.mozilla.servo-2/lib/arm/libservo.so
04-11 21:22:22.365 21303 21303 F DEBUG   :     #10 pc 0275b3d4  /data/app/com.mozilla.servo-2/lib/arm/libservo.so (__rust_maybe_catch_panic+28)
04-11 21:22:22.365 21303 21303 F DEBUG   :     #11 pc 00b062a0  /data/app/com.mozilla.servo-2/lib/arm/libservo.so
04-11 21:22:22.365 21303 21303 F DEBUG   :     #12 pc 027511c0  /data/app/com.mozilla.servo-2/lib/arm/libservo.so
04-11 21:22:22.365 21303 21303 F DEBUG   :     #13 pc 00047093  /system/lib/libc.so (_ZL15__pthread_startPv+22)
04-11 21:22:22.365 21303 21303 F DEBUG   :     #14 pc 00019bdd  /system/lib/libc.so (__start_thread+6)
04-11 21:22:23.754  1072  1144 I BootReceiver: Copying /data/tombstones/tombstone_07 to DropBox (SYSTEM_TOMBSTONE)
04-11 21:22:23.912  1072  9580 I ActivityManager: Process com.mozilla.servo (pid 21188) has died
04-11 21:22:23.912  1072  9580 D ActivityManager: cleanUpApplicationRecord -- 21188
04-11 21:22:23.914  1072  9580 W ActivityManager: Force removing ActivityRecord{2045e59 u0 com.mozilla.servo/.MainActivity t106}: app died, no saved state
04-11 21:22:23.926  1072 19304 I WindowManager: WIN DEATH: Window{c5c3b73 u0 com.mozilla.servo/com.mozilla.servo.MainActivity}
04-11 21:22:23.926  1072 19304 W WindowManager: Force-removing child win Window{83f216f u0 SurfaceView - com.mozilla.servo/com.mozilla.servo.MainActivity} from container Window{c5c3b73 u0 com.mozilla.servo/com.mozilla.servo.MainActivity}
04-11 21:22:23.942  1072 19304 W WindowManager: Force-removing child win Window{9eb3e7c u0 SurfaceView - com.mozilla.servo/com.mozilla.servo.MainActivity} from container Window{c5c3b73 u0 com.mozilla.servo/com.mozilla.servo.MainActivity}
04-11 21:22:23.995  1072  2802 W WindowManager: Failed looking up window
04-11 21:22:23.995  1072  2802 W WindowManager: java.lang.IllegalArgumentException: Requested window android.os.BinderProxy@b548a30 does not exist
04-11 21:22:23.995  1072  2802 W WindowManager: 	at com.android.server.wm.WindowManagerService.windowForClientLocked(WindowManagerService.java:9415)
04-11 21:22:23.995  1072  2802 W WindowManager: 	at com.android.server.wm.WindowManagerService.windowForClientLocked(WindowManagerService.java:9406)
04-11 21:22:23.995  1072  2802 W WindowManager: 	at com.android.server.wm.WindowState$DeathRecipient.binderDied(WindowState.java:1800)
04-11 21:22:23.995  1072  2802 W WindowManager: 	at android.os.BinderProxy.sendDeathNotice(Binder.java:688)
04-11 21:22:23.995  1072  2802 I WindowManager: WIN DEATH: null
04-11 21:22:23.997  1072  9783 W WindowManager: Failed looking up window
04-11 21:22:23.997  1072  9783 W WindowManager: java.lang.IllegalArgumentException: Requested window android.os.BinderProxy@8089945 does not exist
04-11 21:22:23.997  1072  9783 W WindowManager: 	at com.android.server.wm.WindowManagerService.windowForClientLocked(WindowManagerService.java:9415)
04-11 21:22:23.997  1072  9783 W WindowManager: 	at com.android.server.wm.WindowManagerService.windowForClientLocked(WindowManagerService.java:9406)
04-11 21:22:23.997  1072  9783 W WindowManager: 	at com.android.server.wm.WindowState$DeathRecipient.binderDied(WindowState.java:1800)
04-11 21:22:23.997  1072  9783 W WindowManager: 	at android.os.BinderProxy.sendDeathNotice(Binder.java:688)
04-11 21:22:23.997  1072  9783 I WindowManager: WIN DEATH: null
04-11 21:22:41.123  1072 21316 W ActivityManager: Ignoring remove of inactive process: ProcessRecord{65437f4 0:com.mozilla.servo/u0a160}
04-11 21:22:41.154  1072 19652 W InputMethodManagerService: Window already focused, ignoring focus gain of: com.android.internal.view.IInputMethodClient$Stub$Proxy@c004775 attribute=null, token = android.os.BinderProxy@93e67bb
04-11 21:22:41.411  1072  1147 W AppOps  : Finishing op nesting under-run: uid 1000 pkg android code 24 time=0 duration=0 nesting=0
04-11 21:22:43.217  1072  9783 I ActivityManager: START u0 {flg=0x10804000 cmp=com.android.systemui/.recents.RecentsActivity} from uid 10042 on display 0
04-11 21:22:43.257  1072  9783 W ActivityManager: Failed setting process group of 2082 to 1
04-11 21:22:45.088  1072  1897 I ActivityManager: START u0 {act=android.intent.action.MAIN cat=[android.intent.category.HOME] flg=0x10200000 cmp=com.google.android.apps.nexuslauncher/.NexusLauncherActivity} from uid 10042 on display 0
04-11 21:22:45.116  1072  1897 I ActivityManager: Config changes=480 {1.0 ?mcc?mnc [es_ES] ldltr sw411dp w411dp h659dp 420dpi nrml port finger -keyb/v/h -nav/h s.172}
04-11 21:22:45.364  1072  1147 I WindowManager: Screen frozen for +256ms due to Window{8856296 u0 StatusBar}
04-11 21:24:34.776  1072  9445 I ActivityManager: Force stopping com.mozilla.servo appid=10160 user=0: from pid 21341
04-11 21:24:35.240  1072  1694 I ActivityManager: START u0 {act=android.intent.action.MAIN cat=[android.intent.category.LAUNCHER] flg=0x10000000 cmp=com.mozilla.servo/.MainActivity} from uid 2000 on display 0
04-11 21:24:35.263  1072  1112 I VrManagerService: VR mode enabled
04-11 21:24:35.275  1072 21013 I ActivityManager: Start proc 21360:com.mozilla.servo/u0a160 for activity com.mozilla.servo/.MainActivity
04-11 21:24:35.284  1072  1112 I VrManagerService: Connecting ComponentInfo{com.google.vr.vrcore/com.google.vr.vrcore.common.VrCoreListenerService} for user 0
04-11 21:24:35.325  1072  1072 D ConditionProviders: Subscribing to condition://com.google.vr.vrcore with ComponentInfo{com.google.vr.vrcore/com.google.vr.vrcore.common.VrCoreZenConditionProvider}
04-11 21:24:35.335  1072  2274 I ActivityManager: Config changes=480 {1.0 ?mcc?mnc [es_ES] ldltr sw411dp w683dp h387dp 420dpi nrml land finger -keyb/v/h -nav/h s.173}
04-11 21:24:35.872  1072  1146 D BluetoothManagerService: Message: 20
04-11 21:24:35.872  1072  1146 D BluetoothManagerService: Added callback: android.bluetooth.IBluetoothManagerCallback$Stub$Proxy@f6dfd02:true
04-11 21:24:35.889  1072  1147 I WindowManager: Screen frozen for +580ms due to Window{c23a211 u0 com.mozilla.servo/com.mozilla.servo.MainActivity}
04-11 21:25:19.085 21360 21392 F libc    : Fatal signal 11 (SIGSEGV), code 1, fault addr 0x0 in tid 21392 (Thread-18)
04-11 21:25:19.188 21474 21474 F DEBUG   : *** *** *** *** *** *** *** *** *** *** *** *** *** *** *** ***
04-11 21:25:19.189 21474 21474 F DEBUG   : Build fingerprint: 'google/sailfish/sailfish:7.1.1/NOF27B/3687361:user/release-keys'
04-11 21:25:19.189 21474 21474 F DEBUG   : Revision: '0'
04-11 21:25:19.189 21474 21474 F DEBUG   : ABI: 'arm'
04-11 21:25:19.189 21474 21474 F DEBUG   : pid: 21360, tid: 21392, name: Thread-18  >>> com.mozilla.servo <<<
04-11 21:25:19.189 21474 21474 F DEBUG   : signal 11 (SIGSEGV), code 1 (SEGV_MAPERR), fault addr 0x0
04-11 21:25:19.189 21474 21474 F DEBUG   :     r0 bd924314  r1 00000001  r2 bf51c5d0  r3 00000000
04-11 21:25:19.189 21474 21474 F DEBUG   :     r4 bf365300  r5 c53f7ad8  r6 c9dc7db0  r7 00000000
04-11 21:25:19.189 21474 21474 F DEBUG   :     r8 c62cef84  r9 b57e5580  sl c53f79a4  fp bf51c6d0
04-11 21:25:19.189 21474 21474 F DEBUG   :     ip e90f2948  sp c53f7988  lr bacf7ffb  pc 00000000  cpsr 800f0010
04-11 21:25:19.200 21474 21474 F DEBUG   : 
04-11 21:25:19.200 21474 21474 F DEBUG   : backtrace:
04-11 21:25:19.201 21474 21474 F DEBUG   :     #00 pc 00000000  <unknown>
04-11 21:25:19.201 21474 21474 F DEBUG   :     #01 pc 001a2ff9  /data/app/com.google.vr.vrcore-2/lib/arm/libvrcore_native.so
04-11 21:25:19.201 21474 21474 F DEBUG   :     #02 pc 0019119f  /data/app/com.google.vr.vrcore-2/lib/arm/libvrcore_native.so
04-11 21:25:19.201 21474 21474 F DEBUG   :     #03 pc 001898d7  /data/app/com.google.vr.vrcore-2/lib/arm/libvrcore_native.so
04-11 21:25:19.201 21474 21474 F DEBUG   :     #04 pc 00189963  /data/app/com.google.vr.vrcore-2/lib/arm/libvrcore_native.so (gvr_frame_submit+74)
04-11 21:25:19.201 21474 21474 F DEBUG   :     #05 pc 0001c373  /data/app/com.mozilla.servo-2/lib/arm/libgvr.so (gvr_frame_submit+66)
04-11 21:25:19.201 21474 21474 F DEBUG   :     #06 pc 021919d0  /data/app/com.mozilla.servo-2/lib/arm/libservo.so (_ZN105_$LT$rust_webvr..api..googlevr..display..GoogleVRDisplay$u20$as$u20$rust_webvr..vr_display..VRDisplay$GT$10sync_poses17h880d1df38a798405E+508)
04-11 21:25:19.201 21474 21474 F DEBUG   :     #07 pc 0213c0cc  /data/app/com.mozilla.servo-2/lib/arm/libservo.so (_ZN106_$LT$webvr..webvr_thread..WebVRCompositorHandler$u20$as$u20$webrender_traits..api..VRCompositorHandler$GT$6handle17h3df7c0e5cf5a7541E+284)
04-11 21:25:19.201 21474 21474 F DEBUG   :     #08 pc 00b67b90  /data/app/com.mozilla.servo-2/lib/arm/libservo.so
04-11 21:25:19.201 21474 21474 F DEBUG   :     #09 pc 00adf30c  /data/app/com.mozilla.servo-2/lib/arm/libservo.so
04-11 21:25:19.201 21474 21474 F DEBUG   :     #10 pc 0275b3d4  /data/app/com.mozilla.servo-2/lib/arm/libservo.so (__rust_maybe_catch_panic+28)
04-11 21:25:19.201 21474 21474 F DEBUG   :     #11 pc 00b062a0  /data/app/com.mozilla.servo-2/lib/arm/libservo.so
04-11 21:25:19.201 21474 21474 F DEBUG   :     #12 pc 027511c0  /data/app/com.mozilla.servo-2/lib/arm/libservo.so
04-11 21:25:19.202 21474 21474 F DEBUG   :     #13 pc 00047093  /system/lib/libc.so (_ZL15__pthread_startPv+22)
04-11 21:25:19.202 21474 21474 F DEBUG   :     #14 pc 00019bdd  /system/lib/libc.so (__start_thread+6)
04-11 21:25:20.908  1072 21475 W ActivityManager:   Force finishing activity com.mozilla.servo/.MainActivity
04-11 21:25:20.917  1072  1144 I BootReceiver: Copying /data/tombstones/tombstone_08 to DropBox (SYSTEM_TOMBSTONE)
04-11 21:25:20.928  1072  1112 W ActivityManager: Failed setting process group of 21360 to 1
04-11 21:25:20.985  1072 13055 I ActivityManager: Process com.mozilla.servo (pid 21360) has died
04-11 21:25:20.985  1072 13055 D ActivityManager: cleanUpApplicationRecord -- 21360
04-11 21:25:20.999  1072  1694 I WindowManager: WIN DEATH: Window{2691e5b u0 SurfaceView - com.mozilla.servo/com.mozilla.servo.MainActivity}
04-11 21:25:21.007  1072 21014 I WindowManager: WIN DEATH: Window{c23a211 u0 com.mozilla.servo/com.mozilla.servo.MainActivity}
04-11 21:25:21.007  1072 21014 W WindowManager: Force-removing child win Window{363d6f8 u0 SurfaceView - com.mozilla.servo/com.mozilla.servo.MainActivity} from container Window{c23a211 u0 com.mozilla.servo/com.mozilla.servo.MainActivity}
04-11 21:25:21.025  1072 21013 W WindowManager: Failed looking up window
04-11 21:25:21.025  1072 21013 W WindowManager: java.lang.IllegalArgumentException: Requested window android.os.BinderProxy@b35f76 does not exist
04-11 21:25:21.025  1072 21013 W WindowManager: 	at com.android.server.wm.WindowManagerService.windowForClientLocked(WindowManagerService.java:9415)
04-11 21:25:21.025  1072 21013 W WindowManager: 	at com.android.server.wm.WindowManagerService.windowForClientLocked(WindowManagerService.java:9406)
04-11 21:25:21.025  1072 21013 W WindowManager: 	at com.android.server.wm.WindowState$DeathRecipient.binderDied(WindowState.java:1800)
04-11 21:25:21.025  1072 21013 W WindowManager: 	at android.os.BinderProxy.sendDeathNotice(Binder.java:688)
04-11 21:25:21.025  1072 21013 I WindowManager: WIN DEATH: null
04-11 21:25:21.055  1072 13055 I ActivityManager: Config changes=480 {1.0 ?mcc?mnc [es_ES] ldltr sw411dp w411dp h659dp 420dpi nrml port finger -keyb/v/h -nav/h s.174}
04-11 21:25:21.104  1072  1689 W AppOps  : Finishing op nesting under-run: uid 10071 pkg com.google.vr.vrcore code 24 time=0 duration=0 nesting=0
04-11 21:25:21.165  1072 21014 W AppOps  : Finishing op nesting under-run: uid 10071 pkg com.google.vr.vrcore code 24 time=0 duration=0 nesting=0
04-11 21:25:21.224  1072  1072 I VrManagerService: VR mode disabled
04-11 21:25:21.225  1072  1072 I VrManagerService: Disconnecting ComponentInfo{com.google.vr.vrcore/com.google.vr.vrcore.common.VrCoreListenerService} for user 0
04-11 21:25:21.557  1072  3287 W AppOps  : Finishing op nesting under-run: uid 10071 pkg com.google.vr.vrcore code 24 time=0 duration=0 nesting=0
04-11 21:25:21.639  1072  1147 I WindowManager: Screen frozen for +608ms due to Window{192c37a u0 NavigationBar}
04-11 21:25:21.658  1072 10584 W AppOps  : Finishing op nesting under-run: uid 10071 pkg com.google.vr.vrcore code 24 time=0 duration=0 nesting=0
04-11 21:25:45.542  1072 21475 W ActivityManager: Ignoring remove of inactive process: ProcessRecord{26a2a5a 0:com.mozilla.servo/u0a160}
04-11 21:25:45.543  1072 21475 I ActivityManager: START u0 {act=android.intent.action.MAIN cat=[android.intent.category.LAUNCHER] flg=0x10100000 cmp=com.mozilla.servo/.MainActivity} from uid 2000 on display 0
04-11 21:25:45.565  1072  9443 E ActivityManager: applyOptionsLocked: Unknown animationType=0
04-11 21:25:45.576  1072  9443 I ActivityManager: Start proc 21488:com.mozilla.servo/u0a160 for activity com.mozilla.servo/.MainActivity
04-11 21:25:45.576  1072  1112 I VrManagerService: VR mode enabled
04-11 21:25:45.588  1072  1112 I VrManagerService: Connecting ComponentInfo{com.google.vr.vrcore/com.google.vr.vrcore.common.VrCoreListenerService} for user 0
04-11 21:25:45.634  1072 13056 I ActivityManager: Config changes=480 {1.0 ?mcc?mnc [es_ES] ldltr sw411dp w683dp h387dp 420dpi nrml land finger -keyb/v/h -nav/h s.175}
04-11 21:25:45.776  1072  1072 D ConditionProviders: Subscribing to condition://com.google.vr.vrcore with ComponentInfo{com.google.vr.vrcore/com.google.vr.vrcore.common.VrCoreZenConditionProvider}
04-11 21:25:45.873  1072 10584 W AppOps  : Finishing op nesting under-run: uid 1000 pkg android code 24 time=0 duration=0 nesting=0
04-11 21:25:46.226  1072  1146 D BluetoothManagerService: Message: 20
04-11 21:25:46.226  1072  1146 D BluetoothManagerService: Added callback: android.bluetooth.IBluetoothManagerCallback$Stub$Proxy@3fe38ba:true
04-11 21:25:46.240  1072  1147 I WindowManager: Screen frozen for +633ms due to Window{58d790a u0 com.mozilla.servo/com.mozilla.servo.MainActivity}
04-11 21:25:48.687  1072 19305 I ActivityManager: START u0 {flg=0x10804000 cmp=com.android.systemui/.recents.RecentsActivity} from uid 10042 on display 0
04-11 21:25:48.947  1072 19304 E ActivityManager: applyOptionsLocked: Unknown animationType=0
04-11 21:25:48.967  1072  3287 D WindowManager: relayoutVisibleWindow: Window{e25ed1 u0 SurfaceView - com.mozilla.servo/com.mozilla.servo.MainActivity EXITING} mAnimatingExit=true, mRemoveOnExit=false, mDestroying=false
04-11 21:25:48.980  1072  9783 D WindowManager: relayoutVisibleWindow: Window{58d790a u0 com.mozilla.servo/com.mozilla.servo.MainActivity EXITING} mAnimatingExit=true, mRemoveOnExit=false, mDestroying=false
04-11 21:25:50.768  1072  3287 I ActivityManager: START u0 {flg=0x10804000 cmp=com.android.systemui/.recents.RecentsActivity} from uid 10042 on display 0
04-11 21:25:51.200  1072  1072 I VrManagerService: VR mode disabled
04-11 21:25:51.200  1072  1072 I VrManagerService: Disconnecting ComponentInfo{com.google.vr.vrcore/com.google.vr.vrcore.common.VrCoreListenerService} for user 0
04-11 21:25:51.220  1072 17585 W AppOps  : Finishing op nesting under-run: uid 10071 pkg com.google.vr.vrcore code 24 time=0 duration=0 nesting=0
04-11 21:25:51.239  1072  9443 W AppOps  : Finishing op nesting under-run: uid 10071 pkg com.google.vr.vrcore code 24 time=0 duration=0 nesting=0
04-11 21:25:52.004  1072 19652 I ActivityManager: Killing 11590:com.android.printspooler/u0a88 (adj 906): empty for 10578s
04-11 21:25:52.005  1072 19652 I ActivityManager: Killing 21488:com.mozilla.servo/u0a160 (adj 900): remove task
04-11 21:25:52.006  1072 17585 I ActivityManager: START u0 {act=android.intent.action.MAIN cat=[android.intent.category.HOME] flg=0x10200000 cmp=com.google.android.apps.nexuslauncher/.NexusLauncherActivity} from uid 10042 on display 0
04-11 21:25:52.039  1072 17585 I ActivityManager: Config changes=480 {1.0 ?mcc?mnc [es_ES] ldltr sw411dp w411dp h659dp 420dpi nrml port finger -keyb/v/h -nav/h s.176}
04-11 21:25:52.284  1072  9783 I WindowManager: Screen frozen for +260ms due to Window{8856296 u0 StatusBar}
04-11 21:25:52.301  1072 17585 D ActivityManager: cleanUpApplicationRecord -- 11590
04-11 21:25:52.313  1072  1689 D ActivityManager: cleanUpApplicationRecord -- 21488
04-11 21:25:52.324  1072 17585 W WindowManager: Failed looking up window
04-11 21:25:52.324  1072 17585 W WindowManager: java.lang.IllegalArgumentException: Requested window android.os.BinderProxy@d70cfae does not exist
04-11 21:25:52.324  1072 17585 W WindowManager: 	at com.android.server.wm.WindowManagerService.windowForClientLocked(WindowManagerService.java:9415)
04-11 21:25:52.324  1072 17585 W WindowManager: 	at com.android.server.wm.WindowManagerService.windowForClientLocked(WindowManagerService.java:9406)
04-11 21:25:52.324  1072 17585 W WindowManager: 	at com.android.server.wm.WindowState$DeathRecipient.binderDied(WindowState.java:1800)
04-11 21:25:52.324  1072 17585 W WindowManager: 	at android.os.BinderProxy.sendDeathNotice(Binder.java:688)
04-11 21:25:52.324  1072 17585 I WindowManager: WIN DEATH: null
04-11 21:25:52.325  1072  1551 W WindowManager: Failed looking up window
04-11 21:25:52.325  1072  1551 W WindowManager: java.lang.IllegalArgumentException: Requested window android.os.BinderProxy@f9e9575 does not exist
04-11 21:25:52.325  1072  1551 W WindowManager: 	at com.android.server.wm.WindowManagerService.windowForClientLocked(WindowManagerService.java:9415)
04-11 21:25:52.325  1072  1551 W WindowManager: 	at com.android.server.wm.WindowManagerService.windowForClientLocked(WindowManagerService.java:9406)
04-11 21:25:52.325  1072  1551 W WindowManager: 	at com.android.server.wm.WindowState$DeathRecipient.binderDied(WindowState.java:1800)
04-11 21:25:52.325  1072  1551 W WindowManager: 	at android.os.BinderProxy.sendDeathNotice(Binder.java:688)
04-11 21:25:52.325  1072  1551 I WindowManager: WIN DEATH: null
04-11 21:26:11.057  1072  1112 I ActivityManager: Waited long enough for: ServiceRecord{4972fee u0 com.google.android.gms/.stats.service.DropBoxEntryAddedService}
04-11 21:27:12.263  1072  1694 D ConnectivityService: reportNetworkConnectivity(100, false) by 10019
04-11 21:27:12.569  1072  1409 D NetworkNotificationManager: clearNotification id=100
04-11 21:27:12.570  1072  1409 D ConnectivityService: NetworkAgentInfo [WIFI () - 100] validation passed
04-11 21:30:08.853  1072  1111 I UsageStatsService: User[0] Flushing usage stats to disk
04-11 21:37:22.894  1072  3287 D ConnectivityService: reportNetworkConnectivity(100, false) by 10019
04-11 21:37:23.263  1072  1409 D NetworkNotificationManager: clearNotification id=100
04-11 21:37:23.264  1072  1409 D ConnectivityService: NetworkAgentInfo [WIFI () - 100] validation passed
04-11 21:45:18.298  1072  9783 W InputMethodManagerService: Starting input on non-focused client com.android.internal.view.IInputMethodClient$Stub$Proxy@423c37b (uid=10032 pid=2122)
04-11 21:45:41.827  1072  1153 I ActivityManager: Start proc 21714:com.android.defcontainer/u0a12 for service com.android.defcontainer/.DefaultContainerService
04-11 21:45:43.459  1072  1112 I ActivityManager: Force stopping com.mozilla.servo appid=10160 user=-1: installPackageLI
04-11 21:45:43.555  1072  1153 I PackageManager: Package com.mozilla.servo codePath changed from /data/app/com.mozilla.servo-2 to /data/app/com.mozilla.servo-1; Retaining data and using new
04-11 21:45:43.556  1072  1153 W PackageManager: Code path for com.mozilla.servo changing from /data/app/com.mozilla.servo-2 to /data/app/com.mozilla.servo-1
04-11 21:45:43.556  1072  1153 W PackageManager: Resource path for com.mozilla.servo changing from /data/app/com.mozilla.servo-2 to /data/app/com.mozilla.servo-1
04-11 21:45:43.817  1072  1153 I ActivityManager: Force stopping com.mozilla.servo appid=10160 user=0: pkg removed
04-11 21:45:43.853  1072  1112 I ActivityManager: Start proc 21736:com.android.keychain/1000 for broadcast com.android.keychain/.KeyChainBroadcastReceiver
04-11 21:45:43.969 21736 21736 W ContextImpl: Calling a method in the system process without a qualified user: android.app.ContextImpl.startService:1357 android.content.ContextWrapper.startService:613 android.content.ContextWrapper.startService:613 com.android.keychain.KeyChainBroadcastReceiver.onReceive:12 android.app.ActivityThread.handleReceiver:3040 
04-11 21:45:43.983  1072  1694 I ActivityManager: Start proc 21751:com.android.musicfx/u0a31 for broadcast com.android.musicfx/.Compatibility$Receiver
04-11 21:45:43.989  1072 10584 I ActivityManager: Killing 12805:com.google.android.videos/u0a93 (adj 906): empty for 10724s
04-11 21:45:44.017  1072  2274 D ActivityManager: cleanUpApplicationRecord -- 12805
04-11 21:45:44.032  1072  1111 I ActivityManager: Start proc 21765:com.android.printspooler/u0a88 for service com.android.printspooler/.model.PrintSpoolerService
04-11 21:45:44.054  1072 13056 I ActivityManager: Killing 14619:com.google.android.gms:snet/u0a19 (adj 906): empty for 8046s
04-11 21:45:44.066  1072 13056 I ActivityManager: Start proc 21780:com.google.android.apps.docs/u0a60 for broadcast com.google.android.apps.docs/.receivers.AppPackageAddRemoveReceiver
04-11 21:45:44.073  1072  3228 D ActivityManager: cleanUpApplicationRecord -- 14619
04-11 21:45:44.397  1072  9445 I ActivityManager: Killing 8485:com.google.android.apps.photos/u0a83 (adj 906): empty for 6775s
04-11 21:45:44.456  1072  9445 I ActivityManager: Start proc 21819:com.verizon.vzwavs/u0a106 for broadcast com.verizon.vzwavs/.WakeupReceiver
04-11 21:45:44.596  1072  3228 D ActivityManager: cleanUpApplicationRecord -- 8485
04-11 21:45:44.634  1072 16581 I ActivityManager: Start proc 21848:com.google.android.partnersetup/u0a27 for broadcast com.google.android.partnersetup/.RlzPingBroadcastReceiver
04-11 21:45:44.713  1072  9580 I ActivityManager: Start proc 21866:com.google.android.vr.home/u0a103 for broadcast com.google.android.vr.home/com.google.android.apps.vr.common.utils.LaunchTimesUpdateReceiver
04-11 21:45:44.850  1072 17586 I ActivityManager: Start proc 21894:com.google.android.apps.photos/u0a83 for broadcast com.google.android.apps.photos/.backgroundsignin.BackgroundSignInBroadcastReceiver
04-11 21:46:13.138  1072 19305 I ActivityManager: Force stopping com.mozilla.servo appid=10160 user=0: from pid 21938
04-11 21:46:13.739  1072  2274 I ActivityManager: START u0 {act=android.intent.action.MAIN cat=[android.intent.category.LAUNCHER] flg=0x10000000 cmp=com.mozilla.servo/.MainActivity} from uid 2000 on display 0
04-11 21:46:13.752  1072  1112 I VrManagerService: VR mode enabled
04-11 21:46:13.771  1072  3228 I ActivityManager: Start proc 21957:com.mozilla.servo/u0a160 for activity com.mozilla.servo/.MainActivity
04-11 21:46:13.777  1072  1112 I VrManagerService: Connecting ComponentInfo{com.google.vr.vrcore/com.google.vr.vrcore.common.VrCoreListenerService} for user 0
04-11 21:46:13.833  1072  1072 D ConditionProviders: Subscribing to condition://com.google.vr.vrcore with ComponentInfo{com.google.vr.vrcore/com.google.vr.vrcore.common.VrCoreZenConditionProvider}
04-11 21:46:13.871  1072  1086 I ActivityManager: Config changes=480 {1.0 ?mcc?mnc [es_ES] ldltr sw411dp w683dp h387dp 420dpi nrml land finger -keyb/v/h -nav/h s.177}
04-11 21:46:14.031  1072  9783 W AppOps  : Finishing op nesting under-run: uid 10071 pkg com.google.vr.vrcore code 24 time=0 duration=0 nesting=0
04-11 21:46:14.504  1072  1146 D BluetoothManagerService: Message: 20
04-11 21:46:14.504  1072  1146 D BluetoothManagerService: Added callback: android.bluetooth.IBluetoothManagerCallback$Stub$Proxy@a906d7c:true
04-11 21:46:14.558  1072  1147 I WindowManager: Screen frozen for +708ms due to Window{3038577 u0 com.mozilla.servo/com.mozilla.servo.MainActivity}
04-11 21:46:58.029  1072 19305 I ActivityManager: START u0 {cmp=com.google.vr.vrcore/.daydream.DonPrepareActivity (has extras)} from uid 10071 on display 0
04-11 21:46:58.035  1072 19305 W ActivityManager: startActivity called from non-Activity context; forcing Intent.FLAG_ACTIVITY_NEW_TASK for: Intent { flg=0x800000 cmp=com.google.vr.vrcore/.daydream.DonPrepareActivity (has extras) }
04-11 21:46:58.167  1072 21014 I ActivityManager: START u0 {cmp=com.google.vr.vrcore/.transition.TransitionViewActivity} from uid 10071 on display 0
04-11 21:46:58.358  1072  1072 I VrManagerService: VR mode disabled
04-11 21:46:58.359  1072  1072 I VrManagerService: Disconnecting ComponentInfo{com.google.vr.vrcore/com.google.vr.vrcore.common.VrCoreListenerService} for user 0
04-11 21:46:58.488  1072 17585 W AppOps  : Finishing op nesting under-run: uid 10071 pkg com.google.vr.vrcore code 24 time=0 duration=0 nesting=0
04-11 21:46:58.638  1072  1085 W AppOps  : Finishing op nesting under-run: uid 10071 pkg com.google.vr.vrcore code 24 time=0 duration=0 nesting=0
04-11 21:46:58.707 21957 21983 F libc    : Fatal signal 11 (SIGSEGV), code 1, fault addr 0x7 in tid 21983 (Thread-2)
04-11 21:46:58.862 22089 22089 F DEBUG   : *** *** *** *** *** *** *** *** *** *** *** *** *** *** *** ***
04-11 21:46:58.862 22089 22089 F DEBUG   : Build fingerprint: 'google/sailfish/sailfish:7.1.1/NOF27B/3687361:user/release-keys'
04-11 21:46:58.862 22089 22089 F DEBUG   : Revision: '0'
04-11 21:46:58.862 22089 22089 F DEBUG   : ABI: 'arm'
04-11 21:46:58.863 22089 22089 F DEBUG   : pid: 21957, tid: 21983, name: Thread-2  >>> com.mozilla.servo <<<
04-11 21:46:58.863 22089 22089 F DEBUG   : signal 11 (SIGSEGV), code 1 (SEGV_MAPERR), fault addr 0x7
04-11 21:46:58.863 22089 22089 F DEBUG   :     r0 ffffffff  r1 0000000b  r2 e02752dc  r3 000000f0
04-11 21:46:58.863 22089 22089 F DEBUG   :     r4 e02752dc  r5 0000000b  r6 e0275370  r7 e02752b8
04-11 21:46:58.863 22089 22089 F DEBUG   :     r8 e02755b8  r9 cd443014  sl c7c4a538  fp e0276a48
04-11 21:46:58.863 22089 22089 F DEBUG   :     ip cd44c8d4  sp e02752a8  lr ccc30701  pc ccc30bcc  cpsr 800f0030
04-11 21:46:58.869 22089 22089 F DEBUG   : 
04-11 21:46:58.869 22089 22089 F DEBUG   : backtrace:
04-11 21:46:58.869 22089 22089 F DEBUG   :     #00 pc 027c3bcc  /data/app/com.mozilla.servo-1/lib/arm/libservo.so (unw_get_reg+19)
04-11 21:46:58.870 22089 22089 F DEBUG   :     #01 pc 027c36fd  /data/app/com.mozilla.servo-1/lib/arm/libservo.so (_Unwind_VRS_Interpret+300)
04-11 21:46:58.870 22089 22089 F DEBUG   :     #02 pc 027c394b  /data/app/com.mozilla.servo-1/lib/arm/libservo.so
04-11 21:46:58.870 22089 22089 F DEBUG   :     #03 pc 027c3967  /data/app/com.mozilla.servo-1/lib/arm/libservo.so (__aeabi_unwind_cpp_pr1+12)
04-11 21:46:58.870 22089 22089 F DEBUG   :     #04 pc 027a9698  /data/app/com.mozilla.servo-1/lib/arm/libservo.so (__gnu_Unwind_Backtrace+160)
04-11 21:46:58.870 22089 22089 F DEBUG   :     #05 pc 027a9fcc  /data/app/com.mozilla.servo-1/lib/arm/libservo.so (_Unwind_Backtrace+20)
04-11 21:47:00.114  1072  1144 I BootReceiver: Copying /data/tombstones/tombstone_09 to DropBox (SYSTEM_TOMBSTONE)
04-11 21:47:00.264  1072  1418 I WindowManager: WIN DEATH: Window{8525eb1 u0 SurfaceView - com.mozilla.servo/com.mozilla.servo.MainActivity}
04-11 21:47:00.265  1072 17585 I ActivityManager: Process com.mozilla.servo (pid 21957) has died
04-11 21:47:00.265  1072 17585 D ActivityManager: cleanUpApplicationRecord -- 21957
04-11 21:47:00.266  1072 17585 W ActivityManager: Force removing ActivityRecord{ea1bf9a u0 com.mozilla.servo/.MainActivity t109}: app died, no saved state
04-11 21:47:00.271  1072 19305 I WindowManager: WIN DEATH: Window{3038577 u0 com.mozilla.servo/com.mozilla.servo.MainActivity}
04-11 21:47:00.272  1072 19305 W WindowManager: Force-removing child win Window{1d26f96 u0 SurfaceView - com.mozilla.servo/com.mozilla.servo.MainActivity} from container Window{3038577 u0 com.mozilla.servo/com.mozilla.servo.MainActivity}
04-11 21:47:00.321  1072  1086 W WindowManager: Failed looking up window
04-11 21:47:00.321  1072  1086 W WindowManager: java.lang.IllegalArgumentException: Requested window android.os.BinderProxy@c3445e4 does not exist
04-11 21:47:00.321  1072  1086 W WindowManager: 	at com.android.server.wm.WindowManagerService.windowForClientLocked(WindowManagerService.java:9415)
04-11 21:47:00.321  1072  1086 W WindowManager: 	at com.android.server.wm.WindowManagerService.windowForClientLocked(WindowManagerService.java:9406)
04-11 21:47:00.321  1072  1086 W WindowManager: 	at com.android.server.wm.WindowState$DeathRecipient.binderDied(WindowState.java:1800)
04-11 21:47:00.321  1072  1086 W WindowManager: 	at android.os.BinderProxy.sendDeathNotice(Binder.java:688)
04-11 21:47:00.321  1072  1086 I WindowManager: WIN DEATH: null
04-11 21:47:59.866  1072  3287 I ActivityManager: START u0 {flg=0x10804000 cmp=com.android.systemui/.recents.RecentsActivity} from uid 10042 on display 0
04-11 21:47:59.904  1072  3287 W ActivityManager: Failed setting process group of 2082 to 1
04-11 21:47:59.932  1072 22096 W ActivityManager: Ignoring remove of inactive process: ProcessRecord{934e568 0:com.mozilla.servo/u0a160}
04-11 21:48:00.127  1072  1147 W AppOps  : Finishing op nesting under-run: uid 1000 pkg android code 24 time=0 duration=0 nesting=0
04-11 21:48:01.879  1072  9783 I ActivityManager: START u0 {act=android.intent.action.MAIN cat=[android.intent.category.HOME] flg=0x10200000 cmp=com.google.android.apps.nexuslauncher/.NexusLauncherActivity} from uid 10042 on display 0
04-11 21:48:01.922  1072  9783 I ActivityManager: Config changes=480 {1.0 ?mcc?mnc [es_ES] ldltr sw411dp w411dp h659dp 420dpi nrml port finger -keyb/v/h -nav/h s.178}
04-11 21:48:02.170  1072  1147 I WindowManager: Screen frozen for +270ms due to Window{8856296 u0 StatusBar}
04-11 21:50:22.163  1072  2274 I ActivityManager: Force stopping com.mozilla.servo appid=10160 user=0: from pid 22131
04-11 21:50:22.661  1072  2802 I ActivityManager: START u0 {act=android.intent.action.MAIN cat=[android.intent.category.LAUNCHER] flg=0x10000000 cmp=com.mozilla.servo/.MainActivity} from uid 2000 on display 0
04-11 21:50:22.676  1072  1112 I VrManagerService: VR mode enabled
04-11 21:50:22.690  1072  1694 I ActivityManager: Start proc 22150:com.mozilla.servo/u0a160 for activity com.mozilla.servo/.MainActivity
04-11 21:50:22.708  1072  1112 I VrManagerService: Connecting ComponentInfo{com.google.vr.vrcore/com.google.vr.vrcore.common.VrCoreListenerService} for user 0
04-11 21:50:22.755  1072  1072 D ConditionProviders: Subscribing to condition://com.google.vr.vrcore with ComponentInfo{com.google.vr.vrcore/com.google.vr.vrcore.common.VrCoreZenConditionProvider}
04-11 21:50:22.767  1072  1551 I ActivityManager: Config changes=480 {1.0 ?mcc?mnc [es_ES] ldltr sw411dp w683dp h387dp 420dpi nrml land finger -keyb/v/h -nav/h s.179}
04-11 21:50:22.880  1072 21014 W AppOps  : Finishing op nesting under-run: uid 10071 pkg com.google.vr.vrcore code 24 time=0 duration=0 nesting=0
04-11 21:50:23.284  1072  1146 D BluetoothManagerService: Message: 20
04-11 21:50:23.284  1072  1146 D BluetoothManagerService: Added callback: android.bluetooth.IBluetoothManagerCallback$Stub$Proxy@f42b06a:true
04-11 21:50:23.297  1072  1147 I WindowManager: Screen frozen for +555ms due to Window{6a57199 u0 com.mozilla.servo/com.mozilla.servo.MainActivity}
04-11 21:50:31.929  1072  3287 I ActivityManager: START u0 {flg=0x10804000 cmp=com.android.systemui/.recents.RecentsActivity} from uid 10042 on display 0
04-11 21:50:32.304  1072  1072 I VrManagerService: VR mode disabled
04-11 21:50:32.305  1072  1072 I VrManagerService: Disconnecting ComponentInfo{com.google.vr.vrcore/com.google.vr.vrcore.common.VrCoreListenerService} for user 0
04-11 21:50:32.323  1072  1085 W AppOps  : Finishing op nesting under-run: uid 10071 pkg com.google.vr.vrcore code 24 time=0 duration=0 nesting=0
04-11 21:50:32.341  1072 10584 W AppOps  : Finishing op nesting under-run: uid 10071 pkg com.google.vr.vrcore code 24 time=0 duration=0 nesting=0
04-11 21:50:33.274  1072  3228 I ActivityManager: Killing 22150:com.mozilla.servo/u0a160 (adj 900): remove task
04-11 21:50:33.276  1072  2274 I ActivityManager: START u0 {act=android.intent.action.MAIN cat=[android.intent.category.HOME] flg=0x10200000 cmp=com.google.android.apps.nexuslauncher/.NexusLauncherActivity} from uid 10042 on display 0
04-11 21:50:33.303  1072  2274 I ActivityManager: Config changes=480 {1.0 ?mcc?mnc [es_ES] ldltr sw411dp w411dp h659dp 420dpi nrml port finger -keyb/v/h -nav/h s.180}
04-11 21:50:33.543  1072  3287 I WindowManager: WIN DEATH: Window{6a57199 u0 com.mozilla.servo/com.mozilla.servo.MainActivity}
04-11 21:50:33.543  1072  3287 W WindowManager: Force-removing child win Window{3d991b u0 SurfaceView - com.mozilla.servo/com.mozilla.servo.MainActivity} from container Window{6a57199 u0 com.mozilla.servo/com.mozilla.servo.MainActivity}
04-11 21:50:33.545  1072 21013 D ActivityManager: cleanUpApplicationRecord -- 22150
04-11 21:50:33.569  1072  1147 I WindowManager: Screen frozen for +279ms due to Window{8856296 u0 StatusBar}
04-11 21:50:55.228  1072 10584 I ActivityManager: Killing 21071:com.google.android.gms.ui/u0a19 (adj 906): empty for 1806s
04-11 21:50:55.278  1072 13055 D ActivityManager: cleanUpApplicationRecord -- 21071
04-11 21:51:32.437  1072  1112 I ActivityManager: Force stopping com.mozilla.servo appid=10160 user=-1: installPackageLI
04-11 21:51:32.515  1072  1153 I PackageManager: Package com.mozilla.servo codePath changed from /data/app/com.mozilla.servo-1 to /data/app/com.mozilla.servo-2; Retaining data and using new
04-11 21:51:32.516  1072  1153 W PackageManager: Code path for com.mozilla.servo changing from /data/app/com.mozilla.servo-1 to /data/app/com.mozilla.servo-2
04-11 21:51:32.516  1072  1153 W PackageManager: Resource path for com.mozilla.servo changing from /data/app/com.mozilla.servo-1 to /data/app/com.mozilla.servo-2
04-11 21:51:32.852  1072  1153 I ActivityManager: Force stopping com.mozilla.servo appid=10160 user=0: pkg removed
04-11 21:51:32.889 21736 21736 W ContextImpl: Calling a method in the system process without a qualified user: android.app.ContextImpl.startService:1357 android.content.ContextWrapper.startService:613 android.content.ContextWrapper.startService:613 com.android.keychain.KeyChainBroadcastReceiver.onReceive:12 android.app.ActivityThread.handleReceiver:3040 
04-11 21:51:39.391  1072  9445 I ActivityManager: Force stopping com.mozilla.servo appid=10160 user=0: from pid 22314
04-11 21:51:39.989  1072 13055 I ActivityManager: START u0 {act=android.intent.action.MAIN cat=[android.intent.category.LAUNCHER] flg=0x10000000 cmp=com.mozilla.servo/.MainActivity} from uid 2000 on display 0
04-11 21:51:40.012  1072  1112 I VrManagerService: VR mode enabled
04-11 21:51:40.035  1072  9443 I ActivityManager: Start proc 22333:com.mozilla.servo/u0a160 for activity com.mozilla.servo/.MainActivity
04-11 21:51:40.048  1072  1112 I VrManagerService: Connecting ComponentInfo{com.google.vr.vrcore/com.google.vr.vrcore.common.VrCoreListenerService} for user 0
04-11 21:51:40.082  1072  1072 D ConditionProviders: Subscribing to condition://com.google.vr.vrcore with ComponentInfo{com.google.vr.vrcore/com.google.vr.vrcore.common.VrCoreZenConditionProvider}
04-11 21:51:40.142  1072  1551 I ActivityManager: Config changes=480 {1.0 ?mcc?mnc [es_ES] ldltr sw411dp w683dp h387dp 420dpi nrml land finger -keyb/v/h -nav/h s.181}
04-11 21:51:40.318  1072  9783 W AppOps  : Finishing op nesting under-run: uid 10071 pkg com.google.vr.vrcore code 24 time=0 duration=0 nesting=0
04-11 21:51:40.764  1072  1146 D BluetoothManagerService: Message: 20
04-11 21:51:40.764  1072  1146 D BluetoothManagerService: Added callback: android.bluetooth.IBluetoothManagerCallback$Stub$Proxy@eb784fc:true
04-11 21:51:40.798  1072  1147 I WindowManager: Screen frozen for +677ms due to Window{d766f93 u0 com.mozilla.servo/com.mozilla.servo.MainActivity}
04-11 21:52:19.654  1072  1112 I ProcessStatsService: Prepared write state in 3ms
04-11 21:52:24.104  1072  9443 I ActivityManager: START u0 {cmp=com.google.vr.vrcore/.daydream.DonPrepareActivity (has extras)} from uid 10071 on display 0
04-11 21:52:24.108  1072  9443 W ActivityManager: startActivity called from non-Activity context; forcing Intent.FLAG_ACTIVITY_NEW_TASK for: Intent { flg=0x800000 cmp=com.google.vr.vrcore/.daydream.DonPrepareActivity (has extras) }
04-11 21:52:24.244  1072  2802 I ActivityManager: START u0 {cmp=com.google.vr.vrcore/.transition.TransitionViewActivity} from uid 10071 on display 0
04-11 21:52:24.428  1072  1072 I VrManagerService: VR mode disabled
04-11 21:52:24.429  1072  1072 I VrManagerService: Disconnecting ComponentInfo{com.google.vr.vrcore/com.google.vr.vrcore.common.VrCoreListenerService} for user 0
04-11 21:52:24.595  1072 10584 W AppOps  : Finishing op nesting under-run: uid 10071 pkg com.google.vr.vrcore code 24 time=0 duration=0 nesting=0
04-11 21:52:24.676  1072 19304 W AppOps  : Finishing op nesting under-run: uid 10071 pkg com.google.vr.vrcore code 24 time=0 duration=0 nesting=0
04-11 21:52:39.763  1072 19305 I ActivityManager: START u0 {flg=0x10804000 cmp=com.android.systemui/.recents.RecentsActivity} from uid 10042 on display 0
04-11 21:52:39.794  1072 19305 W ActivityManager: Failed setting process group of 2082 to 1
04-11 21:52:40.920  1072  9443 I ActivityManager: Killing 22333:com.mozilla.servo/u0a160 (adj 900): remove task
04-11 21:52:41.004  1072  1418 I WindowManager: WIN DEATH: Window{3ff25af u0 SurfaceView - com.mozilla.servo/com.mozilla.servo.MainActivity}
04-11 21:52:41.005  1072 21014 D ActivityManager: cleanUpApplicationRecord -- 22333
04-11 21:52:41.008  1072  1689 I WindowManager: WIN DEATH: Window{d766f93 u0 com.mozilla.servo/com.mozilla.servo.MainActivity}
04-11 21:52:41.008  1072  1689 W WindowManager: Force-removing child win Window{5788dbc u0 SurfaceView - com.mozilla.servo/com.mozilla.servo.MainActivity} from container Window{d766f93 u0 com.mozilla.servo/com.mozilla.servo.MainActivity}
04-11 21:52:41.011  1072  3287 W WindowManager: Failed looking up window
04-11 21:52:41.011  1072  3287 W WindowManager: java.lang.IllegalArgumentException: Requested window android.os.BinderProxy@1e7bd0 does not exist
04-11 21:52:41.011  1072  3287 W WindowManager: 	at com.android.server.wm.WindowManagerService.windowForClientLocked(WindowManagerService.java:9415)
04-11 21:52:41.011  1072  3287 W WindowManager: 	at com.android.server.wm.WindowManagerService.windowForClientLocked(WindowManagerService.java:9406)
04-11 21:52:41.011  1072  3287 W WindowManager: 	at com.android.server.wm.WindowState$DeathRecipient.binderDied(WindowState.java:1800)
04-11 21:52:41.011  1072  3287 W WindowManager: 	at android.os.BinderProxy.sendDeathNotice(Binder.java:688)
04-11 21:52:41.011  1072  3287 I WindowManager: WIN DEATH: null
04-11 21:52:41.412  1072 16581 I ActivityManager: START u0 {act=android.intent.action.MAIN cat=[android.intent.category.HOME] flg=0x10200000 cmp=com.google.android.apps.nexuslauncher/.NexusLauncherActivity} from uid 10042 on display 0
04-11 21:52:41.457  1072 16581 I ActivityManager: Config changes=480 {1.0 ?mcc?mnc [es_ES] ldltr sw411dp w411dp h659dp 420dpi nrml port finger -keyb/v/h -nav/h s.182}
04-11 21:52:41.686  1072  1147 I WindowManager: Screen frozen for +252ms due to Window{8856296 u0 StatusBar}
04-11 21:54:52.169  1072 19305 I ActivityManager: Force stopping com.mozilla.servo appid=10160 user=0: from pid 22483
04-11 21:54:52.743  1072  1086 I ActivityManager: START u0 {act=android.intent.action.MAIN cat=[android.intent.category.LAUNCHER] flg=0x10000000 cmp=com.mozilla.servo/.MainActivity} from uid 2000 on display 0
04-11 21:54:52.767  1072  1112 I VrManagerService: VR mode enabled
04-11 21:54:52.780  1072  1085 I ActivityManager: Start proc 22502:com.mozilla.servo/u0a160 for activity com.mozilla.servo/.MainActivity
04-11 21:54:52.803  1072  1112 I VrManagerService: Connecting ComponentInfo{com.google.vr.vrcore/com.google.vr.vrcore.common.VrCoreListenerService} for user 0
04-11 21:54:52.830  1072  9445 I ActivityManager: Config changes=480 {1.0 ?mcc?mnc [es_ES] ldltr sw411dp w683dp h387dp 420dpi nrml land finger -keyb/v/h -nav/h s.183}
04-11 21:54:52.959  1072  1072 D ConditionProviders: Subscribing to condition://com.google.vr.vrcore with ComponentInfo{com.google.vr.vrcore/com.google.vr.vrcore.common.VrCoreZenConditionProvider}
04-11 21:54:53.368  1072  1146 D BluetoothManagerService: Message: 20
04-11 21:54:53.368  1072  1146 D BluetoothManagerService: Added callback: android.bluetooth.IBluetoothManagerCallback$Stub$Proxy@27da27e:true
04-11 21:54:53.379  1072  1147 I WindowManager: Screen frozen for +565ms due to Window{7611782 u0 Starting com.mozilla.servo}
04-11 21:55:36.992  1072 19305 I ActivityManager: START u0 {cmp=com.google.vr.vrcore/.daydream.DonPrepareActivity (has extras)} from uid 10071 on display 0
04-11 21:55:36.998  1072 19305 W ActivityManager: startActivity called from non-Activity context; forcing Intent.FLAG_ACTIVITY_NEW_TASK for: Intent { flg=0x800000 cmp=com.google.vr.vrcore/.daydream.DonPrepareActivity (has extras) }
04-11 21:55:37.129  1072 13056 I ActivityManager: START u0 {cmp=com.google.vr.vrcore/.transition.TransitionViewActivity} from uid 10071 on display 0
04-11 21:55:37.308  1072  1072 I VrManagerService: VR mode disabled
04-11 21:55:37.315  1072  1072 I VrManagerService: Disconnecting ComponentInfo{com.google.vr.vrcore/com.google.vr.vrcore.common.VrCoreListenerService} for user 0
04-11 21:55:37.458  1072 10584 W AppOps  : Finishing op nesting under-run: uid 10071 pkg com.google.vr.vrcore code 24 time=0 duration=0 nesting=0
04-11 21:55:37.502  1072  1551 W AppOps  : Finishing op nesting under-run: uid 10071 pkg com.google.vr.vrcore code 24 time=0 duration=0 nesting=0
04-11 21:55:39.945  1072  1112 I VrManagerService: VR mode enabled
04-11 21:55:39.949  1072  1112 I VrManagerService: Connecting ComponentInfo{com.google.vr.vrcore/com.google.vr.vrcore.common.VrCoreListenerService} for user 0
04-11 21:55:39.950  1072 19304 I ActivityManager: START u0 {cmp=com.google.vr.vrcore/.daydream.MetaworldActivity (has extras)} from uid 10071 on display 0
04-11 21:55:40.378  1072  1072 D ConditionProviders: Subscribing to condition://com.google.vr.vrcore with ComponentInfo{com.google.vr.vrcore/com.google.vr.vrcore.common.VrCoreZenConditionProvider}
04-11 21:55:51.804  1072 19305 I ActivityManager: START u0 {cat=[com.google.intent.category.DAYDREAM] flg=0x34010000 cmp=com.mozilla.servo/.MainActivity} from uid 10160 on display 0
04-11 21:56:11.430  1072  1112 I ActivityManager: Waited long enough for: ServiceRecord{ac9b776 u0 com.google.android.gms/.stats.service.DropBoxEntryAddedService}
04-11 21:57:08.686  1072  2802 I ActivityManager: START u0 {flg=0x10804000 cmp=com.android.systemui/.recents.RecentsActivity} from uid 10042 on display 0
04-11 21:57:09.069  1072  1072 I VrManagerService: VR mode disabled
04-11 21:57:09.070  1072  1072 I VrManagerService: Disconnecting ComponentInfo{com.google.vr.vrcore/com.google.vr.vrcore.common.VrCoreListenerService} for user 0
04-11 21:57:09.089  1072 17585 W AppOps  : Finishing op nesting under-run: uid 10071 pkg com.google.vr.vrcore code 24 time=0 duration=0 nesting=0
04-11 21:57:09.117  1072  9580 W AppOps  : Finishing op nesting under-run: uid 10071 pkg com.google.vr.vrcore code 24 time=0 duration=0 nesting=0
04-11 21:57:09.820  1072  2274 I ActivityManager: Killing 22502:com.mozilla.servo/u0a160 (adj 900): remove task
04-11 21:57:09.821  1072  9580 I ActivityManager: START u0 {act=android.intent.action.MAIN cat=[android.intent.category.HOME] flg=0x10200000 cmp=com.google.android.apps.nexuslauncher/.NexusLauncherActivity} from uid 10042 on display 0
04-11 21:57:09.854  1072  9580 I ActivityManager: Config changes=480 {1.0 ?mcc?mnc [es_ES] ldltr sw411dp w411dp h659dp 420dpi nrml port finger -keyb/v/h -nav/h s.184}
04-11 21:57:10.156  1072  1147 I WindowManager: Screen frozen for +320ms due to Window{8856296 u0 StatusBar}
04-11 21:57:10.176  1072  1114 E libprocessgroup: failed to kill 1 processes for processgroup 22502
04-11 21:57:10.193  1072  9443 I WindowManager: WIN DEATH: Window{5477a94 u0 com.mozilla.servo/com.mozilla.servo.MainActivity}
04-11 21:57:10.194  1072  9443 W WindowManager: Force-removing child win Window{e00f240 u0 SurfaceView - com.mozilla.servo/com.mozilla.servo.MainActivity} from container Window{5477a94 u0 com.mozilla.servo/com.mozilla.servo.MainActivity}
04-11 21:57:10.195  1072 21014 D ActivityManager: cleanUpApplicationRecord -- 22502
04-11 21:57:10.197  1072  9443 W WindowManager: Force-removing child win Window{db6d579 u0 SurfaceView - com.mozilla.servo/com.mozilla.servo.MainActivity} from container Window{5477a94 u0 com.mozilla.servo/com.mozilla.servo.MainActivity}
04-11 21:57:10.201  1072  3287 W WindowManager: Failed looking up window
04-11 21:57:10.201  1072  3287 W WindowManager: java.lang.IllegalArgumentException: Requested window android.os.BinderProxy@940793d does not exist
04-11 21:57:10.201  1072  3287 W WindowManager: 	at com.android.server.wm.WindowManagerService.windowForClientLocked(WindowManagerService.java:9415)
04-11 21:57:10.201  1072  3287 W WindowManager: 	at com.android.server.wm.WindowManagerService.windowForClientLocked(WindowManagerService.java:9406)
04-11 21:57:10.201  1072  3287 W WindowManager: 	at com.android.server.wm.WindowState$DeathRecipient.binderDied(WindowState.java:1800)
04-11 21:57:10.201  1072  3287 W WindowManager: 	at android.os.BinderProxy.sendDeathNotice(Binder.java:688)
04-11 21:57:10.201  1072  3287 I WindowManager: WIN DEATH: null
04-11 21:57:10.202  1072  1418 W WindowManager: Failed looking up window
04-11 21:57:10.202  1072  1418 W WindowManager: java.lang.IllegalArgumentException: Requested window android.os.BinderProxy@55bd2f4 does not exist
04-11 21:57:10.202  1072  1418 W WindowManager: 	at com.android.server.wm.WindowManagerService.windowForClientLocked(WindowManagerService.java:9415)
04-11 21:57:10.202  1072  1418 W WindowManager: 	at com.android.server.wm.WindowManagerService.windowForClientLocked(WindowManagerService.java:9406)
04-11 21:57:10.202  1072  1418 W WindowManager: 	at com.android.server.wm.WindowState$DeathRecipient.binderDied(WindowState.java:1800)
