04-11 22:09:39.129  1072 16581 W WindowManager: 	at com.android.server.wm.WindowState$DeathRecipient.binderDied(WindowState.java:1800)
04-11 22:09:39.129  1072 16581 W WindowManager: 	at android.os.BinderProxy.sendDeathNotice(Binder.java:688)
04-11 22:09:39.129  1072 16581 I WindowManager: WIN DEATH: null
04-11 22:09:39.151  1603  1603 V zz      : WeatherManager$3.onResult() successful result: [WeatherVo] conditions: CLEAR (1), CLOUDY (2)
04-11 22:09:39.151  1603  1603 V zz      : TimelapseRenderer.updateWeatherCondition() CLOUDY
04-11 22:09:39.207  1983  3804 I chatty  : uid=10019(com.google.android.gms) Places expire 3 lines
04-11 22:09:39.318 21015 21015 W IInputConnectionWrapper: reportFullscreenMode on inexistent InputConnection
04-11 22:09:39.346  2122  2196 W OpenGLRenderer: Incorrectly called buildLayer on View: ShortcutAndWidgetContainer, destroying layer...
04-11 22:09:39.346  2122  2196 W OpenGLRenderer: Incorrectly called buildLayer on View: ShortcutAndWidgetContainer, destroying layer...
04-11 22:09:39.363  1983  1994 I chatty  : uid=10019(com.google.android.gms) HeapTaskDaemon expire 1 line
04-11 22:09:39.374  1983  2281 I chatty  : uid=10019(com.google.android.gms) GeofencerStateM expire 1 line
04-11 22:09:39.407  1983 23541 I chatty  : uid=10019 com.google.android.gms.persistent expire 7 lines
04-11 22:09:39.408  1072  3287 I chatty  : uid=1000(system) Binder:1072_B expire 2 lines
04-11 22:09:40.619   487   542 D audio_hw_primary: disable_audio_route: usecase(1) reset and update mixer path: low-latency-playback speaker
04-11 22:09:40.622   487   542 D hardware_info: hw_info_append_hw_type : device_name = speaker
04-11 22:09:40.622   487   542 D audio_hw_primary: disable_snd_device: snd_device(2: speaker)
04-11 22:09:41.046  1072  1147 I chatty  : uid=1000(system) android.display expire 2 lines
04-11 22:09:41.219  1072  1079 I chatty  : uid=1000(system) FinalizerDaemon expire 1 line
04-11 22:09:44.142  2082 23862 I bbl     : Disposing of ControllerManager.
04-11 22:09:44.143  2082 23862 I bar     : Disposing of controller default_v1_daydream_controller
04-11 22:09:44.143  2082 23862 I bar     : Controller default_v1_daydream_controller state change STATE_ACTIVE --> STATE_DISPOSED
04-11 22:09:44.143  2082 23862 I bar     : Shutting down controller default_v1_daydream_controller
04-11 22:09:44.188  2082 23862 D BluetoothGatt: cancelOpen() - device: A8:1E:84:13:B9:B0
04-11 22:09:44.193  1443  1919 D BtGatt.GattService: clientDisconnect() - address=A8:1E:84:13:B9:B0, connId=5
04-11 22:09:44.208  1443  1564 D BtGatt.GattService: onDisconnected() - clientIf=5, connId=5, address=A8:1E:84:13:B9:B0
04-11 22:09:44.210  2082  2095 D BluetoothGatt: onClientConnectionState() - status=0 clientIf=5 device=A8:1E:84:13:B9:B0
04-11 22:09:44.210  2082 23862 D BluetoothGatt: close()
04-11 22:09:44.210  2082 23862 D BluetoothGatt: unregisterApp() - mClientIf=5
04-11 22:09:44.211  1443  1564 D BtGatt.GattService: onConnected() - clientIf=5, connId=5, address=A8:1E:84:13:B9:B0
04-11 22:09:44.212  2082 10734 D BluetoothGatt: onClientConnectionState() - status=0 clientIf=5 device=A8:1E:84:13:B9:B0
04-11 22:09:44.213  1443  1488 D BtGatt.GattService: unregisterClient() - clientIf=5
04-11 22:09:44.214  2082 10734 W BluetoothGatt: Unhandled exception in callback
04-11 22:09:44.214  2082 10734 W BluetoothGatt: java.lang.NullPointerException: Attempt to invoke virtual method 'void android.bluetooth.BluetoothGattCallback.onConnectionStateChange(android.bluetooth.BluetoothGatt, int, int)' on a null object reference
04-11 22:09:44.214  2082 10734 W BluetoothGatt: 	at android.bluetooth.BluetoothGatt$1.onClientConnectionState(BluetoothGatt.java:180)
04-11 22:09:44.214  2082 10734 W BluetoothGatt: 	at android.bluetooth.IBluetoothGattCallback$Stub.onTransact(IBluetoothGattCallback.java:70)
04-11 22:09:44.214  2082 10734 W BluetoothGatt: 	at android.os.Binder.execTransact(Binder.java:565)
04-11 22:09:44.215  2082 10734 W BluetoothGatt: Unhandled exception in callback
04-11 22:09:44.215  2082 10734 W BluetoothGatt: java.lang.NullPointerException: Attempt to invoke virtual method 'void android.bluetooth.BluetoothGattCallback.onCharacteristicChanged(android.bluetooth.BluetoothGatt, android.bluetooth.BluetoothGattCharacteristic)' on a null object reference
04-11 22:09:44.215  2082 10734 W BluetoothGatt: 	at android.bluetooth.BluetoothGatt$1.onNotify(BluetoothGatt.java:353)
04-11 22:09:44.215  2082 10734 W BluetoothGatt: 	at android.bluetooth.IBluetoothGattCallback$Stub.onTransact(IBluetoothGattCallback.java:177)
04-11 22:09:44.215  2082 10734 W BluetoothGatt: 	at android.os.Binder.execTransact(Binder.java:565)
04-11 22:09:44.216  1443  1564 D BtGatt.GattService: onDisconnected() - clientIf=5, connId=5, address=A8:1E:84:13:B9:B0
04-11 22:09:44.217  2082 10734 W BluetoothGatt: Unhandled exception in callback
04-11 22:09:44.217  2082 10734 W BluetoothGatt: java.lang.NullPointerException: Attempt to invoke virtual method 'void android.bluetooth.BluetoothGattCallback.onCharacteristicChanged(android.bluetooth.BluetoothGatt, android.bluetooth.BluetoothGattCharacteristic)' on a null object reference
04-11 22:09:44.217  2082 10734 W BluetoothGatt: 	at android.bluetooth.BluetoothGatt$1.onNotify(BluetoothGatt.java:353)
04-11 22:09:44.217  2082 10734 W BluetoothGatt: 	at android.bluetooth.IBluetoothGattCallback$Stub.onTransact(IBluetoothGattCallback.java:177)
04-11 22:09:44.217  2082 10734 W BluetoothGatt: 	at android.os.Binder.execTransact(Binder.java:565)
04-11 22:09:44.217  1443  1564 E BtGatt.ContextMap: Context not found for ID 5
04-11 22:09:44.217  2082 23862 I ControllerService: Controller default_v1_daydream_controller state updated to: DISCONNECTED
04-11 22:09:44.217  2082  2082 I ControllerService: ControllerService destroyed.
04-11 22:09:45.222  1443  1898 W bt_btif : bta_gattc_conn_cback() - cif=3 connected=0 conn_id=3 reason=0x0016
04-11 22:09:45.223  1443  1898 W bt_btif : bta_gattc_conn_cback() - cif=4 connected=0 conn_id=4 reason=0x0016
04-11 22:09:45.227  1443  1898 I bt_btm_sec: btm_sec_disconnected clearing pending flag handle:12 reason:22
04-11 22:09:45.234  1443  1564 E BluetoothRemoteDevices: state12newState1
04-11 22:09:45.244  1443  1443 D BluetoothMapService: onReceive
04-11 22:09:45.245  1443  1443 D BluetoothMapService: onReceive: android.bluetooth.device.action.ACL_DISCONNECTED
04-11 22:09:45.257  1443  1443 D BluetoothPbapReceiver: PbapReceiver onReceive action = android.bluetooth.device.action.ACL_DISCONNECTED
04-11 22:09:45.260  1443  1443 D BluetoothPbapReceiver: Calling start service with action = null
04-11 22:09:46.209  1870  1895 I WCNSS_FILTER: ibs_msm_serial_clock_vote: vote UART CLK OFF using UART driver's ioctl()
04-11 22:09:46.517  3470  3489 D QcrilMsgTunnelSocket: readRilMessage: Buffer = [B@cbe4c6f HexData = [010000000404000011000000514f454d484f4f4bef0308000100000003]
04-11 22:09:46.517  3470  3489 D QcrilMsgTunnelSocket: Rcvd UNSOL response with 28 bytes data for SUB0
04-11 22:09:46.517  3470  3489 D QcrilMsgTunnelSocket: Response ID 525295 is not served in this process.
04-11 22:09:46.517  3470  3489 D QcrilMsgTunnelSocket: To broadcast an Intent via the notifier to external apps
04-11 22:09:46.518  3470  3470 D QcrilMsgTunnelIfaceManager: handleMessage what = 0
04-11 22:09:46.536  1658  1658 D QC_RIL_OEM_HOOK: Received Broadcast Intent ACTION_UNSOL_RESPONSE_OEM_HOOK_RAW
04-11 22:09:46.536  1658  1658 D QC_RIL_OEM_HOOK: Oem ID in QCRILHOOK UNSOL RESP is QOEMHOOK
04-11 22:10:07.735  1603  1603 W zz      : SunriseUtil$3.onResult() location is null
04-11 22:10:07.738  1603  1603 V zz      : TimelapseRenderer$1.onReceive() got sunrise broadcast - false
04-11 22:10:23.937  1072  1149 I PowerManagerService: Going to sleep due to screen timeout (uid 1000)...
04-11 22:10:24.560  1072  1147 I DisplayManagerService: Display device changed state: "Pantalla integrada", OFF
04-11 22:10:24.560   485   485 D SurfaceFlinger: Set power mode=0, type=0 flinger=0x7e43e48000
04-11 22:10:24.560   485   485 I SDM     : DisplayBase::SetDisplayState: Set state = 0, display 0
04-11 22:10:24.562  1603  1603 D zz      : UtWallpaperService$UtEngine.onVisibilityChanged() false
04-11 22:10:24.570  1603  1603 D zz      : UtRenderer.onNotVisible() 
04-11 22:10:24.626  2153 21977 I PBSessionCacheImpl: Deleted sessionId[9470486038758256] from persistence.
04-11 22:10:24.657  2153  2153 W SearchService: Abort, client detached.
04-11 22:10:24.717  1983 22918 I chatty  : uid=10019 com.google.android.gms.persistent expire 4 lines
04-11 22:10:24.791  1072  1435 I chatty  : uid=1000(system) PhotonicModulat expire 1 line
04-11 22:10:24.792  1072  1149 I DreamManagerService: Entering dreamland.
04-11 22:10:24.792  1072  1149 I PowerManagerService: Dozing...
04-11 22:10:24.793  1072  1145 I DreamController: Starting dream: name=ComponentInfo{com.android.systemui/com.android.systemui.doze.DozeService}, isTest=false, canDoze=true, userId=0
04-11 22:10:24.801  1983  3804 I chatty  : uid=10019(com.google.android.gms) Places expire 2 lines
04-11 22:10:24.837  1072  1387 I chatty  : uid=1000(system) n HAL callback. expire 19 lines
04-11 22:10:24.855  1603  1603 D zz      : UtWallpaperService$UtEngine$DeviceEventsReceiver.onReceive() screen-off
04-11 22:10:24.855  1603  1603 D zz      : UtRenderer.onScreenOff() 
04-11 22:10:29.005  1072  3311 I ActivityManager: Setting hasTopUi=true for pid=21015
04-11 22:10:29.138 21015 21015 D PhoneStatusBar: disable: < expand ICONS* alerts SYSTEM_INFO* back home recent clock search quick_settings >
04-11 22:10:30.085 21015 21015 W View    : requestLayout() improperly called by com.android.systemui.statusbar.NotificationOverflowIconsView{a37ddb2 V.E...... ......ID 158,26-1040,89 #7f120255 app:id/overflow_icons_view} during layout: running second layout pass
04-11 22:10:30.085 21015 21015 W View    : requestLayout() improperly called by com.android.systemui.statusbar.ExpandableNotificationRow{7dba76e VFE...C.. ......ID 0,0-1080,242} during layout: running second layout pass
04-11 22:10:30.085 21015 21015 W View    : requestLayout() improperly called by com.android.systemui.statusbar.ExpandableNotificationRow{175ded7 VFE...C.. ......ID 0,0-1080,286} during layout: running second layout pass
04-11 22:10:30.086 21015 21015 W View    : requestLayout() improperly called by StatusBarIconView(slot= icon=StatusBarIcon(icon=Icon(typ=RESOURCE pkg=com.android.vending id=0x7f0202ae) visible user=0 ) notification=Notification(pri=-1 contentView=null vibrate=null sound=null tick defaults=0x0 flags=0x110 color=0xff689f38 category=status actions=1 vis=PRIVATE)) during layout: running second layout pass
04-11 22:10:30.118 21015 21015 D PhoneStatusBar: disable: < expand ICONS alerts SYSTEM_INFO back HOME* RECENT* clock SEARCH* quick_settings >
04-11 22:10:56.715   485   520 W SurfaceFlinger: Timed out waiting for hw vsync; faking it
04-11 22:10:57.345  1072  1387 I chatty  : uid=1000(system) n HAL callback. expire 25 lines
04-11 22:10:57.464  1072  1149 I DisplayPowerController: Blocking screen on until initial contents have been drawn.
04-11 22:10:57.465  1072  1147 I DisplayManagerService: Display device changed state: "Pantalla integrada", DOZE
04-11 22:10:57.466   485   485 D SurfaceFlinger: Set power mode=1, type=0 flinger=0x7e43e48000
04-11 22:10:57.466   485   485 I SDM     : DisplayBase::SetDisplayState: Set state = 2, display 0
04-11 22:10:57.471  1603  1603 D zz      : UtWallpaperService$UtEngine.onVisibilityChanged() true
04-11 22:10:57.493  1603  1603 D zz      : UtWallpaperService$UtEngine.onVisibilityChanged() and is on lockscreen
04-11 22:10:57.493  1603  1603 D zz      : UtRenderer.onVisibleAtLockScreen() 
04-11 22:10:57.494  1603  1603 V zz      : WeatherManager.doGet() getting weather from Awareness
04-11 22:10:57.498  1603  1603 V zz      : SunriseUtil.doGet() getting location from Awareness
04-11 22:10:57.552  1072  1149 I DisplayPowerController: Unblocked screen on after 88 ms
04-11 22:10:57.570  1983 23411 I chatty  : uid=10019 com.google.android.gms.persistent expire 8 lines
04-11 22:10:57.585  1603  1603 V zz      : WeatherManager$3.onResult() successful result: [WeatherVo] conditions: CLEAR (1), CLOUDY (2)
04-11 22:10:57.586  1603  1603 V zz      : TimelapseRenderer.updateWeatherCondition() CLOUDY
04-11 22:10:57.602  1983  2281 I chatty  : uid=10019(com.google.android.gms) GeofencerStateM expire 1 line
04-11 22:11:00.764  1072  2274 I PowerManagerService: Waking up from dozing (uid 10042)...
04-11 22:11:00.796  1072  1147 I DisplayManagerService: Display device changed state: "Pantalla integrada", ON
04-11 22:11:00.798   485   485 D SurfaceFlinger: Set power mode=2, type=0 flinger=0x7e43e48000
04-11 22:11:00.798   485   485 I SDM     : DisplayBase::SetDisplayState: Set state = 1, display 0
04-11 22:11:00.806  1072  1149 I DreamManagerService: Gently waking up from dream.
04-11 22:11:00.814  1072 19652 I DreamManagerService: Leaving dreamland.
04-11 22:11:00.815  1072  1145 I DreamController: Stopping dream: name=ComponentInfo{com.android.systemui/com.android.systemui.doze.DozeService}, isTest=false, canDoze=true, userId=0
04-11 22:11:00.840  1603  1603 D zz      : UtWallpaperService$UtEngine$DeviceEventsReceiver.onReceive() screen-on
04-11 22:11:00.840  1603  1603 D zz      : UtRenderer.onScreenOn() and is visible? true
04-11 22:11:00.855  2019  2190 D BrcmNfcJni: RoutingManager::nfaEeCallback: NFA_EE_SET_TECH_CFG_EVT; status=0x0
04-11 22:11:00.855  2019  2190 D BrcmNfcJni: RoutingManager::nfaEeCallback: NFA_EE_SET_PROTO_CFG_EVT; status=0x0
04-11 22:11:00.856  2019 23987 D BrcmNfcJni: RoutingManager::commitRouting
04-11 22:11:00.856  2019  2190 D BrcmNfcJni: RoutingManager::nfaEeCallback: NFA_EE_UPDATED_EVT
04-11 22:11:00.895  1983  3379 I chatty  : uid=10019(com.google.android.gms) NearbyDirectMai expire 3 lines
04-11 22:11:00.915  1443  1919 D BtGatt.GattService: registerClient() - UUID=10f7e0bc-de42-43fe-b9c5-bb869db4912a
04-11 22:11:00.916  1443  1564 D BtGatt.GattService: onClientRegistered() - UUID=10f7e0bc-de42-43fe-b9c5-bb869db4912a, clientIf=5
04-11 22:11:00.916  1983  5489 I chatty  : uid=10019(com.google.android.gms) Binder:1983_7 expire 1 line
04-11 22:11:00.916  1443  1488 D BtGatt.GattService: start scan with filters
04-11 22:11:00.920  1443  1746 D BtGatt.ScanManager: handling starting scan
04-11 22:11:00.924  1870  1871 I WCNSS_FILTER: ibs_msm_serial_clock_vote: vote UART CLK ON using UART driver's ioctl()
04-11 22:11:00.932  1443  1564 D BtGatt.GattService: onScanFilterEnableDisabled() - clientIf=5, status=0, action=1
04-11 22:11:00.932  1443  1564 D BtGatt.ScanManager: callback done for clientIf - 5 status - 0
04-11 22:11:00.932  1443  1746 D BtGatt.ScanManager: addFilterToController: 5
04-11 22:11:00.933  1443  1564 D BtGatt.GattService: onScanFilterConfig() - clientIf=5, action = 0 status = 0, filterType=5, availableSpace=31
04-11 22:11:00.933  1443  1564 D BtGatt.ScanManager: callback done for clientIf - 5 status - 0
04-11 22:11:00.933  1443  1746 D BtGatt.ScanManager: configureFilterParamter 500 10000 1 0
04-11 22:11:00.934  1443  1564 D BtGatt.GattService: onScanFilterParamsConfigured() - clientIf=5, status=0, action=0, availableSpace=15
04-11 22:11:00.935  1443  1564 D BtGatt.ScanManager: callback done for clientIf - 5 status - 0
04-11 22:11:00.935  1443  1746 D BtGatt.ScanManager: addFilterToController: 2
04-11 22:11:00.936  1443  1564 D BtGatt.GattService: onScanFilterConfig() - clientIf=5, action = 0 status = 0, filterType=2, availableSpace=31
04-11 22:11:00.936  1443  1564 D BtGatt.ScanManager: callback done for clientIf - 5 status - 0
04-11 22:11:00.936  1443  1746 D BtGatt.ScanManager: configureFilterParamter 500 10000 1 0
04-11 22:11:00.937  1443  1564 D BtGatt.GattService: onScanFilterParamsConfigured() - clientIf=5, status=0, action=0, availableSpace=14
04-11 22:11:00.937  1443  1564 D BtGatt.ScanManager: callback done for clientIf - 5 status - 0
04-11 22:11:00.937  1443  1746 D BtGatt.ScanManager: addFilterToController: 5
04-11 22:11:00.938  1443  1564 D BtGatt.GattService: onScanFilterConfig() - clientIf=5, action = 0 status = 0, filterType=5, availableSpace=30
04-11 22:11:00.938  1443  1564 D BtGatt.ScanManager: callback done for clientIf - 5 status - 0
04-11 22:11:00.938  1443  1746 D BtGatt.ScanManager: configureFilterParamter 500 10000 1 0
04-11 22:11:00.939  1443  1564 D BtGatt.GattService: onScanFilterParamsConfigured() - clientIf=5, status=0, action=0, availableSpace=13
04-11 22:11:00.939  1443  1564 D BtGatt.ScanManager: callback done for clientIf - 5 status - 0
04-11 22:11:00.939  1443  1746 D BtGatt.ScanManager: addFilterToController: 2
04-11 22:11:00.940  1443  1564 D BtGatt.GattService: onScanFilterConfig() - clientIf=5, action = 0 status = 0, filterType=2, availableSpace=30
04-11 22:11:00.940  1443  1564 D BtGatt.ScanManager: callback done for clientIf - 5 status - 0
04-11 22:11:00.941  1443  1746 D BtGatt.ScanManager: configureFilterParamter 500 10000 1 0
04-11 22:11:00.942  1443  1564 D BtGatt.GattService: onScanFilterParamsConfigured() - clientIf=5, status=0, action=0, availableSpace=12
04-11 22:11:00.943  1443  1564 D BtGatt.ScanManager: callback done for clientIf - 5 status - 0
04-11 22:11:00.943  1443  1746 D BtGatt.ScanManager: addFilterToController: 5
04-11 22:11:00.944  1443  1564 D BtGatt.GattService: onScanFilterConfig() - clientIf=5, action = 0 status = 0, filterType=5, availableSpace=29
04-11 22:11:00.944  1443  1564 D BtGatt.ScanManager: callback done for clientIf - 5 status - 0
04-11 22:11:00.944  1443  1746 D BtGatt.ScanManager: configureFilterParamter 500 10000 1 0
04-11 22:11:00.945  1443  1564 D BtGatt.GattService: onScanFilterParamsConfigured() - clientIf=5, status=0, action=0, availableSpace=11
04-11 22:11:00.945  1443  1564 D BtGatt.ScanManager: callback done for clientIf - 5 status - 0
04-11 22:11:00.945  1443  1746 D BtGatt.ScanManager: addFilterToController: 2
04-11 22:11:00.947  1443  1564 D BtGatt.GattService: onScanFilterConfig() - clientIf=5, action = 0 status = 0, filterType=2, availableSpace=29
04-11 22:11:00.947  1443  1564 D BtGatt.ScanManager: callback done for clientIf - 5 status - 0
04-11 22:11:00.947  1443  1746 D BtGatt.ScanManager: configureFilterParamter 500 10000 1 0
04-11 22:11:00.948  1443  1564 D BtGatt.GattService: onScanFilterParamsConfigured() - clientIf=5, status=0, action=0, availableSpace=10
04-11 22:11:00.948  1443  1564 D BtGatt.ScanManager: callback done for clientIf - 5 status - 0
04-11 22:11:00.948  1443  1746 D BtGatt.ScanManager: configureRegularScanParams() - queue=1
04-11 22:11:00.948  1443  1746 D BtGatt.ScanManager: configureRegularScanParams() - ScanSetting Scan mode=2 mLastConfiguredScanSetting=-2147483648
04-11 22:11:00.948  1443  1746 D BtGatt.ScanManager: configureRegularScanParams - scanInterval = 8000configureRegularScanParams - scanWindow = 8000
04-11 22:11:00.949  1443  1564 D BtGatt.GattService: onScanParamSetupCompleted : 0
04-11 22:11:01.080 21015 21015 D PhoneStatusBar: disable: < expand ICONS alerts SYSTEM_INFO back HOME RECENT clock SEARCH quick_settings >
04-11 22:11:01.103   487   542 I ACDB-LOADER: ACDB AFE returned = -19
04-11 22:11:01.103   487   542 D hardware_info: hw_info_append_hw_type : device_name = speaker
04-11 22:11:01.103   487   542 D audio_hw_primary: enable_snd_device: snd_device(2: speaker)
04-11 22:11:01.103   487   542 D audio_hw_primary: enable_audio_route: usecase(1) apply and update mixer path: low-latency-playback speaker
04-11 22:11:01.105   619   643 E ANDR-PERF-OPTSHANDLER: Warning: Resource [2, 0] not supported for core 1. Instead use resource for core 0
04-11 22:11:01.105   619   643 E ANDR-PERF-RESOURCEQS: Failed to apply optimization [2, 2, 0]
04-11 22:11:01.107 21015 21015 D PhoneStatusBar: disable: < expand icons* alerts system_info* back HOME RECENT clock SEARCH quick_settings >
04-11 22:11:01.107  1072 21014 I chatty  : uid=1000(system) Binder:1072_1B expire 2 lines
04-11 22:11:01.119  1603  1603 D zz      : UtWallpaperService$UtEngine$DeviceEventsReceiver.onReceive() user_present
04-11 22:11:01.119  1603  1603 D zz      : UtRenderer.onUserPresent() 
04-11 22:11:01.120  1603  1603 D zz      : UtRenderer.onUserPresent() and was at lock screen
04-11 22:11:01.128  1072  9443 W InputMethodManagerService: Window already focused, ignoring focus gain of: com.android.internal.view.IInputMethodClient$Stub$Proxy@e48b9b7 attribute=android.view.inputmethod.EditorInfo@8170524, token = android.os.BinderProxy@2d8cb59
04-11 22:11:01.134  2019  2190 E BrcmNfcJni: nfaConnectionCallback: unknown event ????
04-11 22:11:01.134  2019  2190 D BrcmNfcJni: RoutingManager::nfaEeCallback: NFA_EE_SET_TECH_CFG_EVT; status=0x0
04-11 22:11:01.134  2019  2190 D BrcmNfcJni: RoutingManager::nfaEeCallback: NFA_EE_SET_PROTO_CFG_EVT; status=0x0
04-11 22:11:01.134  2019 23990 D BrcmNfcJni: RoutingManager::commitRouting
04-11 22:11:01.134  2019  2190 D BrcmNfcJni: RoutingManager::nfaEeCallback: NFA_EE_UPDATED_EVT
04-11 22:11:01.137 21015 21015 D PhoneStatusBar: disable: < expand icons alerts system_info back home* recent* clock search* quick_settings >
04-11 22:11:01.159  2599 23996 I chatty  : uid=10019(com.google.android.gms) expire 1 line
04-11 22:11:01.169  2153  2153 I OptInState: There is a new client and it does not support opt-in. Dropping request.
04-11 22:11:01.175  2599  2599 I chatty  : uid=10019(com.google.android.gms) expire 2 lines
04-11 22:11:01.179  2153 21678 W LocationOracle: No location history returned by ContextManager
04-11 22:11:01.294  1983  3804 I chatty  : uid=10019(com.google.android.gms) Places expire 3 lines
04-11 22:11:01.561  1072  1418 I ActivityManager: Setting hasTopUi=false for pid=21015
04-11 22:11:01.952  1870  1895 I WCNSS_FILTER: ibs_msm_serial_clock_vote: vote UART CLK OFF using UART driver's ioctl()
04-11 22:11:04.118  1072 19305 I ActivityManager: START u0 {act=android.intent.action.MAIN cat=[android.intent.category.LAUNCHER] flg=0x10200000 cmp=com.mozilla.servo/.MainActivity bnds=[24,239][230,517] (has extras)} from uid 10032 on display 0
04-11 22:11:04.129  1072  1112 I VrManagerService: VR mode enabled
04-11 22:11:04.129   613   735 I ThermalEngine: Thermal-Server: Thermal received msg from  config_set
04-11 22:11:04.129   613   735 I ThermalEngine: Thermal-Server: Num of config set request 1
04-11 22:11:04.129  1072  1112 I chatty  : uid=1000(system) ActivityManager expire 5 lines
04-11 22:11:04.130   613   735 I ThermalEngine: Thermal-Server: Num of config set request 1
04-11 22:11:04.132   613   735 I ThermalEngine: Thermal-Server: Thermal received msg from  config_set
04-11 22:11:04.132   613   735 I ThermalEngine: Thermal-Server: Num of config set request 1
04-11 22:11:04.133   613   735 I ThermalEngine: Thermal-Server: Num of config set request 1
04-11 22:11:04.133   613   735 I ThermalEngine: Thermal-Server: Thermal received msg from  config_set
04-11 22:11:04.133   613   735 I ThermalEngine: Thermal-Server: Num of config set request 1
04-11 22:11:04.133   613   735 I ThermalEngine: Thermal-Server: Num of config set request 1
04-11 22:11:04.134   613   735 I ThermalEngine: Thermal-Server: Thermal received msg from  config_set
04-11 22:11:04.134   613   735 I ThermalEngine: Thermal-Server: Num of config set request 1
04-11 22:11:04.135   613   735 I ThermalEngine: Thermal-Server: Num of config set request 1
04-11 22:11:04.135   613   735 I ThermalEngine: Thermal-Server: Thermal received msg from  config_set
04-11 22:11:04.135   613   735 I ThermalEngine: Thermal-Server: Num of config set request 1
04-11 22:11:04.135   613   735 I ThermalEngine: Thermal-Server: Num of config set request 1
04-11 22:11:04.143  1072 16581 I ActivityManager: Start proc 24004:com.mozilla.servo/u0a160 for activity com.mozilla.servo/.MainActivity
04-11 22:11:04.149  1072  1072 I chatty  : uid=1000 system_server expire 10 lines
04-11 22:11:04.162  1072  1112 I VrManagerService: Connecting ComponentInfo{com.google.vr.vrcore/com.google.vr.vrcore.common.VrCoreListenerService} for user 0
04-11 22:11:04.199  1072 21014 I ActivityManager: Config changes=480 {1.0 ?mcc?mnc [es_ES] ldltr sw411dp w683dp h387dp 420dpi nrml land finger -keyb/v/h -nav/h s.199}
04-11 22:11:04.300  2153 23155 I PBSessionCacheImpl: Deleted sessionId[9470486038758256] from persistence.
04-11 22:11:04.301  2082  2082 I VrNotificationService: Requesting rebind
04-11 22:11:04.307  2082  2082 I VrNotificationService: onBind
04-11 22:11:04.310  1603  1749 D zz      : UtRenderer.onSurfaceChanged() 1920x1080
04-11 22:11:04.321 24004 24004 I chatty  : uid=10160(com.mozilla.servo) expire 13 lines
04-11 22:11:04.329  1072  1072 D ConditionProviders: Subscribing to condition://com.google.vr.vrcore with ComponentInfo{com.google.vr.vrcore/com.google.vr.vrcore.common.VrCoreZenConditionProvider}
04-11 22:11:04.343  2082  2082 I VrNotificationService: onListenerConnected
04-11 22:11:04.366 21015 21040 I vol.Events: writeEvent suppressor_changed ComponentInfo{com.google.vr.vrcore/com.google.vr.vrcore.notification.VrNotificationService} Servicios RV de Google
04-11 22:11:04.367 21015 21040 I vol.Events: writeEvent external_ringer_mode_changed silent
04-11 22:11:04.393 21015 21040 I vol.Events: writeEvent zen_mode_changed important_interruptions
04-11 22:11:04.400  2153  2153 W SearchService: Abort, client detached.
04-11 22:11:04.483  1072  1396 I chatty  : uid=1000(system) InputReader expire 6 lines
04-11 22:11:04.483  1072  1081 I chatty  : uid=1000(system) HeapTaskDaemon expire 2 lines
04-11 22:11:04.498  1603  1603 D zz      : UtWallpaperService$UtEngine.onVisibilityChanged() false
04-11 22:11:04.498  1072 21013 I chatty  : uid=1000(system) Binder:1072_1A expire 4 lines
04-11 22:11:04.501  1603  1603 D zz      : UtRenderer.onNotVisible() 
04-11 22:11:04.503  1072  1387 I chatty  : uid=1000(system) n HAL callback. expire 28 lines
04-11 22:11:04.584   485   485 W SurfaceFlinger: couldn't log to binary event log: overflow.
04-11 22:11:04.585   485   485 W SurfaceFlinger: couldn't log to binary event log: overflow.
04-11 22:11:04.602  1449  7004 W Delight5Decoder: removePredictionEngine() : Unknown engine bit@546cfc4
04-11 22:11:04.649 24004 24024 I chatty  : uid=10160(com.mozilla.servo) expire 23 lines
04-11 22:11:04.689 24004 24027 I chatty  : uid=10160(com.mozilla.servo) expire 3 lines
04-11 22:11:04.759  1072  1146 D BluetoothManagerService: Message: 20
04-11 22:11:04.759  1072  1146 D BluetoothManagerService: Added callback: android.bluetooth.IBluetoothManagerCallback$Stub$Proxy@8cd09a3:true
04-11 22:11:04.764 24004 24025 I chatty  : uid=10160(com.mozilla.servo) expire 11 lines
04-11 22:11:04.769  1072  1147 I chatty  : uid=1000(system) android.display expire 5 lines
04-11 22:11:04.777  1072  1147 I WindowManager: Screen frozen for +605ms due to Window{b249a46 u0 com.mozilla.servo/com.mozilla.servo.MainActivity}
04-11 22:11:04.861  2122  2122 W IInputConnectionWrapper: reportFullscreenMode on inexistent InputConnection
04-11 22:11:06.902  1983  3379 I chatty  : uid=10019(com.google.android.gms) NearbyDirectMai expire 4 lines
04-11 22:11:06.911  1443  1735 D BtGatt.GattService: stopScan() - queue size =1
04-11 22:11:06.912  1443  1746 D BtGatt.ScanManager: stop scan
04-11 22:11:06.913  1443  1926 D BtGatt.GattService: unregisterClient() - clientIf=5
04-11 22:11:06.924  1870  1871 I WCNSS_FILTER: ibs_msm_serial_clock_vote: vote UART CLK ON using UART driver's ioctl()
04-11 22:11:06.935  1443  1564 D BtGatt.GattService: onScanFilterParamsConfigured() - clientIf=5, status=0, action=1, availableSpace=11
04-11 22:11:06.935  1443  1564 D BtGatt.ScanManager: callback done for clientIf - 5 status - 0
04-11 22:11:06.936  1443  1564 D BtGatt.GattService: onScanFilterParamsConfigured() - clientIf=5, status=0, action=1, availableSpace=12
04-11 22:11:06.936  1443  1564 D BtGatt.ScanManager: callback done for clientIf - 5 status - 0
04-11 22:11:06.938  1443  1564 D BtGatt.GattService: onScanFilterParamsConfigured() - clientIf=5, status=0, action=1, availableSpace=13
04-11 22:11:06.938  1443  1564 D BtGatt.ScanManager: callback done for clientIf - 5 status - 0
04-11 22:11:06.940  1443  1564 D BtGatt.GattService: onScanFilterParamsConfigured() - clientIf=5, status=0, action=1, availableSpace=14
04-11 22:11:06.940  1443  1564 D BtGatt.ScanManager: callback done for clientIf - 5 status - 0
04-11 22:11:06.941  1443  1564 D BtGatt.GattService: onScanFilterParamsConfigured() - clientIf=5, status=0, action=1, availableSpace=15
04-11 22:11:06.941  1443  1564 D BtGatt.ScanManager: callback done for clientIf - 5 status - 0
04-11 22:11:06.943  1443  1564 D BtGatt.GattService: onScanFilterParamsConfigured() - clientIf=5, status=0, action=1, availableSpace=16
04-11 22:11:06.943  1443  1564 D BtGatt.ScanManager: callback done for clientIf - 5 status - 0
04-11 22:11:06.943  1443  1746 D BtGatt.ScanManager: configureRegularScanParams() - queue=0
04-11 22:11:06.943  1443  1746 D BtGatt.ScanManager: configureRegularScanParams() - ScanSetting Scan mode=-2147483648 mLastConfiguredScanSetting=2
04-11 22:11:06.943  1443  1746 D BtGatt.ScanManager: configureRegularScanParams() - queue emtpy, scan stopped
04-11 22:11:07.336   487   542 D audio_hw_primary: disable_audio_route: usecase(1) reset and update mixer path: low-latency-playback speaker
04-11 22:11:07.338   487   542 D hardware_info: hw_info_append_hw_type : device_name = speaker
04-11 22:11:07.338   487   542 D audio_hw_primary: disable_snd_device: snd_device(2: speaker)
04-11 22:11:07.647 24004 24045 I chatty  : uid=10160(com.mozilla.servo) expire 3 lines
04-11 22:11:07.732  1072 10584 I chatty  : uid=1000(system) Binder:1072_11 expire 4 lines
04-11 22:11:07.733 24004 24071 I chatty  : uid=10160(com.mozilla.servo) expire 1 line
04-11 22:11:07.737  1072  9445 I chatty  : uid=1000(system) Binder:1072_E expire 8 lines
04-11 22:11:07.739  1072  3287 I chatty  : uid=1000(system) Binder:1072_B expire 4 lines
04-11 22:11:07.745  1072  3228 I chatty  : uid=1000(system) Binder:1072_A expire 5 lines
04-11 22:11:07.749  1072 19305 I chatty  : uid=1000(system) Binder:1072_18 expire 7 lines
04-11 22:11:07.752  1072  1085 I chatty  : uid=1000(system) Binder:1072_1 expire 8 lines
04-11 22:11:07.799  2082  2082 I ControllerService: ControllerService created.
04-11 22:11:07.808  2082 24090 I ControllerSelector: Running compatibility setup for controller 0
04-11 22:11:07.809  2082 24090 I ControllerSelector: Using paired controller.
04-11 22:11:07.809  2082 24090 I bar     : Preparing controller default_v1_daydream_controller
04-11 22:11:07.810  2082 24090 I bar     : Controller default_v1_daydream_controller state change STATE_UNINITIALIZED --> STATE_PREPARING
04-11 22:11:07.814  2082 24090 I bdl     : Soft disconnect mode: detect
04-11 22:11:07.881  2082 24090 I ControllerSelector: Created and started driver for controller: [name=DRIVER_P6,isEmulator=false,address=A8:1E:84:13:B9:B0,usesBluetooth=true]
04-11 22:11:07.886  2082 24090 D BluetoothGatt: connect() - device: A8:1E:84:13:B9:B0, auto: true
04-11 22:11:07.886  2082 24090 D BluetoothGatt: registerApp()
04-11 22:11:07.887  2082 24090 D BluetoothGatt: registerApp() - UUID=f8cd0c6d-ea09-4340-b16f-2d1cea7ed7f8
04-11 22:11:07.889  1443  1926 D BtGatt.GattService: registerClient() - UUID=f8cd0c6d-ea09-4340-b16f-2d1cea7ed7f8
04-11 22:11:07.891  1443  1564 D BtGatt.GattService: onClientRegistered() - UUID=f8cd0c6d-ea09-4340-b16f-2d1cea7ed7f8, clientIf=5
04-11 22:11:07.891  2082  8980 D BluetoothGatt: onClientRegistered() - status=0 clientIf=5
04-11 22:11:07.894  1443  1480 D BtGatt.GattService: clientConnect() - address=A8:1E:84:13:B9:B0, isDirect=false
04-11 22:11:07.895  1443  1564 D bt_btif_config: btif_get_address_type: Device [a8:1e:84:13:b9:b0] address type 0
04-11 22:11:07.895  1443  1564 D bt_btif_config: btif_get_device_type: Device [a8:1e:84:13:b9:b0] type 2
04-11 22:11:07.896  2082 24090 I ControllerService: Controller default_v1_daydream_controller state updated to: SCANNING
04-11 22:11:07.897  2082 24090 I ControllerSelector: Running compatibility setup for controller 0
04-11 22:11:07.899  2082 24090 I ControllerSelector: Using paired controller.
04-11 22:11:07.901  2082 24090 I ControllerService: Adding listener 10160:24004:com.google.vr.internal.controller.LISTENER_KEY for controller 0.
04-11 22:11:07.906  2082 24090 I ControllerService: Listener for uid=10160 ENABLED
04-11 22:11:08.897  1870  1895 I WCNSS_FILTER: ibs_msm_serial_clock_vote: vote UART CLK OFF using UART driver's ioctl()
04-11 22:11:09.384  1983 22918 I chatty  : uid=10019 com.google.android.gms.persistent expire 1 line
04-11 22:11:09.492  1983  3804 I chatty  : uid=10019(com.google.android.gms) Places expire 2 lines
04-11 22:11:27.536  1603  1603 W zz      : SunriseUtil$3.onResult() location is null
04-11 22:11:27.536  1603  1603 V zz      : TimelapseRenderer$1.onReceive() got sunrise broadcast - false
04-11 22:11:28.929  1072  1387 I chatty  : uid=1000(system) n HAL callback. expire 10 lines
04-11 22:11:39.383  2153 21978 W GmsLocationProvider: Error removing location updates: 16
04-11 22:11:39.383  2153 21678 W GmsLocationProvider: Error removing location updates: 16
04-11 22:11:46.292 24004 24025 I chatty  : uid=10160(com.mozilla.servo) expire 2 lines
04-11 22:12:05.653  2565  4245 I PlayCommon: [196] com.google.android.play.a.g.e(940): Preparing logs for uploading
04-11 22:12:05.654  2565  4245 I PlayCommon: [196] com.google.android.play.a.g.e(942): No file ready to send
04-11 22:12:16.860   487   542 I ACDB-LOADER: ACDB AFE returned = -19
04-11 22:12:16.860   487   542 D hardware_info: hw_info_append_hw_type : device_name = speaker
04-11 22:12:16.860   487   542 D audio_hw_primary: enable_snd_device: snd_device(2: speaker)
04-11 22:12:16.860   487   542 D audio_hw_primary: enable_audio_route: usecase(1) apply and update mixer path: low-latency-playback speaker
04-11 22:12:16.863   619   643 E ANDR-PERF-OPTSHANDLER: Warning: Resource [2, 0] not supported for core 1. Instead use resource for core 0
04-11 22:12:16.863   619   643 E ANDR-PERF-RESOURCEQS: Failed to apply optimization [2, 2, 0]
04-11 22:12:16.875  1072  1897 I ActivityManager: START u0 {flg=0x10804000 cmp=com.android.systemui/.recents.RecentsActivity} from uid 10042 on display 0
04-11 22:12:16.891 24004 24004 I chatty  : uid=10160(com.mozilla.servo) expire 7 lines
04-11 22:12:16.892 24004 24024 I chatty  : uid=10160(com.mozilla.servo) expire 5 lines
04-11 22:12:17.043  1603  1603 D zz      : UtWallpaperService$UtEngine.onVisibilityChanged() true
04-11 22:12:17.046  1072  1086 I chatty  : uid=1000(system) Binder:1072_2 expire 6 lines
04-11 22:12:17.052  1603  1603 D zz      : UtRenderer.onVisible() 
04-11 22:12:17.053  1603  1603 V zz      : WeatherManager.doGet() getting weather from Awareness
04-11 22:12:17.063  1603  1603 V zz      : SunriseUtil.doGet() getting location from Awareness
04-11 22:12:17.210  1983 22918 I chatty  : uid=10019 com.google.android.gms.persistent expire 1 line
04-11 22:12:17.221  1603  1603 V zz      : WeatherManager$3.onResult() successful result: [WeatherVo] conditions: CLEAR (1), CLOUDY (2)
04-11 22:12:17.223  1603  1603 V zz      : TimelapseRenderer.updateWeatherCondition() CLOUDY
04-11 22:12:17.248  1072  1072 I VrManagerService: VR mode disabled
04-11 22:12:17.248   613   735 I ThermalEngine: Thermal-Server: Thermal received msg from  config_set
04-11 22:12:17.248   613   735 I ThermalEngine: Thermal-Server: Num of config set request 1
04-11 22:12:17.248   613   735 I ThermalEngine: Thermal-Server: Num of config set request 1
04-11 22:12:17.249   613   735 I ThermalEngine: Thermal-Server: Thermal received msg from  config_set
04-11 22:12:17.249   613   735 I ThermalEngine: Thermal-Server: Num of config set request 1
04-11 22:12:17.249   613   735 I ThermalEngine: Thermal-Server: Num of config set request 1
04-11 22:12:17.249   613   735 I ThermalEngine: Thermal-Server: Thermal received msg from  config_set
04-11 22:12:17.249   613   735 I ThermalEngine: Thermal-Server: Num of config set request 1
04-11 22:12:17.249   613   735 I ThermalEngine: Thermal-Server: Num of config set request 1
04-11 22:12:17.249   613   735 I ThermalEngine: Thermal-Server: Thermal received msg from  config_set
04-11 22:12:17.249   613   735 I ThermalEngine: Thermal-Server: Num of config set request 1
04-11 22:12:17.250   613   735 I ThermalEngine: Thermal-Server: Num of config set request 1
04-11 22:12:17.250  1072  1072 I VrManagerService: Disconnecting ComponentInfo{com.google.vr.vrcore/com.google.vr.vrcore.common.VrCoreListenerService} for user 0
04-11 22:12:17.251   613   740 E ThermalEngine: handle_config_set_sig: Config enable request failed for SKIN-MID-FLOOR
04-11 22:12:17.251   613   735 I ThermalEngine: Thermal-Server: Thermal received msg from  config_set
04-11 22:12:17.251   613   735 I ThermalEngine: Thermal-Server: Num of config set request 1
04-11 22:12:17.251   613   735 I ThermalEngine: Thermal-Server: Num of config set request 1
04-11 22:12:17.252   613   740 I ThermalEngine: vs_get_temperature: read[0] tsens_tz_sensor15 38000 mC, weight[0] 1
04-11 22:12:17.252   613   740 I ThermalEngine: vs_get_temperature: read[1] tsens_tz_sensor0 39000 mC, weight[1] -1
04-11 22:12:17.252  2082  2082 I VrNotificationService: Requesting unbind
04-11 22:12:17.254  1983  2281 I chatty  : uid=10019(com.google.android.gms) GeofencerStateM expire 1 line
04-11 22:12:17.267 21015 21040 I vol.Events: writeEvent suppressor_changed null null
04-11 22:12:17.270  2082 24090 I ControllerService: Listener for uid=10160 DISABLED
04-11 22:12:17.278  1072  9783 W AppOps  : Finishing op nesting under-run: uid 10071 pkg com.google.vr.vrcore code 24 time=0 duration=0 nesting=0
04-11 22:12:17.283  1072 13056 I chatty  : uid=1000(system) Binder:1072_13 expire 1 line
04-11 22:12:17.294  2082  2082 I VrNotificationService: onUnbind
04-11 22:12:17.295  1072  1387 I chatty  : uid=1000(system) n HAL callback. expire 31 lines
04-11 22:12:17.300  1072  3287 W AppOps  : Finishing op nesting under-run: uid 10071 pkg com.google.vr.vrcore code 24 time=0 duration=0 nesting=0
04-11 22:12:17.306  1072  1551 I chatty  : uid=1000(system) Binder:1072_4 expire 7 lines
04-11 22:12:17.318  1983 22918 I chatty  : uid=10019 com.google.android.gms.persistent expire 11 lines
04-11 22:12:17.371  1072  1072 I chatty  : uid=1000 system_server expire 6 lines
04-11 22:12:17.381 21015 21040 I vol.Events: writeEvent external_ringer_mode_changed normal
04-11 22:12:17.394 21015 21040 I vol.Events: writeEvent zen_mode_changed off
04-11 22:12:17.408  1072 17585 I chatty  : uid=1000(system) Binder:1072_15 expire 11 lines
04-11 22:12:17.460   485   774 E BufferQueueProducer: [SurfaceView - com.mozilla.servo/com.mozilla.servo.MainActivity] queueBuffer: BufferQueue has no connected producer
04-11 22:12:17.462 24004 24026 I chatty  : uid=10160(com.mozilla.servo) expire 7 lines
04-11 22:12:17.468   485  1882 E BufferQueueProducer: [SurfaceView - com.mozilla.servo/com.mozilla.servo.MainActivity] dequeueBuffer: BufferQueue has no connected producer
04-11 22:12:17.475   485   502 E BufferQueueProducer: [SurfaceView - com.mozilla.servo/com.mozilla.servo.MainActivity] dequeueBuffer: BufferQueue has no connected producer
04-11 22:12:17.477   485   774 E BufferQueueProducer: [SurfaceView - com.mozilla.servo/com.mozilla.servo.MainActivity] dequeueBuffer: BufferQueue has no connected producer
04-11 22:12:17.477   485   500 E BufferQueueProducer: [SurfaceView - com.mozilla.servo/com.mozilla.servo.MainActivity] dequeueBuffer: BufferQueue has no connected producer
04-11 22:12:18.307  1072  9580 I ActivityManager: Killing 24004:com.mozilla.servo/u0a160 (adj 900): remove task
04-11 22:12:18.308  1072  9443 I ActivityManager: START u0 {act=android.intent.action.MAIN cat=[android.intent.category.HOME] flg=0x10200000 cmp=com.google.android.apps.nexuslauncher/.NexusLauncherActivity} from uid 10042 on display 0
04-11 22:12:18.313  1072  9443 I chatty  : uid=1000(system) Binder:1072_D expire 6 lines
04-11 22:12:18.354  1072  9443 I ActivityManager: Config changes=480 {1.0 ?mcc?mnc [es_ES] ldltr sw411dp w411dp h659dp 420dpi nrml port finger -keyb/v/h -nav/h s.200}
04-11 22:12:18.381  2082  2082 I boq     : Ui Overlay view reset
04-11 22:12:18.409  1603  1749 D zz      : UtRenderer.onSurfaceChanged() 1080x1920
04-11 22:12:18.426  1603  1603 D zz      : UtWallpaperService$UtEngine.onVisibilityChanged() false
04-11 22:12:18.426  1072 13055 I chatty  : uid=1000(system) Binder:1072_12 expire 2 lines
04-11 22:12:18.432  1603  1603 D zz      : UtRenderer.onNotVisible() 
04-11 22:12:18.464  1603  1603 D zz      : UtWallpaperService$UtEngine.onVisibilityChanged() true
04-11 22:12:18.465  1072  1694 I chatty  : uid=1000(system) Binder:1072_6 expire 4 lines
04-11 22:12:18.474  2153  2153 I OptInState: There is a new client and it does not support opt-in. Dropping request.
04-11 22:12:18.476  1603  1603 D zz      : UtRenderer.onVisible() 
04-11 22:12:18.478  1603  1603 V zz      : WeatherManager.doGet() getting weather from Awareness
04-11 22:12:18.488  1603  1603 V zz      : SunriseUtil.doGet() get already in progress, aborting
04-11 22:12:18.502  2153 22738 W LocationOracle: No location history returned by ContextManager
04-11 22:12:18.546  1449  7004 W Delight5Decoder: removePredictionEngine() : Unknown engine bit@7834d42
04-11 22:12:18.623  2082  8208 I ControllerService: Removing listener 10160:24004:com.google.vr.internal.controller.LISTENER_KEY for controller 0.
04-11 22:12:18.623  1072  9783 I chatty  : uid=1000(system) Binder:1072_10 expire 1 line
04-11 22:12:18.623  1072  9783 I WindowManager: WIN DEATH: Window{b249a46 u0 com.mozilla.servo/com.mozilla.servo.MainActivity}
04-11 22:12:18.623  1072  9783 W WindowManager: Force-removing child win Window{fad6037 u0 SurfaceView - com.mozilla.servo/com.mozilla.servo.MainActivity} from container Window{b249a46 u0 com.mozilla.servo/com.mozilla.servo.MainActivity}
04-11 22:12:18.624  1072  1689 I chatty  : uid=1000(system) Binder:1072_5 expire 4 lines
04-11 22:12:18.624  1072  1085 D ActivityManager: cleanUpApplicationRecord -- 24004
04-11 22:12:18.649  1072  1147 I WindowManager: Screen frozen for +322ms due to Window{8856296 u0 StatusBar}
04-11 22:12:18.657  1072  1114 E libprocessgroup: failed to kill 1 processes for processgroup 24004
04-11 22:12:18.698  1603  1603 V zz      : WeatherManager$3.onResult() successful result: [WeatherVo] conditions: CLEAR (1), CLOUDY (2)
04-11 22:12:18.698  1603  1603 V zz      : TimelapseRenderer.updateWeatherCondition() CLOUDY
04-11 22:12:18.773  1983  3804 I chatty  : uid=10019(com.google.android.gms) Places expire 3 lines
04-11 22:12:18.801 21015 21015 W IInputConnectionWrapper: reportFullscreenMode on inexistent InputConnection
04-11 22:12:18.828  1983  2281 I chatty  : uid=10019(com.google.android.gms) GeofencerStateM expire 1 line
04-11 22:12:18.857  1072  9580 I chatty  : uid=1000(system) Binder:1072_F expire 1 line
04-11 22:12:18.889  1983 22918 I chatty  : uid=10019 com.google.android.gms.persistent expire 7 lines
04-11 22:12:18.952  2122  2196 W OpenGLRenderer: Incorrectly called buildLayer on View: ShortcutAndWidgetContainer, destroying layer...
04-11 22:12:18.952  2122  2196 W OpenGLRenderer: Incorrectly called buildLayer on View: ShortcutAndWidgetContainer, destroying layer...
04-11 22:12:20.117   487   542 D audio_hw_primary: disable_audio_route: usecase(1) reset and update mixer path: low-latency-playback speaker
04-11 22:12:20.120   487   542 D hardware_info: hw_info_append_hw_type : device_name = speaker
04-11 22:12:20.120   487   542 D audio_hw_primary: disable_snd_device: snd_device(2: speaker)
04-11 22:12:20.824  1072  1079 I chatty  : uid=1000(system) FinalizerDaemon expire 1 line
04-11 22:12:23.636  2082 24090 I bbl     : Disposing of ControllerManager.
04-11 22:12:23.636  2082 24090 I bar     : Disposing of controller default_v1_daydream_controller
04-11 22:12:23.637  2082 24090 I bar     : Controller default_v1_daydream_controller state change STATE_PREPARING --> STATE_DISPOSED
04-11 22:12:23.637  2082 24090 I bar     : Shutting down controller default_v1_daydream_controller
04-11 22:12:23.639  2082 24090 E bdl     : Service UUID not found, failed to notify of disconnect.
04-11 22:12:23.639  2082 24090 D BluetoothGatt: cancelOpen() - device: A8:1E:84:13:B9:B0
04-11 22:12:23.644  1443  1735 D BtGatt.GattService: clientDisconnect() - address=A8:1E:84:13:B9:B0, connId=null
04-11 22:12:23.645  1443  1898 E bt_btif : No such connection need to be cancelled
04-11 22:12:23.646  1870  1871 E WCNSS_FILTER: do_read: read returned 0, err = Success, read bytes: 0, expected: 0
04-11 22:12:23.646  1870  1871 I WCNSS_FILTER: ibs_msm_serial_clock_vote: vote UART CLK ON using UART driver's ioctl()
04-11 22:12:24.657  1870  1895 I WCNSS_FILTER: ibs_msm_serial_clock_vote: vote UART CLK OFF using UART driver's ioctl()
04-11 22:12:28.647  2082 24090 D BluetoothGatt: close()
04-11 22:12:28.648  2082 24090 D BluetoothGatt: unregisterApp() - mClientIf=5
04-11 22:12:28.651  1443  1926 D BtGatt.GattService: unregisterClient() - clientIf=5
04-11 22:12:28.654  2082 24090 I ControllerService: Controller default_v1_daydream_controller state updated to: DISCONNECTED
04-11 22:12:28.654  2082  2082 I ControllerService: ControllerService destroyed.
04-11 22:12:28.932  1072  1387 I chatty  : uid=1000(system) n HAL callback. expire 19 lines
04-11 22:12:47.103  1603  1603 W zz      : SunriseUtil$3.onResult() location is null
04-11 22:12:47.106  1603  1603 V zz      : TimelapseRenderer$1.onReceive() got sunrise broadcast - false
04-11 22:12:47.735  1072  1149 I PowerManagerService: Going to sleep due to screen timeout (uid 1000)...
04-11 22:12:48.324  1072  1149 I chatty  : uid=1000(system) PowerManagerSer expire 9 lines
04-11 22:12:48.329  1072  1387 I chatty  : uid=1000(system) n HAL callback. expire 10 lines
04-11 22:12:48.337   485   485 D SurfaceFlinger: Set power mode=0, type=0 flinger=0x7e43e48000
04-11 22:12:48.337   485   485 I SDM     : DisplayBase::SetDisplayState: Set state = 0, display 0
04-11 22:12:48.337  1072  1147 I DisplayManagerService: Display device changed state: "Pantalla integrada", OFF
04-11 22:12:48.347  1603  1603 D zz      : UtWallpaperService$UtEngine.onVisibilityChanged() false
04-11 22:12:48.352  1603  1603 D zz      : UtRenderer.onNotVisible() 
04-11 22:12:48.383  2153 21977 I PBSessionCacheImpl: Deleted sessionId[9470486038758256] from persistence.
04-11 22:12:48.398  2153  2153 W SearchService: Abort, client detached.
04-11 22:12:48.431  1983 23411 I chatty  : uid=10019 com.google.android.gms.persistent expire 1 line
04-11 22:12:48.566  1072  1435 I chatty  : uid=1000(system) PhotonicModulat expire 1 line
04-11 22:12:48.568  1072  1149 I DreamManagerService: Entering dreamland.
04-11 22:12:48.569  1072  1149 I PowerManagerService: Dozing...
04-11 22:12:48.574  1072  1145 I DreamController: Starting dream: name=ComponentInfo{com.android.systemui/com.android.systemui.doze.DozeService}, isTest=false, canDoze=true, userId=0
04-11 22:12:48.604  1983  3804 I chatty  : uid=10019(com.google.android.gms) Places expire 2 lines
04-11 22:12:48.661  1603  1603 D zz      : UtWallpaperService$UtEngine$DeviceEventsReceiver.onReceive() screen-off
04-11 22:12:48.661  1603  1603 D zz      : UtRenderer.onScreenOff() 
04-11 22:12:51.093  1870  1871 E WCNSS_FILTER: do_read: read returned 0, err = Success, read bytes: 0, expected: 0
04-11 22:12:51.093  1870  1871 I WCNSS_FILTER: ibs_msm_serial_clock_vote: vote UART CLK ON using UART driver's ioctl()
04-11 22:12:52.104  1870  1895 I WCNSS_FILTER: ibs_msm_serial_clock_vote: vote UART CLK OFF using UART driver's ioctl()
04-11 22:12:52.771  1072  1085 I ActivityManager: Setting hasTopUi=true for pid=21015
04-11 22:12:52.858 21015 21015 D PhoneStatusBar: disable: < expand ICONS* alerts SYSTEM_INFO* back home recent clock search quick_settings >
04-11 22:12:52.938 21015 21015 W View    : requestLayout() improperly called by com.android.systemui.statusbar.NotificationOverflowIconsView{a37ddb2 V.E...... ......ID 158,26-1040,89 #7f120255 app:id/overflow_icons_view} during layout: running second layout pass
04-11 22:12:52.938 21015 21015 W View    : requestLayout() improperly called by com.android.systemui.statusbar.ExpandableNotificationRow{7dba76e VFE...C.. ......ID 0,0-1080,242} during layout: running second layout pass
04-11 22:12:52.938 21015 21015 W View    : requestLayout() improperly called by com.android.systemui.statusbar.ExpandableNotificationRow{175ded7 VFE...C.. ......ID 0,0-1080,286} during layout: running second layout pass
04-11 22:12:52.938 21015 21015 W View    : requestLayout() improperly called by StatusBarIconView(slot= icon=StatusBarIcon(icon=Icon(typ=RESOURCE pkg=com.android.vending id=0x7f0202ae) visible user=0 ) notification=Notification(pri=-1 contentView=null vibrate=null sound=null tick defaults=0x0 flags=0x110 color=0xff689f38 category=status actions=1 vis=PRIVATE)) during layout: running second layout pass
04-11 22:13:08.445   485   520 W SurfaceFlinger: Timed out waiting for hw vsync; faking it
04-11 22:13:08.447  1072  1387 I chatty  : uid=1000(system) n HAL callback. expire 31 lines
04-11 22:13:08.453 21015 21015 D PhoneStatusBar: disable: < expand ICONS alerts SYSTEM_INFO back HOME* RECENT* clock SEARCH* quick_settings >
04-11 22:13:08.600  1072  1145 I UsbPortManager: USB port changed: port=UsbPort{id=otg_default, supportedModes=dual}, status=UsbPortStatus{connected=true, currentMode=ufp, currentPowerRole=sink, currentDataRole=device, supportedRoleCombinations=[source:host, source:device, sink:host, sink:device]}, canChangeMode=true, canChangePowerRole=true, canChangeDataRole=true
04-11 22:13:08.610  1072  1149 I DisplayPowerController: Blocking screen on until initial contents have been drawn.
