04-11 16:01:02.818  2565  2634 I PlayCommon: [162] com.google.android.play.a.g.a(1043): Connecting to server: https://play.googleapis.com/play/log?format=raw&proto_v2=true
04-11 16:01:03.117  2565  2634 I PlayCommon: [162] com.google.android.play.a.g.a(1121): Successfully uploaded logs.
04-11 16:01:33.443  2565  4245 I PlayCommon: [196] com.google.android.play.a.g.e(940): Preparing logs for uploading
04-11 16:01:33.452  2565  4245 I PlayCommon: [196] com.google.android.play.a.g.e(942): No file ready to send
04-11 16:01:39.397  1072  1440 I chatty  : uid=1000(system) Thread-5 expire 1 line
04-11 16:01:39.425  1072  1387 I chatty  : uid=1000(system) n HAL callback. expire 18 lines
04-11 16:02:16.097  1983  7354 I chatty  : uid=10019 com.google.android.gms.persistent expire 1 line
04-11 16:02:16.191  1983  6661 I chatty  : uid=10019 com.google.android.gms.persistent expire 2 lines
04-11 16:02:39.444  1072  1387 I chatty  : uid=1000(system) n HAL callback. expire 45 lines
04-11 16:04:09.467  1072  1551 I ActivityManager: Killing 5762:com.android.connectivity.metrics/u0a9 (adj 906): empty for 1802s
04-11 16:04:09.527  1072  2802 D ActivityManager: cleanUpApplicationRecord -- 5762
04-11 16:06:32.467  1072  1081 I chatty  : uid=1000(system) HeapTaskDaemon expire 1 line
04-11 16:06:33.477  2565  4245 I PlayCommon: [196] com.google.android.play.a.g.e(940): Preparing logs for uploading
04-11 16:06:33.480  2565  4245 I PlayCommon: [196] com.google.android.play.a.g.e(942): No file ready to send
04-11 16:06:39.464  1072  1387 I chatty  : uid=1000(system) n HAL callback. expire 27 lines
04-11 16:08:16.178  1983  7209 I chatty  : uid=10019 com.google.android.gms.persistent expire 1 line
04-11 16:08:16.179  1983  7354 I chatty  : uid=10019 com.google.android.gms.persistent expire 1 line
04-11 16:08:39.477  1072  1387 I chatty  : uid=1000(system) n HAL callback. expire 20 lines
04-11 16:09:06.469  1603  1603 V zz      : WeatherManager.doGet() getting weather from Awareness
04-11 16:09:06.711  1983  6661 I chatty  : uid=10019 com.google.android.gms.persistent expire 2 lines
04-11 16:09:06.731  1603  1603 V zz      : WeatherManager$3.onResult() successful result: [WeatherVo] conditions: CLOUDY (2)
04-11 16:09:06.732  1603  1603 V zz      : TimelapseRenderer.updateWeatherCondition() CLOUDY
04-11 16:09:06.758  1983  2281 I chatty  : uid=10019(com.google.android.gms) GeofencerStateM expire 1 line
04-11 16:09:06.764  1983  6661 I chatty  : uid=10019 com.google.android.gms.persistent expire 1 line
04-11 16:09:06.804  1072  2274 I chatty  : uid=1000(system) Binder:1072_8 expire 1 line
04-11 16:09:06.825  1072  1086 I chatty  : uid=1000(system) Binder:1072_2 expire 2 lines
04-11 16:09:06.844  1072  1694 I chatty  : uid=1000(system) Binder:1072_6 expire 1 line
04-11 16:09:06.864  1983  3804 I chatty  : uid=10019(com.google.android.gms) Places expire 2 lines
04-11 16:09:06.894  1983  6661 I chatty  : uid=10019 com.google.android.gms.persistent expire 2 lines
04-11 16:09:39.275  1072  1387 I chatty  : uid=1000(system) n HAL callback. expire 39 lines
04-11 16:10:29.347  1072  3228 I chatty  : uid=1000(system) Binder:1072_A expire 1 line
04-11 16:11:27.745   485   523 W HWComposer: Ignoring duplicate VSYNC event from HWC (t=19564747711664)
04-11 16:11:33.520  2565  4245 I PlayCommon: [196] com.google.android.play.a.g.e(940): Preparing logs for uploading
04-11 16:11:33.521  2565  4245 I PlayCommon: [196] com.google.android.play.a.g.e(942): No file ready to send
04-11 16:11:39.467  1072  1440 I chatty  : uid=1000(system) Thread-5 expire 2 lines
04-11 16:11:39.493  1072  1387 I chatty  : uid=1000(system) n HAL callback. expire 18 lines
04-11 16:12:27.746  1983  1983 I chatty  : uid=10019 com.google.android.gms.persistent expire 1 line
04-11 16:12:27.771  1072  1694 D ConnectivityService: reportNetworkConnectivity(100, false) by 10019
04-11 16:12:28.139  1072  1409 D NetworkNotificationManager: clearNotification id=100
04-11 16:12:28.139  1072  1409 D ConnectivityService: NetworkAgentInfo [WIFI () - 100] validation passed
04-11 16:12:28.144  1072  7424 I chatty  : uid=1000 system_server expire 6 lines
04-11 16:12:28.307  2100  7427 I chatty  : uid=10019(com.google.android.gms) com.google.process.gapps expire 1 line
04-11 16:12:28.382  6566  7428 I Gmail   : Sync started for account: account:259755595
04-11 16:12:28.387  6566  7428 I UnifiedEmail: notifyAccountChanged
04-11 16:12:28.411  6566  7429 I UnifiedEmail: getAccountsCursor
04-11 16:12:28.456  6566  7428 I Gmail   : MainSyncRequestProto: lowestBkwdConvoId: 0, highestHandledServerOp: 1364167, normalSync: true
04-11 16:12:28.492  6566  7428 I DefaultRequestDirector: I/O exception (org.apache.http.NoHttpResponseException) caught when processing request: The target server failed to respond
04-11 16:12:28.492  6566  7428 I DefaultRequestDirector: Retrying request
04-11 16:12:29.099  6566  7428 W Gmail   : Deleted messages count (0) does not match delete request count (1)
04-11 16:12:29.137  6566  7428 W Gmail   : Deleted messages count (0) does not match delete request count (1)
04-11 16:12:29.182  6566  7428 W Gmail   : Deleted messages count (0) does not match delete request count (1)
04-11 16:12:29.236  6566  7428 W Gmail   : Deleted messages count (0) does not match delete request count (1)
04-11 16:12:29.339  6566  7428 I Gmail   : MainSyncRequestProto: lowestBkwdConvoId: 0, highestHandledServerOp: 1364205, normalSync: true
04-11 16:12:30.171  6566  7428 E Gmail   : Dictionary checksum mismatch for conversation 1562857235484873401. Expected c1b951be but was ed4a2c18
04-11 16:12:30.172  6566  7428 W Gmail   : handleConversationProto: Could not deflate conversation 1562857235484873401. marking conversation as dirty
04-11 16:12:30.241  6566  7428 I Gmail   : MainSyncRequestProto: lowestBkwdConvoId: 0, highestHandledServerOp: 1364205, normalSync: true
04-11 16:12:30.873  6566  7428 W Gmail   : handleConversationProto: Dirty conversation 1562857235484873401 synced successfully. Marking as dirty in DB
04-11 16:12:30.933  6566  7428 I Gmail   : MainSyncRequestProto: lowestBkwdConvoId: 0, highestHandledServerOp: 1364205, normalSync: true
04-11 16:12:30.936  6566  7428 I Gmail   : lowestBackward conversation id 0
04-11 16:12:31.061  6566  7428 I Gmail   : AppDataSearch: minSeqNo=20010, maxSeqNo=20284, lastCommittedSequence=20009
04-11 16:12:31.064  2599  7433 I chatty  : uid=10019(com.google.android.gms) expire 1 line
04-11 16:12:31.072  2599  2938 I chatty  : uid=10019(com.google.android.gms) lowpool[2] expire 5 lines
04-11 16:12:31.121  6566  7428 I UnifiedEmail: notifyAccountChanged
04-11 16:12:31.124  6566  7428 W Gmail   : Sync complete for account: account:259755595
04-11 16:12:31.136  6566  7434 I UnifiedEmail: getAccountsCursor
04-11 16:12:41.871  2100  7436 I chatty  : uid=10019(com.google.android.gms) com.google.process.gapps expire 1 line
04-11 16:12:41.926  6566  7437 I Gmail   : Sync started for account: account:259755595
04-11 16:12:41.944  6566  7437 I UnifiedEmail: notifyAccountChanged
04-11 16:12:41.971  6566  7438 I UnifiedEmail: getAccountsCursor
04-11 16:12:42.053  6566  7437 I Gmail   : MainSyncRequestProto: lowestBkwdConvoId: 0, highestHandledServerOp: 1364205, normalSync: true
04-11 16:12:42.727  6566  7437 I Gmail   : MainSyncRequestProto: lowestBkwdConvoId: 0, highestHandledServerOp: 1364212, normalSync: true
04-11 16:12:43.808  6566  7437 E Gmail   : Dictionary checksum mismatch for conversation 1562857235484873401. Expected 9f8a094d but was ed4a2c18
04-11 16:12:43.808  6566  7437 W Gmail   : handleConversationProto: Could not deflate conversation 1562857235484873401. marking conversation as dirty
04-11 16:12:43.873  6566  7437 I Gmail   : MainSyncRequestProto: lowestBkwdConvoId: 0, highestHandledServerOp: 1364212, normalSync: true
04-11 16:12:44.503  6566  7437 W Gmail   : handleConversationProto: Dirty conversation 1562857235484873401 synced successfully. Marking as dirty in DB
04-11 16:12:44.561  6566  7437 I Gmail   : MainSyncRequestProto: lowestBkwdConvoId: 0, highestHandledServerOp: 1364212, normalSync: true
04-11 16:12:44.564  6566  7437 I Gmail   : lowestBackward conversation id 0
04-11 16:12:44.672  6566  7437 I Gmail   : AppDataSearch: minSeqNo=20010, maxSeqNo=20288, lastCommittedSequence=20009
04-11 16:12:44.729  2599  7441 I chatty  : uid=10019(com.google.android.gms) expire 1 line
04-11 16:12:44.757  2599  2938 I chatty  : uid=10019(com.google.android.gms) lowpool[2] expire 3 lines
04-11 16:12:44.812  6566  7437 I UnifiedEmail: notifyAccountChanged
04-11 16:12:44.815  6566  7429 I UnifiedEmail: getAccountsCursor
04-11 16:12:44.821  6566  7437 W Gmail   : Sync complete for account: account:259755595
04-11 16:13:35.015  1072  1111 I UsageStatsService: User[0] Flushing usage stats to disk
04-11 16:13:36.085  1072  1387 I chatty  : uid=1000(system) n HAL callback. expire 27 lines
04-11 16:14:06.705  1072  1407 I chatty  : uid=1000(system) WifiScanningSer expire 1 line
04-11 16:14:08.959  1983  7354 I chatty  : uid=10019 com.google.android.gms.persistent expire 1 line
04-11 16:14:16.236  1983  6661 W ctxmgr  : [AclManager]No 2 for (accnt=account#259755595#, com.google.android.gms(10019):UserLocationProducer, vrsn=10298000, 0, 3pPkg = null ,  3pMdlId = null). Was: 2 for 1, account#259755595#
04-11 16:14:39.514  1072  1387 I chatty  : uid=1000(system) n HAL callback. expire 18 lines
04-11 16:15:23.384  1870  1871 E WCNSS_FILTER: do_read: read returned 0, err = Success, read bytes: 0, expected: 0
04-11 16:15:23.384  1870  1871 I WCNSS_FILTER: ibs_msm_serial_clock_vote: vote UART CLK ON using UART driver's ioctl()
04-11 16:15:24.403  1870  1895 I WCNSS_FILTER: ibs_msm_serial_clock_vote: vote UART CLK OFF using UART driver's ioctl()
04-11 16:15:42.026  2100  7450 I SubscribedFeeds: Received message
04-11 16:15:42.087  6566  7451 I Gmail   : Sync started for account: account:259755595
04-11 16:15:42.093  6566  7451 I UnifiedEmail: notifyAccountChanged
04-11 16:15:42.104  6566  7452 I UnifiedEmail: getAccountsCursor
04-11 16:15:42.155  6566  7451 I Gmail   : MainSyncRequestProto: lowestBkwdConvoId: 0, highestHandledServerOp: 1364212, normalSync: true
04-11 16:15:42.733  6566  7451 W Gmail   : Deleted messages count (0) does not match delete request count (1)
04-11 16:15:42.776  6566  7451 W Gmail   : Deleted messages count (0) does not match delete request count (1)
04-11 16:15:42.856  6566  7451 I Gmail   : MainSyncRequestProto: lowestBkwdConvoId: 0, highestHandledServerOp: 1364233, normalSync: true
04-11 16:15:43.572  6566  7451 E Gmail   : Dictionary checksum mismatch for conversation 1562857235484873401. Expected 9461ef35 but was ed4a2c18
04-11 16:15:43.572  6566  7451 W Gmail   : handleConversationProto: Could not deflate conversation 1562857235484873401. marking conversation as dirty
04-11 16:15:43.645  6566  7451 I Gmail   : MainSyncRequestProto: lowestBkwdConvoId: 0, highestHandledServerOp: 1364233, normalSync: true
04-11 16:15:44.681  6566  7451 W Gmail   : Deleted messages count (0) does not match delete request count (1)
04-11 16:15:44.852  6566  7451 W Gmail   : handleConversationProto: Dirty conversation 1562857235484873401 synced successfully. Marking as dirty in DB
04-11 16:15:44.897  6566  7451 I Gmail   : MainSyncRequestProto: lowestBkwdConvoId: 0, highestHandledServerOp: 1364240, normalSync: true
04-11 16:15:44.900  6566  7451 I Gmail   : lowestBackward conversation id 0
04-11 16:15:45.004  6566  7451 I Gmail   : AppDataSearch: minSeqNo=20010, maxSeqNo=20292, lastCommittedSequence=20009
04-11 16:15:45.030  2599  7455 W IcingInternalCorpora: getNumBytesRead when not calculated.
04-11 16:15:45.065  2599  2938 I Icing   : Usage reports 0 indexed 0 rejected 0 imm upload false
04-11 16:15:45.077  6566  7451 I UnifiedEmail: notifyAccountChanged
04-11 16:15:45.079  2599  2938 I Icing   : Usage reports 0 indexed 0 rejected 0 imm upload false
04-11 16:15:45.082  6566  7451 W Gmail   : Sync complete for account: account:259755595
04-11 16:15:45.083  6566  7456 I UnifiedEmail: getAccountsCursor
04-11 16:15:46.095  2599  2938 I Icing   : Indexing EDFE883FB172A000788EDC8ACD08B37A69EAFD76 from com.google.android.gm
04-11 16:15:46.295  2599  2938 I Icing   : Indexing done EDFE883FB172A000788EDC8ACD08B37A69EAFD76
04-11 16:15:51.037  1870  1871 E WCNSS_FILTER: do_read: read returned 0, err = Success, read bytes: 0, expected: 0
04-11 16:15:51.038  1870  1871 I WCNSS_FILTER: ibs_msm_serial_clock_vote: vote UART CLK ON using UART driver's ioctl()
04-11 16:15:51.131  1870  1871 E WCNSS_FILTER: do_read: read returned 0, err = Success, read bytes: 0, expected: 0
04-11 16:15:51.157  1870  1871 E WCNSS_FILTER: do_read: read returned 0, err = Success, read bytes: 0, expected: 0
04-11 16:15:51.178  1870  1871 E WCNSS_FILTER: do_read: read returned 0, err = Success, read bytes: 0, expected: 0
04-11 16:15:51.200  1870  1871 E WCNSS_FILTER: do_read: read returned 0, err = Success, read bytes: 0, expected: 0
04-11 16:15:51.315  1870  1871 E WCNSS_FILTER: do_read: read returned 0, err = Success, read bytes: 0, expected: 0
04-11 16:15:51.379  1870  1871 E WCNSS_FILTER: do_read: read returned 0, err = Success, read bytes: 0, expected: 0
04-11 16:15:51.394  1870  1871 E WCNSS_FILTER: do_read: read returned 0, err = Success, read bytes: 0, expected: 0
04-11 16:15:51.407  1870  1871 E WCNSS_FILTER: do_read: read returned 0, err = Success, read bytes: 0, expected: 0
04-11 16:15:51.421  1870  1871 E WCNSS_FILTER: do_read: read returned 0, err = Success, read bytes: 0, expected: 0
04-11 16:15:51.434  1870  1871 E WCNSS_FILTER: do_read: read returned 0, err = Success, read bytes: 0, expected: 0
04-11 16:15:51.447  1870  1871 E WCNSS_FILTER: do_read: read returned 0, err = Success, read bytes: 0, expected: 0
04-11 16:15:51.461  1870  1871 E WCNSS_FILTER: do_read: read returned 0, err = Success, read bytes: 0, expected: 0
04-11 16:15:51.475  1870  1871 E WCNSS_FILTER: do_read: read returned 0, err = Success, read bytes: 0, expected: 0
04-11 16:15:51.489  1870  1871 E WCNSS_FILTER: do_read: read returned 0, err = Success, read bytes: 0, expected: 0
04-11 16:15:51.513  1870  1871 E WCNSS_FILTER: do_read: read returned 0, err = Success, read bytes: 0, expected: 0
04-11 16:15:52.533  1870  1895 I WCNSS_FILTER: ibs_msm_serial_clock_vote: vote UART CLK OFF using UART driver's ioctl()
04-11 16:16:03.193  2565  2634 I PlayCommon: [162] com.google.android.play.a.g.e(940): Preparing logs for uploading
04-11 16:16:03.202  2565  2634 I PlayCommon: [162] com.google.android.play.a.g.e(942): No file ready to send
04-11 16:16:16.037  1072  1387 I chatty  : uid=1000(system) n HAL callback. expire 18 lines
04-11 16:16:33.527  2565  4245 I PlayCommon: [196] com.google.android.play.a.g.e(940): Preparing logs for uploading
04-11 16:16:33.539  2565  4245 I PlayCommon: [196] com.google.android.play.a.g.e(942): No file ready to send
04-11 16:16:47.735  3470  3489 D QcrilMsgTunnelSocket: readRilMessage: Buffer = [B@cbe4c6f HexData = [010000000404000011000000514f454d484f4f4bef0308000100000003]
04-11 16:16:47.735  3470  3489 D QcrilMsgTunnelSocket: Rcvd UNSOL response with 28 bytes data for SUB0
04-11 16:16:47.736  3470  3489 D QcrilMsgTunnelSocket: Response ID 525295 is not served in this process.
04-11 16:16:47.736  3470  3489 D QcrilMsgTunnelSocket: To broadcast an Intent via the notifier to external apps
04-11 16:16:47.737  3470  3470 D QcrilMsgTunnelIfaceManager: handleMessage what = 0
04-11 16:16:47.746  1658  1658 D QC_RIL_OEM_HOOK: Received Broadcast Intent ACTION_UNSOL_RESPONSE_OEM_HOOK_RAW
04-11 16:16:47.747  1658  1658 D QC_RIL_OEM_HOOK: Oem ID in QCRILHOOK UNSOL RESP is QOEMHOOK
04-11 16:17:39.536  1072  1387 I chatty  : uid=1000(system) n HAL callback. expire 18 lines
04-11 16:18:41.761  2100  7467 I SubscribedFeeds: Received message
04-11 16:18:41.840  6566  7468 I Gmail   : Sync started for account: account:259755595
04-11 16:18:41.845  6566  7468 I UnifiedEmail: notifyAccountChanged
04-11 16:18:41.862  6566  7469 I UnifiedEmail: getAccountsCursor
04-11 16:18:41.932  6566  7468 I Gmail   : MainSyncRequestProto: lowestBkwdConvoId: 0, highestHandledServerOp: 1364240, normalSync: true
04-11 16:18:42.404  6566  7468 W Gmail   : Deleted messages count (0) does not match delete request count (1)
04-11 16:18:42.482  6566  7468 I Gmail   : MainSyncRequestProto: lowestBkwdConvoId: 0, highestHandledServerOp: 1364254, normalSync: true
04-11 16:18:43.219  6566  7468 E Gmail   : Dictionary checksum mismatch for conversation 1562857235484873401. Expected 2e1e4dea but was ed4a2c18
04-11 16:18:43.220  6566  7468 W Gmail   : handleConversationProto: Could not deflate conversation 1562857235484873401. marking conversation as dirty
04-11 16:18:43.288  6566  7468 I Gmail   : MainSyncRequestProto: lowestBkwdConvoId: 0, highestHandledServerOp: 1364254, normalSync: true
04-11 16:18:43.824  6566  7468 W Gmail   : handleConversationProto: Dirty conversation 1562857235484873401 synced successfully. Marking as dirty in DB
04-11 16:18:43.871  6566  7468 I Gmail   : MainSyncRequestProto: lowestBkwdConvoId: 0, highestHandledServerOp: 1364254, normalSync: true
04-11 16:18:43.873  6566  7468 I Gmail   : lowestBackward conversation id 0
04-11 16:18:43.974  6566  7468 I Gmail   : AppDataSearch: minSeqNo=20010, maxSeqNo=20296, lastCommittedSequence=20009
04-11 16:18:44.039  2599  7472 W IcingInternalCorpora: getNumBytesRead when not calculated.
04-11 16:18:44.111  6566  7468 I UnifiedEmail: notifyAccountChanged
04-11 16:18:44.113  2599  2938 I Icing   : Usage reports 0 indexed 0 rejected 0 imm upload false
04-11 16:18:44.119  6566  7473 I UnifiedEmail: getAccountsCursor
04-11 16:18:44.120  6566  7468 W Gmail   : Sync complete for account: account:259755595
04-11 16:18:44.135  2599  2938 I Icing   : Usage reports 0 indexed 0 rejected 0 imm upload false
04-11 16:18:45.083  2599  2938 I Icing   : Indexing EDFE883FB172A000788EDC8ACD08B37A69EAFD76 from com.google.android.gm
04-11 16:18:45.320  2599  2938 I Icing   : Indexing done EDFE883FB172A000788EDC8ACD08B37A69EAFD76
04-11 16:18:48.057  3470  3489 D QcrilMsgTunnelSocket: readRilMessage: Buffer = [B@cbe4c6f HexData = [010000000404000011000000514f454d484f4f4bef0308000100000003]
04-11 16:18:48.057  3470  3489 D QcrilMsgTunnelSocket: Rcvd UNSOL response with 28 bytes data for SUB0
04-11 16:18:48.057  3470  3489 D QcrilMsgTunnelSocket: Response ID 525295 is not served in this process.
04-11 16:18:48.057  3470  3489 D QcrilMsgTunnelSocket: To broadcast an Intent via the notifier to external apps
04-11 16:18:48.058  3470  3470 D QcrilMsgTunnelIfaceManager: handleMessage what = 0
04-11 16:18:48.065  1658  1658 D QC_RIL_OEM_HOOK: Received Broadcast Intent ACTION_UNSOL_RESPONSE_OEM_HOOK_RAW
04-11 16:18:48.066  1658  1658 D QC_RIL_OEM_HOOK: Oem ID in QCRILHOOK UNSOL RESP is QOEMHOOK
04-11 16:18:53.563   631  1067 D MDnsDS  : MDnsSdListener::Monitor poll timed out
04-11 16:18:53.564   631  1067 D MDnsDS  : Going to poll with pollCount 1
04-11 16:18:56.082  1072  1387 I chatty  : uid=1000(system) n HAL callback. expire 27 lines
04-11 16:19:59.876  1072  3287 I ActivityManager: Killing 6774:com.google.android.apps.docs/u0a60 (adj 904): empty for 1800s
04-11 16:19:59.879  1072  3287 I ActivityManager: Killing 6743:com.android.keychain/1000 (adj 906): empty for 1800s
04-11 16:19:59.882  1072  3287 I ActivityManager: Killing 6721:com.android.defcontainer/u0a12 (adj 906): empty for 1801s
04-11 16:19:59.993  1072  1897 D ActivityManager: cleanUpApplicationRecord -- 6721
04-11 16:20:00.004  1072  1694 D ActivityManager: cleanUpApplicationRecord -- 6743
04-11 16:20:00.009  1072  1085 D ActivityManager: cleanUpApplicationRecord -- 6774
04-11 16:20:42.203  7485  7485 D AndroidRuntime: >>>>>> START com.android.internal.os.RuntimeInit uid 2000 <<<<<<
04-11 16:20:42.210  7485  7485 D AndroidRuntime: CheckJNI is OFF
04-11 16:20:42.382  7485  7485 D ICU     : No timezone override file found: /data/misc/zoneinfo/current/icu/icu_tzdata.dat
04-11 16:20:42.415  7485  7485 I Radio-JNI: register_android_hardware_Radio DONE
04-11 16:20:42.430  7485  7485 D AndroidRuntime: Calling main entry com.android.commands.am.Am
04-11 16:20:42.433  1072  1689 I ActivityManager: Force stopping com.mozilla.servo appid=10160 user=0: from pid 7485
04-11 16:20:42.435  7485  7485 D AndroidRuntime: Shutting down VM
04-11 16:20:42.449  1658  1658 D CarrierSvcBindHelper: No carrier app for: 0
04-11 16:20:42.461  7485  7492 E art     : Thread attaching to non-existent runtime: Binder:7485_1
04-11 16:20:42.461  7485  7492 I AndroidRuntime: NOTE: attach of thread 'Binder:7485_1' failed
04-11 16:20:42.466  2019  2019 D RegisteredNfcFServicesCache: Service unchanged, not updating
04-11 16:20:42.771  7493  7493 D AndroidRuntime: >>>>>> START com.android.internal.os.RuntimeInit uid 2000 <<<<<<
04-11 16:20:42.775  7493  7493 D AndroidRuntime: CheckJNI is OFF
04-11 16:20:42.862  7493  7493 D ICU     : No timezone override file found: /data/misc/zoneinfo/current/icu/icu_tzdata.dat
04-11 16:20:42.892  7493  7493 I Radio-JNI: register_android_hardware_Radio DONE
04-11 16:20:42.906  7493  7493 D AndroidRuntime: Calling main entry com.android.commands.am.Am
04-11 16:20:42.911  1072  1689 I ActivityManager: START u0 {act=android.intent.action.MAIN cat=[android.intent.category.LAUNCHER] flg=0x10000000 cmp=com.mozilla.servo/.MainActivity} from uid 2000 on display 0
04-11 16:20:42.914  1072  1689 I chatty  : uid=1000(system) Binder:1072_5 expire 2 lines
04-11 16:20:42.922  7493  7493 D AndroidRuntime: Shutting down VM
04-11 16:20:42.934  1072  2274 I ActivityManager: Start proc 7503:com.mozilla.servo/u0a160 for activity com.mozilla.servo/.MainActivity
04-11 16:20:42.971  1072  1551 I ActivityManager: Config changes=480 {1.0 ?mcc?mnc [es_ES] ldltr sw411dp w683dp h387dp 420dpi nrml land finger -keyb/v/h -nav/h s.11}
04-11 16:20:43.049  1603  1749 D zz      : UtRenderer.onSurfaceChanged() 1920x1080
04-11 16:20:43.059  2153  7518 I PBSessionCacheImpl: Deleted sessionId[9470486038758256] from persistence.
04-11 16:20:43.075  1072  1396 I chatty  : uid=1000(system) InputReader expire 10 lines
04-11 16:20:43.076  7503  7503 I chatty  : uid=10160(com.mozilla.servo) expire 8 lines
04-11 16:20:43.091  2153  2153 W SearchService: Abort, client detached.
04-11 16:20:43.095  1072  1081 I chatty  : uid=1000(system) HeapTaskDaemon expire 1 line
04-11 16:20:43.104  1603  1603 D zz      : UtWallpaperService$UtEngine.onVisibilityChanged() false
04-11 16:20:43.105  1072  3311 I chatty  : uid=1000(system) Binder:1072_C expire 3 lines
04-11 16:20:43.107  1603  1603 D zz      : UtRenderer.onNotVisible() 
04-11 16:20:43.110  1072  1387 I chatty  : uid=1000(system) n HAL callback. expire 10 lines
04-11 16:20:43.150  1449  7004 W Delight5Decoder: removePredictionEngine() : Unknown engine bit@685528a
04-11 16:20:43.167   485   485 W SurfaceFlinger: couldn't log to binary event log: overflow.
04-11 16:20:43.167   485   485 W SurfaceFlinger: couldn't log to binary event log: overflow.
04-11 16:20:43.288  7503  7530 I chatty  : uid=10160(com.mozilla.servo) expire 8 lines
04-11 16:20:43.335  1983  7401 W ctxmgr  : [AclManager]No 3 for (accnt=account#-517948760#, com.google.android.googlequicksearchbox(10045):com.google.android.googlequicksearchbox, vrsn=10084000, 1, 3pPkg = null ,  3pMdlId = null). Was: 3 for 6, account#-517948760#
04-11 16:20:43.342  7503  7532 I chatty  : uid=10160(com.mozilla.servo) expire 1 line
04-11 16:20:43.347  2122  2122 W IInputConnectionWrapper: reportFullscreenMode on inexistent InputConnection
04-11 16:20:43.349  1072  1694 I chatty  : uid=1000(system) Binder:1072_6 expire 1 line
04-11 16:20:43.355  1072  1147 I chatty  : uid=1000(system) android.display expire 5 lines
04-11 16:20:43.366  1072  1147 I WindowManager: Screen frozen for +419ms due to Window{4b9e188 u0 com.mozilla.servo/com.mozilla.servo.MainActivity}
04-11 16:20:43.376  1072  1146 D BluetoothManagerService: Message: 20
04-11 16:20:43.376  1072  1146 D BluetoothManagerService: Added callback: android.bluetooth.IBluetoothManagerCallback$Stub$Proxy@c6c2df6:true
04-11 16:20:43.378  1983  3804 I PlaceInferenceEngine: [anon] Setup for configuration 105:[]
04-11 16:20:43.378  1983  3804 I PlaceInferenceEngine: [anon] Active modules after start(): 0
04-11 16:20:43.381  7503  7531 I chatty  : uid=10160(com.mozilla.servo) expire 106 lines
04-11 16:20:43.495  1983  7401 E ctxmgr  : [ProducerStatusImpl]updateStateForNewContextData: inactive, contextName=7
04-11 16:20:43.500  1983  1994 I art     : Background partial concurrent mark sweep GC freed 110824(5MB) AllocSpace objects, 28(560KB) LOS objects, 39% free, 10MB/16MB, paused 1.393ms total 141.684ms
04-11 16:20:43.513  1983  7401 W ctxmgr  : [PlacesProducer]Not handling added production policy type=3
04-11 16:20:43.641  1983  3804 I Places  : ?: PlacesBleScanner start() with priority 2
04-11 16:20:43.641  1983  3804 I PlaceInferenceEngine: [anon] Setup for configuration 102:[BeaconScoring, CategoryScoring, DistanceScoring, GeoJournalScoring, HomeWorkScoring, HulkPersonaScoring, PopularityScoring, SpotterScoring, TimeBasedScoring, WifiScoring]
04-11 16:20:43.641  1983  3804 I PlaceInferenceEngine: [anon] Active modules after start(): 10
04-11 16:20:43.678  1983  7401 W ctxmgr  : [AclManager]No 2 for (accnt=account#259755595#, com.google.android.gms(10019):UserLocationProducer, vrsn=10298000, 0, 3pPkg = null ,  3pMdlId = null). Was: 2 for 1, account#259755595#
04-11 16:20:43.712  1983  7209 I PlaceInferenceEngine: No beacon scan available - ignoring candidates.
04-11 16:20:43.823  1983  1983 E ctxmgr  : [PlaceFenceHelper]NearbyBuffer is null!
04-11 16:20:43.836  1983  7527 W ctxmgr  : [AclManager]No 2 for (accnt=account#-517948760#, com.google.android.gms(10019):PlacesProducer, vrsn=10298000, 0, 3pPkg = null ,  3pMdlId = null). Was: 3 for 18, account#-517948760#
04-11 16:21:03.300  2565  2634 I PlayCommon: [162] com.google.android.play.a.g.e(940): Preparing logs for uploading
04-11 16:21:03.301  2565  2634 I PlayCommon: [162] com.google.android.play.a.g.e(942): No file ready to send
04-11 16:21:06.125  7503  7531 I chatty  : uid=10160(com.mozilla.servo) expire 1647 lines
04-11 16:21:13.122  2153  7526 W GmsLocationProvider: Error removing location updates: 16
04-11 16:21:33.640  2565  4245 I PlayCommon: [196] com.google.android.play.a.g.e(940): Preparing logs for uploading
04-11 16:21:33.641  2565  4245 I PlayCommon: [196] com.google.android.play.a.g.e(942): No file ready to send
04-11 16:21:33.656  7503  7531 I chatty  : uid=10160(com.mozilla.servo) expire 606 lines
04-11 16:21:41.854  1072  1112 I ProcessStatsService: Prepared write state in 4ms
04-11 16:21:41.909  2100  7575 I SubscribedFeeds: Received message
04-11 16:21:41.956  6566  7576 I Gmail   : Sync started for account: account:259755595
04-11 16:21:41.960  6566  7576 I UnifiedEmail: notifyAccountChanged
04-11 16:21:41.966  6566  7577 I UnifiedEmail: getAccountsCursor
04-11 16:21:42.001  6566  7576 I Gmail   : MainSyncRequestProto: lowestBkwdConvoId: 0, highestHandledServerOp: 1364254, normalSync: true
04-11 16:21:42.590  6566  7576 I Gmail   : MainSyncRequestProto: lowestBkwdConvoId: 0, highestHandledServerOp: 1364260, normalSync: true
04-11 16:21:43.265  6566  7576 E Gmail   : Dictionary checksum mismatch for conversation 1562857235484873401. Expected db4fb0cb but was ed4a2c18
04-11 16:21:43.265  6566  7576 W Gmail   : handleConversationProto: Could not deflate conversation 1562857235484873401. marking conversation as dirty
04-11 16:21:43.316  6566  7576 I Gmail   : MainSyncRequestProto: lowestBkwdConvoId: 0, highestHandledServerOp: 1364260, normalSync: true
04-11 16:21:43.798  6566  7576 W Gmail   : handleConversationProto: Dirty conversation 1562857235484873401 synced successfully. Marking as dirty in DB
04-11 16:21:43.811  7503  7531 I chatty  : uid=10160(com.mozilla.servo) expire 151 lines
04-11 16:21:43.858  6566  7576 I Gmail   : MainSyncRequestProto: lowestBkwdConvoId: 0, highestHandledServerOp: 1364260, normalSync: true
04-11 16:21:43.860  6566  7576 I Gmail   : lowestBackward conversation id 0
04-11 16:21:43.954  6566  7576 I Gmail   : AppDataSearch: minSeqNo=20010, maxSeqNo=20306, lastCommittedSequence=20009
04-11 16:21:43.966  2599  7580 W IcingInternalCorpora: getNumBytesRead when not calculated.
04-11 16:21:43.973  2599  2938 I Icing   : Usage reports 0 indexed 0 rejected 0 imm upload false
04-11 16:21:43.983  2599  2938 I Icing   : Usage reports 0 indexed 0 rejected 0 imm upload false
04-11 16:21:44.013  6566  7576 I UnifiedEmail: notifyAccountChanged
04-11 16:21:44.018  6566  7576 W Gmail   : Sync complete for account: account:259755595
04-11 16:21:44.020  6566  7581 I UnifiedEmail: getAccountsCursor
04-11 16:21:45.003  2599  2938 I Icing   : Indexing EDFE883FB172A000788EDC8ACD08B37A69EAFD76 from com.google.android.gm
04-11 16:21:45.183  2599  2938 I Icing   : Indexing done EDFE883FB172A000788EDC8ACD08B37A69EAFD76
04-11 16:21:46.211  7582  7582 D AndroidRuntime: >>>>>> START com.android.internal.os.RuntimeInit uid 2000 <<<<<<
04-11 16:21:46.214  7582  7582 D AndroidRuntime: CheckJNI is OFF
04-11 16:21:46.292  7582  7582 D ICU     : No timezone override file found: /data/misc/zoneinfo/current/icu/icu_tzdata.dat
04-11 16:21:46.317  7582  7582 I Radio-JNI: register_android_hardware_Radio DONE
04-11 16:21:46.332  7582  7582 D AndroidRuntime: Calling main entry com.android.commands.am.Am
04-11 16:21:46.335  1072  2802 I ActivityManager: Force stopping com.mozilla.servo appid=10160 user=0: from pid 7582
04-11 16:21:46.335  1072  2802 I ActivityManager: Killing 7503:com.mozilla.servo/u0a160 (adj 0): stop com.mozilla.servo
04-11 16:21:46.337  1072  2802 D ActivityManager: cleanUpApplicationRecord -- 7503
04-11 16:21:46.337  1072  2802 W ActivityManager: Force removing ActivityRecord{5a89b0e u0 com.mozilla.servo/.MainActivity t8}: app died, no saved state
04-11 16:21:46.390  1072  2802 I ActivityManager: Config changes=480 {1.0 ?mcc?mnc [es_ES] ldltr sw411dp w411dp h659dp 420dpi nrml port finger -keyb/v/h -nav/h s.12}
04-11 16:21:46.427  7582  7582 D AndroidRuntime: Shutting down VM
04-11 16:21:46.432  1658  1658 D CarrierSvcBindHelper: No carrier app for: 0
04-11 16:21:46.440  2019  2019 D RegisteredNfcFServicesCache: Service unchanged, not updating
04-11 16:21:46.473  1603  1603 D zz      : UtWallpaperService$UtEngine.onVisibilityChanged() true
04-11 16:21:46.476  1072  1085 I chatty  : uid=1000(system) Binder:1072_1 expire 8 lines
04-11 16:21:46.481  2153  2153 I OptInState: There is a new client and it does not support opt-in. Dropping request.
04-11 16:21:46.481  1603  1603 D zz      : UtRenderer.onVisible() 
04-11 16:21:46.482  1072  1387 I chatty  : uid=1000(system) n HAL callback. expire 23 lines
04-11 16:21:46.483  1603  1603 V zz      : WeatherManager.doGet() getting weather from Awareness
04-11 16:21:46.488  1603  1603 V zz      : SunriseUtil.doGet() getting location from Awareness
04-11 16:21:46.493  2153  7525 W LocationOracle: No location history returned by ContextManager
04-11 16:21:46.519  1603  1749 D zz      : UtRenderer.onSurfaceChanged() 1080x1920
04-11 16:21:46.560  1449  7004 W Delight5Decoder: removePredictionEngine() : Unknown engine bit@89701d5
04-11 16:21:46.621  1072  1147 I WindowManager: Screen frozen for +257ms due to Window{d37497c u0 StatusBar}
04-11 16:21:46.663  1983  7401 W ctxmgr  : [AclManager]No 3 for (accnt=account#-517948760#, com.google.android.googlequicksearchbox(10045):com.google.android.googlequicksearchbox, vrsn=10084000, 1, 3pPkg = null ,  3pMdlId = null). Was: 3 for 6, account#-517948760#
04-11 16:21:46.722  1983  7401 W ctxmgr  : [AclManager]No 3 for (accnt=account#-517948760#, com.google.android.gms(10019):WeatherProducer, vrsn=10298000, 0, 3pPkg = null ,  3pMdlId = null). Was: 3 for 31, account#-517948760#
04-11 16:21:46.732  1983  7401 W ctxmgr  : [AclManager]No 2 for (accnt=account#-517948760#, com.google.android.gms(10019):UserLocationProducer, vrsn=10298000, 0, 3pPkg = null ,  3pMdlId = null). Was: 3 for 1, account#-517948760#
04-11 16:21:46.732  1983  7401 E ctxmgr  : [ProducerActiveIntervalImpl]addNewAppInterval: already contained:appKey=cdv@68c04681,appInterval=cdt@699328,record=cjv{key=cjx{com.google.android.googlequicksearchbox, 10045, account#-517948760#, com.google.android.googlequicksearchbox, AgsaForegroundInterestKey}, t=1491920506717, name=18, lifetime=1 durn=3600000, production=3 intvl=360000 pri=102, retention=2 cnt=1, dispatch=null, consumer=null}
04-11 16:21:46.733  1983  7401 W ctxmgr  : [PlacesProducer]Not handling added production policy type=3
04-11 16:21:46.733  1983  7401 W ctxmgr  : [PlacesProducer]Not handling removed production policy type=3
04-11 16:21:46.740  1603  1603 V zz      : WeatherManager$3.onResult() successful result: [WeatherVo] conditions: CLOUDY (2)
04-11 16:21:46.740  1603  1603 V zz      : TimelapseRenderer.updateWeatherCondition() CLOUDY
04-11 16:21:46.753  1603  1603 V zz      : SunriseUtil$3.onResult() location: 43.300194, -2.9961135
04-11 16:21:46.754  1603  1603 V zz      : AbstractSunriseUtil.getSunriseSunset() sunrise : Tue Apr 11 07:36:26 GMT+02:00 2017
04-11 16:21:46.754  1603  1603 V zz      : AbstractSunriseUtil.getSunriseSunset() sunset  : Tue Apr 11 20:54:20 GMT+02:00 2017
04-11 16:21:46.754  1603  1603 V zz      : SunriseUtil$3.onResult() sunrise/sunset: 0.31697264, 0.8710663
04-11 16:21:46.755  1603  1603 V zz      : TimelapseRenderer$1.onReceive() got sunrise broadcast - true
04-11 16:21:46.779  1983  3804 I PlaceInferenceEngine: [anon] Setup for configuration 105:[]
04-11 16:21:46.779  1983  3804 I PlaceInferenceEngine: [anon] Active modules after start(): 0
04-11 16:21:46.802  1983  2281 W GeofenceByPackageAndTag: Too many goefences (100 + 1) from package com.google.android.gms#. At most 100 allowed.
04-11 16:21:46.823  1983  7401 E ctxmgr  : [ProducerActiveIntervalImpl]closeActiveInterval: Error: ongoing, trying to close
04-11 16:21:46.830  1072  3287 I chatty  : uid=1000(system) Binder:1072_B expire 6 lines
04-11 16:21:46.838  1983  7401 E ctxmgr  : [AddGeofencesOperation]Failure add geofences [Geofence[CIRCLE id:76f0561b-e1b6-49e3-830a-ba234e8e482c transitions:3 43.300192, -2.996114 50000m, resp=1800s, dwell=-1ms, @-1]], status=Status{statusCode=unknown status code: 1001, resolution=null}
04-11 16:21:46.844  1072  1086 I chatty  : uid=1000(system) Binder:1072_2 expire 10 lines
04-11 16:21:46.900  1983  7401 E ctxmgr  : [ProducerActiveIntervalImpl]closeActiveInterval: Error: ongoing, trying to close
04-11 16:21:46.956  2122  2196 W OpenGLRenderer: Incorrectly called buildLayer on View: ShortcutAndWidgetContainer, destroying layer...
04-11 16:22:03.836   625   625 I         : free_cache(25036183) avail 22301917184
04-11 16:22:06.580  1072  1153 I ActivityManager: Start proc 7603:com.android.defcontainer/u0a12 for service com.android.defcontainer/.DefaultContainerService
04-11 16:22:06.724  2565  2565 I Finsky  : [1] com.google.android.vending.verifier.PackageVerificationReceiver.onReceive(41): Verification requested, id = 3
04-11 16:22:07.017  2565  7617 I Finsky  : [209] com.google.android.finsky.services.ForegroundCoordinator.a(104): Task 7 requested foreground
04-11 16:22:07.022  2565  7617 I Finsky  : [209] com.google.android.finsky.services.ForegroundCoordinator.a(116): Not entering foreground
04-11 16:22:07.237  2565  2565 I Finsky  : [1] com.google.android.vending.verifier.av.a_(20077): Verification id=3 response=0
04-11 16:22:07.289  2565  2565 I Finsky  : [1] com.google.android.vending.verifier.an.c(212): Verification complete: id=3, package_name=com.mozilla.servo
04-11 16:22:07.294  2565  2565 I Finsky  : [1] com.google.android.vending.verifier.an.h(11197): Verifying id=3, result=1
04-11 16:22:07.496  1072  1153 I chatty  : uid=1000(system) PackageManager expire 3 lines
04-11 16:22:07.529  7620  7620 I dex2oat : /system/bin/dex2oat --compiler-filter=interpret-only
04-11 16:22:07.657  7620  7620 I dex2oat : dex2oat took 129.285ms (threads: 4) arena alloc=5KB (5760B) java alloc=108KB (111440B) native alloc=1024KB (1049040B) free=2047KB (2096688B)
04-11 16:22:07.667  1072  1112 I ActivityManager: Force stopping com.mozilla.servo appid=10160 user=-1: installPackageLI
04-11 16:22:07.797  1072  1153 I PackageManager: Package com.mozilla.servo codePath changed from /data/app/com.mozilla.servo-2 to /data/app/com.mozilla.servo-1; Retaining data and using new
04-11 16:22:07.799  1072  1153 W PackageManager: Code path for com.mozilla.servo changing from /data/app/com.mozilla.servo-2 to /data/app/com.mozilla.servo-1
04-11 16:22:07.799  1072  1153 W PackageManager: Resource path for com.mozilla.servo changing from /data/app/com.mozilla.servo-2 to /data/app/com.mozilla.servo-1
04-11 16:22:08.040  1072  2802 I ActivityManager: Killing 6859:com.google.android.partnersetup/u0a27 (adj 906): empty for 1928s
04-11 16:22:08.061  1072  3287 D ActivityManager: cleanUpApplicationRecord -- 6859
04-11 16:22:08.206   625   625 E         : Couldn't opendir /data/app/vmdl899951116.tmp: No such file or directory
04-11 16:22:08.210  1072  1153 I ActivityManager: Force stopping com.mozilla.servo appid=10160 user=0: pkg removed
04-11 16:22:08.240  1443  1443 D BluetoothMapAppObserver: onReceive
04-11 16:22:08.240  1443  1443 D BluetoothMapAppObserver: The removed package is: com.mozilla.servo
04-11 16:22:08.265  1072  1112 I ActivityManager: Start proc 7625:com.android.keychain/1000 for broadcast com.android.keychain/.KeyChainBroadcastReceiver
04-11 16:22:08.273  1443  1443 D BluetoothMapAppObserver: onReceive
04-11 16:22:08.274  1443  1443 D BluetoothMapAppObserver: The installed package is: com.mozilla.servo
04-11 16:22:08.275  1443  1443 D BluetoothMapAppObserver: Found 0 application(s) with intent android.bluetooth.action.BLUETOOTH_MAP_PROVIDER
04-11 16:22:08.279  1443  1443 D BluetoothMapAppObserver: Found 0 application(s) with intent android.bluetooth.action.BLUETOOTH_MAP_IM_PROVIDER
04-11 16:22:08.345  2019  2019 D RegisteredNfcFServicesCache: Service unchanged, not updating
04-11 16:22:08.359  7625  7625 I art     : Starting a blocking GC AddRemoveAppImageSpace
04-11 16:22:08.363  7625  7625 W System  : ClassLoader referenced unknown path: /system/app/KeyChain/lib/arm64
04-11 16:22:08.365  1658  1658 D CarrierSvcBindHelper: No carrier app for: 0
04-11 16:22:08.365  1658  1658 D CarrierSvcBindHelper: No carrier app for: 0
04-11 16:22:08.365  1658  1658 D CarrierConfigLoader: mHandler: 9 phoneId: 0
04-11 16:22:08.374  7625  7625 W ContextImpl: Calling a method in the system process without a qualified user: android.app.ContextImpl.startService:1357 android.content.ContextWrapper.startService:613 android.content.ContextWrapper.startService:613 com.android.keychain.KeyChainBroadcastReceiver.onReceive:12 android.app.ActivityThread.handleReceiver:3040 
04-11 16:22:08.399  1072  2802 I ActivityManager: Start proc 7641:com.google.android.apps.docs/u0a60 for broadcast com.google.android.apps.docs/.receivers.AppPackageAddRemoveReceiver
04-11 16:22:08.408  1072  1086 I ActivityManager: Killing 6877:com.google.android.vr.home/u0a103 (adj 906): empty for 1929s
04-11 16:22:08.430  1072  1418 D ActivityManager: cleanUpApplicationRecord -- 6877
04-11 16:22:08.465  7641  7641 I art     : Starting a blocking GC AddRemoveAppImageSpace
04-11 16:22:08.544  7641  7641 W FieldDefinition: Ignoring isIndexed constraint as field also has uniqueness constraint (on just this field, and therefore SQLite will have to create an index on that. For field: com.google.android.apps.docs.database.common.FieldDefinition$a@c77f0ae
04-11 16:22:08.547  7641  7660 I GAv4    : Google Analytics 10.2.98 is starting up. To enable debug logging on a device run:
04-11 16:22:08.547  7641  7660 I GAv4    :   adb shell setprop log.tag.GAv4 DEBUG
04-11 16:22:08.547  7641  7660 I GAv4    :   adb logcat -s GAv4
04-11 16:22:08.573  7641  7662 W GAv4    : AnalyticsReceiver is not registered or is disabled. Register the receiver for reliable dispatching on non-Google Play devices. See http://goo.gl/8Rd3yj for instructions.
04-11 16:22:08.639  7641  7662 W GAv4    : CampaignTrackingReceiver is not registered, not exported or is disabled. Installation campaign tracking is not possible. See http://goo.gl/8Rd3yj for instructions.
04-11 16:22:08.666  7641  7662 W GAv4    : AnalyticsService not registered in the app manifest. Hits might not be delivered reliably. See http://goo.gl/8Rd3yj for instructions.
04-11 16:22:08.705  1983  7401 E NetworkScheduler.SR: Invalid parameter app
04-11 16:22:08.706  1983  7401 E NetworkScheduler.SR: Invalid package name : Perhaps you didn't include a PendingIntent in the extras?
04-11 16:22:08.723  2599  7675 D Wear_Controller: Received broadcast action=android.intent.action.PACKAGE_REMOVED and uri=com.mozilla.servo
04-11 16:22:08.725  2599  2938 E Drive.UninstallOperation: Package still installed com.mozilla.servo
04-11 16:22:08.756  6835  7686 V VZWAVSService: android.intent.action.PACKAGE_REMOVED
04-11 16:22:08.756  6835  7686 V VZWAVSService: Extra replacing: true
04-11 16:22:08.756  6835  7686 V VZWAVSService: Extra data removed: false
04-11 16:22:08.757  6835  7686 V VZWAVSService: com.mozilla.servo
04-11 16:22:08.760  2565  2565 I Finsky  : [1] com.google.android.finsky.utils.PermissionPolicies$PermissionPolicyService.onStartCommand(115): post-install permissions check for com.mozilla.servo
04-11 16:22:08.763  2565  2565 I Finsky  : [1] com.google.android.finsky.utils.as.run(3288): Package state data is missing for com.mozilla.servo
04-11 16:22:08.770  1983  1983 I WearableService: Wear is not allowed to run on this device. Not starting Wear service.
04-11 16:22:08.772  1983  1983 D WearableService: callingUid 10019, callindPid: 1983
04-11 16:22:08.779  2565  2565 E Finsky  : [1] com.google.android.finsky.wear.bl.a(847): onConnectionFailed: ConnectionResult{statusCode=API_UNAVAILABLE, resolution=null, message=null}
04-11 16:22:08.779  2565  2565 I Finsky  : [1] com.google.android.finsky.wear.aj.run(20402): Dropping command=auto_install due to Gms not connected
04-11 16:22:08.789  2599  7683 D Wear_Controller: Received broadcast action=android.intent.action.PACKAGE_ADDED and uri=com.mozilla.servo
04-11 16:22:08.866  1072  3228 I ActivityManager: Start proc 7691:com.google.android.partnersetup/u0a27 for broadcast com.google.android.partnersetup/.RlzPingBroadcastReceiver
04-11 16:22:08.907  2599  3009 I Icing   : Usage reports 0 indexed 0 rejected 0 imm upload false
04-11 16:22:08.910  2599  7683 W IcingInternalCorpora: getNumBytesRead when not calculated.
04-11 16:22:08.916  7691  7691 I art     : Starting a blocking GC AddRemoveAppImageSpace
04-11 16:22:08.917  7691  7691 W System  : ClassLoader referenced unknown path: /system/priv-app/GooglePartnerSetup/lib/arm64
04-11 16:22:08.918  2599  3009 I Icing   : Usage reports 0 indexed 0 rejected 0 imm upload false
04-11 16:22:08.952  6835  7707 V VZWAVSService: android.intent.action.PACKAGE_ADDED
04-11 16:22:08.953  6835  7707 V VZWAVSService: com.mozilla.servo
04-11 16:22:08.954  6835  7707 V VZWAVSService: 0
04-11 16:22:08.954  6835  7707 V VZWAVSService: s: 
04-11 16:22:08.960  1072  3228 I ActivityManager: Start proc 7709:com.google.android.vr.home/u0a103 for broadcast com.google.android.vr.home/com.google.android.apps.vr.common.utils.LaunchTimesUpdateReceiver
04-11 16:22:08.988  7709  7709 I art     : Starting a blocking GC AddRemoveAppImageSpace
04-11 16:22:09.165  6835  7734 V VZWAVSService: android.intent.action.PACKAGE_REPLACED
04-11 16:22:09.166  6835  7734 V VZWAVSService: com.mozilla.servo
04-11 16:22:09.169  1983  7209 E NetworkScheduler.SR: Invalid parameter app
04-11 16:22:09.169  1983  7209 E NetworkScheduler.SR: Invalid package name : Perhaps you didn't include a PendingIntent in the extras?
04-11 16:22:09.173  6835  7734 V VZWAVSService: 0
04-11 16:22:09.173  6835  7734 V VZWAVSService: s: 
04-11 16:22:09.268  2599  2749 I Icing   : Usage reports 0 indexed 0 rejected 0 imm upload false
04-11 16:22:09.275  2599  2749 I Icing   : Usage reports 0 indexed 0 rejected 0 imm upload false
04-11 16:22:09.929  2599  3009 I Icing   : Indexing AE4018E419F79F0F5863A431F85847F818132D46 from com.google.android.gms
04-11 16:22:10.077  2599  3009 I Icing   : Indexing done AE4018E419F79F0F5863A431F85847F818132D46
04-11 16:22:10.286  2599  3009 I Icing   : Indexing AE4018E419F79F0F5863A431F85847F818132D46 from com.google.android.gms
04-11 16:22:10.293  2599  3009 I Icing   : Indexing done AE4018E419F79F0F5863A431F85847F818132D46
04-11 16:22:11.780  7641  7658 W Flag    : Duration spec must be at least 2 characters long: 
04-11 16:22:11.844  7641  7658 D ApplicationLoaders: ignored Vulkan layer search path /data/app/com.google.android.gms-1/lib/arm64:/system/fake-libs64:/data/app/com.google.android.gms-1/base.apk!/lib/arm64-v8a for namespace 0x7d7b3e10f0
04-11 16:22:11.873  7641  7658 V JNIHelp : Registering com/google/android/gms/org/conscrypt/NativeCrypto's 242 native methods...
04-11 16:22:11.899  7641  7658 D NetworkSecurityConfig: No Network Security Config specified, using platform default
04-11 16:22:11.902  7641  7658 I ProviderInstaller: Installed default security provider GmsCore_OpenSSL
04-11 16:22:23.775  2565  2676 I Finsky  : [182] com.google.android.finsky.f.f.run(2154): Replicating app states via DFE.
04-11 16:22:24.016  2565  2676 I Finsky  : [182] com.google.android.finsky.f.d.a(319): Completed 0 account content syncs with 0 successful.
04-11 16:22:24.017  2565  2565 I Finsky  : [1] com.google.android.finsky.services.j.a(149): Installation state replication succeeded.
04-11 16:22:31.894  2599  2607 W SQLiteConnectionPool: A SQLiteConnection object for database '/data/user/0/com.google.android.gms/databases/metrics.db' was leaked!  Please fix your application to end transactions in progress properly and to close the database when it is no longer needed.
04-11 16:22:31.895  2599  2607 W SQLiteConnectionPool: A SQLiteConnection object for database '/data/user/0/com.google.android.gms/databases/help_responses.db.18' was leaked!  Please fix your application to end transactions in progress properly and to close the database when it is no longer needed.
04-11 16:22:31.895  2599  2607 W SQLiteConnectionPool: A SQLiteConnection object for database '/data/user/0/com.google.android.gms/databases/auto_complete_suggestions.db' was leaked!  Please fix your application to end transactions in progress properly and to close the database when it is no longer needed.
04-11 16:22:39.560  1072  1387 I chatty  : uid=1000(system) n HAL callback. expire 17 lines
04-11 16:23:31.372  2599  7742 I EventLogChimeraService: Opted in for usage reporting
04-11 16:23:31.374  2599  7742 I EventLogChimeraService: Aggregate from 1491918811131 (log), 1491918811131 (data)
04-11 16:23:31.534  2599  7742 I ServiceDumpSys: dumping service [account]
04-11 16:23:36.548  2599  7744 W PlatformStatsUtil: Could not retrieve Usage & Diagnostics setting. Giving up.
04-11 16:23:39.619  1072  1387 I chatty  : uid=1000(system) n HAL callback. expire 19 lines
04-11 16:23:41.637  2599  7744 W PlatformStatsUtil: Could not retrieve Usage & Diagnostics setting. Giving up.
04-11 16:23:46.509  1072  1112 I ActivityManager: Waited long enough for: ServiceRecord{7ec4084 u0 com.google.android.gms/.stats.service.DropBoxEntryAddedService}
04-11 16:23:46.744  2599  7744 W PlatformStatsUtil: Could not retrieve Usage & Diagnostics setting. Giving up.
04-11 16:24:39.922  1072  1081 I chatty  : uid=1000(system) HeapTaskDaemon expire 4 lines
04-11 16:24:41.967  2100  7747 I SubscribedFeeds: Received message
04-11 16:24:42.026  6566  7748 I Gmail   : Sync started for account: account:259755595
04-11 16:24:42.029  6566  7748 I UnifiedEmail: notifyAccountChanged
04-11 16:24:42.042  6566  7749 I UnifiedEmail: getAccountsCursor
04-11 16:24:42.094  6566  7748 I Gmail   : MainSyncRequestProto: lowestBkwdConvoId: 0, highestHandledServerOp: 1364260, normalSync: true
04-11 16:24:42.633  6566  7748 W Gmail   : Deleted messages count (0) does not match delete request count (1)
04-11 16:24:42.684  6566  7748 W Gmail   : Deleted messages count (0) does not match delete request count (1)
04-11 16:24:42.733  6566  7748 W Gmail   : Deleted messages count (0) does not match delete request count (1)
04-11 16:24:42.782  6566  7748 W Gmail   : Deleted messages count (0) does not match delete request count (1)
04-11 16:24:42.819  6566  7748 W Gmail   : Deleted messages count (0) does not match delete request count (1)
04-11 16:24:42.847  6566  7748 W Gmail   : Deleted messages count (0) does not match delete request count (1)
04-11 16:24:42.881  6566  7748 W Gmail   : Deleted messages count (0) does not match delete request count (1)
04-11 16:24:42.965  6566  7748 I Gmail   : MainSyncRequestProto: lowestBkwdConvoId: 0, highestHandledServerOp: 1364316, normalSync: true
04-11 16:24:43.789  6566  7748 E Gmail   : Dictionary checksum mismatch for conversation 1562857235484873401. Expected d3b79f85 but was ed4a2c18
04-11 16:24:43.789  6566  7748 W Gmail   : handleConversationProto: Could not deflate conversation 1562857235484873401. marking conversation as dirty
04-11 16:24:43.848  6566  7748 I Gmail   : MainSyncRequestProto: lowestBkwdConvoId: 0, highestHandledServerOp: 1364316, normalSync: true
04-11 16:24:44.386  6566  7748 W Gmail   : handleConversationProto: Dirty conversation 1562857235484873401 synced successfully. Marking as dirty in DB
04-11 16:24:44.454  6566  7748 I Gmail   : MainSyncRequestProto: lowestBkwdConvoId: 0, highestHandledServerOp: 1364316, normalSync: true
04-11 16:24:44.457  6566  7748 I Gmail   : lowestBackward conversation id 0
04-11 16:24:44.561  6566  7748 I Gmail   : AppDataSearch: minSeqNo=20010, maxSeqNo=20310, lastCommittedSequence=20009
04-11 16:24:44.608  2599  7752 W IcingInternalCorpora: getNumBytesRead when not calculated.
