04-11 10:45:42.987  1072  1072 I SystemServer: CertBlacklister
04-11 10:45:42.988  1072  1072 I SystemServiceManager: Starting com.android.server.emergency.EmergencyAffordanceService
04-11 10:45:42.989  1072  1072 I SystemServiceManager: Starting com.android.server.dreams.DreamManagerService
04-11 10:45:42.992  1072  1072 I SystemServer: StartAssetAtlasService
04-11 10:45:42.996  1072  1072 I SystemServiceManager: Starting com.android.server.print.PrintManagerService
04-11 10:45:43.002  1072  1072 I SystemServiceManager: Starting com.android.server.restrictions.RestrictionsManagerService
04-11 10:45:43.005  1072  1072 I SystemServiceManager: Starting com.android.server.media.MediaSessionService
04-11 10:45:43.010  1072  1072 I SystemServer: StartMediaRouterService
04-11 10:45:43.012  1072  1072 I SystemServiceManager: Starting com.android.server.trust.TrustManagerService
04-11 10:45:43.013  1072  1072 I SystemServiceManager: Starting com.android.server.fingerprint.FingerprintService
04-11 10:45:43.961  1072  1072 V FingerprintService: Fingerprint HAL id: 519620050944
04-11 10:45:43.961  1072  1072 I SystemServer: StartBackgroundDexOptService
04-11 10:45:43.965  1072  1072 I SystemServiceManager: Starting com.android.server.pm.ShortcutService$Lifecycle
04-11 10:45:43.979  1072  1072 I SystemServiceManager: Starting com.android.server.pm.LauncherAppsService
04-11 10:45:43.980  1072  1072 I SystemServiceManager: Starting com.android.server.media.projection.MediaProjectionManagerService
04-11 10:45:43.987  1072  1072 I SystemServiceManager: Starting com.android.server.MmsServiceBroker
04-11 10:45:44.013  1072  1072 E LockSettingsStorage: Cannot read file java.io.FileNotFoundException: /data/system/gatekeeper.password.key: open failed: ENOENT (No such file or directory)
04-11 10:45:44.013  1072  1072 E LockSettingsStorage: Cannot read file java.io.FileNotFoundException: /data/system/password.key: open failed: ENOENT (No such file or directory)
04-11 10:45:44.014  1072  1072 E LockSettingsStorage: Cannot read file java.io.FileNotFoundException: /data/system/gatekeeper.pattern.key: open failed: ENOENT (No such file or directory)
04-11 10:45:44.014  1072  1072 E LockSettingsStorage: Cannot read file java.io.FileNotFoundException: /data/system/gatekeeper.gesture.key: open failed: ENOENT (No such file or directory)
04-11 10:45:44.014  1072  1072 E LockSettingsStorage: Cannot read file java.io.FileNotFoundException: /data/system/gesture.key: open failed: ENOENT (No such file or directory)
04-11 10:45:44.014  1072  1072 I SystemServiceManager: Starting phase 480
04-11 10:45:44.025  1072  1072 I DevicePolicyManagerService: Set ro.device_owner property to false
04-11 10:45:44.028  1072  1072 I SystemServiceManager: Starting phase 500
04-11 10:45:44.038  1072  1072 I WifiService: WifiService starting up with Wi-Fi enabled
04-11 10:45:44.040  1072  1072 D WifiService: setWifiEnabled: true pid=1072, uid=1000
04-11 10:45:44.051  1072  1409 D ConnectivityService: Got NetworkFactory Messenger for Ethernet
04-11 10:45:45.286  1072  1405 E NetdConnector: NDC Command {3 softap fwreload wlan0 STA} took too long (1239ms)
04-11 10:45:45.313  1072  1072 E NetdConnector: NDC Command {4 interface list} took too long (1262ms)
04-11 10:45:45.362  1072  1149 W KeyguardServiceDelegate: onScreenTurningOn(): no keyguard service!
04-11 10:45:45.364  1072  1072 V UserManagerService: Found /data/user_de/0 with serial number 0
04-11 10:45:45.365  1072  1072 V UserManagerService: Found /data/user/0 with serial number 0
04-11 10:45:45.365  1072  1072 V UserManagerService: Found /data/system_de/0 with serial number 0
04-11 10:45:45.365  1072  1072 V UserManagerService: Found /data/system_ce/0 with serial number 0
04-11 10:45:45.514  1072  1072 I ActivityManager: System now ready
04-11 10:45:45.517  1072  1072 I SystemServer: Making services ready
04-11 10:45:45.517  1072  1072 I SystemServiceManager: Starting phase 550
04-11 10:45:45.544  1072  1072 D BluetoothManagerService: Bluetooth boot completed
04-11 10:45:45.544  1072  1072 D BluetoothManagerService: Auto-enabling Bluetooth.
04-11 10:45:45.545  1072  1146 D BluetoothManagerService: Message: 1
04-11 10:45:45.545  1072  1072 E InputMethodManagerService: Ignoring updateSystemUiLocked due to an invalid token. uid:1000 token:null
04-11 10:45:45.545  1072  1146 D BluetoothManagerService: MESSAGE_ENABLE: mBluetooth = null
04-11 10:45:45.620  1072  1146 W ActivityManager: Slow operation: 71ms so far, now at startProcess: returned from zygote!
04-11 10:45:45.620  1072  1146 W ActivityManager: Slow operation: 71ms so far, now at startProcess: done updating battery stats
04-11 10:45:45.621  1072  1146 W ActivityManager: Slow operation: 72ms so far, now at startProcess: building log message
04-11 10:45:45.621  1072  1146 I ActivityManager: Start proc 1443:com.android.bluetooth/1002 for service com.android.bluetooth/.btservice.AdapterService
04-11 10:45:45.622  1072  1146 W ActivityManager: Slow operation: 73ms so far, now at startProcess: starting to update pids map
04-11 10:45:45.622  1072  1146 W ActivityManager: Slow operation: 73ms so far, now at startProcess: done updating pids map
04-11 10:45:45.622  1072  1146 W ActivityManager: Slow operation: 75ms so far, now at startProcess: done starting proc!
04-11 10:45:45.637  1072  1072 I ActivityManager: Start proc 1449:com.google.android.inputmethod.latin/u0a75 for service com.google.android.inputmethod.latin/com.android.inputmethod.latin.LatinIME
04-11 10:45:45.638  1072  1072 V InputMethodManagerService: Adding window token: android.os.Binder@feb9f50
04-11 10:45:45.638  1072  1072 W TextServicesManagerService: no available spell checker services found
04-11 10:45:45.640  1072  1072 D UsbAlsaManager: Adding ALSA device AlsaDevice: [card: 0, device: 54, type: 2]
04-11 10:45:45.640  1072  1072 D UsbAlsaManager: Adding ALSA device AlsaDevice: [card: 0, device: 53, type: 1]
04-11 10:45:45.640  1072  1072 D UsbAlsaManager: Adding ALSA device AlsaDevice: [card: 0, device: 52, type: 2]
04-11 10:45:45.640  1072  1072 D UsbAlsaManager: Adding ALSA device AlsaDevice: [card: 0, device: 51, type: 2]
04-11 10:45:45.640  1072  1072 D UsbAlsaManager: Adding ALSA device AlsaDevice: [card: 0, device: 50, type: 1]
04-11 10:45:45.640  1072  1072 D UsbAlsaManager: Adding ALSA device AlsaDevice: [card: 0, device: 49, type: 2]
04-11 10:45:45.640  1072  1072 D UsbAlsaManager: Adding ALSA device AlsaDevice: [card: 0, device: 48, type: 2]
04-11 10:45:45.641  1072  1072 D UsbAlsaManager: Adding ALSA device AlsaDevice: [card: 0, device: 47, type: 1]
04-11 10:45:45.641  1072  1072 D UsbAlsaManager: Adding ALSA device AlsaDevice: [card: 0, device: 46, type: 1]
04-11 10:45:45.641  1072  1072 D UsbAlsaManager: Adding ALSA device AlsaDevice: [card: 0, device: 45, type: 2]
04-11 10:45:45.641  1072  1072 D UsbAlsaManager: Adding ALSA device AlsaDevice: [card: 0, device: 44, type: 1]
04-11 10:45:45.641  1072  1072 D UsbAlsaManager: Adding ALSA device AlsaDevice: [card: 0, device: 43, type: 2]
04-11 10:45:45.641  1072  1072 D UsbAlsaManager: Adding ALSA device AlsaDevice: [card: 0, device: 42, type: 1]
04-11 10:45:45.641  1072  1072 D UsbAlsaManager: Adding ALSA device AlsaDevice: [card: 0, device: 41, type: 2]
04-11 10:45:45.641  1072  1072 D UsbAlsaManager: Adding ALSA device AlsaDevice: [card: 0, device: 41, type: 1]
04-11 10:45:45.641  1072  1072 D UsbAlsaManager: Adding ALSA device AlsaDevice: [card: 0, device: 40, type: 2]
04-11 10:45:45.641  1072  1072 D UsbAlsaManager: Adding ALSA device AlsaDevice: [card: 0, device: 40, type: 1]
04-11 10:45:45.641  1072  1072 D UsbAlsaManager: Adding ALSA device AlsaDevice: [card: 0, device: 33, type: 2]
04-11 10:45:45.641  1072  1072 D UsbAlsaManager: Adding ALSA device AlsaDevice: [card: 0, device: 33, type: 1]
04-11 10:45:45.641  1072  1072 D UsbAlsaManager: Adding ALSA device AlsaDevice: [card: 0, device: 32, type: 2]
04-11 10:45:45.641  1072  1072 D UsbAlsaManager: Adding ALSA device AlsaDevice: [card: 0, device: 32, type: 1]
04-11 10:45:45.641  1072  1072 D UsbAlsaManager: Adding ALSA device AlsaDevice: [card: 0, device: 31, type: 2]
04-11 10:45:45.641  1072  1072 D UsbAlsaManager: Adding ALSA device AlsaDevice: [card: 0, device: 30, type: 2]
04-11 10:45:45.641  1072  1072 D UsbAlsaManager: Adding ALSA device AlsaDevice: [card: 0, device: 29, type: 2]
04-11 10:45:45.641  1072  1072 D UsbAlsaManager: Adding ALSA device AlsaDevice: [card: 0, device: 28, type: 2]
04-11 10:45:45.641  1072  1072 D UsbAlsaManager: Adding ALSA device AlsaDevice: [card: 0, device: 27, type: 2]
04-11 10:45:45.641  1072  1072 D UsbAlsaManager: Adding ALSA device AlsaDevice: [card: 0, device: 26, type: 2]
04-11 10:45:45.641  1072  1072 D UsbAlsaManager: Adding ALSA device AlsaDevice: [card: 0, device: 25, type: 2]
04-11 10:45:45.641  1072  1397 D MountService: Thinking about init, mSystemReady=true, mDaemonConnected=true
04-11 10:45:45.641  1072  1072 D UsbAlsaManager: Adding ALSA device AlsaDevice: [card: 0, device: 24, type: 2]
04-11 10:45:45.641  1072  1072 D UsbAlsaManager: Adding ALSA device AlsaDevice: [card: 0, device: 24, type: 1]
04-11 10:45:45.641  1072  1072 D UsbAlsaManager: Adding ALSA device AlsaDevice: [card: 0, device: 23, type: 2]
04-11 10:45:45.641  1072  1072 D UsbAlsaManager: Adding ALSA device AlsaDevice: [card: 0, device: 23, type: 1]
04-11 10:45:45.641  1072  1072 D UsbAlsaManager: Adding ALSA device AlsaDevice: [card: 0, device: 22, type: 2]
04-11 10:45:45.641  1072  1146 D BluetoothManagerService: Message: 20
04-11 10:45:45.641  1072  1146 D BluetoothManagerService: Added callback: android.bluetooth.BluetoothAdapter$1@7321926:true
04-11 10:45:45.641  1072  1072 D UsbAlsaManager: Adding ALSA device AlsaDevice: [card: 0, device: 22, type: 1]
04-11 10:45:45.641  1072  1072 D UsbAlsaManager: Adding ALSA device AlsaDevice: [card: 0, device: 21, type: 1]
04-11 10:45:45.641  1072  1072 D UsbAlsaManager: Adding ALSA device AlsaDevice: [card: 0, device: 20, type: 2]
04-11 10:45:45.641  1072  1397 D MountService: Thinking about reset, mSystemReady=true, mDaemonConnected=true
04-11 10:45:45.641  1072  1072 D UsbAlsaManager: Adding ALSA device AlsaDevice: [card: 0, device: 20, type: 1]
04-11 10:45:45.641  1072  1072 D UsbAlsaManager: Adding ALSA device AlsaDevice: [card: 0, device: 19, type: 2]
04-11 10:45:45.641  1072  1072 D UsbAlsaManager: Adding ALSA device AlsaDevice: [card: 0, device: 19, type: 1]
04-11 10:45:45.641  1072  1072 D UsbAlsaManager: Adding ALSA device AlsaDevice: [card: 0, device: 16, type: 2]
04-11 10:45:45.641  1072  1072 D UsbAlsaManager: Adding ALSA device AlsaDevice: [card: 0, device: 15, type: 2]
04-11 10:45:45.642  1072  1072 D UsbAlsaManager: Adding ALSA device AlsaDevice: [card: 0, device: 15, type: 1]
04-11 10:45:45.642  1072  1072 D UsbAlsaManager: Adding ALSA device AlsaDevice: [card: 0, device: 14, type: 2]
04-11 10:45:45.642  1072  1072 D UsbAlsaManager: Adding ALSA device AlsaDevice: [card: 0, device: 14, type: 1]
04-11 10:45:45.642  1072  1072 D UsbAlsaManager: Adding ALSA device AlsaDevice: [card: 0, device: 13, type: 2]
04-11 10:45:45.642  1072  1072 D UsbAlsaManager: Adding ALSA device AlsaDevice: [card: 0, device: 13, type: 1]
04-11 10:45:45.642  1072  1072 D UsbAlsaManager: Adding ALSA device AlsaDevice: [card: 0, device: 12, type: 2]
04-11 10:45:45.642  1072  1072 D UsbAlsaManager: Adding ALSA device AlsaDevice: [card: 0, device: 12, type: 1]
04-11 10:45:45.642  1072  1072 D UsbAlsaManager: Adding ALSA device AlsaDevice: [card: 0, device: 11, type: 2]
04-11 10:45:45.642  1072  1072 D UsbAlsaManager: Adding ALSA device AlsaDevice: [card: 0, device: 11, type: 1]
04-11 10:45:45.642  1072  1072 D UsbAlsaManager: Adding ALSA device AlsaDevice: [card: 0, device: 10, type: 2]
04-11 10:45:45.642  1072  1072 D UsbAlsaManager: Adding ALSA device AlsaDevice: [card: 0, device: 10, type: 1]
04-11 10:45:45.642  1072  1072 D UsbAlsaManager: Adding ALSA device AlsaDevice: [card: 0, device: 8, type: 2]
04-11 10:45:45.642  1072  1072 D UsbAlsaManager: Adding ALSA device AlsaDevice: [card: 0, device: 7, type: 1]
04-11 10:45:45.642  1072  1072 D UsbAlsaManager: Adding ALSA device AlsaDevice: [card: 0, device: 6, type: 2]
04-11 10:45:45.642  1072  1072 D UsbAlsaManager: Adding ALSA device AlsaDevice: [card: 0, device: 5, type: 2]
04-11 10:45:45.642  1072  1072 D UsbAlsaManager: Adding ALSA device AlsaDevice: [card: 0, device: 5, type: 1]
04-11 10:45:45.642  1072  1072 D UsbAlsaManager: Adding ALSA device AlsaDevice: [card: 0, device: 4, type: 2]
04-11 10:45:45.642  1072  1072 D UsbAlsaManager: Adding ALSA device AlsaDevice: [card: 0, device: 4, type: 1]
04-11 10:45:45.642  1072  1072 D UsbAlsaManager: Adding ALSA device AlsaDevice: [card: 0, device: 3, type: 2]
04-11 10:45:45.642  1072  1072 D UsbAlsaManager: Adding ALSA device AlsaDevice: [card: 0, device: 3, type: 1]
04-11 10:45:45.642  1072  1072 D UsbAlsaManager: Adding ALSA device AlsaDevice: [card: 0, device: 2, type: 2]
04-11 10:45:45.642  1072  1072 D UsbAlsaManager: Adding ALSA device AlsaDevice: [card: 0, device: 2, type: 1]
04-11 10:45:45.642  1072  1072 D UsbAlsaManager: Adding ALSA device AlsaDevice: [card: 0, device: 1, type: 2]
04-11 10:45:45.642  1072  1072 D UsbAlsaManager: Adding ALSA device AlsaDevice: [card: 0, device: 1, type: 1]
04-11 10:45:45.642  1072  1072 D UsbAlsaManager: Adding ALSA device AlsaDevice: [card: 0, device: 0, type: 2]
04-11 10:45:45.642  1072  1072 D UsbAlsaManager: Adding ALSA device AlsaDevice: [card: 0, device: 0, type: 1]
04-11 10:45:45.642  1072  1112 I ActivityManager: Force stopping com.android.providers.media appid=10014 user=-1: vold reset
04-11 10:45:45.642  1072  1397 D VoldConnector: SND -> {3 volume reset}
04-11 10:45:45.644  1072  1146 D BluetoothManagerService: Message: 30
04-11 10:45:45.644  1072  1416 D BluetoothManagerService: Creating new ProfileServiceConnections object for profile: 1
04-11 10:45:45.645  1072  1398 D VoldConnector: RCV <- {651 emulated 7}
04-11 10:45:45.645  1072  1072 I SystemServer: WebViewFactory preparation
04-11 10:45:45.646  1072  1398 D VoldConnector: RCV <- {659 emulated}
04-11 10:45:45.647  1072  1398 D VoldConnector: RCV <- {650 emulated 2 "" ""}
04-11 10:45:45.649  1072  1398 D VoldConnector: RCV <- {651 emulated 0}
04-11 10:45:45.650  1072  1146 D BluetoothManagerService: Message: 30
04-11 10:45:45.650  1072  1398 D VoldConnector: RCV <- {200 3 Command succeeded}
04-11 10:45:45.652  1072  1397 D VoldConnector: SND -> {4 volume user_added 0 0}
04-11 10:45:45.654  1072  1398 D VoldConnector: RCV <- {200 4 Command succeeded}
04-11 10:45:45.683  1072  1145 I UsbPortManager: USB port added: port=UsbPort{id=otg_default, supportedModes=dual}, status=UsbPortStatus{connected=true, currentMode=ufp, currentPowerRole=sink, currentDataRole=device, supportedRoleCombinations=[source:host, source:device, sink:host, sink:device]}, canChangeMode=true, canChangePowerRole=true, canChangeDataRole=true
04-11 10:45:45.685  1072  1145 V MountService: Found primary storage at VolumeInfo{emulated}:
04-11 10:45:45.685  1072  1145 V MountService:     type=EMULATED diskId=null partGuid=null mountFlags=0 mountUserId=-1 
04-11 10:45:45.685  1072  1145 V MountService:     state=UNMOUNTED 
04-11 10:45:45.685  1072  1145 V MountService:     fsType=null fsUuid=null fsLabel=null 
04-11 10:45:45.685  1072  1145 V MountService:     path=null internalPath=null 
04-11 10:45:45.685  1072  1397 D VoldConnector: SND -> {5 volume mount emulated 3 -1}
04-11 10:45:45.687  1072  1398 D VoldConnector: RCV <- {651 emulated 1}
04-11 10:45:45.687  1072  1398 D VoldConnector: RCV <- {656 emulated /data/media}
04-11 10:45:45.687  1072  1398 D VoldConnector: RCV <- {655 emulated /storage/emulated}
04-11 10:45:45.689   534   553 V vold    : Waiting for FUSE to spin up...
04-11 10:45:45.689  1072  1072 I ActivityManager: Start proc 1474:WebViewLoader-armeabi-v7a/1037 [android.webkit.WebViewFactory$RelroFileCreator] for 
04-11 10:45:45.705  1072  1072 I ActivityManager: Start proc 1489:WebViewLoader-arm64-v8a/1037 [android.webkit.WebViewFactory$RelroFileCreator] for 
04-11 10:45:45.727  1072  1072 I ActivityManager: Start proc 1502:com.android.systemui/u0a42 for service com.android.systemui/.SystemUIService
04-11 10:45:45.728  1072  1072 D NetworkManagement: enabling bandwidth control
04-11 10:45:45.749  1072  1146 D BluetoothManagerService: Message: 400
04-11 10:45:45.751  1072  1398 D VoldConnector: RCV <- {651 emulated 2}
04-11 10:45:45.751  1072  1398 D VoldConnector: RCV <- {200 5 Command succeeded}
04-11 10:45:45.944  1072  1146 D BluetoothManagerService: Message: 20
04-11 10:45:45.944  1072  1146 D BluetoothManagerService: Added callback: android.bluetooth.IBluetoothManagerCallback$Stub$Proxy@237db74:true
04-11 10:45:46.040  1072  1072 D NetworkPolicy: setRestrictBackgroundUL(): false
04-11 10:45:46.162  1072  1072 I SystemServiceManager: Starting phase 600
04-11 10:45:46.164  1072  1072 V NotificationListeners: enabling notification listener for 0: ComponentInfo{com.google.vr.vrcore/com.google.vr.vrcore.notification.VrNotificationService}
04-11 10:45:46.164  1072  1072 W ActivityManager: Unable to start service Intent { act=android.service.notification.NotificationListenerService cmp=com.google.vr.vrcore/.notification.VrNotificationService } U=0: not found
04-11 10:45:46.164  1072  1072 W NotificationListeners: Unable to bind notification listener service: Intent { act=android.service.notification.NotificationListenerService cmp=com.google.vr.vrcore/.notification.VrNotificationService (has extras) }
04-11 10:45:46.183  1072  1072 I ActivityManager: Start proc 1603:com.ustwo.lwp/u0a96 for service com.ustwo.lwp/.wallpapers.timelapse.TimelapseWallpaperService
04-11 10:45:46.198  1072  1072 D SensorNotificationService: Cannot obtain dynamic meta sensor, not supported.
04-11 10:45:46.227  1072  1072 W LocationProviderProxy-network: Odd, no component found for service com.android.location.service.v3.NetworkLocationProvider
04-11 10:45:46.230  1072  1072 W GeocoderProxy: Odd, no component found for service com.android.location.service.GeocodeProvider
04-11 10:45:46.244  1072  1072 W FusedProxy: Odd, no component found for service com.android.location.service.FusedProvider
04-11 10:45:46.247  1072  1072 W GeofenceProxy: Odd, no component found for service com.android.location.service.GeofenceProvider
04-11 10:45:46.253  1072  1072 W ActivityRecognitionProxy: Odd, no component found for service com.android.location.service.ActivityRecognitionProvider
04-11 10:45:46.262  1072  1072 I MmsServiceBroker: Delay connecting to MmsService until an API is called
04-11 10:45:46.281  1072  1072 I ActivityManager: Start proc 1638:com.quicinc.cne.CNEService/1000 for added application com.quicinc.cne.CNEService
04-11 10:45:46.292  1072  1072 I ActivityManager: Start proc 1658:com.android.phone/1001 for added application com.android.phone
04-11 10:45:46.293  1072  1072 I ActivityManager: START u0 {act=android.intent.action.MAIN cat=[android.intent.category.HOME] flg=0x10000100 cmp=com.android.settings/.FallbackHome} from uid 0 on display 0
04-11 10:45:46.301  1072  1072 I ActivityManager: Loaded persisted task ids for user 0
04-11 10:45:46.318  1072  1072 I ActivityManager: Start proc 1677:com.android.settings/1000 for activity com.android.settings/.FallbackHome
04-11 10:45:46.334  1072  1111 W LocationProviderProxy-network: Odd, no component found for service com.android.location.service.v3.NetworkLocationProvider
04-11 10:45:46.335  1072  1111 W GeocoderProxy: Odd, no component found for service com.android.location.service.GeocodeProvider
04-11 10:45:46.335  1072  1111 W FusedProxy: Odd, no component found for service com.android.location.service.FusedProvider
04-11 10:45:46.335  1072  1111 W GeofenceProxy: Odd, no component found for service com.android.location.service.GeofenceProvider
04-11 10:45:46.337  1072  1111 W ActivityRecognitionProxy: Odd, no component found for service com.android.location.service.ActivityRecognitionProvider
04-11 10:45:46.399  1072  1113 W WindowManager: Keyguard drawn timeout. Setting mKeyguardDrawComplete
04-11 10:45:46.401  1072  1072 D ConditionProviders.SCP: onConnected
04-11 10:45:46.408  1072  1072 D ConditionProviders: Subscribing to condition://android/schedule?days=1.2.3.4.5&start=22.0&end=7.0&exitAtAlarm=false with ComponentInfo{android/com.android.server.notification.ScheduleConditionProvider}
04-11 10:45:46.408  1072  1072 D ConditionProviders: Subscribing to condition://android/event?userId=-10000&calendar=&reply=1 with ComponentInfo{android/com.android.server.notification.EventConditionProvider}
04-11 10:45:46.409  1072  1072 D ConditionProviders: Subscribing to condition://android/schedule?days=6.7&start=23.30&end=10.0&exitAtAlarm=false with ComponentInfo{android/com.android.server.notification.ScheduleConditionProvider}
04-11 10:45:46.437  1638  1638 W ContextImpl: Calling a method in the system process without a qualified user: android.app.ContextImpl.sendBroadcast:877 android.content.ContextWrapper.sendBroadcast:421 com.quicinc.cne.CNEService.CNEServiceApp.broadcastCNEStarted:103 com.quicinc.cne.CNEService.CNEServiceApp.startCne:123 com.quicinc.cne.CNEService.CNEServiceApp.onCreate:94 
04-11 10:45:46.480  1072  1146 D BluetoothManagerService: Message: 30
04-11 10:45:46.485  1072  1072 I Telecom : SystemStateProvider: Registering car mode receiver: android.content.IntentFilter@d336c69: TS.init@AAA
04-11 10:45:46.487  1072  1085 I StatusBarManagerService: registerStatusBar bar=com.android.internal.statusbar.IStatusBar$Stub$Proxy@c2356ee
04-11 10:45:46.495  1072  1728 I Telecom : Telecom: Non-call EVENT: AUDIO_ROUTE, Entering state QuiescentEarpieceRoute
04-11 10:45:46.504  1072  1729 I Telecom : CallAudioModeStateMachine: Message received: null.: TS.init->CAMSM.pM_1@AAA_0
04-11 10:45:46.507  1072  1730 E ActivityThread: Failed to find provider info for call_log
04-11 10:45:46.511  1072  1146 D BluetoothManagerService: Message: 30
04-11 10:45:46.515  1072  1072 I Telecom : Class: TelecomSystem.INSTANCE being set
04-11 10:45:46.515  1072  1072 W ContextImpl: Calling a method in the system process without a qualified user: android.app.ContextImpl.startService:1357 android.content.ContextWrapper.startService:613 com.android.server.telecom.components.TelecomService.initializeTelecomSystem:176 com.android.server.telecom.components.TelecomService.onBind:61 android.app.ActivityThread.handleBindService:3218 
04-11 10:45:46.516  1072  1072 W ContextImpl: Calling a method in the system process without a qualified user: android.app.ContextImpl.startService:1357 com.android.server.content.SyncManager$13.run:658 android.os.Handler.handleCallback:751 android.os.Handler.dispatchMessage:95 android.os.Looper.loop:154 
04-11 10:45:46.518  1072  1072 D BluetoothManagerService: Bluetooth Adapter name changed to Pixel
04-11 10:45:46.519  1072  1072 D BluetoothManagerService: Stored Bluetooth name: Pixel
04-11 10:45:46.519  1072  1072 D BluetoothManagerService: BluetoothServiceConnection: com.android.bluetooth.btservice.AdapterService
04-11 10:45:46.519  1072  1146 D BluetoothManagerService: Message: 40
04-11 10:45:46.519  1072  1146 D BluetoothManagerService: MESSAGE_BLUETOOTH_SERVICE_CONNECTED: 1
04-11 10:45:46.530  1072  1146 D BluetoothManagerService: Calling onBluetoothServiceUp callbacks
04-11 10:45:46.531  1072  1146 D BluetoothManagerService: Broadcasting onBluetoothServiceUp() to 2 receivers.
04-11 10:45:46.534  1072  1112 W KeyguardServiceDelegate: onScreenTurningOn(): no keyguard service!
04-11 10:45:46.534  1072  1146 D BluetoothManagerService: Message: 60
04-11 10:45:46.534  1072  1146 D BluetoothManagerService: MESSAGE_BLUETOOTH_STATE_CHANGE: prevState = 10, newState =14
04-11 10:45:46.535  1072  1146 D BluetoothManagerService: bluetoothStateChangeHandler: 10 ->  14
04-11 10:45:46.535  1072  1146 D BluetoothManagerService: BLE State Change Intent: 10 -> 14
04-11 10:45:46.562  1072  1072 V WiredAccessoryManager: notifyWiredAccessoryChanged: when=0 bits= mask=54
04-11 10:45:46.562  1072  1072 V WiredAccessoryManager: newName=h2w newState=0 headsetState=0 prev headsetState=0
04-11 10:45:46.562  1072  1072 V WiredAccessoryManager: init()
04-11 10:45:46.580  1072  1146 D BluetoothManagerService: Message: 400
04-11 10:45:46.596  1072  1072 D ConditionProviders.SCP: onSubscribe condition://android/schedule?days=1.2.3.4.5&start=22.0&end=7.0&exitAtAlarm=false
04-11 10:45:46.596  1072  1072 D ConditionProviders.SCP: setRegistered true
04-11 10:45:46.597  1072  1072 D ConditionProviders.SCP: notifyCondition condition://android/schedule?days=1.2.3.4.5&start=22.0&end=7.0&exitAtAlarm=false STATE_FALSE reason=!meetsSchedule
04-11 10:45:46.598  1072  1072 D ConditionProviders.SCP: Scheduling evaluate for Tue Apr 11 22:00:00 GMT+02:00 2017 (1491940800000), in +11h14m13s403ms, now=Tue Apr 11 10:45:46 GMT+02:00 2017 (1491900346597)
04-11 10:45:46.599  1072  1072 D ConditionProviders.SCP: onSubscribe condition://android/schedule?days=6.7&start=23.30&end=10.0&exitAtAlarm=false
04-11 10:45:46.599  1072  1072 D ConditionProviders.SCP: notifyCondition condition://android/schedule?days=6.7&start=23.30&end=10.0&exitAtAlarm=false STATE_FALSE reason=!meetsSchedule
04-11 10:45:46.599  1072  1072 D ConditionProviders.SCP: notifyCondition condition://android/schedule?days=1.2.3.4.5&start=22.0&end=7.0&exitAtAlarm=false STATE_FALSE reason=!meetsSchedule
04-11 10:45:46.600  1072  1072 D ConditionProviders.SCP: Scheduling evaluate for Tue Apr 11 22:00:00 GMT+02:00 2017 (1491940800000), in +11h14m13s401ms, now=Tue Apr 11 10:45:46 GMT+02:00 2017 (1491900346599)
04-11 10:45:46.603  1072  1072 I Telecom : WiredHeadsetManager: ACTION_HEADSET_PLUG event, plugged in: false, : WHC.oADA@AAE
04-11 10:45:46.607  1072  1072 I ActivityManager: user 0 is still locked. Cannot load recents
04-11 10:45:46.610  1072  1146 D BluetoothManagerService: Message: 400
04-11 10:45:46.649  1072  1418 W ActivityManager: Unable to start service Intent { act=com.google.android.contextmanager.service.ContextManagerService.START pkg=com.google.android.gms } U=0: not found
04-11 10:45:46.651  1072  1085 W ActivityManager: Unbind failed: could not find connection for android.os.BinderProxy@91b59ed
04-11 10:45:46.658  1072  1694 W ActivityManager: Unable to start service Intent { act=com.google.android.contextmanager.service.ContextManagerService.START pkg=com.google.android.gms } U=0: not found
04-11 10:45:46.661  1072  1085 W ActivityManager: Unbind failed: could not find connection for android.os.BinderProxy@460a7e9
04-11 10:45:46.672  1072  1111 I SyncManager: Got SyncJobService instance.
04-11 10:45:46.677  1072  1415 E ActivityThread: Failed to find provider info for com.android.calendar
04-11 10:45:46.691  1072  1112 I ActivityManager: Start proc 1766:com.android.cellbroadcastreceiver/u0a7 for broadcast com.android.cellbroadcastreceiver/.CellBroadcastReceiver
04-11 10:45:46.703  1072  1415 E ActivityThread: Failed to find provider info for com.android.calendar
04-11 10:45:46.720  1072  1085 W ActivityManager: Unable to start service Intent { act=com.google.android.contextmanager.service.ContextManagerService.START pkg=com.google.android.gms } U=0: not found
04-11 10:45:46.723  1072  1086 W ActivityManager: Unbind failed: could not find connection for android.os.BinderProxy@5ad0d1e
04-11 10:45:46.724  1072  1551 W ActivityManager: Unable to start service Intent { act=com.google.android.contextmanager.service.ContextManagerService.START pkg=com.google.android.gms } U=0: not found
04-11 10:45:46.725  1072  1418 W ActivityManager: Unbind failed: could not find connection for android.os.BinderProxy@7e1e9ff
04-11 10:45:46.819  1072  1409 D ConnectivityService: Got NetworkFactory Messenger for PhoneSwitcherNetworkRequstListener
04-11 10:45:46.824  1072  1409 D ConnectivityService: Got NetworkFactory Messenger for TelephonyNetworkFactory[0]
04-11 10:45:46.840  1072  1146 D BluetoothManagerService: Message: 20
04-11 10:45:46.840  1072  1146 D BluetoothManagerService: Added callback: android.bluetooth.IBluetoothManagerCallback$Stub$Proxy@465d83a:true
04-11 10:45:46.841  1072  1146 D BluetoothManagerService: Message: 30
04-11 10:45:46.857  1658  1792 E ActivityThread: Failed to find provider info for com.android.contacts
04-11 10:45:46.922  1072  1146 D BluetoothManagerService: Message: 20
04-11 10:45:46.922  1072  1146 D BluetoothManagerService: Added callback: android.bluetooth.IBluetoothManagerCallback$Stub$Proxy@9ef3b90:true
04-11 10:45:46.929  1072  1146 D BluetoothManagerService: Message: 30
04-11 10:45:46.935  1072  1146 D BluetoothManagerService: Message: 30
04-11 10:45:46.939  1072  1146 D BluetoothManagerService: Message: 30
04-11 10:45:46.942  1072  1146 D BluetoothManagerService: Message: 400
04-11 10:45:46.942  1072  1146 D BluetoothManagerService: Message: 30
04-11 10:45:47.040  1072  1551 I ActivityManager: Start proc 1826:org.codeaurora.ims/1001 for broadcast org.codeaurora.ims/.ImsServiceAutoboot
04-11 10:45:47.089  1502  1844 E ActivityThread: Failed to find provider info for com.android.contacts
04-11 10:45:47.111  1072  1085 I Telecom : PhoneAccountRegistrar: [ComponentInfo{com.android.phone/com.android.services.telephony.TelephonyConnectionService}, [e0184adedf913b076626646d3f52c3b49c39ad6d], UserHandle{0}(icon: Icon(typ=BITMAP size=50x63) -> Icon(typ=BITMAP size=50x63))]: TSI.rPA@AAU
04-11 10:45:47.117  1072  1085 I Telecom : : Sending phone-account registered intent as user: TSI.rPA@AAU
04-11 10:45:47.146  1072  1418 D CryptdConnector: SND -> {2 cryptfs getpw}
04-11 10:45:47.147   534   554 D VoldCryptCmdListener: cryptfs getpw
04-11 10:45:47.147   534   554 E Cryptfs : cryptfs_get_password not valid for file encryption
04-11 10:45:47.147  1072  1399 D CryptdConnector: RCV <- {200 2 -1}
04-11 10:45:47.149  1072  1418 D CryptdConnector: SND -> {3 cryptfs clearpw}
04-11 10:45:47.149   534   554 D VoldCryptCmdListener: cryptfs clearpw
04-11 10:45:47.149  1072  1399 D CryptdConnector: RCV <- {200 3 0}
04-11 10:45:47.174  1072  1694 I Telecom : PhoneAccountRegistrar: [ComponentInfo{com.android.phone/com.android.services.telephony.TelephonyConnectionService}, [e0184adedf913b076626646d3f52c3b49c39ad6d], UserHandle{0}(icon: Icon(typ=BITMAP size=50x63) -> Icon(typ=BITMAP size=50x63))]: TSI.rPA@AAg
04-11 10:45:47.176  1072  1694 I Telecom : : Sending phone-account registered intent as user: TSI.rPA@AAg
04-11 10:45:47.308  1658  1658 D MccTable: updateMccMncConfiguration mccmnc='00000' fromServiceState=true
04-11 10:45:47.309  1658  1658 D MccTable: updateMccMncConfiguration defaultMccMnc=
04-11 10:45:47.309  1658  1658 D MccTable: updateMccMncConfiguration: mcc=0, mnc=0
04-11 10:45:47.309  1658  1658 D MccTable: WIFI_COUNTRY_CODE set to 
04-11 10:45:47.314  1072  1418 I WifiService: WifiService trying to set country code to  with persist set to false
04-11 10:45:47.347  1072  1086 I Telecom : PhoneAccountRegistrar: [ComponentInfo{com.android.phone/com.android.services.telephony.TelephonyConnectionService}, [e0184adedf913b076626646d3f52c3b49c39ad6d], UserHandle{0}(icon: Icon(typ=BITMAP size=50x63) -> Icon(typ=BITMAP size=50x63))]: TSI.rPA@AAk
04-11 10:45:47.348  1072  1086 I Telecom : : Sending phone-account registered intent as user: TSI.rPA@AAk
04-11 10:45:47.356  1072  1404 D WifiService: New client listening to asynchronous messages
04-11 10:45:47.363  1072  1551 I Telecom : PhoneAccountRegistrar: [ComponentInfo{com.android.phone/com.android.services.telephony.TelephonyConnectionService}, [e0184adedf913b076626646d3f52c3b49c39ad6d], UserHandle{0}(icon: Icon(typ=BITMAP size=50x63) -> Icon(typ=BITMAP size=50x63))]: TSI.rPA@AAw
04-11 10:45:47.364  1072  1551 I Telecom : : Sending phone-account registered intent as user: TSI.rPA@AAw
04-11 10:45:47.379  1072  1694 I ActivityManager: Setting hasTopUi=true for pid=1502
04-11 10:45:47.419  1072  1085 I Telecom : PhoneAccountRegistrar: [ComponentInfo{com.android.phone/com.android.services.telephony.TelephonyConnectionService}, [e0184adedf913b076626646d3f52c3b49c39ad6d], UserHandle{0}(icon: Icon(typ=BITMAP size=50x63) -> Icon(typ=BITMAP size=50x63))]: TSI.rPA@AA8
04-11 10:45:47.420  1072  1085 I Telecom : : Sending phone-account registered intent as user: TSI.rPA@AA8
04-11 10:45:47.453  1072  1694 I Telecom : PhoneAccountRegistrar: [ComponentInfo{com.android.phone/com.android.services.telephony.TelephonyConnectionService}, [e0184adedf913b076626646d3f52c3b49c39ad6d], UserHandle{0}(icon: Icon(typ=BITMAP size=50x63) -> Icon(typ=BITMAP size=50x63))]: TSI.rPA@ABA
04-11 10:45:47.454  1072  1694 I Telecom : : Sending phone-account registered intent as user: TSI.rPA@ABA
04-11 10:45:47.519  1072  1897 W ActivityManager: Unable to start service Intent { act=com.google.android.contextmanager.service.ContextManagerService.START pkg=com.google.android.gms } U=0: not found
04-11 10:45:47.520  1072  1085 W ActivityManager: Unbind failed: could not find connection for android.os.BinderProxy@28ad16a
04-11 10:45:47.524  1072  1694 W ActivityManager: Unable to start service Intent { act=com.google.android.contextmanager.service.ContextManagerService.START pkg=com.google.android.gms } U=0: not found
04-11 10:45:47.525  1072  1551 W ActivityManager: Unbind failed: could not find connection for android.os.BinderProxy@2e5a65b
04-11 10:45:47.526  1072  1897 W ActivityManager: Unable to start service Intent { act=com.google.android.contextmanager.service.ContextManagerService.START pkg=com.google.android.gms } U=0: not found
04-11 10:45:47.527  1072  1085 W ActivityManager: Unbind failed: could not find connection for android.os.BinderProxy@9d9bef8
04-11 10:45:47.530  1072  1551 W ActivityManager: Unable to start service Intent { act=com.google.android.contextmanager.service.ContextManagerService.START pkg=com.google.android.gms } U=0: not found
04-11 10:45:47.531  1072  1086 W ActivityManager: Unbind failed: could not find connection for android.os.BinderProxy@5b60fd1
04-11 10:45:47.538  1072  1072 D BluetoothManagerService: Bluetooth Adapter name changed to Pixel
04-11 10:45:47.538  1072  1072 D BluetoothManagerService: Stored Bluetooth name: Pixel
04-11 10:45:47.552  1072  1146 D BluetoothManagerService: Message: 60
04-11 10:45:47.552  1072  1146 D BluetoothManagerService: MESSAGE_BLUETOOTH_STATE_CHANGE: prevState = 14, newState =15
04-11 10:45:47.552  1072  1146 D BluetoothManagerService: bluetoothStateChangeHandler: 14 ->  15
04-11 10:45:47.552  1072  1146 D BluetoothManagerService: Bluetooth is in LE only mode
04-11 10:45:47.552  1072  1146 D BluetoothManagerService: Binding Bluetooth GATT service
04-11 10:45:47.553  1072  1146 D BluetoothManagerService: BLE State Change Intent: 14 -> 15
04-11 10:45:47.557  1072  1072 D BluetoothManagerService: BluetoothServiceConnection: com.android.bluetooth.gatt.GattService
04-11 10:45:47.557  1072  1146 D BluetoothManagerService: Message: 40
04-11 10:45:47.557  1072  1146 D BluetoothManagerService: MESSAGE_BLUETOOTH_SERVICE_CONNECTED: 2
04-11 10:45:47.557  1072  1146 D BluetoothManagerService: BluetoothGatt Service is Up
04-11 10:45:47.557  1072  1146 D BluetoothManagerService: isBleAppPresent() count: 0
04-11 10:45:47.558  1072  1146 D BluetoothManagerService: Persisting Bluetooth Setting: 1
04-11 10:45:47.559  1072  1146 D BluetoothManagerService: Message: 60
04-11 10:45:47.559  1072  1146 D BluetoothManagerService: MESSAGE_BLUETOOTH_STATE_CHANGE: prevState = 15, newState =11
04-11 10:45:47.559  1072  1146 D BluetoothManagerService: bluetoothStateChangeHandler: 15 ->  11
04-11 10:45:47.559  1072  1146 D BluetoothManagerService: BLE State Change Intent: 15 -> 11
04-11 10:45:47.623  1072  1897 I ActivityManager: user 0 is still locked. Cannot load recents
04-11 10:45:47.657  1072  1146 D BluetoothManagerService: Message: 60
04-11 10:45:47.657  1072  1146 D BluetoothManagerService: MESSAGE_BLUETOOTH_STATE_CHANGE: prevState = 11, newState =12
04-11 10:45:47.657  1072  1146 D BluetoothManagerService: bluetoothStateChangeHandler: 11 ->  12
04-11 10:45:47.657  1072  1146 D BluetoothManagerService: Broadcasting onBluetoothStateChange(true) to 9 receivers.
04-11 10:45:47.660  1072  1146 D BluetoothManagerService: BLE State Change Intent: 11 -> 12
04-11 10:45:47.663  1072  1551 D BluetoothManagerService: checkIfCallerIsForegroundUser: valid=true callingUser=0 parentUser=-10000 foregroundUser=0
04-11 10:45:47.664  1072  1418 D BluetoothManagerService: checkIfCallerIsForegroundUser: valid=true callingUser=0 parentUser=-10000 foregroundUser=0
04-11 10:45:47.668  1072  1418 D BluetoothManagerService: checkIfCallerIsForegroundUser: valid=true callingUser=0 parentUser=-10000 foregroundUser=0
04-11 10:45:47.674  1072  1086 D BluetoothManagerService: checkIfCallerIsForegroundUser: valid=true callingUser=0 parentUser=-10000 foregroundUser=0
04-11 10:45:47.674  1072  1146 D BluetoothManagerService: Message: 30
04-11 10:45:47.679  1072  1146 D BluetoothManagerService: Message: 30
04-11 10:45:47.683  1072  1072 I Telecom : BluetoothPhoneService: queryPhoneState: BPSI.qPS@ABI
04-11 10:45:47.684  1072  1072 I Telecom : BluetoothPhoneService: updateHeadsetWithCallState numActive 0, numHeld 0, callState 6, ringing number [da39a3ee5e6b4b0d3255bfef95601890afd80709], ringing type 128: BPSI.qPS@ABI
04-11 10:45:47.710  1677  1677 W ContextImpl: Calling a method in the system process without a qualified user: android.app.ContextImpl.startService:1357 android.content.ContextWrapper.startService:613 android.content.ContextWrapper.startService:613 com.android.settings.bluetooth.DockEventReceiver.beginStartingService:134 com.android.settings.bluetooth.DockEventReceiver.onReceive:115 
04-11 10:45:47.721  1072  1146 D BluetoothManagerService: Message: 20
04-11 10:45:47.722  1072  1146 D BluetoothManagerService: Added callback: android.bluetooth.IBluetoothManagerCallback$Stub$Proxy@e8cbb70:true
04-11 10:45:47.734  1072  1146 D BluetoothManagerService: Message: 30
04-11 10:45:47.736  1072  1689 D BluetoothManagerService: checkIfCallerIsForegroundUser: valid=true callingUser=0 parentUser=-10000 foregroundUser=0
04-11 10:45:47.740  1072  1146 D BluetoothManagerService: Message: 30
04-11 10:45:47.743  1072  1146 D BluetoothManagerService: Message: 30
04-11 10:45:47.754  1072  1146 D BluetoothManagerService: Message: 30
04-11 10:45:47.758  1072  1146 D BluetoothManagerService: Message: 30
04-11 10:45:47.761  1072  1146 D BluetoothManagerService: Message: 30
04-11 10:45:47.780  1072  1146 D BluetoothManagerService: Message: 400
04-11 10:45:47.841  1072  1146 D BluetoothManagerService: Message: 400
04-11 10:45:48.134  1658  1658 D MccTable: updateMccMncConfiguration mccmnc='null' fromServiceState=true
04-11 10:45:48.134  1658  1658 D MccTable: WIFI_COUNTRY_CODE set to 
04-11 10:45:48.137  1072  1085 I WifiService: WifiService trying to set country code to  with persist set to false
04-11 10:45:48.159  1072  1689 I Telecom : PhoneAccountRegistrar: [ComponentInfo{com.android.phone/com.android.services.telephony.TelephonyConnectionService}, [e0184adedf913b076626646d3f52c3b49c39ad6d], UserHandle{0}(icon: Icon(typ=BITMAP size=50x63) -> Icon(typ=BITMAP size=50x63))]: TSI.rPA@ABM
04-11 10:45:48.160  1072  1689 I Telecom : : Sending phone-account registered intent as user: TSI.rPA@ABM
04-11 10:45:48.169  1072  1689 I Telecom : PhoneAccountRegistrar: [ComponentInfo{com.android.phone/com.android.services.telephony.TelephonyConnectionService}, [e0184adedf913b076626646d3f52c3b49c39ad6d], UserHandle{0}(icon: Icon(typ=BITMAP size=50x63) -> Icon(typ=BITMAP size=50x63))]: TSI.rPA@ABY
04-11 10:45:48.171  1072  1689 I Telecom : : Sending phone-account registered intent as user: TSI.rPA@ABY
04-11 10:45:48.332  1072  1147 W WindowManager: App freeze timeout expired.
04-11 10:45:49.815  1072  1147 I SystemServiceManager: Starting phase 1000
04-11 10:45:49.820  1072  1147 D NightDisplayService: setUp: currentUser=0
04-11 10:45:49.824  1072  1147 D NightDisplayService: onAutoModeChanged: autoMode=0
04-11 10:45:49.824  1072  1147 I NightDisplayService: Turning off night display
04-11 10:45:49.849  1072  1147 I ActivityManager: Start proc 1956:com.google.android.ext.services/u0a23 for on-hold
04-11 10:45:49.853  1072  1147 D ActivityManager: Finishing user boot 0
04-11 10:45:49.855  1072  1147 D CryptdConnector: SND -> {4 cryptfs unlock_user_key 0 0 [scrubbed] [scrubbed]}
04-11 10:45:49.857   534   554 D vold    : e4crypt_unlock_user_key 0 serial=0 token_present=0
04-11 10:45:49.862   534   554 D vold    : Skipping non-key .
04-11 10:45:49.862   534   554 D vold    : Skipping non-key ..
04-11 10:45:49.862   534   554 D vold    : Trying user CE key /data/misc/vold/user_keys/ce/0/current
04-11 10:45:49.907   534   554 D vold    : Successfully retrieved key
04-11 10:45:49.907   534   554 D vold    : Added key 645468158 (ext4:5fcb89181ad5160e) to keyring 658930749 in process 534
04-11 10:45:49.907   534   554 D vold    : Installed ce key for user 0
04-11 10:45:49.907  1072  1399 D CryptdConnector: RCV <- {200 4 Command succeeded}
04-11 10:45:49.909  1072  1147 D CryptdConnector: SND -> {5 cryptfs prepare_user_storage ! 0 0 2}
04-11 10:45:49.909   534   554 D vold    : e4crypt_prepare_user_storage for volume null, user 0, serial 0, flags 2
04-11 10:45:49.909   534   554 D vold    : Preparing: /data/system_ce/0
04-11 10:45:49.909   534   554 D vold    : Preparing: /data/misc_ce/0
04-11 10:45:49.912   534   554 D vold    : Preparing: /data/media/0
04-11 10:45:49.912   534   554 D vold    : Preparing: /data/data
04-11 10:45:49.913   534   554 I vold    : Found policy 5fcb89181ad5160e at /data/system_ce/0 which matches expected value
04-11 10:45:49.914   534   554 I vold    : Policy for /data/misc_ce/0 set to 5fcb89181ad5160e
04-11 10:45:49.915   534   554 I vold    : Found policy 5fcb89181ad5160e at /data/media/0 which matches expected value
04-11 10:45:49.918   534   554 I vold    : Found policy 5fcb89181ad5160e at /data/data which matches expected value
04-11 10:45:49.918   534   554 V vold    : Starting restorecon of /data/system_ce/0
04-11 10:45:49.918   534   554 V vold    : Finished restorecon of /data/system_ce/0
04-11 10:45:49.918   534   554 V vold    : Starting restorecon of /data/misc_ce/0
04-11 10:45:49.919   534   554 V vold    : Finished restorecon of /data/misc_ce/0
04-11 10:45:49.919  1072  1399 D CryptdConnector: RCV <- {200 5 Command succeeded}
04-11 10:45:49.920  1072  1147 V UserManagerService: Found /data/user/0 with serial number 0
04-11 10:45:49.920  1072  1147 V UserManagerService: Found /data/system_ce/0 with serial number 0
04-11 10:45:49.920  1072  1147 V PackageManager: reconcileAppsData for null u0 0x2
04-11 10:45:50.406  1072  1147 V PackageManager: reconcileAppsData finished 164 packages
04-11 10:45:50.409  1072  1112 D BluetoothManagerService: User 0 unlocked
04-11 10:45:50.409  1072  1112 D MountService: onUnlockUser 0
04-11 10:45:50.410  1072  1112 D VoldConnector: SND -> {6 volume user_started 0}
04-11 10:45:50.410  1072  1146 D BluetoothManagerService: Message: 301
04-11 10:45:50.410  1072  1146 D BluetoothManagerService: MESSAGE_USER_UNLOCKED
04-11 10:45:50.412   534   553 D vold    : Linking /storage/emulated/0 to /mnt/user/0/primary
04-11 10:45:50.412  1072  1398 D VoldConnector: RCV <- {200 6 Command succeeded}
04-11 10:45:50.413  1072  1409 D ConnectivityService: Got NetworkFactory Messenger for WIFI
04-11 10:45:50.414  1072  1409 D ConnectivityService: Got NetworkFactory Messenger for WIFI_UT
04-11 10:45:50.417  1072  1397 D MountService: Volume emulated broadcasting mounted to UserHandle{0}
04-11 10:45:50.430  1072  1072 I ActivityManager: Start proc 1969:com.google.android.marvin.talkback/u0a101 for broadcast com.google.android.marvin.talkback/com.android.talkback.BootReceiver
04-11 10:45:50.453  1072  1112 V BackupManagerService: No ancestral data
04-11 10:45:50.472  1072  1112 V BackupManagerService: Starting with transport com.google.android.gms/.backup.BackupTransportService
04-11 10:45:50.472  1072  1112 V BackupManagerService: Found transports: 2
04-11 10:45:50.507  1072  1112 I ActivityManager: Start proc 1983:com.google.android.gms.persistent/u0a19 for service com.google.android.gms/.backup.BackupTransportService
04-11 10:45:50.513  1072  1112 I BackupManagerService: Backup enabled => false
04-11 10:45:50.520  1072  1981 V KeyValueBackupJob: Scheduling k/v pass in 246 minutes
04-11 10:45:50.538  1072  1072 I ActivityManager: Start proc 1997:com.google.android.apps.photos/u0a83 for service com.google.android.apps.photos/.dbprocessor.impl.DatabaseProcessorJobService
04-11 10:45:50.541  1072  1072 V BackupManagerService: Connected to transport ComponentInfo{android/com.android.internal.backup.LocalTransportService}
04-11 10:45:50.542  1072  1072 V BackupManagerService: Registering transport android/com.android.internal.backup.LocalTransportService::android/com.android.internal.backup.LocalTransport = android.app.backup.BackupTransport$TransportImpl@53f4878
04-11 10:45:50.578  1072  1112 I ActivityManager: Start proc 2011:com.google.android.googlequicksearchbox:interactor/u0a45 for service com.google.android.googlequicksearchbox/com.google.android.voiceinteraction.GsaVoiceInteractionService
04-11 10:45:50.580  1072  1112 I ActivityManager: Loading recents for user 0 into memory.
04-11 10:45:50.592  1072  1112 I ActivityManager: Start proc 2019:com.android.nfc/1027 for added application com.android.nfc
04-11 10:45:50.611  1072  1112 I ActivityManager: Start proc 2031:com.android.ims.rcsservice/1001 for added application com.android.ims.rcsservice
04-11 10:45:50.640  1072  1112 I ActivityManager: Start proc 2050:com.qualcomm.qti.rcsbootstraputil/1001 for added application com.qualcomm.qti.rcsbootstraputil
04-11 10:45:50.656  1072  1112 I ActivityManager: Start proc 2065:com.google.SSRestartDetector/1000 for added application com.google.SSRestartDetector
04-11 10:45:50.657  1072  1112 D ActivityManager: Sending BOOT_COMPLETE user #0
04-11 10:45:50.682  1072  1072 V ConditionProviders: enabling condition provider for 0: ComponentInfo{com.google.vr.vrcore/com.google.vr.vrcore.common.VrCoreZenConditionProvider}
04-11 10:45:50.697  1072  1072 I ActivityManager: Start proc 2082:com.google.vr.vrcore/u0a71 for service com.google.vr.vrcore/.common.VrCoreZenConditionProvider
04-11 10:45:50.698  1072  1072 V NotificationListeners: enabling notification listener for 0: ComponentInfo{com.google.vr.vrcore/com.google.vr.vrcore.notification.VrNotificationService}
04-11 10:45:50.795  1072  1551 I Telecom : PhoneAccountRegistrar: [ComponentInfo{com.android.phone/com.android.services.telephony.TelephonyConnectionService}, [e0184adedf913b076626646d3f52c3b49c39ad6d], UserHandle{0}(icon: Icon(typ=BITMAP size=50x63) -> Icon(typ=BITMAP size=50x63))]: TSI.rPA@ABg
04-11 10:45:50.798  1072  1551 I Telecom : : Sending phone-account registered intent as user: TSI.rPA@ABg
04-11 10:45:50.811  1072  1085 I Telecom : PhoneAccountRegistrar: [ComponentInfo{com.android.phone/com.android.services.telephony.TelephonyConnectionService}, [e0184adedf913b076626646d3f52c3b49c39ad6d], UserHandle{0}(icon: Icon(typ=BITMAP size=50x63) -> Icon(typ=BITMAP size=50x63))]: TSI.rPA@ABs
04-11 10:45:50.812  1072  1085 I Telecom : : Sending phone-account registered intent as user: TSI.rPA@ABs
04-11 10:45:50.864  1072  1694 I ActivityManager: Start proc 2100:com.google.process.gapps/u0a19 for content provider com.google.android.gsf/.gservices.GservicesProvider
04-11 10:45:50.885  1072  1146 D BluetoothManagerService: Message: 20
04-11 10:45:50.885  1072  1146 D BluetoothManagerService: Added callback: android.bluetooth.IBluetoothManagerCallback$Stub$Proxy@b31dd75:true
04-11 10:45:50.888  1072  1551 I ActivityManager: START u0 {act=android.intent.action.MAIN cat=[android.intent.category.HOME] flg=0x10000100 cmp=com.google.android.apps.nexuslauncher/.NexusLauncherActivity} from uid 0 on display 0
04-11 10:45:50.914  1072  1721 I ActivityManager: Start proc 2116:com.android.keychain/1000 for service com.android.keychain/.KeyChainService
04-11 10:45:50.933  1072  1112 I ActivityManager: Start proc 2122:com.google.android.apps.nexuslauncher/u0a32 for activity com.google.android.apps.nexuslauncher/.NexusLauncherActivity
04-11 10:45:51.002  1072  1111 I ActivityManager: Start proc 2146:com.android.printspooler/u0a88 for service com.android.printspooler/.model.PrintSpoolerService
04-11 10:45:51.029  1072  1085 I ActivityManager: Start proc 2153:com.google.android.googlequicksearchbox:search/u0a45 for service com.google.android.googlequicksearchbox/com.google.android.hotword.service.HotwordService
04-11 10:45:51.389  1072  1694 I ActivityManager: Start proc 2211:com.google.android.deskclock/u0a86 for broadcast com.google.android.deskclock/com.android.deskclock.AlarmInitReceiver
04-11 10:45:51.454  1072  1086 W SoundModelDBHelper: No SoundModel available for the given keyphrase
04-11 10:45:51.487  1072  1694 I ActivityManager: Start proc 2235:com.google.android.partnersetup/u0a27 for content provider com.google.android.partnersetup/.RlzAppProvider
04-11 10:45:51.524  1072  1981 I BackupManagerService: Found stale backup journal, scheduling
04-11 10:45:51.585  1072  1072 V BackupManagerService: Connected to transport ComponentInfo{com.google.android.gms/com.google.android.gms.backup.BackupTransportService}
04-11 10:45:51.586  1072  1072 V BackupManagerService: Registering transport com.google.android.gms/.backup.BackupTransportService::com.google.android.gms/.backup.BackupTransportService = com.android.internal.backup.IBackupTransport$Stub$Proxy@eda5a89
04-11 10:45:52.196  1072  1418 I ActivityManager: Start proc 2320:android.process.media/u0a14 for broadcast com.android.providers.downloads/.DownloadReceiver
04-11 10:45:52.268  1072  1146 D BluetoothManagerService: Message: 20
