04-11 16:24:44.659  2599  3009 I Icing   : Usage reports 0 indexed 0 rejected 0 imm upload false
04-11 16:24:44.684  2599  3009 I Icing   : Usage reports 0 indexed 0 rejected 0 imm upload false
04-11 16:24:44.701  6566  7748 I UnifiedEmail: notifyAccountChanged
04-11 16:24:44.703  6566  7748 W Gmail   : Sync complete for account: account:259755595
04-11 16:24:44.705  6566  7753 I UnifiedEmail: getAccountsCursor
04-11 16:24:45.679  2599  3009 I Icing   : Indexing EDFE883FB172A000788EDC8ACD08B37A69EAFD76 from com.google.android.gm
04-11 16:24:45.932  2599  3009 I Icing   : Indexing done EDFE883FB172A000788EDC8ACD08B37A69EAFD76
04-11 16:25:39.579  1072  1387 I chatty  : uid=1000(system) n HAL callback. expire 18 lines
04-11 16:26:03.405  2565  2634 I PlayCommon: [162] com.google.android.play.a.g.e(940): Preparing logs for uploading
04-11 16:26:03.513  2565  2634 I PlayCommon: [162] com.google.android.play.a.g.a(1043): Connecting to server: https://play.googleapis.com/play/log?format=raw&proto_v2=true
04-11 16:26:03.697  2565  2634 I PlayCommon: [162] com.google.android.play.a.g.a(1121): Successfully uploaded logs.
04-11 16:26:33.743  2565  4245 I PlayCommon: [196] com.google.android.play.a.g.e(940): Preparing logs for uploading
04-11 16:26:33.745  2565  4245 I PlayCommon: [196] com.google.android.play.a.g.e(942): No file ready to send
04-11 16:26:43.690  1983  7209 W ctxmgr  : [AclManager]No 2 for (accnt=account#259755595#, com.google.android.gms(10019):UserLocationProducer, vrsn=10298000, 0, 3pPkg = null ,  3pMdlId = null). Was: 2 for 1, account#259755595#
04-11 16:26:43.707  1072  1407 I chatty  : uid=1000(system) WifiScanningSer expire 4 lines
04-11 16:26:45.903  1072  1387 I chatty  : uid=1000(system) n HAL callback. expire 27 lines
04-11 16:26:46.017  1983  7209 W ctxmgr  : [AclManager]No 2 for (accnt=account#259755595#, com.google.android.gms(10019):UserLocationProducer, vrsn=10298000, 0, 3pPkg = null ,  3pMdlId = null). Was: 2 for 1, account#259755595#
04-11 16:27:41.862  2100  7766 I SubscribedFeeds: Received message
04-11 16:27:41.949  6566  7767 I Gmail   : Sync started for account: account:259755595
04-11 16:27:41.969  6566  7767 I UnifiedEmail: notifyAccountChanged
04-11 16:27:41.983  6566  7768 I UnifiedEmail: getAccountsCursor
04-11 16:27:42.021  6566  7767 I Gmail   : MainSyncRequestProto: lowestBkwdConvoId: 0, highestHandledServerOp: 1364316, normalSync: true
04-11 16:27:42.478  6566  7767 W Gmail   : Deleted messages count (0) does not match delete request count (1)
04-11 16:27:42.531  6566  7767 W Gmail   : Deleted messages count (0) does not match delete request count (1)
04-11 16:27:42.602  6566  7767 W Gmail   : Deleted messages count (0) does not match delete request count (1)
04-11 16:27:42.640  6566  7767 W Gmail   : Deleted messages count (0) does not match delete request count (1)
04-11 16:27:42.676  6566  7767 W Gmail   : Deleted messages count (0) does not match delete request count (1)
04-11 16:27:42.707  6566  7767 W Gmail   : Deleted messages count (0) does not match delete request count (1)
04-11 16:27:42.765  6566  7767 W Gmail   : Deleted messages count (0) does not match delete request count (1)
04-11 16:27:42.824  6566  7767 I Gmail   : MainSyncRequestProto: lowestBkwdConvoId: 0, highestHandledServerOp: 1364372, normalSync: true
04-11 16:27:43.567  6566  7767 E Gmail   : Dictionary checksum mismatch for conversation 1562857235484873401. Expected 8485050c but was ed4a2c18
04-11 16:27:43.567  6566  7767 W Gmail   : handleConversationProto: Could not deflate conversation 1562857235484873401. marking conversation as dirty
04-11 16:27:43.626  6566  7767 I Gmail   : MainSyncRequestProto: lowestBkwdConvoId: 0, highestHandledServerOp: 1364372, normalSync: true
04-11 16:27:44.233  6566  7767 W Gmail   : handleConversationProto: Dirty conversation 1562857235484873401 synced successfully. Marking as dirty in DB
04-11 16:27:44.285  6566  7767 I Gmail   : MainSyncRequestProto: lowestBkwdConvoId: 0, highestHandledServerOp: 1364372, normalSync: true
04-11 16:27:44.287  6566  7767 I Gmail   : lowestBackward conversation id 0
04-11 16:27:44.410  6566  7767 I Gmail   : AppDataSearch: minSeqNo=20010, maxSeqNo=20314, lastCommittedSequence=20009
04-11 16:27:44.451  2599  7771 W IcingInternalCorpora: getNumBytesRead when not calculated.
04-11 16:27:44.505  2599  3009 I Icing   : Usage reports 0 indexed 0 rejected 0 imm upload false
04-11 16:27:44.528  2599  3009 I Icing   : Usage reports 0 indexed 0 rejected 0 imm upload false
04-11 16:27:44.548  6566  7767 I UnifiedEmail: notifyAccountChanged
04-11 16:27:44.552  6566  7767 W Gmail   : Sync complete for account: account:259755595
04-11 16:27:44.555  6566  7772 I UnifiedEmail: getAccountsCursor
04-11 16:27:45.552  2599  3009 I Icing   : Indexing EDFE883FB172A000788EDC8ACD08B37A69EAFD76 from com.google.android.gm
04-11 16:27:45.794  2599  3009 I Icing   : Indexing done EDFE883FB172A000788EDC8ACD08B37A69EAFD76
04-11 16:28:39.607  1072  1387 I chatty  : uid=1000(system) n HAL callback. expire 36 lines
04-11 16:30:42.195  2100  7780 I SubscribedFeeds: Received message
04-11 16:30:42.329  1072  2274 I ActivityManager: Start proc 7784:com.google.android.gms:snet/u0a19 for service com.google.android.gms/.chimera.SnetIntentOperationService
04-11 16:30:42.402  6566  7797 I Gmail   : Sync started for account: account:259755595
04-11 16:30:42.414  6566  7797 I UnifiedEmail: notifyAccountChanged
04-11 16:30:42.433  7784  7784 I LoadedApk: No resource references to update in package FFFFFFFFFFFFFFFFFFFFFF
04-11 16:30:42.438  6566  7798 I UnifiedEmail: getAccountsCursor
04-11 16:30:42.507  7784  7784 V JNIHelp : Registering com/google/android/gms/org/conscrypt/NativeCrypto's 242 native methods...
04-11 16:30:42.547  7784  7784 D NetworkSecurityConfig: No Network Security Config specified, using platform default
04-11 16:30:42.550  7784  7784 I ProviderInstaller: Installed default security provider GmsCore_OpenSSL
04-11 16:30:42.564  6566  7797 I Gmail   : MainSyncRequestProto: lowestBkwdConvoId: 0, highestHandledServerOp: 1364372, normalSync: true
04-11 16:30:43.290  6566  7797 W Gmail   : Deleted messages count (0) does not match delete request count (1)
04-11 16:30:43.317  6566  7797 W Gmail   : Deleted messages count (0) does not match delete request count (1)
04-11 16:30:43.354  6566  7797 W Gmail   : Deleted messages count (0) does not match delete request count (1)
04-11 16:30:43.394  6566  7797 W Gmail   : Deleted messages count (0) does not match delete request count (1)
04-11 16:30:43.454  6566  7797 W Gmail   : Deleted messages count (0) does not match delete request count (1)
04-11 16:30:43.483  6566  7797 W Gmail   : Deleted messages count (0) does not match delete request count (1)
04-11 16:30:43.519  6566  7797 W Gmail   : Deleted messages count (0) does not match delete request count (1)
04-11 16:30:43.602  6566  7797 I Gmail   : MainSyncRequestProto: lowestBkwdConvoId: 0, highestHandledServerOp: 1364427, normalSync: true
04-11 16:30:44.322  6566  7797 E Gmail   : Dictionary checksum mismatch for conversation 1562857235484873401. Expected 75e29304 but was ed4a2c18
04-11 16:30:44.322  6566  7797 W Gmail   : handleConversationProto: Could not deflate conversation 1562857235484873401. marking conversation as dirty
04-11 16:30:44.372  6566  7797 I Gmail   : MainSyncRequestProto: lowestBkwdConvoId: 0, highestHandledServerOp: 1364427, normalSync: true
04-11 16:30:44.957  6566  7797 W Gmail   : handleConversationProto: Dirty conversation 1562857235484873401 synced successfully. Marking as dirty in DB
04-11 16:30:44.993  6566  7797 I Gmail   : MainSyncRequestProto: lowestBkwdConvoId: 0, highestHandledServerOp: 1364427, normalSync: true
04-11 16:30:44.995  6566  7797 I Gmail   : lowestBackward conversation id 0
04-11 16:30:45.086  6566  7797 I Gmail   : AppDataSearch: minSeqNo=20010, maxSeqNo=20318, lastCommittedSequence=20009
04-11 16:30:45.107  2599  7783 W IcingInternalCorpora: getNumBytesRead when not calculated.
04-11 16:30:45.146  6566  7797 I UnifiedEmail: notifyAccountChanged
04-11 16:30:45.149  6566  7797 W Gmail   : Sync complete for account: account:259755595
04-11 16:30:45.152  2599  3009 I Icing   : Usage reports 0 indexed 0 rejected 0 imm upload false
04-11 16:30:45.164  6566  7807 I UnifiedEmail: getAccountsCursor
04-11 16:30:45.169  2599  3009 I Icing   : Usage reports 0 indexed 0 rejected 0 imm upload false
04-11 16:30:46.186  2599  3009 I Icing   : Indexing EDFE883FB172A000788EDC8ACD08B37A69EAFD76 from com.google.android.gm
04-11 16:30:46.420  2599  3009 I Icing   : Indexing done EDFE883FB172A000788EDC8ACD08B37A69EAFD76
04-11 16:30:51.075  1870  1871 E WCNSS_FILTER: do_read: read returned 0, err = Success, read bytes: 0, expected: 0
04-11 16:30:51.075  1870  1871 I WCNSS_FILTER: ibs_msm_serial_clock_vote: vote UART CLK ON using UART driver's ioctl()
04-11 16:30:51.151  1870  1871 E WCNSS_FILTER: do_read: read returned 0, err = Success, read bytes: 0, expected: 0
04-11 16:30:51.175  1870  1871 E WCNSS_FILTER: do_read: read returned 0, err = Success, read bytes: 0, expected: 0
04-11 16:30:51.196  1870  1871 E WCNSS_FILTER: do_read: read returned 0, err = Success, read bytes: 0, expected: 0
04-11 16:30:51.314  1870  1871 E WCNSS_FILTER: do_read: read returned 0, err = Success, read bytes: 0, expected: 0
04-11 16:30:51.380  1870  1871 E WCNSS_FILTER: do_read: read returned 0, err = Success, read bytes: 0, expected: 0
04-11 16:30:51.563  1870  1871 E WCNSS_FILTER: do_read: read returned 0, err = Success, read bytes: 0, expected: 0
04-11 16:30:51.583  1870  1871 E WCNSS_FILTER: do_read: read returned 0, err = Success, read bytes: 0, expected: 0
04-11 16:30:51.597  1870  1871 E WCNSS_FILTER: do_read: read returned 0, err = Success, read bytes: 0, expected: 0
04-11 16:30:51.611  1870  1871 E WCNSS_FILTER: do_read: read returned 0, err = Success, read bytes: 0, expected: 0
04-11 16:30:51.624  1870  1871 E WCNSS_FILTER: do_read: read returned 0, err = Success, read bytes: 0, expected: 0
04-11 16:30:51.637  1870  1871 E WCNSS_FILTER: do_read: read returned 0, err = Success, read bytes: 0, expected: 0
04-11 16:30:51.651  1870  1871 E WCNSS_FILTER: do_read: read returned 0, err = Success, read bytes: 0, expected: 0
04-11 16:30:51.664  1870  1871 E WCNSS_FILTER: do_read: read returned 0, err = Success, read bytes: 0, expected: 0
04-11 16:30:51.678  1870  1871 E WCNSS_FILTER: do_read: read returned 0, err = Success, read bytes: 0, expected: 0
04-11 16:30:51.696  1870  1871 E WCNSS_FILTER: do_read: read returned 0, err = Success, read bytes: 0, expected: 0
04-11 16:30:52.722  1870  1895 I WCNSS_FILTER: ibs_msm_serial_clock_vote: vote UART CLK OFF using UART driver's ioctl()
04-11 16:31:33.771  2565  4245 I PlayCommon: [196] com.google.android.play.a.g.e(940): Preparing logs for uploading
04-11 16:31:33.780  2565  4245 I PlayCommon: [196] com.google.android.play.a.g.e(942): No file ready to send
04-11 16:31:39.597  1072  1440 I chatty  : uid=1000(system) Thread-5 expire 3 lines
04-11 16:31:39.627  1072  1387 I chatty  : uid=1000(system) n HAL callback. expire 36 lines
04-11 16:33:41.945  2100  7816 I SubscribedFeeds: Received message
04-11 16:33:42.027  6566  7818 I Gmail   : Sync started for account: account:259755595
04-11 16:33:42.030  6566  7818 I UnifiedEmail: notifyAccountChanged
04-11 16:33:42.052  6566  7819 I UnifiedEmail: getAccountsCursor
04-11 16:33:42.091  6566  7818 I Gmail   : MainSyncRequestProto: lowestBkwdConvoId: 0, highestHandledServerOp: 1364427, normalSync: true
04-11 16:33:42.603  6566  7818 W Gmail   : Deleted messages count (0) does not match delete request count (1)
04-11 16:33:42.639  6566  7818 W Gmail   : Deleted messages count (0) does not match delete request count (1)
04-11 16:33:42.684  6566  7818 W Gmail   : Deleted messages count (0) does not match delete request count (1)
04-11 16:33:42.754  6566  7818 I Gmail   : MainSyncRequestProto: lowestBkwdConvoId: 0, highestHandledServerOp: 1364455, normalSync: true
04-11 16:33:43.439  6566  7818 E Gmail   : Dictionary checksum mismatch for conversation 1562857235484873401. Expected 12cafcd2 but was ed4a2c18
04-11 16:33:43.440  6566  7818 W Gmail   : handleConversationProto: Could not deflate conversation 1562857235484873401. marking conversation as dirty
04-11 16:33:43.517  6566  7818 I Gmail   : MainSyncRequestProto: lowestBkwdConvoId: 0, highestHandledServerOp: 1364455, normalSync: true
04-11 16:33:44.127  6566  7818 W Gmail   : handleConversationProto: Dirty conversation 1562857235484873401 synced successfully. Marking as dirty in DB
04-11 16:33:44.189  6566  7818 I Gmail   : MainSyncRequestProto: lowestBkwdConvoId: 0, highestHandledServerOp: 1364455, normalSync: true
04-11 16:33:44.192  6566  7818 I Gmail   : lowestBackward conversation id 0
04-11 16:33:44.321  2599  7822 W IcingInternalCorpora: getNumBytesRead when not calculated.
04-11 16:33:44.331  6566  7818 I Gmail   : AppDataSearch: minSeqNo=20010, maxSeqNo=20322, lastCommittedSequence=20009
04-11 16:33:44.424  2599  3009 I Icing   : Usage reports 0 indexed 0 rejected 0 imm upload false
04-11 16:33:44.443  2599  3009 I Icing   : Usage reports 0 indexed 0 rejected 0 imm upload false
04-11 16:33:44.457  6566  7818 I UnifiedEmail: notifyAccountChanged
04-11 16:33:44.462  6566  7818 W Gmail   : Sync complete for account: account:259755595
04-11 16:33:44.464  6566  7823 I UnifiedEmail: getAccountsCursor
04-11 16:33:45.462  2599  3009 I Icing   : Indexing EDFE883FB172A000788EDC8ACD08B37A69EAFD76 from com.google.android.gm
04-11 16:33:45.720  2599  3009 I Icing   : Indexing done EDFE883FB172A000788EDC8ACD08B37A69EAFD76
04-11 16:34:39.646  1072  1387 I chatty  : uid=1000(system) n HAL callback. expire 27 lines
04-11 16:35:42.216  1072  1111 I UsageStatsService: User[0] Flushing usage stats to disk
04-11 16:36:33.871  2565  4245 I PlayCommon: [196] com.google.android.play.a.g.e(940): Preparing logs for uploading
04-11 16:36:33.873  2565  4245 I PlayCommon: [196] com.google.android.play.a.g.e(942): No file ready to send
04-11 16:36:39.658  1072  1387 I chatty  : uid=1000(system) n HAL callback. expire 68 lines
04-11 16:36:41.859  2100  7830 I SubscribedFeeds: Received message
04-11 16:36:41.904  6566  7831 I Gmail   : Sync started for account: account:259755595
04-11 16:36:41.907  6566  7831 I UnifiedEmail: notifyAccountChanged
04-11 16:36:41.918  6566  7832 I UnifiedEmail: getAccountsCursor
04-11 16:36:41.974  6566  7831 I Gmail   : MainSyncRequestProto: lowestBkwdConvoId: 0, highestHandledServerOp: 1364455, normalSync: true
04-11 16:36:42.068  1870  1871 E WCNSS_FILTER: do_read: read returned 0, err = Success, read bytes: 0, expected: 0
04-11 16:36:42.068  1870  1871 I WCNSS_FILTER: ibs_msm_serial_clock_vote: vote UART CLK ON using UART driver's ioctl()
04-11 16:36:42.444  6566  7831 W Gmail   : Deleted messages count (0) does not match delete request count (1)
04-11 16:36:42.515  6566  7831 I Gmail   : MainSyncRequestProto: lowestBkwdConvoId: 0, highestHandledServerOp: 1364472, normalSync: true
04-11 16:36:43.083  1870  1895 I WCNSS_FILTER: ibs_msm_serial_clock_vote: vote UART CLK OFF using UART driver's ioctl()
04-11 16:36:43.343  6566  7831 E Gmail   : Dictionary checksum mismatch for conversation 1562857235484873401. Expected 4c0d5b17 but was ed4a2c18
04-11 16:36:43.344  6566  7831 W Gmail   : handleConversationProto: Could not deflate conversation 1562857235484873401. marking conversation as dirty
04-11 16:36:43.392  6566  7831 I Gmail   : MainSyncRequestProto: lowestBkwdConvoId: 0, highestHandledServerOp: 1364472, normalSync: true
04-11 16:36:43.956  6566  7831 W Gmail   : handleConversationProto: Dirty conversation 1562857235484873401 synced successfully. Marking as dirty in DB
04-11 16:36:43.999  6566  7831 I Gmail   : MainSyncRequestProto: lowestBkwdConvoId: 0, highestHandledServerOp: 1364472, normalSync: true
04-11 16:36:44.001  6566  7831 I Gmail   : lowestBackward conversation id 0
04-11 16:36:44.102  6566  7831 I Gmail   : AppDataSearch: minSeqNo=20010, maxSeqNo=20326, lastCommittedSequence=20009
04-11 16:36:44.161  2599  7836 W IcingInternalCorpora: getNumBytesRead when not calculated.
04-11 16:36:44.234  2599  3009 I Icing   : Usage reports 0 indexed 0 rejected 0 imm upload false
04-11 16:36:44.243  6566  7831 I UnifiedEmail: notifyAccountChanged
04-11 16:36:44.252  2599  3009 I Icing   : Usage reports 0 indexed 0 rejected 0 imm upload false
04-11 16:36:44.266  6566  7831 W Gmail   : Sync complete for account: account:259755595
04-11 16:36:44.273  6566  7837 I UnifiedEmail: getAccountsCursor
04-11 16:36:45.307  2599  3009 I Icing   : Indexing EDFE883FB172A000788EDC8ACD08B37A69EAFD76 from com.google.android.gm
04-11 16:36:45.516  2599  3009 I Icing   : Indexing done EDFE883FB172A000788EDC8ACD08B37A69EAFD76
04-11 16:36:46.744  1603  1603 V zz      : WeatherManager.doGet() getting weather from Awareness
04-11 16:36:46.923  1983  7592 W ctxmgr  : [AclManager]No 3 for (accnt=account#-517948760#, com.google.android.gms(10019):WeatherProducer, vrsn=10298000, 0, 3pPkg = null ,  3pMdlId = null). Was: 3 for 31, account#-517948760#
04-11 16:36:46.933  1983  7592 W ctxmgr  : [AclManager]No 2 for (accnt=account#259755595#, com.google.android.gms(10019):UserLocationProducer, vrsn=10298000, 0, 3pPkg = null ,  3pMdlId = null). Was: 2 for 1, account#259755595#
04-11 16:36:46.935  1983  7592 W ctxmgr  : [AclManager]No 2 for (accnt=account#-517948760#, com.google.android.gms(10019):UserLocationProducer, vrsn=10298000, 0, 3pPkg = null ,  3pMdlId = null). Was: 3 for 1, account#-517948760#
04-11 16:36:46.945  1603  1603 V zz      : WeatherManager$3.onResult() successful result: [WeatherVo] conditions: CLOUDY (2)
04-11 16:36:46.946  1603  1603 V zz      : TimelapseRenderer.updateWeatherCondition() CLOUDY
04-11 16:36:46.965  1983  2281 W GeofenceByPackageAndTag: Too many goefences (100 + 1) from package com.google.android.gms#. At most 100 allowed.
04-11 16:36:46.978  1072  3228 I chatty  : uid=1000(system) Binder:1072_A expire 4 lines
04-11 16:36:46.984  1983  7592 E ctxmgr  : [ProducerActiveIntervalImpl]closeActiveInterval: Error: ongoing, trying to close
04-11 16:36:46.997  1983  7592 E ctxmgr  : [AddGeofencesOperation]Failure add geofences [Geofence[CIRCLE id:fbdd169a-20f9-4dd0-8b1b-c893e1e80d35 transitions:3 43.300192, -2.996114 50000m, resp=1800s, dwell=-1ms, @-1]], status=Status{statusCode=unknown status code: 1001, resolution=null}
04-11 16:36:47.012  1072  3311 I chatty  : uid=1000(system) Binder:1072_C expire 4 lines
04-11 16:36:47.025  1072  1551 I chatty  : uid=1000(system) Binder:1072_4 expire 2 lines
04-11 16:36:47.034  1983  7592 E ctxmgr  : [ProducerActiveIntervalImpl]closeActiveInterval: Error: ongoing, trying to close
04-11 16:37:39.493  1072  2274 I chatty  : uid=1000(system) Binder:1072_8 expire 8 lines
04-11 16:39:41.861  2100  7845 I SubscribedFeeds: Received message
04-11 16:39:41.911  6566  7846 I Gmail   : Sync started for account: account:259755595
04-11 16:39:41.916  6566  7846 I UnifiedEmail: notifyAccountChanged
04-11 16:39:41.925  6566  7847 I UnifiedEmail: getAccountsCursor
04-11 16:39:41.985  6566  7846 I Gmail   : MainSyncRequestProto: lowestBkwdConvoId: 0, highestHandledServerOp: 1364472, normalSync: true
04-11 16:39:42.414  6566  7846 W Gmail   : Deleted messages count (0) does not match delete request count (1)
04-11 16:39:42.503  6566  7846 I Gmail   : MainSyncRequestProto: lowestBkwdConvoId: 0, highestHandledServerOp: 1364486, normalSync: true
04-11 16:39:43.269  6566  7846 E Gmail   : Dictionary checksum mismatch for conversation 1562857235484873401. Expected c65032b3 but was ed4a2c18
04-11 16:39:43.269  6566  7846 W Gmail   : handleConversationProto: Could not deflate conversation 1562857235484873401. marking conversation as dirty
04-11 16:39:43.327  6566  7846 I Gmail   : MainSyncRequestProto: lowestBkwdConvoId: 0, highestHandledServerOp: 1364486, normalSync: true
04-11 16:39:43.880  6566  7846 W Gmail   : handleConversationProto: Dirty conversation 1562857235484873401 synced successfully. Marking as dirty in DB
04-11 16:39:43.932  6566  7846 I Gmail   : MainSyncRequestProto: lowestBkwdConvoId: 0, highestHandledServerOp: 1364486, normalSync: true
04-11 16:39:43.935  6566  7846 I Gmail   : lowestBackward conversation id 0
04-11 16:39:44.063  2599  7850 W IcingInternalCorpora: getNumBytesRead when not calculated.
04-11 16:39:44.076  6566  7846 I Gmail   : AppDataSearch: minSeqNo=20010, maxSeqNo=20330, lastCommittedSequence=20009
04-11 16:39:44.140  2599  3009 I Icing   : Usage reports 0 indexed 0 rejected 0 imm upload false
04-11 16:39:44.165  2599  3009 I Icing   : Usage reports 0 indexed 0 rejected 0 imm upload false
04-11 16:39:44.186  6566  7846 I UnifiedEmail: notifyAccountChanged
04-11 16:39:44.191  6566  7846 W Gmail   : Sync complete for account: account:259755595
04-11 16:39:44.193  6566  7851 I UnifiedEmail: getAccountsCursor
04-11 16:39:45.186  2599  3009 I Icing   : Indexing EDFE883FB172A000788EDC8ACD08B37A69EAFD76 from com.google.android.gm
04-11 16:39:45.474  2599  3009 I Icing   : Indexing done EDFE883FB172A000788EDC8ACD08B37A69EAFD76
04-11 16:39:46.929  1983  7592 W ctxmgr  : [AclManager]No 2 for (accnt=account#259755595#, com.google.android.gms(10019):UserLocationProducer, vrsn=10298000, 0, 3pPkg = null ,  3pMdlId = null). Was: 2 for 1, account#259755595#
04-11 16:40:39.685  1072  1387 I chatty  : uid=1000(system) n HAL callback. expire 18 lines
04-11 16:41:03.753  2565  2634 I PlayCommon: [162] com.google.android.play.a.g.e(940): Preparing logs for uploading
04-11 16:41:03.757  2565  2634 I PlayCommon: [162] com.google.android.play.a.g.e(942): No file ready to send
04-11 16:41:33.954  2565  4245 I PlayCommon: [196] com.google.android.play.a.g.e(940): Preparing logs for uploading
04-11 16:41:33.955  2565  4245 I PlayCommon: [196] com.google.android.play.a.g.e(942): No file ready to send
04-11 16:41:39.694  1072  1387 I chatty  : uid=1000(system) n HAL callback. expire 27 lines
04-11 16:41:49.311  1983  7401 W ctxmgr  : [AclManager]No 2 for (accnt=account#259755595#, com.google.android.gms(10019):UserLocationProducer, vrsn=10298000, 0, 3pPkg = null ,  3pMdlId = null). Was: 2 for 1, account#259755595#
04-11 16:42:41.789  2100  7859 I SubscribedFeeds: Received message
04-11 16:42:41.850  6566  7860 I Gmail   : Sync started for account: account:259755595
04-11 16:42:41.853  6566  7860 I UnifiedEmail: notifyAccountChanged
04-11 16:42:41.880  6566  7861 I UnifiedEmail: getAccountsCursor
04-11 16:42:41.934  6566  7860 I Gmail   : MainSyncRequestProto: lowestBkwdConvoId: 0, highestHandledServerOp: 1364486, normalSync: true
04-11 16:42:42.475  6566  7860 W Gmail   : Deleted messages count (0) does not match delete request count (1)
04-11 16:42:42.528  6566  7860 W Gmail   : Deleted messages count (0) does not match delete request count (1)
04-11 16:42:42.577  6566  7860 W Gmail   : Deleted messages count (0) does not match delete request count (1)
04-11 16:42:42.616  6566  7860 W Gmail   : Deleted messages count (0) does not match delete request count (1)
04-11 16:42:42.644  6566  7860 W Gmail   : Deleted messages count (0) does not match delete request count (1)
04-11 16:42:42.678  6566  7860 W Gmail   : Deleted messages count (0) does not match delete request count (1)
04-11 16:42:42.753  6566  7860 I Gmail   : MainSyncRequestProto: lowestBkwdConvoId: 0, highestHandledServerOp: 1364534, normalSync: true
04-11 16:42:43.751  6566  7860 E Gmail   : Dictionary checksum mismatch for conversation 1562857235484873401. Expected 7daaa716 but was ed4a2c18
04-11 16:42:43.752  6566  7860 W Gmail   : handleConversationProto: Could not deflate conversation 1562857235484873401. marking conversation as dirty
04-11 16:42:43.810  6566  7860 I Gmail   : MainSyncRequestProto: lowestBkwdConvoId: 0, highestHandledServerOp: 1364534, normalSync: true
04-11 16:42:44.420  6566  7860 W Gmail   : handleConversationProto: Dirty conversation 1562857235484873401 synced successfully. Marking as dirty in DB
04-11 16:42:44.466  6566  7860 I Gmail   : MainSyncRequestProto: lowestBkwdConvoId: 0, highestHandledServerOp: 1364534, normalSync: true
04-11 16:42:44.468  6566  7860 I Gmail   : lowestBackward conversation id 0
04-11 16:42:44.578  6566  7860 I Gmail   : AppDataSearch: minSeqNo=20010, maxSeqNo=20334, lastCommittedSequence=20009
04-11 16:42:44.617  2599  7864 W IcingInternalCorpora: getNumBytesRead when not calculated.
04-11 16:42:44.668  2599  3009 I Icing   : Usage reports 0 indexed 0 rejected 0 imm upload false
04-11 16:42:44.693  2599  3009 I Icing   : Usage reports 0 indexed 0 rejected 0 imm upload false
04-11 16:42:44.714  6566  7860 I UnifiedEmail: notifyAccountChanged
04-11 16:42:44.718  6566  7860 W Gmail   : Sync complete for account: account:259755595
04-11 16:42:44.720  6566  7865 I UnifiedEmail: getAccountsCursor
04-11 16:42:45.711  2599  3009 I Icing   : Indexing EDFE883FB172A000788EDC8ACD08B37A69EAFD76 from com.google.android.gm
04-11 16:42:45.922  2599  3009 I Icing   : Indexing done EDFE883FB172A000788EDC8ACD08B37A69EAFD76
04-11 16:43:39.710  1072  1387 I chatty  : uid=1000(system) n HAL callback. expire 27 lines
04-11 16:45:23.302  1870  1871 E WCNSS_FILTER: do_read: read returned 0, err = Success, read bytes: 0, expected: 0
04-11 16:45:23.303  1870  1871 I WCNSS_FILTER: ibs_msm_serial_clock_vote: vote UART CLK ON using UART driver's ioctl()
04-11 16:45:24.322  1870  1895 I WCNSS_FILTER: ibs_msm_serial_clock_vote: vote UART CLK OFF using UART driver's ioctl()
04-11 16:45:39.723  1072  1387 I chatty  : uid=1000(system) n HAL callback. expire 94 lines
04-11 16:45:41.849  2100  7873 I SubscribedFeeds: Received message
04-11 16:45:41.945  6566  7874 I Gmail   : Sync started for account: account:259755595
04-11 16:45:41.950  6566  7874 I UnifiedEmail: notifyAccountChanged
04-11 16:45:42.002  6566  7875 I UnifiedEmail: getAccountsCursor
04-11 16:45:42.087  6566  7874 I Gmail   : MainSyncRequestProto: lowestBkwdConvoId: 0, highestHandledServerOp: 1364534, normalSync: true
04-11 16:45:42.691  6566  7874 W Gmail   : Deleted messages count (0) does not match delete request count (1)
04-11 16:45:42.730  6566  7874 W Gmail   : Deleted messages count (0) does not match delete request count (1)
04-11 16:45:42.766  6566  7874 W Gmail   : Deleted messages count (0) does not match delete request count (1)
04-11 16:45:42.822  6566  7874 I Gmail   : MainSyncRequestProto: lowestBkwdConvoId: 0, highestHandledServerOp: 1364562, normalSync: true
04-11 16:45:43.538  6566  7874 E Gmail   : Dictionary checksum mismatch for conversation 1562857235484873401. Expected bc76cd2a but was ed4a2c18
04-11 16:45:43.539  6566  7874 W Gmail   : handleConversationProto: Could not deflate conversation 1562857235484873401. marking conversation as dirty
04-11 16:45:43.616  6566  7874 I Gmail   : MainSyncRequestProto: lowestBkwdConvoId: 0, highestHandledServerOp: 1364562, normalSync: true
04-11 16:45:44.024  1072  1072 I EntropyMixer: Writing entropy...
04-11 16:45:44.143  6566  7874 W Gmail   : handleConversationProto: Dirty conversation 1562857235484873401 synced successfully. Marking as dirty in DB
04-11 16:45:44.183  6566  7874 I Gmail   : MainSyncRequestProto: lowestBkwdConvoId: 0, highestHandledServerOp: 1364562, normalSync: true
04-11 16:45:44.185  6566  7874 I Gmail   : lowestBackward conversation id 0
04-11 16:45:44.287  6566  7874 I Gmail   : AppDataSearch: minSeqNo=20010, maxSeqNo=20338, lastCommittedSequence=20009
04-11 16:45:44.341  2599  7878 W IcingInternalCorpora: getNumBytesRead when not calculated.
04-11 16:45:44.418  2599  3009 I Icing   : Usage reports 0 indexed 0 rejected 0 imm upload false
04-11 16:45:44.421  6566  7874 I UnifiedEmail: notifyAccountChanged
04-11 16:45:44.427  6566  7874 W Gmail   : Sync complete for account: account:259755595
04-11 16:45:44.431  2599  3009 I Icing   : Usage reports 0 indexed 0 rejected 0 imm upload false
04-11 16:45:44.432  6566  7879 I UnifiedEmail: getAccountsCursor
04-11 16:45:45.386  2599  3009 I Icing   : Indexing EDFE883FB172A000788EDC8ACD08B37A69EAFD76 from com.google.android.gm
04-11 16:45:45.599  2599  3009 I Icing   : Indexing done EDFE883FB172A000788EDC8ACD08B37A69EAFD76
04-11 16:45:51.116  1870  1871 E WCNSS_FILTER: do_read: read returned 0, err = Success, read bytes: 0, expected: 0
04-11 16:45:51.116  1870  1871 I WCNSS_FILTER: ibs_msm_serial_clock_vote: vote UART CLK ON using UART driver's ioctl()
04-11 16:45:51.169  1870  1871 E WCNSS_FILTER: do_read: read returned 0, err = Success, read bytes: 0, expected: 0
04-11 16:45:51.193  1870  1871 E WCNSS_FILTER: do_read: read returned 0, err = Success, read bytes: 0, expected: 0
04-11 16:45:51.214  1870  1871 E WCNSS_FILTER: do_read: read returned 0, err = Success, read bytes: 0, expected: 0
04-11 16:45:51.333  1870  1871 E WCNSS_FILTER: do_read: read returned 0, err = Success, read bytes: 0, expected: 0
04-11 16:45:51.563  1870  1871 E WCNSS_FILTER: do_read: read returned 0, err = Success, read bytes: 0, expected: 0
04-11 16:45:51.584  1870  1871 E WCNSS_FILTER: do_read: read returned 0, err = Success, read bytes: 0, expected: 0
04-11 16:45:51.618  1870  1871 E WCNSS_FILTER: do_read: read returned 0, err = Success, read bytes: 0, expected: 0
04-11 16:45:51.843  1870  1871 E WCNSS_FILTER: do_read: read returned 0, err = Success, read bytes: 0, expected: 0
04-11 16:45:51.857  1870  1871 E WCNSS_FILTER: do_read: read returned 0, err = Success, read bytes: 0, expected: 0
04-11 16:45:51.870  1870  1871 E WCNSS_FILTER: do_read: read returned 0, err = Success, read bytes: 0, expected: 0
04-11 16:45:51.883  1870  1871 E WCNSS_FILTER: do_read: read returned 0, err = Success, read bytes: 0, expected: 0
04-11 16:45:51.897  1870  1871 E WCNSS_FILTER: do_read: read returned 0, err = Success, read bytes: 0, expected: 0
04-11 16:45:51.910  1870  1871 E WCNSS_FILTER: do_read: read returned 0, err = Success, read bytes: 0, expected: 0
04-11 16:45:51.926  1870  1871 E WCNSS_FILTER: do_read: read returned 0, err = Success, read bytes: 0, expected: 0
04-11 16:45:51.940  1870  1871 E WCNSS_FILTER: do_read: read returned 0, err = Success, read bytes: 0, expected: 0
04-11 16:45:52.962  1870  1895 I WCNSS_FILTER: ibs_msm_serial_clock_vote: vote UART CLK OFF using UART driver's ioctl()
04-11 16:46:03.842  2565  2634 I PlayCommon: [162] com.google.android.play.a.g.e(940): Preparing logs for uploading
04-11 16:46:03.844  2565  2634 I PlayCommon: [162] com.google.android.play.a.g.e(942): No file ready to send
04-11 16:46:09.569  1983  7401 W Herrevad: [676] shz.b: Invalid mccmnc 
04-11 16:46:09.573  1983  7401 W Herrevad: [676] shz.b: Invalid mccmnc 
04-11 16:46:19.935  1072  1689 I chatty  : uid=1000(system) Binder:1072_5 expire 8 lines
04-11 16:46:19.991  1072  1897 I chatty  : uid=1000(system) Binder:1072_7 expire 4 lines
04-11 16:46:20.128  1072  2802 I chatty  : uid=1000(system) Binder:1072_9 expire 3 lines
04-11 16:46:20.168  1072  1694 I chatty  : uid=1000(system) Binder:1072_6 expire 3 lines
04-11 16:46:20.180  1072  1418 I chatty  : uid=1000(system) Binder:1072_3 expire 6 lines
04-11 16:46:24.539  1983  3804 W Places  : Ignoring geofence alert, no matching place found for alert
04-11 16:46:24.540  1983  3804 W Places  : Ignoring geofence alert, no matching place found for alert
04-11 16:46:24.582  1072  1387 I chatty  : uid=1000(system) n HAL callback. expire 41 lines
04-11 16:46:34.018  2565  4245 I PlayCommon: [196] com.google.android.play.a.g.e(940): Preparing logs for uploading
04-11 16:46:34.019  2565  4245 I PlayCommon: [196] com.google.android.play.a.g.e(942): No file ready to send
04-11 16:48:41.843  2100  7894 I SubscribedFeeds: Received message
04-11 16:48:41.925  6566  7895 I Gmail   : Sync started for account: account:259755595
04-11 16:48:41.930  6566  7895 I UnifiedEmail: notifyAccountChanged
04-11 16:48:41.944  6566  7896 I UnifiedEmail: getAccountsCursor
04-11 16:48:41.981  6566  7895 I Gmail   : MainSyncRequestProto: lowestBkwdConvoId: 0, highestHandledServerOp: 1364562, normalSync: true
04-11 16:48:42.153  1983  7897 I GoogleURLConnFactory: Using platform SSLCertificateSocketFactory
04-11 16:48:42.164  1983  7897 I GoogleURLConnFactory: Using platform SSLCertificateSocketFactory
04-11 16:48:42.331  6566  7895 W Gmail   : Deleted messages count (0) does not match delete request count (1)
04-11 16:48:42.366  6566  7895 W Gmail   : Deleted messages count (0) does not match delete request count (1)
04-11 16:48:42.408  6566  7895 W Gmail   : Deleted messages count (0) does not match delete request count (1)
04-11 16:48:42.505  6566  7895 I Gmail   : MainSyncRequestProto: lowestBkwdConvoId: 0, highestHandledServerOp: 1364590, normalSync: true
04-11 16:48:43.351  6566  7895 E Gmail   : Dictionary checksum mismatch for conversation 1562857235484873401. Expected 7001882f but was ed4a2c18
04-11 16:48:43.354  6566  7895 W Gmail   : handleConversationProto: Could not deflate conversation 1562857235484873401. marking conversation as dirty
04-11 16:48:43.407  6566  7895 I Gmail   : MainSyncRequestProto: lowestBkwdConvoId: 0, highestHandledServerOp: 1364590, normalSync: true
04-11 16:48:43.617  1983  7897 I GoogleURLConnFactory: Using platform SSLCertificateSocketFactory
04-11 16:48:43.630  1983  7897 I GoogleURLConnFactory: Using platform SSLCertificateSocketFactory
04-11 16:48:43.930  6566  7895 W Gmail   : handleConversationProto: Dirty conversation 1562857235484873401 synced successfully. Marking as dirty in DB
04-11 16:48:43.981  6566  7895 I Gmail   : MainSyncRequestProto: lowestBkwdConvoId: 0, highestHandledServerOp: 1364590, normalSync: true
04-11 16:48:43.984  6566  7895 I Gmail   : lowestBackward conversation id 0
04-11 16:48:44.124  2599  7901 W IcingInternalCorpora: getNumBytesRead when not calculated.
04-11 16:48:44.133  6566  7895 I Gmail   : AppDataSearch: minSeqNo=20010, maxSeqNo=20342, lastCommittedSequence=20009
04-11 16:48:44.213  2599  3009 I Icing   : Usage reports 0 indexed 0 rejected 0 imm upload false
04-11 16:48:44.225  2599  3009 I Icing   : Usage reports 0 indexed 0 rejected 0 imm upload false
04-11 16:48:44.243  6566  7895 I UnifiedEmail: notifyAccountChanged
04-11 16:48:44.250  6566  7895 W Gmail   : Sync complete for account: account:259755595
04-11 16:48:44.251  6566  7902 I UnifiedEmail: getAccountsCursor
04-11 16:48:45.241  2599  3009 I Icing   : Indexing EDFE883FB172A000788EDC8ACD08B37A69EAFD76 from com.google.android.gm
04-11 16:48:45.526  2599  3009 I Icing   : Indexing done EDFE883FB172A000788EDC8ACD08B37A69EAFD76
04-11 16:49:04.481  1072  1387 I chatty  : uid=1000(system) n HAL callback. expire 27 lines
04-11 16:51:03.910  2565  2634 I PlayCommon: [162] com.google.android.play.a.g.e(940): Preparing logs for uploading
04-11 16:51:03.920  2565  2634 I PlayCommon: [162] com.google.android.play.a.g.e(942): No file ready to send
04-11 16:51:25.998  1072  1387 I chatty  : uid=1000(system) n HAL callback. expire 11 lines
04-11 16:51:34.068  2565  4245 I PlayCommon: [196] com.google.android.play.a.g.e(940): Preparing logs for uploading
04-11 16:51:34.069  2565  4245 I PlayCommon: [196] com.google.android.play.a.g.e(942): No file ready to send
04-11 16:51:41.866  2100  7911 I SubscribedFeeds: Received message
04-11 16:51:41.874  1072  1112 I ProcessStatsService: Prepared write state in 16ms
04-11 16:51:41.892  1072  1111 I ProcessStatsService: Pruning old procstats: /data/system/procstats/state-2017-04-10-04-32-07.bin
04-11 16:51:41.924  6566  7912 I Gmail   : Sync started for account: account:259755595
04-11 16:51:41.934  6566  7912 I UnifiedEmail: notifyAccountChanged
04-11 16:51:41.948  6566  7914 I UnifiedEmail: getAccountsCursor
04-11 16:51:41.981  6566  7912 I Gmail   : MainSyncRequestProto: lowestBkwdConvoId: 0, highestHandledServerOp: 1364590, normalSync: true
04-11 16:51:42.568  6566  7912 W Gmail   : Deleted messages count (0) does not match delete request count (1)
04-11 16:51:42.609  6566  7912 W Gmail   : Deleted messages count (0) does not match delete request count (1)
04-11 16:51:42.642  6566  7912 W Gmail   : Deleted messages count (0) does not match delete request count (1)
04-11 16:51:42.681  6566  7912 W Gmail   : Deleted messages count (0) does not match delete request count (1)
04-11 16:51:42.763  6566  7912 I Gmail   : MainSyncRequestProto: lowestBkwdConvoId: 0, highestHandledServerOp: 1364625, normalSync: true
04-11 16:51:43.562  6566  7912 E Gmail   : Dictionary checksum mismatch for conversation 1562857235484873401. Expected de23d36e but was ed4a2c18
04-11 16:51:43.562  6566  7912 W Gmail   : handleConversationProto: Could not deflate conversation 1562857235484873401. marking conversation as dirty
04-11 16:51:43.625  6566  7912 I Gmail   : MainSyncRequestProto: lowestBkwdConvoId: 0, highestHandledServerOp: 1364625, normalSync: true
04-11 16:51:44.169  6566  7912 W Gmail   : handleConversationProto: Dirty conversation 1562857235484873401 synced successfully. Marking as dirty in DB
04-11 16:51:44.218  6566  7912 I Gmail   : MainSyncRequestProto: lowestBkwdConvoId: 0, highestHandledServerOp: 1364625, normalSync: true
04-11 16:51:44.220  6566  7912 I Gmail   : lowestBackward conversation id 0
04-11 16:51:44.310  6566  7912 I Gmail   : AppDataSearch: minSeqNo=20010, maxSeqNo=20346, lastCommittedSequence=20009
04-11 16:51:44.363  2599  7917 W IcingInternalCorpora: getNumBytesRead when not calculated.
04-11 16:51:44.449  2599  3009 I Icing   : Usage reports 0 indexed 0 rejected 0 imm upload false
04-11 16:51:44.464  2599  3009 I Icing   : Usage reports 0 indexed 0 rejected 0 imm upload false
04-11 16:51:44.476  6566  7912 I UnifiedEmail: notifyAccountChanged
04-11 16:51:44.480  6566  7912 W Gmail   : Sync complete for account: account:259755595
04-11 16:51:44.481  6566  7918 I UnifiedEmail: getAccountsCursor
04-11 16:51:45.426  2599  3009 I Icing   : Indexing EDFE883FB172A000788EDC8ACD08B37A69EAFD76 from com.google.android.gm
04-11 16:51:45.670  2599  3009 I Icing   : Indexing done EDFE883FB172A000788EDC8ACD08B37A69EAFD76
04-11 16:51:46.948  1603  1603 V zz      : WeatherManager.doGet() getting weather from Awareness
04-11 16:51:47.173  1983  7890 W ctxmgr  : [AclManager]No 3 for (accnt=account#-517948760#, com.google.android.gms(10019):WeatherProducer, vrsn=10298000, 0, 3pPkg = null ,  3pMdlId = null). Was: 3 for 31, account#-517948760#
04-11 16:51:47.199  1983  7890 W ctxmgr  : [AclManager]No 2 for (accnt=account#259755595#, com.google.android.gms(10019):UserLocationProducer, vrsn=10298000, 0, 3pPkg = null ,  3pMdlId = null). Was: 2 for 1, account#259755595#
04-11 16:51:47.217  1603  1603 V zz      : WeatherManager$3.onResult() successful result: [WeatherVo] conditions: CLOUDY (2)
04-11 16:51:47.218  1603  1603 V zz      : TimelapseRenderer.updateWeatherCondition() CLOUDY
04-11 16:51:47.233  1983  7890 W ctxmgr  : [AclManager]No 2 for (accnt=account#-517948760#, com.google.android.gms(10019):UserLocationProducer, vrsn=10298000, 0, 3pPkg = null ,  3pMdlId = null). Was: 3 for 1, account#-517948760#
04-11 16:51:47.282  1983  2281 W GeofenceByPackageAndTag: Too many goefences (100 + 1) from package com.google.android.gms#. At most 100 allowed.
04-11 16:51:47.326  1983  7890 E ctxmgr  : [ProducerActiveIntervalImpl]closeActiveInterval: Error: ongoing, trying to close
04-11 16:51:47.326  1072  1387 I chatty  : uid=1000(system) n HAL callback. expire 36 lines
04-11 16:51:47.378  1983  7890 E ctxmgr  : [AddGeofencesOperation]Failure add geofences [Geofence[CIRCLE id:f6fa87fd-57a4-412d-b423-f68f5ea7612b transitions:3 43.300192, -2.996114 50000m, resp=1800s, dwell=-1ms, @-1]], status=Status{statusCode=unknown status code: 1001, resolution=null}
04-11 16:51:47.408  1983  7890 E ctxmgr  : [ProducerActiveIntervalImpl]closeActiveInterval: Error: ongoing, trying to close
04-11 16:52:17.017  1072  1551 I ActivityManager: Killing 7691:com.google.android.partnersetup/u0a27 (adj 906): empty for 1808s
04-11 16:52:17.019  1072  1551 I ActivityManager: Killing 7641:com.google.android.apps.docs/u0a60 (adj 906): empty for 1808s
04-11 16:52:17.021  1072  1551 I ActivityManager: Killing 7625:com.android.keychain/1000 (adj 906): empty for 1808s
04-11 16:52:17.022  1072  1551 I ActivityManager: Killing 7603:com.android.defcontainer/u0a12 (adj 906): empty for 1808s
04-11 16:52:17.109  1072  2802 D ActivityManager: cleanUpApplicationRecord -- 7603
04-11 16:52:17.120  1072  3228 D ActivityManager: cleanUpApplicationRecord -- 7691
04-11 16:52:17.123  1072  3311 D ActivityManager: cleanUpApplicationRecord -- 7625
04-11 16:52:17.134  1072  1689 D ActivityManager: cleanUpApplicationRecord -- 7641
04-11 16:53:31.641  2599  7924 I CmaSystemUpdateService: StartServiceIntentOperation: Intent { act=com.google.android.gms.update.START_SERVICE_INTENT cat=[targeted_intent_op_prefix:.update.ChimeraSystemUpdateService$StartServiceIntentOperation] flg=0x4 cmp=com.google.android.gms/.chimera.GmsIntentOperationService (has extras) }
04-11 16:53:31.641  2599  7924 I CmaSystemUpdateService: receiver: Intent { act=com.google.android.gms.update.START_SERVICE_INTENT cat=[targeted_intent_op_prefix:.update.ChimeraSystemUpdateService$StartServiceIntentOperation] flg=0x4 cmp=com.google.android.gms/.chimera.GmsIntentOperationService (has extras) }
04-11 16:53:31.721  2599  2599 I CmaSystemUpdateService: connectivity change: Intent { act=android.net.conn.CONNECTIVITY_CHANGE flg=0x4000010 (has extras) }
04-11 16:53:31.721  2599  2599 I CmaSystemUpdateService: receiver: Intent { act=android.net.conn.CONNECTIVITY_CHANGE flg=0x4000010 (has extras) }
04-11 16:53:31.730  2599  7925 I CmaSystemUpdateService: active receiver: enabled
04-11 16:53:31.749  2599  7925 I SystemUpdateTask: checkUpdateState: spStatus=1, urgency=2
04-11 16:53:31.762  2599  7926 I EventLogChimeraService: Opted in for usage reporting
04-11 16:53:31.763  2599  7926 I EventLogChimeraService: Aggregate from 1491920611374 (log), 1491920611374 (data)
04-11 16:53:31.764  2599  7925 I CmaSystemUpdateService: showing system update notification
04-11 16:53:31.797  2599  7925 I SystemUpdateTask: checkUpdateState: sticky: false
04-11 16:53:31.808  2599  7928 I CmaSystemUpdateService: active receiver: enabled
04-11 16:53:31.816  2599  7928 I SystemUpdateTask: checkUpdateState: spStatus=1, urgency=2
04-11 16:53:31.820  2599  7928 I CmaSystemUpdateService: showing system update notification
04-11 16:53:31.829  2599  7928 I SystemUpdateTask: checkUpdateState: sticky: false
04-11 16:53:31.835  1072  1414 I chatty  : uid=1000(system) notification-sq expire 1 line
04-11 16:53:31.905  2599  7926 I ServiceDumpSys: dumping service [account]
04-11 16:53:36.910  2599  7929 W PlatformStatsUtil: Could not retrieve Usage & Diagnostics setting. Giving up.
04-11 16:53:42.020  2599  7929 W PlatformStatsUtil: Could not retrieve Usage & Diagnostics setting. Giving up.
04-11 16:54:26.017  1072  1387 I chatty  : uid=1000(system) n HAL callback. expire 11 lines
04-11 16:54:41.754  2100  7933 I SubscribedFeeds: Received message
04-11 16:54:41.839  6566  7934 I Gmail   : Sync started for account: account:259755595
04-11 16:54:41.848  6566  7934 I UnifiedEmail: notifyAccountChanged
04-11 16:54:41.866  6566  7935 I UnifiedEmail: getAccountsCursor
04-11 16:54:41.949  6566  7934 I Gmail   : MainSyncRequestProto: lowestBkwdConvoId: 0, highestHandledServerOp: 1364625, normalSync: true
04-11 16:54:42.480  6566  7934 W Gmail   : Deleted messages count (0) does not match delete request count (1)
04-11 16:54:42.514  6566  7934 W Gmail   : Deleted messages count (0) does not match delete request count (1)
04-11 16:54:42.557  6566  7934 W Gmail   : Deleted messages count (0) does not match delete request count (1)
04-11 16:54:42.608  6566  7934 W Gmail   : Deleted messages count (0) does not match delete request count (1)
04-11 16:54:42.719  6566  7934 I Gmail   : MainSyncRequestProto: lowestBkwdConvoId: 0, highestHandledServerOp: 1364693, normalSync: true
04-11 16:54:43.907  6566  7934 E Gmail   : Dictionary checksum mismatch for conversation 1562857235484873401. Expected c5d3158d but was ed4a2c18
04-11 16:54:43.907  6566  7934 W Gmail   : handleConversationProto: Could not deflate conversation 1562857235484873401. marking conversation as dirty
04-11 16:54:43.968  6566  7934 I Gmail   : MainSyncRequestProto: lowestBkwdConvoId: 0, highestHandledServerOp: 1364693, normalSync: true
04-11 16:54:44.683  6566  7934 W Gmail   : handleConversationProto: Dirty conversation 1562857235484873401 synced successfully. Marking as dirty in DB
04-11 16:54:44.719  6566  7934 I Gmail   : MainSyncRequestProto: lowestBkwdConvoId: 0, highestHandledServerOp: 1364693, normalSync: true
04-11 16:54:44.722  6566  7934 I Gmail   : lowestBackward conversation id 0
04-11 16:54:44.838  6566  7934 I Gmail   : AppDataSearch: minSeqNo=20010, maxSeqNo=20351, lastCommittedSequence=20009
04-11 16:54:44.879  2599  7938 W IcingInternalCorpora: getNumBytesRead when not calculated.
04-11 16:54:44.977  2599  3009 I Icing   : Usage reports 0 indexed 0 rejected 0 imm upload false
04-11 16:54:44.984  1072  1387 I chatty  : uid=1000(system) n HAL callback. expire 16 lines
04-11 16:54:44.995  2599  3009 I Icing   : Usage reports 0 indexed 0 rejected 0 imm upload false
04-11 16:54:45.003  6566  7934 I UnifiedEmail: notifyAccountChanged
04-11 16:54:45.007  6566  7934 W Gmail   : Sync complete for account: account:259755595
04-11 16:54:45.010  6566  7939 I UnifiedEmail: getAccountsCursor
04-11 16:54:46.019  2599  3009 I Icing   : Indexing EDFE883FB172A000788EDC8ACD08B37A69EAFD76 from com.google.android.gm
04-11 16:54:46.272  2599  3009 I Icing   : Indexing done EDFE883FB172A000788EDC8ACD08B37A69EAFD76
04-11 16:54:47.203  1983  7838 W ctxmgr  : [AclManager]No 2 for (accnt=account#259755595#, com.google.android.gms(10019):UserLocationProducer, vrsn=10298000, 0, 3pPkg = null ,  3pMdlId = null). Was: 2 for 1, account#259755595#
04-11 16:56:03.990  2565  2634 I PlayCommon: [162] com.google.android.play.a.g.e(940): Preparing logs for uploading
04-11 16:56:03.991  2565  2634 I PlayCommon: [162] com.google.android.play.a.g.e(942): No file ready to send
04-11 16:56:08.738  3470  3489 D QcrilMsgTunnelSocket: readRilMessage: Buffer = [B@cbe4c6f HexData = [010000000404000011000000514f454d484f4f4bef0308000100000003]
04-11 16:56:08.739  3470  3489 D QcrilMsgTunnelSocket: Rcvd UNSOL response with 28 bytes data for SUB0
04-11 16:56:08.739  3470  3489 D QcrilMsgTunnelSocket: Response ID 525295 is not served in this process.
04-11 16:56:08.739  3470  3489 D QcrilMsgTunnelSocket: To broadcast an Intent via the notifier to external apps
04-11 16:56:08.741  3470  3470 D QcrilMsgTunnelIfaceManager: handleMessage what = 0
04-11 16:56:08.779  1658  1658 D QC_RIL_OEM_HOOK: Received Broadcast Intent ACTION_UNSOL_RESPONSE_OEM_HOOK_RAW
04-11 16:56:08.779  1658  1658 D QC_RIL_OEM_HOOK: Oem ID in QCRILHOOK UNSOL RESP is QOEMHOOK
04-11 16:56:26.023  1072  1387 I chatty  : uid=1000(system) n HAL callback. expire 18 lines
04-11 16:56:34.075  2565  4245 I PlayCommon: [196] com.google.android.play.a.g.e(940): Preparing logs for uploading
04-11 16:56:34.076  2565  4245 I PlayCommon: [196] com.google.android.play.a.g.e(942): No file ready to send
04-11 16:56:47.375  1983  1994 I art     : Background partial concurrent mark sweep GC freed 39833(2MB) AllocSpace objects, 32(640KB) LOS objects, 40% free, 10MB/17MB, paused 1.118ms total 146.756ms
04-11 16:56:49.518  1983  7401 W ctxmgr  : [AclManager]No 2 for (accnt=account#259755595#, com.google.android.gms(10019):UserLocationProducer, vrsn=10298000, 0, 3pPkg = null ,  3pMdlId = null). Was: 2 for 1, account#259755595#
04-11 16:57:26.040  1072  1387 I chatty  : uid=1000(system) n HAL callback. expire 10 lines
04-11 16:58:03.248  3470  3489 D QcrilMsgTunnelSocket: readRilMessage: Buffer = [B@cbe4c6f HexData = [010000000404000011000000514f454d484f4f4bef0308000100000003]
04-11 16:58:03.248  3470  3489 D QcrilMsgTunnelSocket: Rcvd UNSOL response with 28 bytes data for SUB0
04-11 16:58:03.249  3470  3489 D QcrilMsgTunnelSocket: Response ID 525295 is not served in this process.
04-11 16:58:03.249  3470  3489 D QcrilMsgTunnelSocket: To broadcast an Intent via the notifier to external apps
04-11 16:58:03.252  3470  3470 D QcrilMsgTunnelIfaceManager: handleMessage what = 0
04-11 16:58:03.283  1658  1658 D QC_RIL_OEM_HOOK: Received Broadcast Intent ACTION_UNSOL_RESPONSE_OEM_HOOK_RAW
04-11 16:58:03.283  1658  1658 D QC_RIL_OEM_HOOK: Oem ID in QCRILHOOK UNSOL RESP is QOEMHOOK
04-11 16:58:26.043  1072  1387 I chatty  : uid=1000(system) n HAL callback. expire 36 lines
04-11 17:00:27.227  3470  3489 D QcrilMsgTunnelSocket: readRilMessage: Buffer = [B@cbe4c6f HexData = [010000000404000011000000514f454d484f4f4bef0308000100000003]
04-11 17:00:27.227  3470  3489 D QcrilMsgTunnelSocket: Rcvd UNSOL response with 28 bytes data for SUB0
04-11 17:00:27.227  3470  3489 D QcrilMsgTunnelSocket: Response ID 525295 is not served in this process.
04-11 17:00:27.227  3470  3489 D QcrilMsgTunnelSocket: To broadcast an Intent via the notifier to external apps
04-11 17:00:27.228  3470  3470 D QcrilMsgTunnelIfaceManager: handleMessage what = 0
04-11 17:00:27.236  1658  1658 D QC_RIL_OEM_HOOK: Received Broadcast Intent ACTION_UNSOL_RESPONSE_OEM_HOOK_RAW
04-11 17:00:27.237  1658  1658 D QC_RIL_OEM_HOOK: Oem ID in QCRILHOOK UNSOL RESP is QOEMHOOK
04-11 17:00:51.154  1870  1871 E WCNSS_FILTER: do_read: read returned 0, err = Success, read bytes: 0, expected: 0
04-11 17:00:51.154  1870  1871 I WCNSS_FILTER: ibs_msm_serial_clock_vote: vote UART CLK ON using UART driver's ioctl()
04-11 17:00:51.187  1870  1871 E WCNSS_FILTER: do_read: read returned 0, err = Success, read bytes: 0, expected: 0
04-11 17:00:51.209  1870  1871 E WCNSS_FILTER: do_read: read returned 0, err = Success, read bytes: 0, expected: 0
04-11 17:00:51.230  1870  1871 E WCNSS_FILTER: do_read: read returned 0, err = Success, read bytes: 0, expected: 0
