04-11 17:00:51.352  1870  1871 E WCNSS_FILTER: do_read: read returned 0, err = Success, read bytes: 0, expected: 0
04-11 17:00:51.582  1870  1871 E WCNSS_FILTER: do_read: read returned 0, err = Success, read bytes: 0, expected: 0
04-11 17:00:51.606  1870  1871 E WCNSS_FILTER: do_read: read returned 0, err = Success, read bytes: 0, expected: 0
04-11 17:00:51.843  1870  1871 E WCNSS_FILTER: do_read: read returned 0, err = Success, read bytes: 0, expected: 0
04-11 17:00:52.039  1870  1871 E WCNSS_FILTER: do_read: read returned 0, err = Success, read bytes: 0, expected: 0
04-11 17:00:52.061  1870  1871 E WCNSS_FILTER: do_read: read returned 0, err = Success, read bytes: 0, expected: 0
04-11 17:00:52.075  1870  1871 E WCNSS_FILTER: do_read: read returned 0, err = Success, read bytes: 0, expected: 0
04-11 17:00:52.088  1870  1871 E WCNSS_FILTER: do_read: read returned 0, err = Success, read bytes: 0, expected: 0
04-11 17:00:52.102  1870  1871 E WCNSS_FILTER: do_read: read returned 0, err = Success, read bytes: 0, expected: 0
04-11 17:00:52.116  1870  1871 E WCNSS_FILTER: do_read: read returned 0, err = Success, read bytes: 0, expected: 0
04-11 17:00:52.129  1870  1871 E WCNSS_FILTER: do_read: read returned 0, err = Success, read bytes: 0, expected: 0
04-11 17:00:52.143  1870  1871 E WCNSS_FILTER: do_read: read returned 0, err = Success, read bytes: 0, expected: 0
04-11 17:00:53.169  1870  1895 I WCNSS_FILTER: ibs_msm_serial_clock_vote: vote UART CLK OFF using UART driver's ioctl()
04-11 17:01:04.001  2565  2634 I PlayCommon: [162] com.google.android.play.a.g.e(940): Preparing logs for uploading
04-11 17:01:04.002  2565  2634 I PlayCommon: [162] com.google.android.play.a.g.e(942): No file ready to send
04-11 17:01:26.056  1072  1387 I chatty  : uid=1000(system) n HAL callback. expire 36 lines
04-11 17:01:34.136  2565  4245 I PlayCommon: [196] com.google.android.play.a.g.e(940): Preparing logs for uploading
04-11 17:01:34.144  2565  4245 I PlayCommon: [196] com.google.android.play.a.g.e(942): No file ready to send
04-11 17:03:55.092  7975  7975 D AndroidRuntime: >>>>>> START com.android.internal.os.RuntimeInit uid 2000 <<<<<<
04-11 17:03:55.096  7975  7975 D AndroidRuntime: CheckJNI is OFF
04-11 17:03:55.191  7975  7975 D ICU     : No timezone override file found: /data/misc/zoneinfo/current/icu/icu_tzdata.dat
04-11 17:03:55.219  7975  7975 I Radio-JNI: register_android_hardware_Radio DONE
04-11 17:03:55.235  7975  7975 D AndroidRuntime: Calling main entry com.android.commands.am.Am
04-11 17:03:55.240  1072  3287 I ActivityManager: Force stopping com.mozilla.servo appid=10160 user=0: from pid 7975
04-11 17:03:55.247  7975  7975 D AndroidRuntime: Shutting down VM
04-11 17:03:55.250  1658  1658 D CarrierSvcBindHelper: No carrier app for: 0
04-11 17:03:55.251  2019  2019 D RegisteredNfcFServicesCache: Service unchanged, not updating
04-11 17:03:55.676  7984  7984 D AndroidRuntime: >>>>>> START com.android.internal.os.RuntimeInit uid 2000 <<<<<<
04-11 17:03:55.680  7984  7984 D AndroidRuntime: CheckJNI is OFF
04-11 17:03:55.756  7984  7984 D ICU     : No timezone override file found: /data/misc/zoneinfo/current/icu/icu_tzdata.dat
04-11 17:03:55.783  7984  7984 I Radio-JNI: register_android_hardware_Radio DONE
04-11 17:03:55.797  7984  7984 D AndroidRuntime: Calling main entry com.android.commands.am.Am
04-11 17:03:55.804  1072  2274 I ActivityManager: START u0 {act=android.intent.action.MAIN cat=[android.intent.category.LAUNCHER] flg=0x10000000 cmp=com.mozilla.servo/.MainActivity} from uid 2000 on display 0
04-11 17:03:55.828  7984  7984 D AndroidRuntime: Shutting down VM
04-11 17:03:55.841  1072  3228 I ActivityManager: Start proc 7994:com.mozilla.servo/u0a160 for activity com.mozilla.servo/.MainActivity
04-11 17:03:55.876  1072  1085 I ActivityManager: Config changes=480 {1.0 ?mcc?mnc [es_ES] ldltr sw411dp w683dp h387dp 420dpi nrml land finger -keyb/v/h -nav/h s.13}
04-11 17:03:55.942  1603  1749 D zz      : UtRenderer.onSurfaceChanged() 1920x1080
04-11 17:03:55.967  2153  2153 W SearchService: Abort, client detached.
04-11 17:03:55.971  7994  7994 I chatty  : uid=10160(com.mozilla.servo) expire 8 lines
04-11 17:03:55.981  2153  8011 I PBSessionCacheImpl: Deleted sessionId[9470486038758256] from persistence.
04-11 17:03:55.998  1072  1396 I chatty  : uid=1000(system) InputReader expire 4 lines
04-11 17:03:56.014  1603  1603 D zz      : UtWallpaperService$UtEngine.onVisibilityChanged() false
04-11 17:03:56.016  1603  1603 D zz      : UtRenderer.onNotVisible() 
04-11 17:03:56.019  1072  1387 I chatty  : uid=1000(system) n HAL callback. expire 7 lines
04-11 17:03:56.054  1449  7004 W Delight5Decoder: removePredictionEngine() : Unknown engine bit@4764c43
04-11 17:03:56.077   485   485 W SurfaceFlinger: couldn't log to binary event log: overflow.
04-11 17:03:56.077   485   485 W SurfaceFlinger: couldn't log to binary event log: overflow.
04-11 17:03:56.115  1983  7838 E ctxmgr  : [NetworkUtil]No active synchronizable contexts.
04-11 17:03:56.137  1983  7838 W ctxmgr  : [AclManager]No 3 for (accnt=account#-517948760#, com.google.android.googlequicksearchbox(10045):com.google.android.googlequicksearchbox, vrsn=10084000, 1, 3pPkg = null ,  3pMdlId = null). Was: 3 for 6, account#-517948760#
04-11 17:03:56.165  1983  7838 E ctxmgr  : [ProducerActiveIntervalImpl]addNewAppInterval: already contained:appKey=cdv@68c04681,appInterval=cdt@5e3a968,record=cjv{key=cjx{com.google.android.googlequicksearchbox, 10045, account#-517948760#, com.google.android.googlequicksearchbox, AgsaForegroundInterestKey}, t=1491923036160, name=18, lifetime=1 durn=3600000, production=3 intvl=360000 pri=102, retention=2 cnt=1, dispatch=null, consumer=null}
04-11 17:03:56.166  1983  7838 W ctxmgr  : [PlacesProducer]Not handling added production policy type=3
04-11 17:03:56.185  7994  8020 I chatty  : uid=10160(com.mozilla.servo) expire 8 lines
04-11 17:03:56.223  1983  3804 I Places  : ?: PlacesBleScanner start() with priority 2
04-11 17:03:56.223  1983  3804 I PlaceInferenceEngine: [anon] Setup for configuration 102:[BeaconScoring, CategoryScoring, DistanceScoring, GeoJournalScoring, HomeWorkScoring, HulkPersonaScoring, PopularityScoring, SpotterScoring, TimeBasedScoring, WifiScoring]
04-11 17:03:56.223  1983  3804 I PlaceInferenceEngine: [anon] Active modules after start(): 10
04-11 17:03:56.252  7994  8022 I chatty  : uid=10160(com.mozilla.servo) expire 1 line
04-11 17:03:56.253  1983  6661 I PlaceInferenceEngine: No beacon scan available - ignoring candidates.
04-11 17:03:56.275  1072  1147 I chatty  : uid=1000(system) android.display expire 8 lines
04-11 17:03:56.292  1072  1147 I WindowManager: Screen frozen for +434ms due to Window{8be7143 u0 Starting com.mozilla.servo}
04-11 17:03:56.300  1983  7838 W ctxmgr  : [AclManager]No 2 for (accnt=account#259755595#, com.google.android.gms(10019):UserLocationProducer, vrsn=10298000, 0, 3pPkg = null ,  3pMdlId = null). Was: 2 for 1, account#259755595#
04-11 17:03:56.312  1072  1146 D BluetoothManagerService: Message: 20
04-11 17:03:56.312  1072  1146 D BluetoothManagerService: Added callback: android.bluetooth.IBluetoothManagerCallback$Stub$Proxy@b0b3220:true
04-11 17:03:56.316  7994  8021 I chatty  : uid=10160(com.mozilla.servo) expire 130 lines
04-11 17:03:56.512  1983  1983 E ctxmgr  : [PlaceFenceHelper]NearbyBuffer is null!
04-11 17:03:56.556  1983  7838 W Conscrypt: Could not set socket write timeout: null
04-11 17:03:56.692  1983  7838 W Conscrypt: Could not set socket write timeout: null
04-11 17:03:56.897  1983  7838 W ctxmgr  : [AclManager]No 2 for (accnt=account#259755595#, com.google.android.gms(10019):UserLocationProducer, vrsn=10298000, 0, 3pPkg = null ,  3pMdlId = null). Was: 2 for 1, account#259755595#
04-11 17:03:56.949  1983  7838 W ctxmgr  : [AclManager]No 2 for (accnt=account#-517948760#, com.google.android.gms(10019):PlacesProducer, vrsn=10298000, 0, 3pPkg = null ,  3pMdlId = null). Was: 3 for 18, account#-517948760#
04-11 17:04:24.682  3470  3489 D QcrilMsgTunnelSocket: readRilMessage: Buffer = [B@cbe4c6f HexData = [010000000404000011000000514f454d484f4f4bef0308000100000003]
04-11 17:04:24.682  3470  3489 D QcrilMsgTunnelSocket: Rcvd UNSOL response with 28 bytes data for SUB0
04-11 17:04:24.682  3470  3489 D QcrilMsgTunnelSocket: Response ID 525295 is not served in this process.
04-11 17:04:24.682  3470  3489 D QcrilMsgTunnelSocket: To broadcast an Intent via the notifier to external apps
04-11 17:04:24.684  3470  3470 D QcrilMsgTunnelIfaceManager: handleMessage what = 0
04-11 17:04:24.688  1658  1658 D QC_RIL_OEM_HOOK: Received Broadcast Intent ACTION_UNSOL_RESPONSE_OEM_HOOK_RAW
04-11 17:04:24.688  1658  1658 D QC_RIL_OEM_HOOK: Oem ID in QCRILHOOK UNSOL RESP is QOEMHOOK
04-11 17:04:26.026  2153  8016 W GmsLocationProvider: Error removing location updates: 16
04-11 17:04:26.105  1072  1387 I chatty  : uid=1000(system) n HAL callback. expire 17 lines
04-11 17:04:27.596  7994  8020 I chatty  : uid=10160(com.mozilla.servo) expire 24 lines
04-11 17:04:27.597  7994  8021 I chatty  : uid=10160(com.mozilla.servo) expire 8 lines
04-11 17:04:28.355   487   542 I ACDB-LOADER: ACDB AFE returned = -19
04-11 17:04:28.355   487   542 D hardware_info: hw_info_append_hw_type : device_name = speaker
04-11 17:04:28.355   487   542 D audio_hw_primary: enable_snd_device: snd_device(2: speaker)
04-11 17:04:28.355   487   542 D audio_hw_primary: enable_audio_route: usecase(1) apply and update mixer path: low-latency-playback speaker
04-11 17:04:28.357   619   643 E ANDR-PERF-OPTSHANDLER: Warning: Resource [2, 0] not supported for core 1. Instead use resource for core 0
04-11 17:04:28.357   619   643 E ANDR-PERF-RESOURCEQS: Failed to apply optimization [2, 2, 0]
04-11 17:04:28.374  1072  1418 I ActivityManager: START u0 {flg=0x10804000 cmp=com.android.systemui/.recents.RecentsActivity} from uid 10042 on display 0
04-11 17:04:28.379  1072  1418 I chatty  : uid=1000(system) Binder:1072_3 expire 10 lines
04-11 17:04:28.393  7994  7994 I chatty  : uid=10160(com.mozilla.servo) expire 19 lines
04-11 17:04:28.473  1603  1603 D zz      : UtWallpaperService$UtEngine.onVisibilityChanged() true
04-11 17:04:28.476  1072  1897 I chatty  : uid=1000(system) Binder:1072_7 expire 10 lines
04-11 17:04:28.480  1603  1603 D zz      : UtRenderer.onVisible() 
04-11 17:04:28.481  1603  1603 V zz      : WeatherManager.doGet() getting weather from Awareness
04-11 17:04:28.486  1603  1603 V zz      : SunriseUtil.doGet() getting location from Awareness
04-11 17:04:28.583  1983  7838 W ctxmgr  : [AclManager]No 3 for (accnt=account#-517948760#, com.google.android.gms(10019):WeatherProducer, vrsn=10298000, 0, 3pPkg = null ,  3pMdlId = null). Was: 3 for 31, account#-517948760#
04-11 17:04:28.597  1983  7838 W ctxmgr  : [AclManager]No 2 for (accnt=account#-517948760#, com.google.android.gms(10019):UserLocationProducer, vrsn=10298000, 0, 3pPkg = null ,  3pMdlId = null). Was: 3 for 1, account#-517948760#
04-11 17:04:28.602  1603  1603 V zz      : WeatherManager$3.onResult() successful result: [WeatherVo] conditions: CLOUDY (2)
04-11 17:04:28.602  1603  1603 V zz      : TimelapseRenderer.updateWeatherCondition() CLOUDY
04-11 17:04:28.612  1603  1603 V zz      : SunriseUtil$3.onResult() location: 43.300194, -2.9961135
04-11 17:04:28.612  1603  1603 V zz      : AbstractSunriseUtil.getSunriseSunset() sunrise : Tue Apr 11 07:36:26 GMT+02:00 2017
04-11 17:04:28.612  1603  1603 V zz      : AbstractSunriseUtil.getSunriseSunset() sunset  : Tue Apr 11 20:54:20 GMT+02:00 2017
04-11 17:04:28.613  1603  1603 V zz      : SunriseUtil$3.onResult() sunrise/sunset: 0.31697264, 0.8710663
04-11 17:04:28.613  1603  1603 V zz      : TimelapseRenderer$1.onReceive() got sunrise broadcast - true
04-11 17:04:28.631  1983  2281 W GeofenceByPackageAndTag: Too many goefences (100 + 1) from package com.google.android.gms#. At most 100 allowed.
04-11 17:04:28.640  1072  2274 I chatty  : uid=1000(system) Binder:1072_8 expire 4 lines
04-11 17:04:28.656  1072  1086 I chatty  : uid=1000(system) Binder:1072_2 expire 3 lines
04-11 17:04:28.657  1072  3311 I chatty  : uid=1000(system) Binder:1072_C expire 5 lines
04-11 17:04:28.660  1983  7838 E ctxmgr  : [ProducerActiveIntervalImpl]closeActiveInterval: Error: ongoing, trying to close
04-11 17:04:28.672  1983  7838 E ctxmgr  : [AddGeofencesOperation]Failure add geofences [Geofence[CIRCLE id:9d6c3e69-a18f-4c13-90e2-3aa7c018b65f transitions:3 43.300192, -2.996114 50000m, resp=1800s, dwell=-1ms, @-1]], status=Status{statusCode=unknown status code: 1001, resolution=null}
04-11 17:04:28.673  1072  1551 I chatty  : uid=1000(system) Binder:1072_4 expire 4 lines
04-11 17:04:28.705  1983  7838 E ctxmgr  : [ProducerActiveIntervalImpl]closeActiveInterval: Error: ongoing, trying to close
04-11 17:04:29.501  1072  1085 I chatty  : uid=1000(system) Binder:1072_1 expire 6 lines
04-11 17:04:29.511  1072  2802 E ActivityManager: applyOptionsLocked: Unknown animationType=0
04-11 17:04:29.884  1603  1603 D zz      : UtWallpaperService$UtEngine.onVisibilityChanged() false
04-11 17:04:29.885  1072  3228 I chatty  : uid=1000(system) Binder:1072_A expire 6 lines
04-11 17:04:29.888  1603  1603 D zz      : UtRenderer.onNotVisible() 
04-11 17:04:32.704   487   542 D audio_hw_primary: disable_audio_route: usecase(1) reset and update mixer path: low-latency-playback speaker
04-11 17:04:32.706   487   542 D hardware_info: hw_info_append_hw_type : device_name = speaker
04-11 17:04:32.706   487   542 D audio_hw_primary: disable_snd_device: snd_device(2: speaker)
04-11 17:04:38.099   487   542 I ACDB-LOADER: ACDB AFE returned = -19
04-11 17:04:38.099   487   542 D hardware_info: hw_info_append_hw_type : device_name = speaker
04-11 17:04:38.099   487   542 D audio_hw_primary: enable_snd_device: snd_device(2: speaker)
04-11 17:04:38.099   487   542 D audio_hw_primary: enable_audio_route: usecase(1) apply and update mixer path: low-latency-playback speaker
04-11 17:04:38.102   619   643 E ANDR-PERF-OPTSHANDLER: Warning: Resource [2, 0] not supported for core 1. Instead use resource for core 0
04-11 17:04:38.102   619   643 E ANDR-PERF-RESOURCEQS: Failed to apply optimization [2, 2, 0]
04-11 17:04:38.164  1072  3228 I ActivityManager: START u0 {flg=0x10804000 cmp=com.android.systemui/.recents.RecentsActivity} from uid 10042 on display 0
04-11 17:04:38.170  7994  8020 I chatty  : uid=10160(com.mozilla.servo) expire 5 lines
04-11 17:04:38.230  1603  1603 D zz      : UtWallpaperService$UtEngine.onVisibilityChanged() true
04-11 17:04:38.238  1603  1603 D zz      : UtRenderer.onVisible() 
04-11 17:04:38.240  1603  1603 V zz      : WeatherManager.doGet() getting weather from Awareness
04-11 17:04:38.241  1072  1387 I chatty  : uid=1000(system) n HAL callback. expire 27 lines
04-11 17:04:38.243  1603  1603 V zz      : SunriseUtil.doGet() getting location from Awareness
04-11 17:04:38.317  1983  7838 W ctxmgr  : [AclManager]No 3 for (accnt=account#-517948760#, com.google.android.gms(10019):WeatherProducer, vrsn=10298000, 0, 3pPkg = null ,  3pMdlId = null). Was: 3 for 31, account#-517948760#
04-11 17:04:38.331  1983  7838 W ctxmgr  : [AclManager]No 2 for (accnt=account#-517948760#, com.google.android.gms(10019):UserLocationProducer, vrsn=10298000, 0, 3pPkg = null ,  3pMdlId = null). Was: 3 for 1, account#-517948760#
04-11 17:04:38.334  1603  1603 V zz      : WeatherManager$3.onResult() successful result: [WeatherVo] conditions: CLOUDY (2)
04-11 17:04:38.334  1603  1603 V zz      : TimelapseRenderer.updateWeatherCondition() CLOUDY
04-11 17:04:38.343  1603  1603 V zz      : SunriseUtil$3.onResult() location: 43.300194, -2.9961135
04-11 17:04:38.343  1603  1603 V zz      : AbstractSunriseUtil.getSunriseSunset() sunrise : Tue Apr 11 07:36:26 GMT+02:00 2017
04-11 17:04:38.343  1603  1603 V zz      : AbstractSunriseUtil.getSunriseSunset() sunset  : Tue Apr 11 20:54:20 GMT+02:00 2017
04-11 17:04:38.343  1603  1603 V zz      : SunriseUtil$3.onResult() sunrise/sunset: 0.31697264, 0.8710663
04-11 17:04:38.344  1603  1603 V zz      : TimelapseRenderer$1.onReceive() got sunrise broadcast - true
04-11 17:04:38.362  1983  2281 W GeofenceByPackageAndTag: Too many goefences (100 + 1) from package com.google.android.gms#. At most 100 allowed.
04-11 17:04:38.373  1072  1694 I chatty  : uid=1000(system) Binder:1072_6 expire 1 line
04-11 17:04:38.397  1983  7838 E ctxmgr  : [ProducerActiveIntervalImpl]closeActiveInterval: Error: ongoing, trying to close
04-11 17:04:38.406  1983  7838 E ctxmgr  : [AddGeofencesOperation]Failure add geofences [Geofence[CIRCLE id:09d65224-2ad2-4a3a-8089-001517bbe94f transitions:3 43.300192, -2.996114 50000m, resp=1800s, dwell=-1ms, @-1]], status=Status{statusCode=unknown status code: 1001, resolution=null}
04-11 17:04:38.443  1983  7838 E ctxmgr  : [ProducerActiveIntervalImpl]closeActiveInterval: Error: ongoing, trying to close
04-11 17:04:39.285  1072  1689 I ActivityManager: Killing 7709:com.google.android.vr.home/u0a103 (adj 906): empty for 2550s
04-11 17:04:39.286  1072  1689 I ActivityManager: Killing 7994:com.mozilla.servo/u0a160 (adj 900): remove task
04-11 17:04:39.286  1072  1085 I ActivityManager: START u0 {act=android.intent.action.MAIN cat=[android.intent.category.HOME] flg=0x10200000 cmp=com.google.android.apps.nexuslauncher/.NexusLauncherActivity} from uid 10042 on display 0
04-11 17:04:39.316  1072  1085 I ActivityManager: Config changes=480 {1.0 ?mcc?mnc [es_ES] ldltr sw411dp w411dp h659dp 420dpi nrml port finger -keyb/v/h -nav/h s.14}
04-11 17:04:39.347  1072  1396 I chatty  : uid=1000(system) InputReader expire 10 lines
04-11 17:04:39.375  1603  1749 D zz      : UtRenderer.onSurfaceChanged() 1080x1920
04-11 17:04:39.422  1603  1603 D zz      : UtWallpaperService$UtEngine.onVisibilityChanged() false
04-11 17:04:39.422  1072  1689 I chatty  : uid=1000(system) Binder:1072_5 expire 2 lines
04-11 17:04:39.425  1603  1603 D zz      : UtRenderer.onNotVisible() 
04-11 17:04:39.426  1603  1603 D zz      : UtWallpaperService$UtEngine.onVisibilityChanged() true
04-11 17:04:39.428  2153  2153 I OptInState: There is a new client and it does not support opt-in. Dropping request.
04-11 17:04:39.433  1603  1603 D zz      : UtRenderer.onVisible() 
04-11 17:04:39.434  1603  1603 V zz      : WeatherManager.doGet() getting weather from Awareness
04-11 17:04:39.438  1603  1603 V zz      : SunriseUtil.doGet() getting location from Awareness
04-11 17:04:39.443  2153  8015 W LocationOracle: No location history returned by ContextManager
04-11 17:04:39.474  1449  7004 W Delight5Decoder: removePredictionEngine() : Unknown engine bit@6c72823
04-11 17:04:39.530  1072  2802 D ActivityManager: cleanUpApplicationRecord -- 7994
04-11 17:04:39.531  1072  1395 I chatty  : uid=1000(system) InputDispatcher expire 2 lines
04-11 17:04:39.534  1072  1551 I WindowManager: WIN DEATH: Window{7ccf269 u0 com.mozilla.servo/com.mozilla.servo.MainActivity}
04-11 17:04:39.551  1072  1085 D ActivityManager: cleanUpApplicationRecord -- 7709
04-11 17:04:39.612  1983  6661 W ctxmgr  : [AclManager]No 3 for (accnt=account#-517948760#, com.google.android.googlequicksearchbox(10045):com.google.android.googlequicksearchbox, vrsn=10084000, 1, 3pPkg = null ,  3pMdlId = null). Was: 3 for 6, account#-517948760#
04-11 17:04:39.617  1072  1147 I WindowManager: Screen frozen for +318ms due to Window{d37497c u0 StatusBar}
04-11 17:04:39.642  1983  6661 W ctxmgr  : [AclManager]No 3 for (accnt=account#-517948760#, com.google.android.gms(10019):WeatherProducer, vrsn=10298000, 0, 3pPkg = null ,  3pMdlId = null). Was: 3 for 31, account#-517948760#
04-11 17:04:39.678  1983  6661 W ctxmgr  : [AclManager]No 2 for (accnt=account#-517948760#, com.google.android.gms(10019):UserLocationProducer, vrsn=10298000, 0, 3pPkg = null ,  3pMdlId = null). Was: 3 for 1, account#-517948760#
04-11 17:04:39.679  1502  1502 W IInputConnectionWrapper: reportFullscreenMode on inexistent InputConnection
04-11 17:04:39.690  1603  1603 V zz      : WeatherManager$3.onResult() successful result: [WeatherVo] conditions: CLOUDY (2)
04-11 17:04:39.691  1603  1603 V zz      : TimelapseRenderer.updateWeatherCondition() CLOUDY
04-11 17:04:39.697  1983  6661 E ctxmgr  : [ProducerActiveIntervalImpl]addNewAppInterval: already contained:appKey=cdv@68c04681,appInterval=cdt@81270c3,record=cjv{key=cjx{com.google.android.googlequicksearchbox, 10045, account#-517948760#, com.google.android.googlequicksearchbox, AgsaForegroundInterestKey}, t=1491923079662, name=18, lifetime=1 durn=3600000, production=3 intvl=360000 pri=102, retention=2 cnt=1, dispatch=null, consumer=null}
04-11 17:04:39.699  1983  6661 W ctxmgr  : [PlacesProducer]Not handling added production policy type=3
04-11 17:04:39.699  1983  6661 W ctxmgr  : [PlacesProducer]Not handling removed production policy type=3
04-11 17:04:39.707  1603  1603 V zz      : SunriseUtil$3.onResult() location: 43.300194, -2.9961135
04-11 17:04:39.708  1603  1603 V zz      : AbstractSunriseUtil.getSunriseSunset() sunrise : Tue Apr 11 07:36:26 GMT+02:00 2017
04-11 17:04:39.708  1603  1603 V zz      : AbstractSunriseUtil.getSunriseSunset() sunset  : Tue Apr 11 20:54:20 GMT+02:00 2017
04-11 17:04:39.708  1603  1603 V zz      : SunriseUtil$3.onResult() sunrise/sunset: 0.31697264, 0.8710663
04-11 17:04:39.708  1603  1603 V zz      : TimelapseRenderer$1.onReceive() got sunrise broadcast - true
04-11 17:04:39.764  1983  3804 I PlaceInferenceEngine: [anon] Setup for configuration 105:[]
04-11 17:04:39.764  1983  3804 I PlaceInferenceEngine: [anon] Active modules after start(): 0
04-11 17:04:39.784  1983  2281 W GeofenceByPackageAndTag: Too many goefences (100 + 1) from package com.google.android.gms#. At most 100 allowed.
04-11 17:04:39.809  1983  6661 E ctxmgr  : [ProducerActiveIntervalImpl]closeActiveInterval: Error: ongoing, trying to close
04-11 17:04:39.823  1983  6661 E ctxmgr  : [AddGeofencesOperation]Failure add geofences [Geofence[CIRCLE id:ebc9c45b-dda1-4ce6-9f86-a5ad9297857e transitions:3 43.300192, -2.996114 50000m, resp=1800s, dwell=-1ms, @-1]], status=Status{statusCode=unknown status code: 1001, resolution=null}
04-11 17:04:39.886  1983  6661 E ctxmgr  : [ProducerActiveIntervalImpl]closeActiveInterval: Error: ongoing, trying to close
04-11 17:04:39.900  2122  2196 W OpenGLRenderer: Incorrectly called buildLayer on View: ShortcutAndWidgetContainer, destroying layer...
04-11 17:04:39.900  2122  2196 W OpenGLRenderer: Incorrectly called buildLayer on View: ShortcutAndWidgetContainer, destroying layer...
04-11 17:04:41.351   487   542 D audio_hw_primary: disable_audio_route: usecase(1) reset and update mixer path: low-latency-playback speaker
04-11 17:04:41.354   487   542 D hardware_info: hw_info_append_hw_type : device_name = speaker
04-11 17:04:41.355   487   542 D audio_hw_primary: disable_snd_device: snd_device(2: speaker)
04-11 17:04:51.742  1983  1983 W GCM     : Heartbeat timeout, GCM connection reset -7
04-11 17:04:51.785  1983  8097 W GCM     : Lowering wifi heartbeat interval 1 notch to 230000, good=0 bad=2
04-11 17:04:51.786  1072  1897 D ConnectivityService: reportNetworkConnectivity(100, false) by 10019
04-11 17:04:52.225  1072  1409 D NetworkNotificationManager: clearNotification id=100
04-11 17:04:52.229  1072  1409 D ConnectivityService: NetworkAgentInfo [WIFI () - 100] validation passed
04-11 17:04:52.236  1072  8107 I chatty  : uid=1000 system_server expire 6 lines
04-11 17:05:12.525   485   523 W HWComposer: Ignoring duplicate VSYNC event from HWC (t=22789527405829)
04-11 17:05:17.455  8111  8111 D AndroidRuntime: >>>>>> START com.android.internal.os.RuntimeInit uid 2000 <<<<<<
04-11 17:05:17.459  8111  8111 D AndroidRuntime: CheckJNI is OFF
04-11 17:05:17.564  8111  8111 D ICU     : No timezone override file found: /data/misc/zoneinfo/current/icu/icu_tzdata.dat
04-11 17:05:17.591  8111  8111 I Radio-JNI: register_android_hardware_Radio DONE
04-11 17:05:17.604  8111  8111 D AndroidRuntime: Calling main entry com.android.commands.am.Am
04-11 17:05:17.608  1072  2274 I ActivityManager: Force stopping com.mozilla.servo appid=10160 user=0: from pid 8111
04-11 17:05:17.614  8111  8111 D AndroidRuntime: Shutting down VM
04-11 17:05:17.625  1658  1658 D CarrierSvcBindHelper: No carrier app for: 0
04-11 17:05:17.641  2019  2019 D RegisteredNfcFServicesCache: Service unchanged, not updating
04-11 17:05:17.969  8120  8120 D AndroidRuntime: >>>>>> START com.android.internal.os.RuntimeInit uid 2000 <<<<<<
04-11 17:05:17.973  8120  8120 D AndroidRuntime: CheckJNI is OFF
04-11 17:05:18.057  8120  8120 D ICU     : No timezone override file found: /data/misc/zoneinfo/current/icu/icu_tzdata.dat
04-11 17:05:18.084  8120  8120 I Radio-JNI: register_android_hardware_Radio DONE
04-11 17:05:18.101  8120  8120 D AndroidRuntime: Calling main entry com.android.commands.am.Am
04-11 17:05:18.106  1072  1551 I ActivityManager: START u0 {act=android.intent.action.MAIN cat=[android.intent.category.LAUNCHER] flg=0x10000000 cmp=com.mozilla.servo/.MainActivity} from uid 2000 on display 0
04-11 17:05:18.118  8120  8120 D AndroidRuntime: Shutting down VM
04-11 17:05:18.129  1072  1897 I ActivityManager: Start proc 8130:com.mozilla.servo/u0a160 for activity com.mozilla.servo/.MainActivity
04-11 17:05:18.152  1072  3311 I ActivityManager: Config changes=480 {1.0 ?mcc?mnc [es_ES] ldltr sw411dp w683dp h387dp 420dpi nrml land finger -keyb/v/h -nav/h s.15}
04-11 17:05:18.194  1603  1749 D zz      : UtRenderer.onSurfaceChanged() 1920x1080
04-11 17:05:18.213  8130  8130 I chatty  : uid=10160(com.mozilla.servo) expire 8 lines
04-11 17:05:18.231  2153  8010 I PBSessionCacheImpl: Deleted sessionId[9470486038758256] from persistence.
04-11 17:05:18.252  2153  2153 W SearchService: Abort, client detached.
04-11 17:05:18.311  1983  6661 E ctxmgr  : [AppIntervalImpl]closeInterval: ongoing
04-11 17:05:18.323  1603  1603 D zz      : UtWallpaperService$UtEngine.onVisibilityChanged() false
04-11 17:05:18.327  1603  1603 D zz      : UtRenderer.onNotVisible() 
04-11 17:05:18.329  1072  1387 I chatty  : uid=1000(system) n HAL callback. expire 17 lines
04-11 17:05:18.362  1449  7004 W Delight5Decoder: removePredictionEngine() : Unknown engine bit@ecdb867
04-11 17:05:18.387   485   485 W SurfaceFlinger: couldn't log to binary event log: overflow.
04-11 17:05:18.387   485   485 W SurfaceFlinger: couldn't log to binary event log: overflow.
04-11 17:05:18.429  8130  8145 I chatty  : uid=10160(com.mozilla.servo) expire 8 lines
04-11 17:05:18.475  8130  8147 I chatty  : uid=10160(com.mozilla.servo) expire 1 line
04-11 17:05:18.488  2122  2122 W IInputConnectionWrapper: reportFullscreenMode on inexistent InputConnection
04-11 17:05:18.503  1072  1146 D BluetoothManagerService: Message: 20
04-11 17:05:18.503  1072  1146 D BluetoothManagerService: Added callback: android.bluetooth.IBluetoothManagerCallback$Stub$Proxy@cca42eb:true
04-11 17:05:18.507  8130  8146 I chatty  : uid=10160(com.mozilla.servo) expire 157 lines
04-11 17:05:18.580  1072  1147 I WindowManager: Screen frozen for +434ms due to Window{9e261ad u0 Starting com.mozilla.servo}
04-11 17:05:48.313  2153  8015 W GmsLocationProvider: Error removing location updates: 16
04-11 17:05:53.841  8130  8145 I chatty  : uid=10160(com.mozilla.servo) expire 12 lines
04-11 17:05:53.842  8130  8146 I chatty  : uid=10160(com.mozilla.servo) expire 8 lines
04-11 17:06:04.105  2565  2634 I PlayCommon: [162] com.google.android.play.a.g.e(940): Preparing logs for uploading
04-11 17:06:04.106  2565  2634 I PlayCommon: [162] com.google.android.play.a.g.e(942): No file ready to send
04-11 17:06:16.005  1072  1387 I chatty  : uid=1000(system) n HAL callback. expire 15 lines
04-11 17:06:19.884  1072  1111 I UsageStatsService: User[0] Flushing usage stats to disk
04-11 17:06:26.065  1072  1440 I chatty  : uid=1000(system) Thread-5 expire 1 line
04-11 17:06:34.169  2565  4245 I PlayCommon: [196] com.google.android.play.a.g.e(940): Preparing logs for uploading
04-11 17:06:34.171  2565  4245 I PlayCommon: [196] com.google.android.play.a.g.e(942): No file ready to send
04-11 17:07:08.316   487   542 I ACDB-LOADER: ACDB AFE returned = -19
04-11 17:07:08.316   487   542 D hardware_info: hw_info_append_hw_type : device_name = speaker
04-11 17:07:08.316   487   542 D audio_hw_primary: enable_snd_device: snd_device(2: speaker)
04-11 17:07:08.316   487   542 D audio_hw_primary: enable_audio_route: usecase(1) apply and update mixer path: low-latency-playback speaker
04-11 17:07:08.316   619   643 E ANDR-PERF-OPTSHANDLER: Warning: Resource [2, 0] not supported for core 1. Instead use resource for core 0
04-11 17:07:08.316   619   643 E ANDR-PERF-RESOURCEQS: Failed to apply optimization [2, 2, 0]
04-11 17:07:08.333  1072  1086 I ActivityManager: START u0 {flg=0x10804000 cmp=com.android.systemui/.recents.RecentsActivity} from uid 10042 on display 0
04-11 17:07:08.339  8130  8130 I chatty  : uid=10160(com.mozilla.servo) expire 7 lines
04-11 17:07:08.342  8130  8145 I chatty  : uid=10160(com.mozilla.servo) expire 5 lines
04-11 17:07:08.432  1603  1603 D zz      : UtWallpaperService$UtEngine.onVisibilityChanged() true
04-11 17:07:08.433  1072  1897 I chatty  : uid=1000(system) Binder:1072_7 expire 8 lines
04-11 17:07:08.438  1603  1603 D zz      : UtRenderer.onVisible() 
04-11 17:07:08.439  1603  1603 V zz      : WeatherManager.doGet() getting weather from Awareness
04-11 17:07:08.441  1072  1387 I chatty  : uid=1000(system) n HAL callback. expire 42 lines
04-11 17:07:08.443  1603  1603 V zz      : SunriseUtil.doGet() getting location from Awareness
04-11 17:07:08.536  1983  7890 W ctxmgr  : [AclManager]No 3 for (accnt=account#-517948760#, com.google.android.gms(10019):WeatherProducer, vrsn=10298000, 0, 3pPkg = null ,  3pMdlId = null). Was: 3 for 31, account#-517948760#
04-11 17:07:08.550  1983  7890 W ctxmgr  : [AclManager]No 2 for (accnt=account#259755595#, com.google.android.gms(10019):UserLocationProducer, vrsn=10298000, 0, 3pPkg = null ,  3pMdlId = null). Was: 2 for 1, account#259755595#
04-11 17:07:08.553  1983  7890 W ctxmgr  : [AclManager]No 2 for (accnt=account#-517948760#, com.google.android.gms(10019):UserLocationProducer, vrsn=10298000, 0, 3pPkg = null ,  3pMdlId = null). Was: 3 for 1, account#-517948760#
04-11 17:07:08.559  1603  1603 V zz      : WeatherManager$3.onResult() successful result: [WeatherVo] conditions: CLOUDY (2)
04-11 17:07:08.560  1603  1603 V zz      : TimelapseRenderer.updateWeatherCondition() CLOUDY
04-11 17:07:08.564  1603  1603 V zz      : SunriseUtil$3.onResult() location: 43.300194, -2.9961135
04-11 17:07:08.564  1603  1603 V zz      : AbstractSunriseUtil.getSunriseSunset() sunrise : Tue Apr 11 07:36:26 GMT+02:00 2017
04-11 17:07:08.565  1603  1603 V zz      : AbstractSunriseUtil.getSunriseSunset() sunset  : Tue Apr 11 20:54:20 GMT+02:00 2017
04-11 17:07:08.565  1603  1603 V zz      : SunriseUtil$3.onResult() sunrise/sunset: 0.31697264, 0.8710663
04-11 17:07:08.565  1603  1603 V zz      : TimelapseRenderer$1.onReceive() got sunrise broadcast - true
04-11 17:07:08.586  1983  2281 W GeofenceByPackageAndTag: Too many goefences (100 + 1) from package com.google.android.gms#. At most 100 allowed.
04-11 17:07:08.612  1072  3287 I chatty  : uid=1000(system) Binder:1072_B expire 10 lines
04-11 17:07:08.616  1983  7890 E ctxmgr  : [ProducerActiveIntervalImpl]closeActiveInterval: Error: ongoing, trying to close
04-11 17:07:08.617  1983  7890 E ctxmgr  : [AddGeofencesOperation]Failure add geofences [Geofence[CIRCLE id:e272d826-aefc-4a99-b999-02769593e93b transitions:3 43.300192, -2.996114 50000m, resp=1800s, dwell=-1ms, @-1]], status=Status{statusCode=unknown status code: 1001, resolution=null}
04-11 17:07:08.660  1983  7890 E ctxmgr  : [ProducerActiveIntervalImpl]closeActiveInterval: Error: ongoing, trying to close
04-11 17:07:09.322  1072  2802 I ActivityManager: Killing 8130:com.mozilla.servo/u0a160 (adj 900): remove task
04-11 17:07:09.322  1072  2274 I ActivityManager: START u0 {act=android.intent.action.MAIN cat=[android.intent.category.HOME] flg=0x10200000 cmp=com.google.android.apps.nexuslauncher/.NexusLauncherActivity} from uid 10042 on display 0
04-11 17:07:09.355  1072  2274 I ActivityManager: Config changes=480 {1.0 ?mcc?mnc [es_ES] ldltr sw411dp w411dp h659dp 420dpi nrml port finger -keyb/v/h -nav/h s.16}
04-11 17:07:09.365  1072  1396 I chatty  : uid=1000(system) InputReader expire 8 lines
04-11 17:07:09.394  1603  1749 D zz      : UtRenderer.onSurfaceChanged() 1080x1920
04-11 17:07:09.406  1603  1603 D zz      : UtWallpaperService$UtEngine.onVisibilityChanged() false
04-11 17:07:09.408  1072  2802 I chatty  : uid=1000(system) Binder:1072_9 expire 6 lines
04-11 17:07:09.410  1603  1603 D zz      : UtRenderer.onNotVisible() 
04-11 17:07:09.439  2153  2153 I OptInState: There is a new client and it does not support opt-in. Dropping request.
04-11 17:07:09.448  1603  1603 D zz      : UtWallpaperService$UtEngine.onVisibilityChanged() true
04-11 17:07:09.449  1072  1694 I chatty  : uid=1000(system) Binder:1072_6 expire 7 lines
04-11 17:07:09.452  1603  1603 D zz      : UtRenderer.onVisible() 
04-11 17:07:09.453  1603  1603 V zz      : WeatherManager.doGet() getting weather from Awareness
04-11 17:07:09.453  2153  8012 W LocationOracle: No location history returned by ContextManager
04-11 17:07:09.456  1072  1418 I chatty  : uid=1000(system) Binder:1072_3 expire 4 lines
04-11 17:07:09.460  1603  1603 V zz      : SunriseUtil.doGet() getting location from Awareness
04-11 17:07:09.519  1449  7004 W Delight5Decoder: removePredictionEngine() : Unknown engine bit@8792e74
04-11 17:07:09.557  1072  1694 I WindowManager: WIN DEATH: Window{cf06ba9 u0 com.mozilla.servo/com.mozilla.servo.MainActivity}
04-11 17:07:09.558  1072  1418 D ActivityManager: cleanUpApplicationRecord -- 8130
04-11 17:07:09.587  1072  1147 I WindowManager: Screen frozen for +256ms due to Window{d37497c u0 StatusBar}
04-11 17:07:09.591  1983  6661 W ctxmgr  : [AclManager]No 3 for (accnt=account#-517948760#, com.google.android.googlequicksearchbox(10045):com.google.android.googlequicksearchbox, vrsn=10084000, 1, 3pPkg = null ,  3pMdlId = null). Was: 3 for 6, account#-517948760#
04-11 17:07:09.680  1983  6661 W ctxmgr  : [AclManager]No 3 for (accnt=account#-517948760#, com.google.android.gms(10019):WeatherProducer, vrsn=10298000, 0, 3pPkg = null ,  3pMdlId = null). Was: 3 for 31, account#-517948760#
04-11 17:07:09.688  1983  6661 E ctxmgr  : [ProducerActiveIntervalImpl]addNewAppInterval: already contained:appKey=cdv@68c04681,appInterval=cdt@7133bc9,record=cjv{key=cjx{com.google.android.googlequicksearchbox, 10045, account#-517948760#, com.google.android.googlequicksearchbox, AgsaForegroundInterestKey}, t=1491923229663, name=18, lifetime=1 durn=3600000, production=3 intvl=360000 pri=102, retention=2 cnt=1, dispatch=null, consumer=null}
04-11 17:07:09.688  1983  6661 W ctxmgr  : [PlacesProducer]Not handling added production policy type=3
04-11 17:07:09.697  1502  1502 W IInputConnectionWrapper: reportFullscreenMode on inexistent InputConnection
04-11 17:07:09.713  1983  6661 W ctxmgr  : [AclManager]No 2 for (accnt=account#-517948760#, com.google.android.gms(10019):UserLocationProducer, vrsn=10298000, 0, 3pPkg = null ,  3pMdlId = null). Was: 3 for 1, account#-517948760#
04-11 17:07:09.722  1603  1603 V zz      : WeatherManager$3.onResult() successful result: [WeatherVo] conditions: CLOUDY (2)
04-11 17:07:09.722  1603  1603 V zz      : TimelapseRenderer.updateWeatherCondition() CLOUDY
04-11 17:07:09.734  1983  3804 I Places  : ?: PlacesBleScanner start() with priority 2
04-11 17:07:09.734  1983  3804 I PlaceInferenceEngine: [anon] Setup for configuration 102:[BeaconScoring, CategoryScoring, DistanceScoring, GeoJournalScoring, HomeWorkScoring, HulkPersonaScoring, PopularityScoring, SpotterScoring, TimeBasedScoring, WifiScoring]
04-11 17:07:09.734  1983  3804 I PlaceInferenceEngine: [anon] Active modules after start(): 10
04-11 17:07:09.746  1603  1603 V zz      : SunriseUtil$3.onResult() location: 43.300194, -2.9961135
04-11 17:07:09.747  1603  1603 V zz      : AbstractSunriseUtil.getSunriseSunset() sunrise : Tue Apr 11 07:36:26 GMT+02:00 2017
04-11 17:07:09.747  1603  1603 V zz      : AbstractSunriseUtil.getSunriseSunset() sunset  : Tue Apr 11 20:54:20 GMT+02:00 2017
04-11 17:07:09.747  1603  1603 V zz      : SunriseUtil$3.onResult() sunrise/sunset: 0.31697264, 0.8710663
04-11 17:07:09.748  1603  1603 V zz      : TimelapseRenderer$1.onReceive() got sunrise broadcast - true
04-11 17:07:09.791  1983  2281 W GeofenceByPackageAndTag: Too many goefences (100 + 1) from package com.google.android.gms#. At most 100 allowed.
04-11 17:07:09.809  1983  7890 I PlaceInferenceEngine: No beacon scan available - ignoring candidates.
04-11 17:07:09.818  1072  1086 I chatty  : uid=1000(system) Binder:1072_2 expire 2 lines
04-11 17:07:09.869  1983  6661 E ctxmgr  : [ProducerActiveIntervalImpl]closeActiveInterval: Error: ongoing, trying to close
04-11 17:07:09.881  1983  6661 E ctxmgr  : [AddGeofencesOperation]Failure add geofences [Geofence[CIRCLE id:0ebbc08f-9f52-4d74-ab11-74d759ef08b2 transitions:3 43.300192, -2.996114 50000m, resp=1800s, dwell=-1ms, @-1]], status=Status{statusCode=unknown status code: 1001, resolution=null}
04-11 17:07:09.919  1983  6661 E ctxmgr  : [ProducerActiveIntervalImpl]closeActiveInterval: Error: ongoing, trying to close
04-11 17:07:09.937  2122  2196 W OpenGLRenderer: Incorrectly called buildLayer on View: ShortcutAndWidgetContainer, destroying layer...
04-11 17:07:09.937  2122  2196 W OpenGLRenderer: Incorrectly called buildLayer on View: ShortcutAndWidgetContainer, destroying layer...
04-11 17:07:09.962  1983  1983 E ctxmgr  : [PlaceFenceHelper]NearbyBuffer is null!
04-11 17:07:09.972  1983  6661 W ctxmgr  : [AclManager]No 2 for (accnt=account#-517948760#, com.google.android.gms(10019):PlacesProducer, vrsn=10298000, 0, 3pPkg = null ,  3pMdlId = null). Was: 3 for 18, account#-517948760#
04-11 17:07:11.550   487   542 D audio_hw_primary: disable_audio_route: usecase(1) reset and update mixer path: low-latency-playback speaker
04-11 17:07:11.552   487   542 D hardware_info: hw_info_append_hw_type : device_name = speaker
04-11 17:07:11.552   487   542 D audio_hw_primary: disable_snd_device: snd_device(2: speaker)
04-11 17:07:11.597  1072  1147 I chatty  : uid=1000(system) android.display expire 7 lines
04-11 17:08:02.972   487   542 I ACDB-LOADER: ACDB AFE returned = -19
04-11 17:08:02.972   487   542 D hardware_info: hw_info_append_hw_type : device_name = speaker
04-11 17:08:02.972   487   542 D audio_hw_primary: enable_snd_device: snd_device(2: speaker)
04-11 17:08:02.972   487   542 D audio_hw_primary: enable_audio_route: usecase(1) apply and update mixer path: low-latency-playback speaker
04-11 17:08:02.975   619   643 E ANDR-PERF-OPTSHANDLER: Warning: Resource [2, 0] not supported for core 1. Instead use resource for core 0
04-11 17:08:02.975   619   643 E ANDR-PERF-RESOURCEQS: Failed to apply optimization [2, 2, 0]
04-11 17:08:03.025  1072  3287 I ActivityManager: START u0 {flg=0x10804000 cmp=com.android.systemui/.recents.RecentsActivity} from uid 10042 on display 0
04-11 17:08:03.148  2153  2153 I PBSessionCacheImpl: Deleted sessionId[9470486038758256] from persistence.
04-11 17:08:03.180  2153  2153 W SearchService: Abort, client detached.
04-11 17:08:03.228  1983  7890 E ctxmgr  : [AppIntervalImpl]closeInterval: ongoing
04-11 17:08:03.296  1983  3804 I PlaceInferenceEngine: [anon] Setup for configuration 105:[]
04-11 17:08:03.296  1983  3804 I PlaceInferenceEngine: [anon] Active modules after start(): 0
04-11 17:08:03.324   485   485 W SurfaceFlinger: couldn't log to binary event log: overflow.
04-11 17:08:03.324   485   485 W SurfaceFlinger: couldn't log to binary event log: overflow.
04-11 17:08:04.819  1072  1387 I chatty  : uid=1000(system) n HAL callback. expire 10 lines
04-11 17:08:05.776  1502  1502 V DeadZone: consuming errant click: (236.0,18.0)
04-11 17:08:06.229   487   542 D audio_hw_primary: disable_audio_route: usecase(1) reset and update mixer path: low-latency-playback speaker
04-11 17:08:06.231   487   542 D hardware_info: hw_info_append_hw_type : device_name = speaker
04-11 17:08:06.231   487   542 D audio_hw_primary: disable_snd_device: snd_device(2: speaker)
04-11 17:08:06.844  1072  1897 I ActivityManager: Setting hasTopUi=true for pid=1502
04-11 17:08:06.845  1502  1502 D PhoneStatusBar: disable: < expand ICONS* alerts SYSTEM_INFO* back home recent clock search quick_settings >
04-11 17:08:07.459  1072  1694 W InputMethodManagerService: Window already focused, ignoring focus gain of: com.android.internal.view.IInputMethodClient$Stub$Proxy@f9ac635 attribute=null, token = android.os.BinderProxy@63f4fe0
04-11 17:08:07.470  1072  1085 I ActivityManager: Setting hasTopUi=false for pid=1502
04-11 17:08:07.471  1502  1502 D PhoneStatusBar: disable: < expand icons* alerts system_info* back home recent clock search quick_settings >
04-11 17:08:08.182  1502  1502 V DeadZone: consuming errant click: (202.0,18.0)
04-11 17:08:08.826   487   542 I ACDB-LOADER: ACDB AFE returned = -19
04-11 17:08:08.826   487   542 D hardware_info: hw_info_append_hw_type : device_name = speaker
04-11 17:08:08.826   487   542 D audio_hw_primary: enable_snd_device: snd_device(2: speaker)
04-11 17:08:08.826   487   542 D audio_hw_primary: enable_audio_route: usecase(1) apply and update mixer path: low-latency-playback speaker
04-11 17:08:08.829   619   643 E ANDR-PERF-OPTSHANDLER: Warning: Resource [2, 0] not supported for core 1. Instead use resource for core 0
04-11 17:08:08.829   619   643 E ANDR-PERF-RESOURCEQS: Failed to apply optimization [2, 2, 0]
04-11 17:08:08.967  1072  3228 I ActivityManager: START u0 {act=android.intent.action.MAIN cat=[android.intent.category.HOME] flg=0x10200000 cmp=com.google.android.apps.nexuslauncher/.NexusLauncherActivity} from uid 10042 on display 0
04-11 17:08:08.971  1072  3228 I chatty  : uid=1000(system) Binder:1072_A expire 2 lines
04-11 17:08:09.055  2153  2153 I OptInState: There is a new client and it does not support opt-in. Dropping request.
04-11 17:08:09.068  2153  8013 W LocationOracle: No location history returned by ContextManager
04-11 17:08:09.113  1983  6661 W ctxmgr  : [AclManager]No 3 for (accnt=account#-517948760#, com.google.android.googlequicksearchbox(10045):com.google.android.googlequicksearchbox, vrsn=10084000, 1, 3pPkg = null ,  3pMdlId = null). Was: 3 for 6, account#-517948760#
04-11 17:08:09.127  1983  6661 E ctxmgr  : [ProducerActiveIntervalImpl]addNewAppInterval: already contained:appKey=cdv@68c04681,appInterval=cdt@399a562,record=cjv{key=cjx{com.google.android.googlequicksearchbox, 10045, account#-517948760#, com.google.android.googlequicksearchbox, AgsaForegroundInterestKey}, t=1491923289124, name=18, lifetime=1 durn=3600000, production=3 intvl=360000 pri=102, retention=2 cnt=1, dispatch=null, consumer=null}
04-11 17:08:09.127  1983  6661 W ctxmgr  : [PlacesProducer]Not handling added production policy type=3
04-11 17:08:09.175  1983  3804 I Places  : ?: PlacesBleScanner start() with priority 2
04-11 17:08:09.176  1983  3804 I PlaceInferenceEngine: [anon] Setup for configuration 102:[BeaconScoring, CategoryScoring, DistanceScoring, GeoJournalScoring, HomeWorkScoring, HulkPersonaScoring, PopularityScoring, SpotterScoring, TimeBasedScoring, WifiScoring]
04-11 17:08:09.176  1983  3804 I PlaceInferenceEngine: [anon] Active modules after start(): 10
04-11 17:08:09.212  1983  8086 I PlaceInferenceEngine: No beacon scan available - ignoring candidates.
04-11 17:08:09.286  1983  1983 E ctxmgr  : [PlaceFenceHelper]NearbyBuffer is null!
04-11 17:08:09.296  1983  6661 W ctxmgr  : [AclManager]No 2 for (accnt=account#-517948760#, com.google.android.gms(10019):PlacesProducer, vrsn=10298000, 0, 3pPkg = null ,  3pMdlId = null). Was: 3 for 18, account#-517948760#
04-11 17:08:09.546  2122  2196 W OpenGLRenderer: Incorrectly called buildLayer on View: ShortcutAndWidgetContainer, destroying layer...
04-11 17:08:09.546  2122  2196 W OpenGLRenderer: Incorrectly called buildLayer on View: ShortcutAndWidgetContainer, destroying layer...
04-11 17:08:11.449  2122  2196 W OpenGLRenderer: Incorrectly called buildLayer on View: SuperGContainerView, destroying layer...
04-11 17:08:12.080   487   542 D audio_hw_primary: disable_audio_route: usecase(1) reset and update mixer path: low-latency-playback speaker
04-11 17:08:12.081   487   542 D hardware_info: hw_info_append_hw_type : device_name = speaker
04-11 17:08:12.082   487   542 D audio_hw_primary: disable_snd_device: snd_device(2: speaker)
04-11 17:08:12.104   487   542 I ACDB-LOADER: ACDB AFE returned = -19
04-11 17:08:12.104   487   542 D hardware_info: hw_info_append_hw_type : device_name = speaker
04-11 17:08:12.104   487   542 D audio_hw_primary: enable_snd_device: snd_device(2: speaker)
04-11 17:08:12.104   487   542 D audio_hw_primary: enable_audio_route: usecase(1) apply and update mixer path: low-latency-playback speaker
04-11 17:08:12.105   619   643 E ANDR-PERF-OPTSHANDLER: Warning: Resource [2, 0] not supported for core 1. Instead use resource for core 0
04-11 17:08:12.105   619   643 E ANDR-PERF-RESOURCEQS: Failed to apply optimization [2, 2, 0]
04-11 17:08:12.926  1502  1502 V DeadZone: consuming errant click: (216.0,20.0)
04-11 17:08:15.356   487   542 D audio_hw_primary: disable_audio_route: usecase(1) reset and update mixer path: low-latency-playback speaker
04-11 17:08:15.360   487   542 D hardware_info: hw_info_append_hw_type : device_name = speaker
04-11 17:08:15.360   487   542 D audio_hw_primary: disable_snd_device: snd_device(2: speaker)
04-11 17:08:18.869  8234  8234 D AndroidRuntime: >>>>>> START com.android.internal.os.RuntimeInit uid 2000 <<<<<<
04-11 17:08:18.873  8234  8234 D AndroidRuntime: CheckJNI is OFF
04-11 17:08:18.953  8234  8234 D ICU     : No timezone override file found: /data/misc/zoneinfo/current/icu/icu_tzdata.dat
04-11 17:08:18.977  8234  8234 I Radio-JNI: register_android_hardware_Radio DONE
04-11 17:08:18.990  8234  8234 D AndroidRuntime: Calling main entry com.android.commands.am.Am
04-11 17:08:18.994  1072  1085 I ActivityManager: Force stopping com.mozilla.servo appid=10160 user=0: from pid 8234
04-11 17:08:18.999  8234  8234 D AndroidRuntime: Shutting down VM
04-11 17:08:19.005  1658  1658 D CarrierSvcBindHelper: No carrier app for: 0
04-11 17:08:19.013  2019  2019 D RegisteredNfcFServicesCache: Service unchanged, not updating
04-11 17:08:19.390  8243  8243 D AndroidRuntime: >>>>>> START com.android.internal.os.RuntimeInit uid 2000 <<<<<<
04-11 17:08:19.395  8243  8243 D AndroidRuntime: CheckJNI is OFF
04-11 17:08:19.472  8243  8243 D ICU     : No timezone override file found: /data/misc/zoneinfo/current/icu/icu_tzdata.dat
04-11 17:08:19.496  8243  8243 I Radio-JNI: register_android_hardware_Radio DONE
04-11 17:08:19.510  8243  8243 D AndroidRuntime: Calling main entry com.android.commands.am.Am
04-11 17:08:19.517  1072  1085 I ActivityManager: START u0 {act=android.intent.action.MAIN cat=[android.intent.category.LAUNCHER] flg=0x10000000 cmp=com.mozilla.servo/.MainActivity} from uid 2000 on display 0
04-11 17:08:19.520  1072  1085 I chatty  : uid=1000(system) Binder:1072_1 expire 6 lines
04-11 17:08:19.527  8243  8243 D AndroidRuntime: Shutting down VM
04-11 17:08:19.540  1072  3287 I ActivityManager: Start proc 8253:com.mozilla.servo/u0a160 for activity com.mozilla.servo/.MainActivity
04-11 17:08:19.581  8253  8253 I chatty  : uid=10160(com.mozilla.servo) expire 9 lines
04-11 17:08:19.620  1072  3228 I ActivityManager: Config changes=480 {1.0 ?mcc?mnc [es_ES] ldltr sw411dp w683dp h387dp 420dpi nrml land finger -keyb/v/h -nav/h s.17}
04-11 17:08:19.652  2153  2153 I PBSessionCacheImpl: Deleted sessionId[9470486038758256] from persistence.
04-11 17:08:19.657  1603  1749 D zz      : UtRenderer.onSurfaceChanged() 1920x1080
04-11 17:08:19.680  2153  2153 W SearchService: Abort, client detached.
04-11 17:08:19.716  1603  1603 D zz      : UtWallpaperService$UtEngine.onVisibilityChanged() false
04-11 17:08:19.720  1603  1603 D zz      : UtRenderer.onNotVisible() 
04-11 17:08:19.722  1072  1387 I chatty  : uid=1000(system) n HAL callback. expire 10 lines
04-11 17:08:19.743  1072  1081 I chatty  : uid=1000(system) HeapTaskDaemon expire 1 line
04-11 17:08:19.782  1983  8086 E ctxmgr  : [AppIntervalImpl]closeInterval: ongoing
04-11 17:08:19.803  1449  7004 W Delight5Decoder: removePredictionEngine() : Unknown engine bit@9c06e4b
04-11 17:08:19.817   485   485 W SurfaceFlinger: couldn't log to binary event log: overflow.
04-11 17:08:19.825  8253  8268 I chatty  : uid=10160(com.mozilla.servo) expire 10 lines
04-11 17:08:19.852  1983  3804 I PlaceInferenceEngine: [anon] Setup for configuration 105:[]
04-11 17:08:19.852  1983  3804 I PlaceInferenceEngine: [anon] Active modules after start(): 0
04-11 17:08:19.880  8253  8270 I chatty  : uid=10160(com.mozilla.servo) expire 1 line
04-11 17:08:19.908  1072  1146 D BluetoothManagerService: Message: 20
04-11 17:08:19.908  1072  1146 D BluetoothManagerService: Added callback: android.bluetooth.IBluetoothManagerCallback$Stub$Proxy@c5dd695:true
04-11 17:08:19.911  1072  1147 I WindowManager: Screen frozen for +308ms due to Window{93b8c90 u0 Starting com.mozilla.servo}
04-11 17:08:19.911  8253  8269 I chatty  : uid=10160(com.mozilla.servo) expire 75 lines
04-11 17:08:19.995  2122  2122 W IInputConnectionWrapper: reportFullscreenMode on inexistent InputConnection
04-11 17:08:20.530  8253  8269 D RustAndroidGlueStdouterr: INFO:net::http_loader:  - Accept-Encoding: gzip, deflate, br
04-11 17:08:20.530  8253  8269 D RustAndroidGlueStdouterr: 
04-11 17:08:20.530  8253  8269 D RustAndroidGlueStdouterr: INFO:net::http_loader: None
04-11 17:08:20.541  8253  8269 D RustAndroidGlueStdouterr: INFO:script::dom::window: script: waiting on layout
